17:20:04 **** Incremental Build of configuration Debug for project motor_controller ****
make -j12 all 
arm-none-eabi-size  motor_controller.elf 
   text	   data	    bss	    dec	    hex	filename
  32884	   1268	   6628	  40780	   9f4c	motor_controller.elf
Finished building: default.size.stdout
 
01:47:31 **** Incremental Build of configuration Debug for project motor_controller ****
make -j12 all 
arm-none-eabi-gcc "C:/Users/vnaik/OneDrive - Michigan State University/Documents/Solar Car/Git projects/motor_controller_schip/motor_controller/motor_controller/MCSDK_v6.3.1-Full/MotorControl/MCSDK/MCLib/Any/Src/bus_voltage_sensor.c" -mcpu=cortex-m4 -std=gnu11 -g3 -DDEBUG -DARM_MATH_CM4 -DUSE_HAL_DRIVER -DSTM32F302x8 -c -I../../Inc -I../../Drivers/STM32F3xx_HAL_Driver/Inc -I../../Drivers/STM32F3xx_HAL_Driver/Inc/Legacy -I../../MCSDK_v6.3.1-Full/MotorControl/MCSDK/MCLib/Any/Inc -I../../MCSDK_v6.3.1-Full/MotorControl/MCSDK/MCLib/F3xx/Inc -I../../Drivers/CMSIS/Device/ST/STM32F3xx/Include -I../../Drivers/CMSIS/Include -I../../Drivers/CMSIS/DSP/Include -Ofast -ffunction-sections -fdata-sections -Wall -fstack-usage -fcyclomatic-complexity -MMD -MP -MF"Middlewares/MotorControl/bus_voltage_sensor.d" -MT"Middlewares/MotorControl/bus_voltage_sensor.o" --specs=nano.specs -mfpu=fpv4-sp-d16 -mfloat-abi=hard -mthumb -o "Middlewares/MotorControl/bus_voltage_sensor.o"
arm-none-eabi-gcc "C:/Users/vnaik/OneDrive - Michigan State University/Documents/Solar Car/Git projects/motor_controller_schip/motor_controller/motor_controller/MCSDK_v6.3.1-Full/MotorControl/MCSDK/MCLib/Any/Src/circle_limitation.c" -mcpu=cortex-m4 -std=gnu11 -g3 -DDEBUG -DARM_MATH_CM4 -DUSE_HAL_DRIVER -DSTM32F302x8 -c -I../../Inc -I../../Drivers/STM32F3xx_HAL_Driver/Inc -I../../Drivers/STM32F3xx_HAL_Driver/Inc/Legacy -I../../MCSDK_v6.3.1-Full/MotorControl/MCSDK/MCLib/Any/Inc -I../../MCSDK_v6.3.1-Full/MotorControl/MCSDK/MCLib/F3xx/Inc -I../../Drivers/CMSIS/Device/ST/STM32F3xx/Include -I../../Drivers/CMSIS/Include -I../../Drivers/CMSIS/DSP/Include -Ofast -ffunction-sections -fdata-sections -Wall -fstack-usage -fcyclomatic-complexity -MMD -MP -MF"Middlewares/MotorControl/circle_limitation.d" -MT"Middlewares/MotorControl/circle_limitation.o" --specs=nano.specs -mfpu=fpv4-sp-d16 -mfloat-abi=hard -mthumb -o "Middlewares/MotorControl/circle_limitation.o"
arm-none-eabi-gcc "C:/Users/vnaik/OneDrive - Michigan State University/Documents/Solar Car/Git projects/motor_controller_schip/motor_controller/motor_controller/MCSDK_v6.3.1-Full/MotorControl/MCSDK/MCLib/Any/Src/digital_output.c" -mcpu=cortex-m4 -std=gnu11 -g3 -DDEBUG -DARM_MATH_CM4 -DUSE_HAL_DRIVER -DSTM32F302x8 -c -I../../Inc -I../../Drivers/STM32F3xx_HAL_Driver/Inc -I../../Drivers/STM32F3xx_HAL_Driver/Inc/Legacy -I../../MCSDK_v6.3.1-Full/MotorControl/MCSDK/MCLib/Any/Inc -I../../MCSDK_v6.3.1-Full/MotorControl/MCSDK/MCLib/F3xx/Inc -I../../Drivers/CMSIS/Device/ST/STM32F3xx/Include -I../../Drivers/CMSIS/Include -I../../Drivers/CMSIS/DSP/Include -Ofast -ffunction-sections -fdata-sections -Wall -fstack-usage -fcyclomatic-complexity -MMD -MP -MF"Middlewares/MotorControl/digital_output.d" -MT"Middlewares/MotorControl/digital_output.o" --specs=nano.specs -mfpu=fpv4-sp-d16 -mfloat-abi=hard -mthumb -o "Middlewares/MotorControl/digital_output.o"
arm-none-eabi-gcc "C:/Users/vnaik/OneDrive - Michigan State University/Documents/Solar Car/Git projects/motor_controller_schip/motor_controller/motor_controller/MCSDK_v6.3.1-Full/MotorControl/MCSDK/MCLib/Any/Src/mcpa.c" -mcpu=cortex-m4 -std=gnu11 -g3 -DDEBUG -DARM_MATH_CM4 -DUSE_HAL_DRIVER -DSTM32F302x8 -c -I../../Inc -I../../Drivers/STM32F3xx_HAL_Driver/Inc -I../../Drivers/STM32F3xx_HAL_Driver/Inc/Legacy -I../../MCSDK_v6.3.1-Full/MotorControl/MCSDK/MCLib/Any/Inc -I../../MCSDK_v6.3.1-Full/MotorControl/MCSDK/MCLib/F3xx/Inc -I../../Drivers/CMSIS/Device/ST/STM32F3xx/Include -I../../Drivers/CMSIS/Include -I../../Drivers/CMSIS/DSP/Include -Ofast -ffunction-sections -fdata-sections -Wall -fstack-usage -fcyclomatic-complexity -MMD -MP -MF"Middlewares/MotorControl/mcpa.d" -MT"Middlewares/MotorControl/mcpa.o" --specs=nano.specs -mfpu=fpv4-sp-d16 -mfloat-abi=hard -mthumb -o "Middlewares/MotorControl/mcpa.o"
arm-none-eabi-gcc "C:/Users/vnaik/OneDrive - Michigan State University/Documents/Solar Car/Git projects/motor_controller_schip/motor_controller/motor_controller/MCSDK_v6.3.1-Full/MotorControl/MCSDK/MCLib/Any/Src/ntc_temperature_sensor.c" -mcpu=cortex-m4 -std=gnu11 -g3 -DDEBUG -DARM_MATH_CM4 -DUSE_HAL_DRIVER -DSTM32F302x8 -c -I../../Inc -I../../Drivers/STM32F3xx_HAL_Driver/Inc -I../../Drivers/STM32F3xx_HAL_Driver/Inc/Legacy -I../../MCSDK_v6.3.1-Full/MotorControl/MCSDK/MCLib/Any/Inc -I../../MCSDK_v6.3.1-Full/MotorControl/MCSDK/MCLib/F3xx/Inc -I../../Drivers/CMSIS/Device/ST/STM32F3xx/Include -I../../Drivers/CMSIS/Include -I../../Drivers/CMSIS/DSP/Include -Ofast -ffunction-sections -fdata-sections -Wall -fstack-usage -fcyclomatic-complexity -MMD -MP -MF"Middlewares/MotorControl/ntc_temperature_sensor.d" -MT"Middlewares/MotorControl/ntc_temperature_sensor.o" --specs=nano.specs -mfpu=fpv4-sp-d16 -mfloat-abi=hard -mthumb -o "Middlewares/MotorControl/ntc_temperature_sensor.o"
arm-none-eabi-gcc "C:/Users/vnaik/OneDrive - Michigan State University/Documents/Solar Car/Git projects/motor_controller_schip/motor_controller/motor_controller/MCSDK_v6.3.1-Full/MotorControl/MCSDK/MCLib/Any/Src/open_loop.c" -mcpu=cortex-m4 -std=gnu11 -g3 -DDEBUG -DARM_MATH_CM4 -DUSE_HAL_DRIVER -DSTM32F302x8 -c -I../../Inc -I../../Drivers/STM32F3xx_HAL_Driver/Inc -I../../Drivers/STM32F3xx_HAL_Driver/Inc/Legacy -I../../MCSDK_v6.3.1-Full/MotorControl/MCSDK/MCLib/Any/Inc -I../../MCSDK_v6.3.1-Full/MotorControl/MCSDK/MCLib/F3xx/Inc -I../../Drivers/CMSIS/Device/ST/STM32F3xx/Include -I../../Drivers/CMSIS/Include -I../../Drivers/CMSIS/DSP/Include -Ofast -ffunction-sections -fdata-sections -Wall -fstack-usage -fcyclomatic-complexity -MMD -MP -MF"Middlewares/MotorControl/open_loop.d" -MT"Middlewares/MotorControl/open_loop.o" --specs=nano.specs -mfpu=fpv4-sp-d16 -mfloat-abi=hard -mthumb -o "Middlewares/MotorControl/open_loop.o"
arm-none-eabi-gcc "C:/Users/vnaik/OneDrive - Michigan State University/Documents/Solar Car/Git projects/motor_controller_schip/motor_controller/motor_controller/MCSDK_v6.3.1-Full/MotorControl/MCSDK/MCLib/Any/Src/pid_regulator.c" -mcpu=cortex-m4 -std=gnu11 -g3 -DDEBUG -DARM_MATH_CM4 -DUSE_HAL_DRIVER -DSTM32F302x8 -c -I../../Inc -I../../Drivers/STM32F3xx_HAL_Driver/Inc -I../../Drivers/STM32F3xx_HAL_Driver/Inc/Legacy -I../../MCSDK_v6.3.1-Full/MotorControl/MCSDK/MCLib/Any/Inc -I../../MCSDK_v6.3.1-Full/MotorControl/MCSDK/MCLib/F3xx/Inc -I../../Drivers/CMSIS/Device/ST/STM32F3xx/Include -I../../Drivers/CMSIS/Include -I../../Drivers/CMSIS/DSP/Include -Ofast -ffunction-sections -fdata-sections -Wall -fstack-usage -fcyclomatic-complexity -MMD -MP -MF"Middlewares/MotorControl/pid_regulator.d" -MT"Middlewares/MotorControl/pid_regulator.o" --specs=nano.specs -mfpu=fpv4-sp-d16 -mfloat-abi=hard -mthumb -o "Middlewares/MotorControl/pid_regulator.o"
arm-none-eabi-gcc "C:/Users/vnaik/OneDrive - Michigan State University/Documents/Solar Car/Git projects/motor_controller_schip/motor_controller/motor_controller/MCSDK_v6.3.1-Full/MotorControl/MCSDK/MCLib/Any/Src/pqd_motor_power_measurement.c" -mcpu=cortex-m4 -std=gnu11 -g3 -DDEBUG -DARM_MATH_CM4 -DUSE_HAL_DRIVER -DSTM32F302x8 -c -I../../Inc -I../../Drivers/STM32F3xx_HAL_Driver/Inc -I../../Drivers/STM32F3xx_HAL_Driver/Inc/Legacy -I../../MCSDK_v6.3.1-Full/MotorControl/MCSDK/MCLib/Any/Inc -I../../MCSDK_v6.3.1-Full/MotorControl/MCSDK/MCLib/F3xx/Inc -I../../Drivers/CMSIS/Device/ST/STM32F3xx/Include -I../../Drivers/CMSIS/Include -I../../Drivers/CMSIS/DSP/Include -Ofast -ffunction-sections -fdata-sections -Wall -fstack-usage -fcyclomatic-complexity -MMD -MP -MF"Middlewares/MotorControl/pqd_motor_power_measurement.d" -MT"Middlewares/MotorControl/pqd_motor_power_measurement.o" --specs=nano.specs -mfpu=fpv4-sp-d16 -mfloat-abi=hard -mthumb -o "Middlewares/MotorControl/pqd_motor_power_measurement.o"
arm-none-eabi-gcc "C:/Users/vnaik/OneDrive - Michigan State University/Documents/Solar Car/Git projects/motor_controller_schip/motor_controller/motor_controller/MCSDK_v6.3.1-Full/MotorControl/MCSDK/MCLib/F3xx/Src/r3_1_f30x_pwm_curr_fdbk.c" -mcpu=cortex-m4 -std=gnu11 -g3 -DDEBUG -DARM_MATH_CM4 -DUSE_HAL_DRIVER -DSTM32F302x8 -c -I../../Inc -I../../Drivers/STM32F3xx_HAL_Driver/Inc -I../../Drivers/STM32F3xx_HAL_Driver/Inc/Legacy -I../../MCSDK_v6.3.1-Full/MotorControl/MCSDK/MCLib/Any/Inc -I../../MCSDK_v6.3.1-Full/MotorControl/MCSDK/MCLib/F3xx/Inc -I../../Drivers/CMSIS/Device/ST/STM32F3xx/Include -I../../Drivers/CMSIS/Include -I../../Drivers/CMSIS/DSP/Include -Ofast -ffunction-sections -fdata-sections -Wall -fstack-usage -fcyclomatic-complexity -MMD -MP -MF"Middlewares/MotorControl/r3_1_f30x_pwm_curr_fdbk.d" -MT"Middlewares/MotorControl/r3_1_f30x_pwm_curr_fdbk.o" --specs=nano.specs -mfpu=fpv4-sp-d16 -mfloat-abi=hard -mthumb -o "Middlewares/MotorControl/r3_1_f30x_pwm_curr_fdbk.o"
arm-none-eabi-gcc "C:/Users/vnaik/OneDrive - Michigan State University/Documents/Solar Car/Git projects/motor_controller_schip/motor_controller/motor_controller/MCSDK_v6.3.1-Full/MotorControl/MCSDK/MCLib/Any/Src/r_divider_bus_voltage_sensor.c" -mcpu=cortex-m4 -std=gnu11 -g3 -DDEBUG -DARM_MATH_CM4 -DUSE_HAL_DRIVER -DSTM32F302x8 -c -I../../Inc -I../../Drivers/STM32F3xx_HAL_Driver/Inc -I../../Drivers/STM32F3xx_HAL_Driver/Inc/Legacy -I../../MCSDK_v6.3.1-Full/MotorControl/MCSDK/MCLib/Any/Inc -I../../MCSDK_v6.3.1-Full/MotorControl/MCSDK/MCLib/F3xx/Inc -I../../Drivers/CMSIS/Device/ST/STM32F3xx/Include -I../../Drivers/CMSIS/Include -I../../Drivers/CMSIS/DSP/Include -Ofast -ffunction-sections -fdata-sections -Wall -fstack-usage -fcyclomatic-complexity -MMD -MP -MF"Middlewares/MotorControl/r_divider_bus_voltage_sensor.d" -MT"Middlewares/MotorControl/r_divider_bus_voltage_sensor.o" --specs=nano.specs -mfpu=fpv4-sp-d16 -mfloat-abi=hard -mthumb -o "Middlewares/MotorControl/r_divider_bus_voltage_sensor.o"
arm-none-eabi-gcc "C:/Users/vnaik/OneDrive - Michigan State University/Documents/Solar Car/Git projects/motor_controller_schip/motor_controller/motor_controller/MCSDK_v6.3.1-Full/MotorControl/MCSDK/MCLib/Any/Src/ramp_ext_mngr.c" -mcpu=cortex-m4 -std=gnu11 -g3 -DDEBUG -DARM_MATH_CM4 -DUSE_HAL_DRIVER -DSTM32F302x8 -c -I../../Inc -I../../Drivers/STM32F3xx_HAL_Driver/Inc -I../../Drivers/STM32F3xx_HAL_Driver/Inc/Legacy -I../../MCSDK_v6.3.1-Full/MotorControl/MCSDK/MCLib/Any/Inc -I../../MCSDK_v6.3.1-Full/MotorControl/MCSDK/MCLib/F3xx/Inc -I../../Drivers/CMSIS/Device/ST/STM32F3xx/Include -I../../Drivers/CMSIS/Include -I../../Drivers/CMSIS/DSP/Include -Ofast -ffunction-sections -fdata-sections -Wall -fstack-usage -fcyclomatic-complexity -MMD -MP -MF"Middlewares/MotorControl/ramp_ext_mngr.d" -MT"Middlewares/MotorControl/ramp_ext_mngr.o" --specs=nano.specs -mfpu=fpv4-sp-d16 -mfloat-abi=hard -mthumb -o "Middlewares/MotorControl/ramp_ext_mngr.o"
arm-none-eabi-gcc "C:/Users/vnaik/OneDrive - Michigan State University/Documents/Solar Car/Git projects/motor_controller_schip/motor_controller/motor_controller/MCSDK_v6.3.1-Full/MotorControl/MCSDK/MCLib/Any/Src/revup_ctrl.c" -mcpu=cortex-m4 -std=gnu11 -g3 -DDEBUG -DARM_MATH_CM4 -DUSE_HAL_DRIVER -DSTM32F302x8 -c -I../../Inc -I../../Drivers/STM32F3xx_HAL_Driver/Inc -I../../Drivers/STM32F3xx_HAL_Driver/Inc/Legacy -I../../MCSDK_v6.3.1-Full/MotorControl/MCSDK/MCLib/Any/Inc -I../../MCSDK_v6.3.1-Full/MotorControl/MCSDK/MCLib/F3xx/Inc -I../../Drivers/CMSIS/Device/ST/STM32F3xx/Include -I../../Drivers/CMSIS/Include -I../../Drivers/CMSIS/DSP/Include -Ofast -ffunction-sections -fdata-sections -Wall -fstack-usage -fcyclomatic-complexity -MMD -MP -MF"Middlewares/MotorControl/revup_ctrl.d" -MT"Middlewares/MotorControl/revup_ctrl.o" --specs=nano.specs -mfpu=fpv4-sp-d16 -mfloat-abi=hard -mthumb -o "Middlewares/MotorControl/revup_ctrl.o"
arm-none-eabi-gcc "C:/Users/vnaik/OneDrive - Michigan State University/Documents/Solar Car/Git projects/motor_controller_schip/motor_controller/motor_controller/MCSDK_v6.3.1-Full/MotorControl/MCSDK/MCLib/Any/Src/speed_pos_fdbk.c" -mcpu=cortex-m4 -std=gnu11 -g3 -DDEBUG -DARM_MATH_CM4 -DUSE_HAL_DRIVER -DSTM32F302x8 -c -I../../Inc -I../../Drivers/STM32F3xx_HAL_Driver/Inc -I../../Drivers/STM32F3xx_HAL_Driver/Inc/Legacy -I../../MCSDK_v6.3.1-Full/MotorControl/MCSDK/MCLib/Any/Inc -I../../MCSDK_v6.3.1-Full/MotorControl/MCSDK/MCLib/F3xx/Inc -I../../Drivers/CMSIS/Device/ST/STM32F3xx/Include -I../../Drivers/CMSIS/Include -I../../Drivers/CMSIS/DSP/Include -Ofast -ffunction-sections -fdata-sections -Wall -fstack-usage -fcyclomatic-complexity -MMD -MP -MF"Middlewares/MotorControl/speed_pos_fdbk.d" -MT"Middlewares/MotorControl/speed_pos_fdbk.o" --specs=nano.specs -mfpu=fpv4-sp-d16 -mfloat-abi=hard -mthumb -o "Middlewares/MotorControl/speed_pos_fdbk.o"
arm-none-eabi-gcc "C:/Users/vnaik/OneDrive - Michigan State University/Documents/Solar Car/Git projects/motor_controller_schip/motor_controller/motor_controller/MCSDK_v6.3.1-Full/MotorControl/MCSDK/MCLib/Any/Src/speed_torq_ctrl.c" -mcpu=cortex-m4 -std=gnu11 -g3 -DDEBUG -DARM_MATH_CM4 -DUSE_HAL_DRIVER -DSTM32F302x8 -c -I../../Inc -I../../Drivers/STM32F3xx_HAL_Driver/Inc -I../../Drivers/STM32F3xx_HAL_Driver/Inc/Legacy -I../../MCSDK_v6.3.1-Full/MotorControl/MCSDK/MCLib/Any/Inc -I../../MCSDK_v6.3.1-Full/MotorControl/MCSDK/MCLib/F3xx/Inc -I../../Drivers/CMSIS/Device/ST/STM32F3xx/Include -I../../Drivers/CMSIS/Include -I../../Drivers/CMSIS/DSP/Include -Ofast -ffunction-sections -fdata-sections -Wall -fstack-usage -fcyclomatic-complexity -MMD -MP -MF"Middlewares/MotorControl/speed_torq_ctrl.d" -MT"Middlewares/MotorControl/speed_torq_ctrl.o" --specs=nano.specs -mfpu=fpv4-sp-d16 -mfloat-abi=hard -mthumb -o "Middlewares/MotorControl/speed_torq_ctrl.o"
arm-none-eabi-gcc "C:/Users/vnaik/OneDrive - Michigan State University/Documents/Solar Car/Git projects/motor_controller_schip/motor_controller/motor_controller/MCSDK_v6.3.1-Full/MotorControl/MCSDK/MCLib/Any/Src/sto_pll_speed_pos_fdbk.c" -mcpu=cortex-m4 -std=gnu11 -g3 -DDEBUG -DARM_MATH_CM4 -DUSE_HAL_DRIVER -DSTM32F302x8 -c -I../../Inc -I../../Drivers/STM32F3xx_HAL_Driver/Inc -I../../Drivers/STM32F3xx_HAL_Driver/Inc/Legacy -I../../MCSDK_v6.3.1-Full/MotorControl/MCSDK/MCLib/Any/Inc -I../../MCSDK_v6.3.1-Full/MotorControl/MCSDK/MCLib/F3xx/Inc -I../../Drivers/CMSIS/Device/ST/STM32F3xx/Include -I../../Drivers/CMSIS/Include -I../../Drivers/CMSIS/DSP/Include -Ofast -ffunction-sections -fdata-sections -Wall -fstack-usage -fcyclomatic-complexity -MMD -MP -MF"Middlewares/MotorControl/sto_pll_speed_pos_fdbk.d" -MT"Middlewares/MotorControl/sto_pll_speed_pos_fdbk.o" --specs=nano.specs -mfpu=fpv4-sp-d16 -mfloat-abi=hard -mthumb -o "Middlewares/MotorControl/sto_pll_speed_pos_fdbk.o"
arm-none-eabi-gcc "C:/Users/vnaik/OneDrive - Michigan State University/Documents/Solar Car/Git projects/motor_controller_schip/motor_controller/motor_controller/MCSDK_v6.3.1-Full/MotorControl/MCSDK/MCLib/Any/Src/virtual_speed_sensor.c" -mcpu=cortex-m4 -std=gnu11 -g3 -DDEBUG -DARM_MATH_CM4 -DUSE_HAL_DRIVER -DSTM32F302x8 -c -I../../Inc -I../../Drivers/STM32F3xx_HAL_Driver/Inc -I../../Drivers/STM32F3xx_HAL_Driver/Inc/Legacy -I../../MCSDK_v6.3.1-Full/MotorControl/MCSDK/MCLib/Any/Inc -I../../MCSDK_v6.3.1-Full/MotorControl/MCSDK/MCLib/F3xx/Inc -I../../Drivers/CMSIS/Device/ST/STM32F3xx/Include -I../../Drivers/CMSIS/Include -I../../Drivers/CMSIS/DSP/Include -Ofast -ffunction-sections -fdata-sections -Wall -fstack-usage -fcyclomatic-complexity -MMD -MP -MF"Middlewares/MotorControl/virtual_speed_sensor.d" -MT"Middlewares/MotorControl/virtual_speed_sensor.o" --specs=nano.specs -mfpu=fpv4-sp-d16 -mfloat-abi=hard -mthumb -o "Middlewares/MotorControl/virtual_speed_sensor.o"
arm-none-eabi-gcc "C:/Users/vnaik/OneDrive - Michigan State University/Documents/Solar Car/Git projects/motor_controller_schip/motor_controller/motor_controller/Drivers/STM32F3xx_HAL_Driver/Src/stm32f3xx_hal.c" -mcpu=cortex-m4 -std=gnu11 -g3 -DDEBUG -DARM_MATH_CM4 -DUSE_HAL_DRIVER -DSTM32F302x8 -c -I../../Inc -I../../Drivers/STM32F3xx_HAL_Driver/Inc -I../../Drivers/STM32F3xx_HAL_Driver/Inc/Legacy -I../../MCSDK_v6.3.1-Full/MotorControl/MCSDK/MCLib/Any/Inc -I../../MCSDK_v6.3.1-Full/MotorControl/MCSDK/MCLib/F3xx/Inc -I../../Drivers/CMSIS/Device/ST/STM32F3xx/Include -I../../Drivers/CMSIS/Include -I../../Drivers/CMSIS/DSP/Include -Ofast -ffunction-sections -fdata-sections -Wall -fstack-usage -fcyclomatic-complexity -MMD -MP -MF"Drivers/STM32F3xx_HAL_Driver/stm32f3xx_hal.d" -MT"Drivers/STM32F3xx_HAL_Driver/stm32f3xx_hal.o" --specs=nano.specs -mfpu=fpv4-sp-d16 -mfloat-abi=hard -mthumb -o "Drivers/STM32F3xx_HAL_Driver/stm32f3xx_hal.o"
arm-none-eabi-gcc "C:/Users/vnaik/OneDrive - Michigan State University/Documents/Solar Car/Git projects/motor_controller_schip/motor_controller/motor_controller/Drivers/STM32F3xx_HAL_Driver/Src/stm32f3xx_hal_adc.c" -mcpu=cortex-m4 -std=gnu11 -g3 -DDEBUG -DARM_MATH_CM4 -DUSE_HAL_DRIVER -DSTM32F302x8 -c -I../../Inc -I../../Drivers/STM32F3xx_HAL_Driver/Inc -I../../Drivers/STM32F3xx_HAL_Driver/Inc/Legacy -I../../MCSDK_v6.3.1-Full/MotorControl/MCSDK/MCLib/Any/Inc -I../../MCSDK_v6.3.1-Full/MotorControl/MCSDK/MCLib/F3xx/Inc -I../../Drivers/CMSIS/Device/ST/STM32F3xx/Include -I../../Drivers/CMSIS/Include -I../../Drivers/CMSIS/DSP/Include -Ofast -ffunction-sections -fdata-sections -Wall -fstack-usage -fcyclomatic-complexity -MMD -MP -MF"Drivers/STM32F3xx_HAL_Driver/stm32f3xx_hal_adc.d" -MT"Drivers/STM32F3xx_HAL_Driver/stm32f3xx_hal_adc.o" --specs=nano.specs -mfpu=fpv4-sp-d16 -mfloat-abi=hard -mthumb -o "Drivers/STM32F3xx_HAL_Driver/stm32f3xx_hal_adc.o"
arm-none-eabi-gcc "C:/Users/vnaik/OneDrive - Michigan State University/Documents/Solar Car/Git projects/motor_controller_schip/motor_controller/motor_controller/Drivers/STM32F3xx_HAL_Driver/Src/stm32f3xx_hal_adc_ex.c" -mcpu=cortex-m4 -std=gnu11 -g3 -DDEBUG -DARM_MATH_CM4 -DUSE_HAL_DRIVER -DSTM32F302x8 -c -I../../Inc -I../../Drivers/STM32F3xx_HAL_Driver/Inc -I../../Drivers/STM32F3xx_HAL_Driver/Inc/Legacy -I../../MCSDK_v6.3.1-Full/MotorControl/MCSDK/MCLib/Any/Inc -I../../MCSDK_v6.3.1-Full/MotorControl/MCSDK/MCLib/F3xx/Inc -I../../Drivers/CMSIS/Device/ST/STM32F3xx/Include -I../../Drivers/CMSIS/Include -I../../Drivers/CMSIS/DSP/Include -Ofast -ffunction-sections -fdata-sections -Wall -fstack-usage -fcyclomatic-complexity -MMD -MP -MF"Drivers/STM32F3xx_HAL_Driver/stm32f3xx_hal_adc_ex.d" -MT"Drivers/STM32F3xx_HAL_Driver/stm32f3xx_hal_adc_ex.o" --specs=nano.specs -mfpu=fpv4-sp-d16 -mfloat-abi=hard -mthumb -o "Drivers/STM32F3xx_HAL_Driver/stm32f3xx_hal_adc_ex.o"
arm-none-eabi-gcc "C:/Users/vnaik/OneDrive - Michigan State University/Documents/Solar Car/Git projects/motor_controller_schip/motor_controller/motor_controller/Drivers/STM32F3xx_HAL_Driver/Src/stm32f3xx_hal_cortex.c" -mcpu=cortex-m4 -std=gnu11 -g3 -DDEBUG -DARM_MATH_CM4 -DUSE_HAL_DRIVER -DSTM32F302x8 -c -I../../Inc -I../../Drivers/STM32F3xx_HAL_Driver/Inc -I../../Drivers/STM32F3xx_HAL_Driver/Inc/Legacy -I../../MCSDK_v6.3.1-Full/MotorControl/MCSDK/MCLib/Any/Inc -I../../MCSDK_v6.3.1-Full/MotorControl/MCSDK/MCLib/F3xx/Inc -I../../Drivers/CMSIS/Device/ST/STM32F3xx/Include -I../../Drivers/CMSIS/Include -I../../Drivers/CMSIS/DSP/Include -Ofast -ffunction-sections -fdata-sections -Wall -fstack-usage -fcyclomatic-complexity -MMD -MP -MF"Drivers/STM32F3xx_HAL_Driver/stm32f3xx_hal_cortex.d" -MT"Drivers/STM32F3xx_HAL_Driver/stm32f3xx_hal_cortex.o" --specs=nano.specs -mfpu=fpv4-sp-d16 -mfloat-abi=hard -mthumb -o "Drivers/STM32F3xx_HAL_Driver/stm32f3xx_hal_cortex.o"
arm-none-eabi-gcc "C:/Users/vnaik/OneDrive - Michigan State University/Documents/Solar Car/Git projects/motor_controller_schip/motor_controller/motor_controller/Drivers/STM32F3xx_HAL_Driver/Src/stm32f3xx_hal_dma.c" -mcpu=cortex-m4 -std=gnu11 -g3 -DDEBUG -DARM_MATH_CM4 -DUSE_HAL_DRIVER -DSTM32F302x8 -c -I../../Inc -I../../Drivers/STM32F3xx_HAL_Driver/Inc -I../../Drivers/STM32F3xx_HAL_Driver/Inc/Legacy -I../../MCSDK_v6.3.1-Full/MotorControl/MCSDK/MCLib/Any/Inc -I../../MCSDK_v6.3.1-Full/MotorControl/MCSDK/MCLib/F3xx/Inc -I../../Drivers/CMSIS/Device/ST/STM32F3xx/Include -I../../Drivers/CMSIS/Include -I../../Drivers/CMSIS/DSP/Include -Ofast -ffunction-sections -fdata-sections -Wall -fstack-usage -fcyclomatic-complexity -MMD -MP -MF"Drivers/STM32F3xx_HAL_Driver/stm32f3xx_hal_dma.d" -MT"Drivers/STM32F3xx_HAL_Driver/stm32f3xx_hal_dma.o" --specs=nano.specs -mfpu=fpv4-sp-d16 -mfloat-abi=hard -mthumb -o "Drivers/STM32F3xx_HAL_Driver/stm32f3xx_hal_dma.o"
arm-none-eabi-gcc "C:/Users/vnaik/OneDrive - Michigan State University/Documents/Solar Car/Git projects/motor_controller_schip/motor_controller/motor_controller/Drivers/STM32F3xx_HAL_Driver/Src/stm32f3xx_hal_exti.c" -mcpu=cortex-m4 -std=gnu11 -g3 -DDEBUG -DARM_MATH_CM4 -DUSE_HAL_DRIVER -DSTM32F302x8 -c -I../../Inc -I../../Drivers/STM32F3xx_HAL_Driver/Inc -I../../Drivers/STM32F3xx_HAL_Driver/Inc/Legacy -I../../MCSDK_v6.3.1-Full/MotorControl/MCSDK/MCLib/Any/Inc -I../../MCSDK_v6.3.1-Full/MotorControl/MCSDK/MCLib/F3xx/Inc -I../../Drivers/CMSIS/Device/ST/STM32F3xx/Include -I../../Drivers/CMSIS/Include -I../../Drivers/CMSIS/DSP/Include -Ofast -ffunction-sections -fdata-sections -Wall -fstack-usage -fcyclomatic-complexity -MMD -MP -MF"Drivers/STM32F3xx_HAL_Driver/stm32f3xx_hal_exti.d" -MT"Drivers/STM32F3xx_HAL_Driver/stm32f3xx_hal_exti.o" --specs=nano.specs -mfpu=fpv4-sp-d16 -mfloat-abi=hard -mthumb -o "Drivers/STM32F3xx_HAL_Driver/stm32f3xx_hal_exti.o"
arm-none-eabi-gcc "C:/Users/vnaik/OneDrive - Michigan State University/Documents/Solar Car/Git projects/motor_controller_schip/motor_controller/motor_controller/Drivers/STM32F3xx_HAL_Driver/Src/stm32f3xx_hal_flash.c" -mcpu=cortex-m4 -std=gnu11 -g3 -DDEBUG -DARM_MATH_CM4 -DUSE_HAL_DRIVER -DSTM32F302x8 -c -I../../Inc -I../../Drivers/STM32F3xx_HAL_Driver/Inc -I../../Drivers/STM32F3xx_HAL_Driver/Inc/Legacy -I../../MCSDK_v6.3.1-Full/MotorControl/MCSDK/MCLib/Any/Inc -I../../MCSDK_v6.3.1-Full/MotorControl/MCSDK/MCLib/F3xx/Inc -I../../Drivers/CMSIS/Device/ST/STM32F3xx/Include -I../../Drivers/CMSIS/Include -I../../Drivers/CMSIS/DSP/Include -Ofast -ffunction-sections -fdata-sections -Wall -fstack-usage -fcyclomatic-complexity -MMD -MP -MF"Drivers/STM32F3xx_HAL_Driver/stm32f3xx_hal_flash.d" -MT"Drivers/STM32F3xx_HAL_Driver/stm32f3xx_hal_flash.o" --specs=nano.specs -mfpu=fpv4-sp-d16 -mfloat-abi=hard -mthumb -o "Drivers/STM32F3xx_HAL_Driver/stm32f3xx_hal_flash.o"
arm-none-eabi-gcc "C:/Users/vnaik/OneDrive - Michigan State University/Documents/Solar Car/Git projects/motor_controller_schip/motor_controller/motor_controller/Drivers/STM32F3xx_HAL_Driver/Src/stm32f3xx_hal_flash_ex.c" -mcpu=cortex-m4 -std=gnu11 -g3 -DDEBUG -DARM_MATH_CM4 -DUSE_HAL_DRIVER -DSTM32F302x8 -c -I../../Inc -I../../Drivers/STM32F3xx_HAL_Driver/Inc -I../../Drivers/STM32F3xx_HAL_Driver/Inc/Legacy -I../../MCSDK_v6.3.1-Full/MotorControl/MCSDK/MCLib/Any/Inc -I../../MCSDK_v6.3.1-Full/MotorControl/MCSDK/MCLib/F3xx/Inc -I../../Drivers/CMSIS/Device/ST/STM32F3xx/Include -I../../Drivers/CMSIS/Include -I../../Drivers/CMSIS/DSP/Include -Ofast -ffunction-sections -fdata-sections -Wall -fstack-usage -fcyclomatic-complexity -MMD -MP -MF"Drivers/STM32F3xx_HAL_Driver/stm32f3xx_hal_flash_ex.d" -MT"Drivers/STM32F3xx_HAL_Driver/stm32f3xx_hal_flash_ex.o" --specs=nano.specs -mfpu=fpv4-sp-d16 -mfloat-abi=hard -mthumb -o "Drivers/STM32F3xx_HAL_Driver/stm32f3xx_hal_flash_ex.o"
arm-none-eabi-gcc "C:/Users/vnaik/OneDrive - Michigan State University/Documents/Solar Car/Git projects/motor_controller_schip/motor_controller/motor_controller/Drivers/STM32F3xx_HAL_Driver/Src/stm32f3xx_hal_gpio.c" -mcpu=cortex-m4 -std=gnu11 -g3 -DDEBUG -DARM_MATH_CM4 -DUSE_HAL_DRIVER -DSTM32F302x8 -c -I../../Inc -I../../Drivers/STM32F3xx_HAL_Driver/Inc -I../../Drivers/STM32F3xx_HAL_Driver/Inc/Legacy -I../../MCSDK_v6.3.1-Full/MotorControl/MCSDK/MCLib/Any/Inc -I../../MCSDK_v6.3.1-Full/MotorControl/MCSDK/MCLib/F3xx/Inc -I../../Drivers/CMSIS/Device/ST/STM32F3xx/Include -I../../Drivers/CMSIS/Include -I../../Drivers/CMSIS/DSP/Include -Ofast -ffunction-sections -fdata-sections -Wall -fstack-usage -fcyclomatic-complexity -MMD -MP -MF"Drivers/STM32F3xx_HAL_Driver/stm32f3xx_hal_gpio.d" -MT"Drivers/STM32F3xx_HAL_Driver/stm32f3xx_hal_gpio.o" --specs=nano.specs -mfpu=fpv4-sp-d16 -mfloat-abi=hard -mthumb -o "Drivers/STM32F3xx_HAL_Driver/stm32f3xx_hal_gpio.o"
arm-none-eabi-gcc "C:/Users/vnaik/OneDrive - Michigan State University/Documents/Solar Car/Git projects/motor_controller_schip/motor_controller/motor_controller/Drivers/STM32F3xx_HAL_Driver/Src/stm32f3xx_hal_i2c.c" -mcpu=cortex-m4 -std=gnu11 -g3 -DDEBUG -DARM_MATH_CM4 -DUSE_HAL_DRIVER -DSTM32F302x8 -c -I../../Inc -I../../Drivers/STM32F3xx_HAL_Driver/Inc -I../../Drivers/STM32F3xx_HAL_Driver/Inc/Legacy -I../../MCSDK_v6.3.1-Full/MotorControl/MCSDK/MCLib/Any/Inc -I../../MCSDK_v6.3.1-Full/MotorControl/MCSDK/MCLib/F3xx/Inc -I../../Drivers/CMSIS/Device/ST/STM32F3xx/Include -I../../Drivers/CMSIS/Include -I../../Drivers/CMSIS/DSP/Include -Ofast -ffunction-sections -fdata-sections -Wall -fstack-usage -fcyclomatic-complexity -MMD -MP -MF"Drivers/STM32F3xx_HAL_Driver/stm32f3xx_hal_i2c.d" -MT"Drivers/STM32F3xx_HAL_Driver/stm32f3xx_hal_i2c.o" --specs=nano.specs -mfpu=fpv4-sp-d16 -mfloat-abi=hard -mthumb -o "Drivers/STM32F3xx_HAL_Driver/stm32f3xx_hal_i2c.o"
arm-none-eabi-gcc "C:/Users/vnaik/OneDrive - Michigan State University/Documents/Solar Car/Git projects/motor_controller_schip/motor_controller/motor_controller/Drivers/STM32F3xx_HAL_Driver/Src/stm32f3xx_hal_i2c_ex.c" -mcpu=cortex-m4 -std=gnu11 -g3 -DDEBUG -DARM_MATH_CM4 -DUSE_HAL_DRIVER -DSTM32F302x8 -c -I../../Inc -I../../Drivers/STM32F3xx_HAL_Driver/Inc -I../../Drivers/STM32F3xx_HAL_Driver/Inc/Legacy -I../../MCSDK_v6.3.1-Full/MotorControl/MCSDK/MCLib/Any/Inc -I../../MCSDK_v6.3.1-Full/MotorControl/MCSDK/MCLib/F3xx/Inc -I../../Drivers/CMSIS/Device/ST/STM32F3xx/Include -I../../Drivers/CMSIS/Include -I../../Drivers/CMSIS/DSP/Include -Ofast -ffunction-sections -fdata-sections -Wall -fstack-usage -fcyclomatic-complexity -MMD -MP -MF"Drivers/STM32F3xx_HAL_Driver/stm32f3xx_hal_i2c_ex.d" -MT"Drivers/STM32F3xx_HAL_Driver/stm32f3xx_hal_i2c_ex.o" --specs=nano.specs -mfpu=fpv4-sp-d16 -mfloat-abi=hard -mthumb -o "Drivers/STM32F3xx_HAL_Driver/stm32f3xx_hal_i2c_ex.o"
arm-none-eabi-gcc "C:/Users/vnaik/OneDrive - Michigan State University/Documents/Solar Car/Git projects/motor_controller_schip/motor_controller/motor_controller/Drivers/STM32F3xx_HAL_Driver/Src/stm32f3xx_hal_pwr.c" -mcpu=cortex-m4 -std=gnu11 -g3 -DDEBUG -DARM_MATH_CM4 -DUSE_HAL_DRIVER -DSTM32F302x8 -c -I../../Inc -I../../Drivers/STM32F3xx_HAL_Driver/Inc -I../../Drivers/STM32F3xx_HAL_Driver/Inc/Legacy -I../../MCSDK_v6.3.1-Full/MotorControl/MCSDK/MCLib/Any/Inc -I../../MCSDK_v6.3.1-Full/MotorControl/MCSDK/MCLib/F3xx/Inc -I../../Drivers/CMSIS/Device/ST/STM32F3xx/Include -I../../Drivers/CMSIS/Include -I../../Drivers/CMSIS/DSP/Include -Ofast -ffunction-sections -fdata-sections -Wall -fstack-usage -fcyclomatic-complexity -MMD -MP -MF"Drivers/STM32F3xx_HAL_Driver/stm32f3xx_hal_pwr.d" -MT"Drivers/STM32F3xx_HAL_Driver/stm32f3xx_hal_pwr.o" --specs=nano.specs -mfpu=fpv4-sp-d16 -mfloat-abi=hard -mthumb -o "Drivers/STM32F3xx_HAL_Driver/stm32f3xx_hal_pwr.o"
arm-none-eabi-gcc "C:/Users/vnaik/OneDrive - Michigan State University/Documents/Solar Car/Git projects/motor_controller_schip/motor_controller/motor_controller/Drivers/STM32F3xx_HAL_Driver/Src/stm32f3xx_hal_pwr_ex.c" -mcpu=cortex-m4 -std=gnu11 -g3 -DDEBUG -DARM_MATH_CM4 -DUSE_HAL_DRIVER -DSTM32F302x8 -c -I../../Inc -I../../Drivers/STM32F3xx_HAL_Driver/Inc -I../../Drivers/STM32F3xx_HAL_Driver/Inc/Legacy -I../../MCSDK_v6.3.1-Full/MotorControl/MCSDK/MCLib/Any/Inc -I../../MCSDK_v6.3.1-Full/MotorControl/MCSDK/MCLib/F3xx/Inc -I../../Drivers/CMSIS/Device/ST/STM32F3xx/Include -I../../Drivers/CMSIS/Include -I../../Drivers/CMSIS/DSP/Include -Ofast -ffunction-sections -fdata-sections -Wall -fstack-usage -fcyclomatic-complexity -MMD -MP -MF"Drivers/STM32F3xx_HAL_Driver/stm32f3xx_hal_pwr_ex.d" -MT"Drivers/STM32F3xx_HAL_Driver/stm32f3xx_hal_pwr_ex.o" --specs=nano.specs -mfpu=fpv4-sp-d16 -mfloat-abi=hard -mthumb -o "Drivers/STM32F3xx_HAL_Driver/stm32f3xx_hal_pwr_ex.o"
arm-none-eabi-gcc "C:/Users/vnaik/OneDrive - Michigan State University/Documents/Solar Car/Git projects/motor_controller_schip/motor_controller/motor_controller/Drivers/STM32F3xx_HAL_Driver/Src/stm32f3xx_hal_rcc.c" -mcpu=cortex-m4 -std=gnu11 -g3 -DDEBUG -DARM_MATH_CM4 -DUSE_HAL_DRIVER -DSTM32F302x8 -c -I../../Inc -I../../Drivers/STM32F3xx_HAL_Driver/Inc -I../../Drivers/STM32F3xx_HAL_Driver/Inc/Legacy -I../../MCSDK_v6.3.1-Full/MotorControl/MCSDK/MCLib/Any/Inc -I../../MCSDK_v6.3.1-Full/MotorControl/MCSDK/MCLib/F3xx/Inc -I../../Drivers/CMSIS/Device/ST/STM32F3xx/Include -I../../Drivers/CMSIS/Include -I../../Drivers/CMSIS/DSP/Include -Ofast -ffunction-sections -fdata-sections -Wall -fstack-usage -fcyclomatic-complexity -MMD -MP -MF"Drivers/STM32F3xx_HAL_Driver/stm32f3xx_hal_rcc.d" -MT"Drivers/STM32F3xx_HAL_Driver/stm32f3xx_hal_rcc.o" --specs=nano.specs -mfpu=fpv4-sp-d16 -mfloat-abi=hard -mthumb -o "Drivers/STM32F3xx_HAL_Driver/stm32f3xx_hal_rcc.o"
arm-none-eabi-gcc "C:/Users/vnaik/OneDrive - Michigan State University/Documents/Solar Car/Git projects/motor_controller_schip/motor_controller/motor_controller/Drivers/STM32F3xx_HAL_Driver/Src/stm32f3xx_hal_rcc_ex.c" -mcpu=cortex-m4 -std=gnu11 -g3 -DDEBUG -DARM_MATH_CM4 -DUSE_HAL_DRIVER -DSTM32F302x8 -c -I../../Inc -I../../Drivers/STM32F3xx_HAL_Driver/Inc -I../../Drivers/STM32F3xx_HAL_Driver/Inc/Legacy -I../../MCSDK_v6.3.1-Full/MotorControl/MCSDK/MCLib/Any/Inc -I../../MCSDK_v6.3.1-Full/MotorControl/MCSDK/MCLib/F3xx/Inc -I../../Drivers/CMSIS/Device/ST/STM32F3xx/Include -I../../Drivers/CMSIS/Include -I../../Drivers/CMSIS/DSP/Include -Ofast -ffunction-sections -fdata-sections -Wall -fstack-usage -fcyclomatic-complexity -MMD -MP -MF"Drivers/STM32F3xx_HAL_Driver/stm32f3xx_hal_rcc_ex.d" -MT"Drivers/STM32F3xx_HAL_Driver/stm32f3xx_hal_rcc_ex.o" --specs=nano.specs -mfpu=fpv4-sp-d16 -mfloat-abi=hard -mthumb -o "Drivers/STM32F3xx_HAL_Driver/stm32f3xx_hal_rcc_ex.o"
arm-none-eabi-gcc "C:/Users/vnaik/OneDrive - Michigan State University/Documents/Solar Car/Git projects/motor_controller_schip/motor_controller/motor_controller/Drivers/STM32F3xx_HAL_Driver/Src/stm32f3xx_hal_tim.c" -mcpu=cortex-m4 -std=gnu11 -g3 -DDEBUG -DARM_MATH_CM4 -DUSE_HAL_DRIVER -DSTM32F302x8 -c -I../../Inc -I../../Drivers/STM32F3xx_HAL_Driver/Inc -I../../Drivers/STM32F3xx_HAL_Driver/Inc/Legacy -I../../MCSDK_v6.3.1-Full/MotorControl/MCSDK/MCLib/Any/Inc -I../../MCSDK_v6.3.1-Full/MotorControl/MCSDK/MCLib/F3xx/Inc -I../../Drivers/CMSIS/Device/ST/STM32F3xx/Include -I../../Drivers/CMSIS/Include -I../../Drivers/CMSIS/DSP/Include -Ofast -ffunction-sections -fdata-sections -Wall -fstack-usage -fcyclomatic-complexity -MMD -MP -MF"Drivers/STM32F3xx_HAL_Driver/stm32f3xx_hal_tim.d" -MT"Drivers/STM32F3xx_HAL_Driver/stm32f3xx_hal_tim.o" --specs=nano.specs -mfpu=fpv4-sp-d16 -mfloat-abi=hard -mthumb -o "Drivers/STM32F3xx_HAL_Driver/stm32f3xx_hal_tim.o"
arm-none-eabi-gcc "C:/Users/vnaik/OneDrive - Michigan State University/Documents/Solar Car/Git projects/motor_controller_schip/motor_controller/motor_controller/Drivers/STM32F3xx_HAL_Driver/Src/stm32f3xx_hal_tim_ex.c" -mcpu=cortex-m4 -std=gnu11 -g3 -DDEBUG -DARM_MATH_CM4 -DUSE_HAL_DRIVER -DSTM32F302x8 -c -I../../Inc -I../../Drivers/STM32F3xx_HAL_Driver/Inc -I../../Drivers/STM32F3xx_HAL_Driver/Inc/Legacy -I../../MCSDK_v6.3.1-Full/MotorControl/MCSDK/MCLib/Any/Inc -I../../MCSDK_v6.3.1-Full/MotorControl/MCSDK/MCLib/F3xx/Inc -I../../Drivers/CMSIS/Device/ST/STM32F3xx/Include -I../../Drivers/CMSIS/Include -I../../Drivers/CMSIS/DSP/Include -Ofast -ffunction-sections -fdata-sections -Wall -fstack-usage -fcyclomatic-complexity -MMD -MP -MF"Drivers/STM32F3xx_HAL_Driver/stm32f3xx_hal_tim_ex.d" -MT"Drivers/STM32F3xx_HAL_Driver/stm32f3xx_hal_tim_ex.o" --specs=nano.specs -mfpu=fpv4-sp-d16 -mfloat-abi=hard -mthumb -o "Drivers/STM32F3xx_HAL_Driver/stm32f3xx_hal_tim_ex.o"
arm-none-eabi-gcc "C:/Users/vnaik/OneDrive - Michigan State University/Documents/Solar Car/Git projects/motor_controller_schip/motor_controller/motor_controller/Drivers/STM32F3xx_HAL_Driver/Src/stm32f3xx_hal_uart.c" -mcpu=cortex-m4 -std=gnu11 -g3 -DDEBUG -DARM_MATH_CM4 -DUSE_HAL_DRIVER -DSTM32F302x8 -c -I../../Inc -I../../Drivers/STM32F3xx_HAL_Driver/Inc -I../../Drivers/STM32F3xx_HAL_Driver/Inc/Legacy -I../../MCSDK_v6.3.1-Full/MotorControl/MCSDK/MCLib/Any/Inc -I../../MCSDK_v6.3.1-Full/MotorControl/MCSDK/MCLib/F3xx/Inc -I../../Drivers/CMSIS/Device/ST/STM32F3xx/Include -I../../Drivers/CMSIS/Include -I../../Drivers/CMSIS/DSP/Include -Ofast -ffunction-sections -fdata-sections -Wall -fstack-usage -fcyclomatic-complexity -MMD -MP -MF"Drivers/STM32F3xx_HAL_Driver/stm32f3xx_hal_uart.d" -MT"Drivers/STM32F3xx_HAL_Driver/stm32f3xx_hal_uart.o" --specs=nano.specs -mfpu=fpv4-sp-d16 -mfloat-abi=hard -mthumb -o "Drivers/STM32F3xx_HAL_Driver/stm32f3xx_hal_uart.o"
arm-none-eabi-gcc "C:/Users/vnaik/OneDrive - Michigan State University/Documents/Solar Car/Git projects/motor_controller_schip/motor_controller/motor_controller/Drivers/STM32F3xx_HAL_Driver/Src/stm32f3xx_hal_uart_ex.c" -mcpu=cortex-m4 -std=gnu11 -g3 -DDEBUG -DARM_MATH_CM4 -DUSE_HAL_DRIVER -DSTM32F302x8 -c -I../../Inc -I../../Drivers/STM32F3xx_HAL_Driver/Inc -I../../Drivers/STM32F3xx_HAL_Driver/Inc/Legacy -I../../MCSDK_v6.3.1-Full/MotorControl/MCSDK/MCLib/Any/Inc -I../../MCSDK_v6.3.1-Full/MotorControl/MCSDK/MCLib/F3xx/Inc -I../../Drivers/CMSIS/Device/ST/STM32F3xx/Include -I../../Drivers/CMSIS/Include -I../../Drivers/CMSIS/DSP/Include -Ofast -ffunction-sections -fdata-sections -Wall -fstack-usage -fcyclomatic-complexity -MMD -MP -MF"Drivers/STM32F3xx_HAL_Driver/stm32f3xx_hal_uart_ex.d" -MT"Drivers/STM32F3xx_HAL_Driver/stm32f3xx_hal_uart_ex.o" --specs=nano.specs -mfpu=fpv4-sp-d16 -mfloat-abi=hard -mthumb -o "Drivers/STM32F3xx_HAL_Driver/stm32f3xx_hal_uart_ex.o"
arm-none-eabi-gcc "C:/Users/vnaik/OneDrive - Michigan State University/Documents/Solar Car/Git projects/motor_controller_schip/motor_controller/motor_controller/Src/system_stm32f3xx.c" -mcpu=cortex-m4 -std=gnu11 -g3 -DDEBUG -DARM_MATH_CM4 -DUSE_HAL_DRIVER -DSTM32F302x8 -c -I../../Inc -I../../Drivers/STM32F3xx_HAL_Driver/Inc -I../../Drivers/STM32F3xx_HAL_Driver/Inc/Legacy -I../../MCSDK_v6.3.1-Full/MotorControl/MCSDK/MCLib/Any/Inc -I../../MCSDK_v6.3.1-Full/MotorControl/MCSDK/MCLib/F3xx/Inc -I../../Drivers/CMSIS/Device/ST/STM32F3xx/Include -I../../Drivers/CMSIS/Include -I../../Drivers/CMSIS/DSP/Include -Ofast -ffunction-sections -fdata-sections -Wall -fstack-usage -fcyclomatic-complexity -MMD -MP -MF"Drivers/CMSIS/system_stm32f3xx.d" -MT"Drivers/CMSIS/system_stm32f3xx.o" --specs=nano.specs -mfpu=fpv4-sp-d16 -mfloat-abi=hard -mthumb -o "Drivers/CMSIS/system_stm32f3xx.o"
arm-none-eabi-gcc "C:/Users/vnaik/OneDrive - Michigan State University/Documents/Solar Car/Git projects/motor_controller_schip/motor_controller/motor_controller/Src/aspep.c" -mcpu=cortex-m4 -std=gnu11 -g3 -DDEBUG -DARM_MATH_CM4 -DUSE_HAL_DRIVER -DSTM32F302x8 -c -I../../Inc -I../../Drivers/STM32F3xx_HAL_Driver/Inc -I../../Drivers/STM32F3xx_HAL_Driver/Inc/Legacy -I../../MCSDK_v6.3.1-Full/MotorControl/MCSDK/MCLib/Any/Inc -I../../MCSDK_v6.3.1-Full/MotorControl/MCSDK/MCLib/F3xx/Inc -I../../Drivers/CMSIS/Device/ST/STM32F3xx/Include -I../../Drivers/CMSIS/Include -I../../Drivers/CMSIS/DSP/Include -Ofast -ffunction-sections -fdata-sections -Wall -fstack-usage -fcyclomatic-complexity -MMD -MP -MF"Application/User/aspep.d" -MT"Application/User/aspep.o" --specs=nano.specs -mfpu=fpv4-sp-d16 -mfloat-abi=hard -mthumb -o "Application/User/aspep.o"
arm-none-eabi-gcc "C:/Users/vnaik/OneDrive - Michigan State University/Documents/Solar Car/Git projects/motor_controller_schip/motor_controller/motor_controller/Src/main.c" -mcpu=cortex-m4 -std=gnu11 -g3 -DDEBUG -DARM_MATH_CM4 -DUSE_HAL_DRIVER -DSTM32F302x8 -c -I../../Inc -I../../Drivers/STM32F3xx_HAL_Driver/Inc -I../../Drivers/STM32F3xx_HAL_Driver/Inc/Legacy -I../../MCSDK_v6.3.1-Full/MotorControl/MCSDK/MCLib/Any/Inc -I../../MCSDK_v6.3.1-Full/MotorControl/MCSDK/MCLib/F3xx/Inc -I../../Drivers/CMSIS/Device/ST/STM32F3xx/Include -I../../Drivers/CMSIS/Include -I../../Drivers/CMSIS/DSP/Include -Ofast -ffunction-sections -fdata-sections -Wall -fstack-usage -fcyclomatic-complexity -MMD -MP -MF"Application/User/main.d" -MT"Application/User/main.o" --specs=nano.specs -mfpu=fpv4-sp-d16 -mfloat-abi=hard -mthumb -o "Application/User/main.o"
arm-none-eabi-gcc "C:/Users/vnaik/OneDrive - Michigan State University/Documents/Solar Car/Git projects/motor_controller_schip/motor_controller/motor_controller/Src/mc_api.c" -mcpu=cortex-m4 -std=gnu11 -g3 -DDEBUG -DARM_MATH_CM4 -DUSE_HAL_DRIVER -DSTM32F302x8 -c -I../../Inc -I../../Drivers/STM32F3xx_HAL_Driver/Inc -I../../Drivers/STM32F3xx_HAL_Driver/Inc/Legacy -I../../MCSDK_v6.3.1-Full/MotorControl/MCSDK/MCLib/Any/Inc -I../../MCSDK_v6.3.1-Full/MotorControl/MCSDK/MCLib/F3xx/Inc -I../../Drivers/CMSIS/Device/ST/STM32F3xx/Include -I../../Drivers/CMSIS/Include -I../../Drivers/CMSIS/DSP/Include -Ofast -ffunction-sections -fdata-sections -Wall -fstack-usage -fcyclomatic-complexity -MMD -MP -MF"Application/User/mc_api.d" -MT"Application/User/mc_api.o" --specs=nano.specs -mfpu=fpv4-sp-d16 -mfloat-abi=hard -mthumb -o "Application/User/mc_api.o"
arm-none-eabi-gcc "C:/Users/vnaik/OneDrive - Michigan State University/Documents/Solar Car/Git projects/motor_controller_schip/motor_controller/motor_controller/Src/mc_app_hooks.c" -mcpu=cortex-m4 -std=gnu11 -g3 -DDEBUG -DARM_MATH_CM4 -DUSE_HAL_DRIVER -DSTM32F302x8 -c -I../../Inc -I../../Drivers/STM32F3xx_HAL_Driver/Inc -I../../Drivers/STM32F3xx_HAL_Driver/Inc/Legacy -I../../MCSDK_v6.3.1-Full/MotorControl/MCSDK/MCLib/Any/Inc -I../../MCSDK_v6.3.1-Full/MotorControl/MCSDK/MCLib/F3xx/Inc -I../../Drivers/CMSIS/Device/ST/STM32F3xx/Include -I../../Drivers/CMSIS/Include -I../../Drivers/CMSIS/DSP/Include -Ofast -ffunction-sections -fdata-sections -Wall -fstack-usage -fcyclomatic-complexity -MMD -MP -MF"Application/User/mc_app_hooks.d" -MT"Application/User/mc_app_hooks.o" --specs=nano.specs -mfpu=fpv4-sp-d16 -mfloat-abi=hard -mthumb -o "Application/User/mc_app_hooks.o"
arm-none-eabi-gcc "C:/Users/vnaik/OneDrive - Michigan State University/Documents/Solar Car/Git projects/motor_controller_schip/motor_controller/motor_controller/Src/mc_config.c" -mcpu=cortex-m4 -std=gnu11 -g3 -DDEBUG -DARM_MATH_CM4 -DUSE_HAL_DRIVER -DSTM32F302x8 -c -I../../Inc -I../../Drivers/STM32F3xx_HAL_Driver/Inc -I../../Drivers/STM32F3xx_HAL_Driver/Inc/Legacy -I../../MCSDK_v6.3.1-Full/MotorControl/MCSDK/MCLib/Any/Inc -I../../MCSDK_v6.3.1-Full/MotorControl/MCSDK/MCLib/F3xx/Inc -I../../Drivers/CMSIS/Device/ST/STM32F3xx/Include -I../../Drivers/CMSIS/Include -I../../Drivers/CMSIS/DSP/Include -Ofast -ffunction-sections -fdata-sections -Wall -fstack-usage -fcyclomatic-complexity -MMD -MP -MF"Application/User/mc_config.d" -MT"Application/User/mc_config.o" --specs=nano.specs -mfpu=fpv4-sp-d16 -mfloat-abi=hard -mthumb -o "Application/User/mc_config.o"
arm-none-eabi-gcc "C:/Users/vnaik/OneDrive - Michigan State University/Documents/Solar Car/Git projects/motor_controller_schip/motor_controller/motor_controller/Src/mc_config_common.c" -mcpu=cortex-m4 -std=gnu11 -g3 -DDEBUG -DARM_MATH_CM4 -DUSE_HAL_DRIVER -DSTM32F302x8 -c -I../../Inc -I../../Drivers/STM32F3xx_HAL_Driver/Inc -I../../Drivers/STM32F3xx_HAL_Driver/Inc/Legacy -I../../MCSDK_v6.3.1-Full/MotorControl/MCSDK/MCLib/Any/Inc -I../../MCSDK_v6.3.1-Full/MotorControl/MCSDK/MCLib/F3xx/Inc -I../../Drivers/CMSIS/Device/ST/STM32F3xx/Include -I../../Drivers/CMSIS/Include -I../../Drivers/CMSIS/DSP/Include -Ofast -ffunction-sections -fdata-sections -Wall -fstack-usage -fcyclomatic-complexity -MMD -MP -MF"Application/User/mc_config_common.d" -MT"Application/User/mc_config_common.o" --specs=nano.specs -mfpu=fpv4-sp-d16 -mfloat-abi=hard -mthumb -o "Application/User/mc_config_common.o"
arm-none-eabi-gcc "C:/Users/vnaik/OneDrive - Michigan State University/Documents/Solar Car/Git projects/motor_controller_schip/motor_controller/motor_controller/Src/mc_configuration_registers.c" -mcpu=cortex-m4 -std=gnu11 -g3 -DDEBUG -DARM_MATH_CM4 -DUSE_HAL_DRIVER -DSTM32F302x8 -c -I../../Inc -I../../Drivers/STM32F3xx_HAL_Driver/Inc -I../../Drivers/STM32F3xx_HAL_Driver/Inc/Legacy -I../../MCSDK_v6.3.1-Full/MotorControl/MCSDK/MCLib/Any/Inc -I../../MCSDK_v6.3.1-Full/MotorControl/MCSDK/MCLib/F3xx/Inc -I../../Drivers/CMSIS/Device/ST/STM32F3xx/Include -I../../Drivers/CMSIS/Include -I../../Drivers/CMSIS/DSP/Include -Ofast -ffunction-sections -fdata-sections -Wall -fstack-usage -fcyclomatic-complexity -MMD -MP -MF"Application/User/mc_configuration_registers.d" -MT"Application/User/mc_configuration_registers.o" --specs=nano.specs -mfpu=fpv4-sp-d16 -mfloat-abi=hard -mthumb -o "Application/User/mc_configuration_registers.o"
arm-none-eabi-gcc "C:/Users/vnaik/OneDrive - Michigan State University/Documents/Solar Car/Git projects/motor_controller_schip/motor_controller/motor_controller/Src/mc_interface.c" -mcpu=cortex-m4 -std=gnu11 -g3 -DDEBUG -DARM_MATH_CM4 -DUSE_HAL_DRIVER -DSTM32F302x8 -c -I../../Inc -I../../Drivers/STM32F3xx_HAL_Driver/Inc -I../../Drivers/STM32F3xx_HAL_Driver/Inc/Legacy -I../../MCSDK_v6.3.1-Full/MotorControl/MCSDK/MCLib/Any/Inc -I../../MCSDK_v6.3.1-Full/MotorControl/MCSDK/MCLib/F3xx/Inc -I../../Drivers/CMSIS/Device/ST/STM32F3xx/Include -I../../Drivers/CMSIS/Include -I../../Drivers/CMSIS/DSP/Include -Ofast -ffunction-sections -fdata-sections -Wall -fstack-usage -fcyclomatic-complexity -MMD -MP -MF"Application/User/mc_interface.d" -MT"Application/User/mc_interface.o" --specs=nano.specs -mfpu=fpv4-sp-d16 -mfloat-abi=hard -mthumb -o "Application/User/mc_interface.o"
arm-none-eabi-gcc "C:/Users/vnaik/OneDrive - Michigan State University/Documents/Solar Car/Git projects/motor_controller_schip/motor_controller/motor_controller/Src/mc_math.c" -mcpu=cortex-m4 -std=gnu11 -g3 -DDEBUG -DARM_MATH_CM4 -DUSE_HAL_DRIVER -DSTM32F302x8 -c -I../../Inc -I../../Drivers/STM32F3xx_HAL_Driver/Inc -I../../Drivers/STM32F3xx_HAL_Driver/Inc/Legacy -I../../MCSDK_v6.3.1-Full/MotorControl/MCSDK/MCLib/Any/Inc -I../../MCSDK_v6.3.1-Full/MotorControl/MCSDK/MCLib/F3xx/Inc -I../../Drivers/CMSIS/Device/ST/STM32F3xx/Include -I../../Drivers/CMSIS/Include -I../../Drivers/CMSIS/DSP/Include -Ofast -ffunction-sections -fdata-sections -Wall -fstack-usage -fcyclomatic-complexity -MMD -MP -MF"Application/User/mc_math.d" -MT"Application/User/mc_math.o" --specs=nano.specs -mfpu=fpv4-sp-d16 -mfloat-abi=hard -mthumb -o "Application/User/mc_math.o"
arm-none-eabi-gcc "C:/Users/vnaik/OneDrive - Michigan State University/Documents/Solar Car/Git projects/motor_controller_schip/motor_controller/motor_controller/Src/mc_parameters.c" -mcpu=cortex-m4 -std=gnu11 -g3 -DDEBUG -DARM_MATH_CM4 -DUSE_HAL_DRIVER -DSTM32F302x8 -c -I../../Inc -I../../Drivers/STM32F3xx_HAL_Driver/Inc -I../../Drivers/STM32F3xx_HAL_Driver/Inc/Legacy -I../../MCSDK_v6.3.1-Full/MotorControl/MCSDK/MCLib/Any/Inc -I../../MCSDK_v6.3.1-Full/MotorControl/MCSDK/MCLib/F3xx/Inc -I../../Drivers/CMSIS/Device/ST/STM32F3xx/Include -I../../Drivers/CMSIS/Include -I../../Drivers/CMSIS/DSP/Include -Ofast -ffunction-sections -fdata-sections -Wall -fstack-usage -fcyclomatic-complexity -MMD -MP -MF"Application/User/mc_parameters.d" -MT"Application/User/mc_parameters.o" --specs=nano.specs -mfpu=fpv4-sp-d16 -mfloat-abi=hard -mthumb -o "Application/User/mc_parameters.o"
arm-none-eabi-gcc "C:/Users/vnaik/OneDrive - Michigan State University/Documents/Solar Car/Git projects/motor_controller_schip/motor_controller/motor_controller/Src/mc_perf.c" -mcpu=cortex-m4 -std=gnu11 -g3 -DDEBUG -DARM_MATH_CM4 -DUSE_HAL_DRIVER -DSTM32F302x8 -c -I../../Inc -I../../Drivers/STM32F3xx_HAL_Driver/Inc -I../../Drivers/STM32F3xx_HAL_Driver/Inc/Legacy -I../../MCSDK_v6.3.1-Full/MotorControl/MCSDK/MCLib/Any/Inc -I../../MCSDK_v6.3.1-Full/MotorControl/MCSDK/MCLib/F3xx/Inc -I../../Drivers/CMSIS/Device/ST/STM32F3xx/Include -I../../Drivers/CMSIS/Include -I../../Drivers/CMSIS/DSP/Include -Ofast -ffunction-sections -fdata-sections -Wall -fstack-usage -fcyclomatic-complexity -MMD -MP -MF"Application/User/mc_perf.d" -MT"Application/User/mc_perf.o" --specs=nano.specs -mfpu=fpv4-sp-d16 -mfloat-abi=hard -mthumb -o "Application/User/mc_perf.o"
arm-none-eabi-gcc "C:/Users/vnaik/OneDrive - Michigan State University/Documents/Solar Car/Git projects/motor_controller_schip/motor_controller/motor_controller/Src/mc_tasks.c" -mcpu=cortex-m4 -std=gnu11 -g3 -DDEBUG -DARM_MATH_CM4 -DUSE_HAL_DRIVER -DSTM32F302x8 -c -I../../Inc -I../../Drivers/STM32F3xx_HAL_Driver/Inc -I../../Drivers/STM32F3xx_HAL_Driver/Inc/Legacy -I../../MCSDK_v6.3.1-Full/MotorControl/MCSDK/MCLib/Any/Inc -I../../MCSDK_v6.3.1-Full/MotorControl/MCSDK/MCLib/F3xx/Inc -I../../Drivers/CMSIS/Device/ST/STM32F3xx/Include -I../../Drivers/CMSIS/Include -I../../Drivers/CMSIS/DSP/Include -Ofast -ffunction-sections -fdata-sections -Wall -fstack-usage -fcyclomatic-complexity -MMD -MP -MF"Application/User/mc_tasks.d" -MT"Application/User/mc_tasks.o" --specs=nano.specs -mfpu=fpv4-sp-d16 -mfloat-abi=hard -mthumb -o "Application/User/mc_tasks.o"
arm-none-eabi-gcc "C:/Users/vnaik/OneDrive - Michigan State University/Documents/Solar Car/Git projects/motor_controller_schip/motor_controller/motor_controller/Src/mc_tasks_foc.c" -mcpu=cortex-m4 -std=gnu11 -g3 -DDEBUG -DARM_MATH_CM4 -DUSE_HAL_DRIVER -DSTM32F302x8 -c -I../../Inc -I../../Drivers/STM32F3xx_HAL_Driver/Inc -I../../Drivers/STM32F3xx_HAL_Driver/Inc/Legacy -I../../MCSDK_v6.3.1-Full/MotorControl/MCSDK/MCLib/Any/Inc -I../../MCSDK_v6.3.1-Full/MotorControl/MCSDK/MCLib/F3xx/Inc -I../../Drivers/CMSIS/Device/ST/STM32F3xx/Include -I../../Drivers/CMSIS/Include -I../../Drivers/CMSIS/DSP/Include -Ofast -ffunction-sections -fdata-sections -Wall -fstack-usage -fcyclomatic-complexity -MMD -MP -MF"Application/User/mc_tasks_foc.d" -MT"Application/User/mc_tasks_foc.o" --specs=nano.specs -mfpu=fpv4-sp-d16 -mfloat-abi=hard -mthumb -o "Application/User/mc_tasks_foc.o"
arm-none-eabi-gcc "C:/Users/vnaik/OneDrive - Michigan State University/Documents/Solar Car/Git projects/motor_controller_schip/motor_controller/motor_controller/Src/mcp.c" -mcpu=cortex-m4 -std=gnu11 -g3 -DDEBUG -DARM_MATH_CM4 -DUSE_HAL_DRIVER -DSTM32F302x8 -c -I../../Inc -I../../Drivers/STM32F3xx_HAL_Driver/Inc -I../../Drivers/STM32F3xx_HAL_Driver/Inc/Legacy -I../../MCSDK_v6.3.1-Full/MotorControl/MCSDK/MCLib/Any/Inc -I../../MCSDK_v6.3.1-Full/MotorControl/MCSDK/MCLib/F3xx/Inc -I../../Drivers/CMSIS/Device/ST/STM32F3xx/Include -I../../Drivers/CMSIS/Include -I../../Drivers/CMSIS/DSP/Include -Ofast -ffunction-sections -fdata-sections -Wall -fstack-usage -fcyclomatic-complexity -MMD -MP -MF"Application/User/mcp.d" -MT"Application/User/mcp.o" --specs=nano.specs -mfpu=fpv4-sp-d16 -mfloat-abi=hard -mthumb -o "Application/User/mcp.o"
arm-none-eabi-gcc "C:/Users/vnaik/OneDrive - Michigan State University/Documents/Solar Car/Git projects/motor_controller_schip/motor_controller/motor_controller/Src/mcp_config.c" -mcpu=cortex-m4 -std=gnu11 -g3 -DDEBUG -DARM_MATH_CM4 -DUSE_HAL_DRIVER -DSTM32F302x8 -c -I../../Inc -I../../Drivers/STM32F3xx_HAL_Driver/Inc -I../../Drivers/STM32F3xx_HAL_Driver/Inc/Legacy -I../../MCSDK_v6.3.1-Full/MotorControl/MCSDK/MCLib/Any/Inc -I../../MCSDK_v6.3.1-Full/MotorControl/MCSDK/MCLib/F3xx/Inc -I../../Drivers/CMSIS/Device/ST/STM32F3xx/Include -I../../Drivers/CMSIS/Include -I../../Drivers/CMSIS/DSP/Include -Ofast -ffunction-sections -fdata-sections -Wall -fstack-usage -fcyclomatic-complexity -MMD -MP -MF"Application/User/mcp_config.d" -MT"Application/User/mcp_config.o" --specs=nano.specs -mfpu=fpv4-sp-d16 -mfloat-abi=hard -mthumb -o "Application/User/mcp_config.o"
arm-none-eabi-gcc "C:/Users/vnaik/OneDrive - Michigan State University/Documents/Solar Car/Git projects/motor_controller_schip/motor_controller/motor_controller/Src/motorcontrol.c" -mcpu=cortex-m4 -std=gnu11 -g3 -DDEBUG -DARM_MATH_CM4 -DUSE_HAL_DRIVER -DSTM32F302x8 -c -I../../Inc -I../../Drivers/STM32F3xx_HAL_Driver/Inc -I../../Drivers/STM32F3xx_HAL_Driver/Inc/Legacy -I../../MCSDK_v6.3.1-Full/MotorControl/MCSDK/MCLib/Any/Inc -I../../MCSDK_v6.3.1-Full/MotorControl/MCSDK/MCLib/F3xx/Inc -I../../Drivers/CMSIS/Device/ST/STM32F3xx/Include -I../../Drivers/CMSIS/Include -I../../Drivers/CMSIS/DSP/Include -Ofast -ffunction-sections -fdata-sections -Wall -fstack-usage -fcyclomatic-complexity -MMD -MP -MF"Application/User/motorcontrol.d" -MT"Application/User/motorcontrol.o" --specs=nano.specs -mfpu=fpv4-sp-d16 -mfloat-abi=hard -mthumb -o "Application/User/motorcontrol.o"
arm-none-eabi-gcc "C:/Users/vnaik/OneDrive - Michigan State University/Documents/Solar Car/Git projects/motor_controller_schip/motor_controller/motor_controller/Src/pwm_common.c" -mcpu=cortex-m4 -std=gnu11 -g3 -DDEBUG -DARM_MATH_CM4 -DUSE_HAL_DRIVER -DSTM32F302x8 -c -I../../Inc -I../../Drivers/STM32F3xx_HAL_Driver/Inc -I../../Drivers/STM32F3xx_HAL_Driver/Inc/Legacy -I../../MCSDK_v6.3.1-Full/MotorControl/MCSDK/MCLib/Any/Inc -I../../MCSDK_v6.3.1-Full/MotorControl/MCSDK/MCLib/F3xx/Inc -I../../Drivers/CMSIS/Device/ST/STM32F3xx/Include -I../../Drivers/CMSIS/Include -I../../Drivers/CMSIS/DSP/Include -Ofast -ffunction-sections -fdata-sections -Wall -fstack-usage -fcyclomatic-complexity -MMD -MP -MF"Application/User/pwm_common.d" -MT"Application/User/pwm_common.o" --specs=nano.specs -mfpu=fpv4-sp-d16 -mfloat-abi=hard -mthumb -o "Application/User/pwm_common.o"
arm-none-eabi-gcc "C:/Users/vnaik/OneDrive - Michigan State University/Documents/Solar Car/Git projects/motor_controller_schip/motor_controller/motor_controller/Src/pwm_curr_fdbk.c" -mcpu=cortex-m4 -std=gnu11 -g3 -DDEBUG -DARM_MATH_CM4 -DUSE_HAL_DRIVER -DSTM32F302x8 -c -I../../Inc -I../../Drivers/STM32F3xx_HAL_Driver/Inc -I../../Drivers/STM32F3xx_HAL_Driver/Inc/Legacy -I../../MCSDK_v6.3.1-Full/MotorControl/MCSDK/MCLib/Any/Inc -I../../MCSDK_v6.3.1-Full/MotorControl/MCSDK/MCLib/F3xx/Inc -I../../Drivers/CMSIS/Device/ST/STM32F3xx/Include -I../../Drivers/CMSIS/Include -I../../Drivers/CMSIS/DSP/Include -Ofast -ffunction-sections -fdata-sections -Wall -fstack-usage -fcyclomatic-complexity -MMD -MP -MF"Application/User/pwm_curr_fdbk.d" -MT"Application/User/pwm_curr_fdbk.o" --specs=nano.specs -mfpu=fpv4-sp-d16 -mfloat-abi=hard -mthumb -o "Application/User/pwm_curr_fdbk.o"
arm-none-eabi-gcc "C:/Users/vnaik/OneDrive - Michigan State University/Documents/Solar Car/Git projects/motor_controller_schip/motor_controller/motor_controller/Src/register_interface.c" -mcpu=cortex-m4 -std=gnu11 -g3 -DDEBUG -DARM_MATH_CM4 -DUSE_HAL_DRIVER -DSTM32F302x8 -c -I../../Inc -I../../Drivers/STM32F3xx_HAL_Driver/Inc -I../../Drivers/STM32F3xx_HAL_Driver/Inc/Legacy -I../../MCSDK_v6.3.1-Full/MotorControl/MCSDK/MCLib/Any/Inc -I../../MCSDK_v6.3.1-Full/MotorControl/MCSDK/MCLib/F3xx/Inc -I../../Drivers/CMSIS/Device/ST/STM32F3xx/Include -I../../Drivers/CMSIS/Include -I../../Drivers/CMSIS/DSP/Include -Ofast -ffunction-sections -fdata-sections -Wall -fstack-usage -fcyclomatic-complexity -MMD -MP -MF"Application/User/register_interface.d" -MT"Application/User/register_interface.o" --specs=nano.specs -mfpu=fpv4-sp-d16 -mfloat-abi=hard -mthumb -o "Application/User/register_interface.o"
arm-none-eabi-gcc "C:/Users/vnaik/OneDrive - Michigan State University/Documents/Solar Car/Git projects/motor_controller_schip/motor_controller/motor_controller/Src/regular_conversion_manager.c" -mcpu=cortex-m4 -std=gnu11 -g3 -DDEBUG -DARM_MATH_CM4 -DUSE_HAL_DRIVER -DSTM32F302x8 -c -I../../Inc -I../../Drivers/STM32F3xx_HAL_Driver/Inc -I../../Drivers/STM32F3xx_HAL_Driver/Inc/Legacy -I../../MCSDK_v6.3.1-Full/MotorControl/MCSDK/MCLib/Any/Inc -I../../MCSDK_v6.3.1-Full/MotorControl/MCSDK/MCLib/F3xx/Inc -I../../Drivers/CMSIS/Device/ST/STM32F3xx/Include -I../../Drivers/CMSIS/Include -I../../Drivers/CMSIS/DSP/Include -Ofast -ffunction-sections -fdata-sections -Wall -fstack-usage -fcyclomatic-complexity -MMD -MP -MF"Application/User/regular_conversion_manager.d" -MT"Application/User/regular_conversion_manager.o" --specs=nano.specs -mfpu=fpv4-sp-d16 -mfloat-abi=hard -mthumb -o "Application/User/regular_conversion_manager.o"
arm-none-eabi-gcc "C:/Users/vnaik/OneDrive - Michigan State University/Documents/Solar Car/Git projects/motor_controller_schip/motor_controller/motor_controller/Src/stm32_mc_common_it.c" -mcpu=cortex-m4 -std=gnu11 -g3 -DDEBUG -DARM_MATH_CM4 -DUSE_HAL_DRIVER -DSTM32F302x8 -c -I../../Inc -I../../Drivers/STM32F3xx_HAL_Driver/Inc -I../../Drivers/STM32F3xx_HAL_Driver/Inc/Legacy -I../../MCSDK_v6.3.1-Full/MotorControl/MCSDK/MCLib/Any/Inc -I../../MCSDK_v6.3.1-Full/MotorControl/MCSDK/MCLib/F3xx/Inc -I../../Drivers/CMSIS/Device/ST/STM32F3xx/Include -I../../Drivers/CMSIS/Include -I../../Drivers/CMSIS/DSP/Include -Ofast -ffunction-sections -fdata-sections -Wall -fstack-usage -fcyclomatic-complexity -MMD -MP -MF"Application/User/stm32_mc_common_it.d" -MT"Application/User/stm32_mc_common_it.o" --specs=nano.specs -mfpu=fpv4-sp-d16 -mfloat-abi=hard -mthumb -o "Application/User/stm32_mc_common_it.o"
arm-none-eabi-gcc "C:/Users/vnaik/OneDrive - Michigan State University/Documents/Solar Car/Git projects/motor_controller_schip/motor_controller/motor_controller/Src/stm32f30x_mc_it.c" -mcpu=cortex-m4 -std=gnu11 -g3 -DDEBUG -DARM_MATH_CM4 -DUSE_HAL_DRIVER -DSTM32F302x8 -c -I../../Inc -I../../Drivers/STM32F3xx_HAL_Driver/Inc -I../../Drivers/STM32F3xx_HAL_Driver/Inc/Legacy -I../../MCSDK_v6.3.1-Full/MotorControl/MCSDK/MCLib/Any/Inc -I../../MCSDK_v6.3.1-Full/MotorControl/MCSDK/MCLib/F3xx/Inc -I../../Drivers/CMSIS/Device/ST/STM32F3xx/Include -I../../Drivers/CMSIS/Include -I../../Drivers/CMSIS/DSP/Include -Ofast -ffunction-sections -fdata-sections -Wall -fstack-usage -fcyclomatic-complexity -MMD -MP -MF"Application/User/stm32f30x_mc_it.d" -MT"Application/User/stm32f30x_mc_it.o" --specs=nano.specs -mfpu=fpv4-sp-d16 -mfloat-abi=hard -mthumb -o "Application/User/stm32f30x_mc_it.o"
arm-none-eabi-gcc "C:/Users/vnaik/OneDrive - Michigan State University/Documents/Solar Car/Git projects/motor_controller_schip/motor_controller/motor_controller/Src/stm32f3xx_hal_msp.c" -mcpu=cortex-m4 -std=gnu11 -g3 -DDEBUG -DARM_MATH_CM4 -DUSE_HAL_DRIVER -DSTM32F302x8 -c -I../../Inc -I../../Drivers/STM32F3xx_HAL_Driver/Inc -I../../Drivers/STM32F3xx_HAL_Driver/Inc/Legacy -I../../MCSDK_v6.3.1-Full/MotorControl/MCSDK/MCLib/Any/Inc -I../../MCSDK_v6.3.1-Full/MotorControl/MCSDK/MCLib/F3xx/Inc -I../../Drivers/CMSIS/Device/ST/STM32F3xx/Include -I../../Drivers/CMSIS/Include -I../../Drivers/CMSIS/DSP/Include -Ofast -ffunction-sections -fdata-sections -Wall -fstack-usage -fcyclomatic-complexity -MMD -MP -MF"Application/User/stm32f3xx_hal_msp.d" -MT"Application/User/stm32f3xx_hal_msp.o" --specs=nano.specs -mfpu=fpv4-sp-d16 -mfloat-abi=hard -mthumb -o "Application/User/stm32f3xx_hal_msp.o"
arm-none-eabi-gcc "C:/Users/vnaik/OneDrive - Michigan State University/Documents/Solar Car/Git projects/motor_controller_schip/motor_controller/motor_controller/Src/stm32f3xx_it.c" -mcpu=cortex-m4 -std=gnu11 -g3 -DDEBUG -DARM_MATH_CM4 -DUSE_HAL_DRIVER -DSTM32F302x8 -c -I../../Inc -I../../Drivers/STM32F3xx_HAL_Driver/Inc -I../../Drivers/STM32F3xx_HAL_Driver/Inc/Legacy -I../../MCSDK_v6.3.1-Full/MotorControl/MCSDK/MCLib/Any/Inc -I../../MCSDK_v6.3.1-Full/MotorControl/MCSDK/MCLib/F3xx/Inc -I../../Drivers/CMSIS/Device/ST/STM32F3xx/Include -I../../Drivers/CMSIS/Include -I../../Drivers/CMSIS/DSP/Include -Ofast -ffunction-sections -fdata-sections -Wall -fstack-usage -fcyclomatic-complexity -MMD -MP -MF"Application/User/stm32f3xx_it.d" -MT"Application/User/stm32f3xx_it.o" --specs=nano.specs -mfpu=fpv4-sp-d16 -mfloat-abi=hard -mthumb -o "Application/User/stm32f3xx_it.o"
arm-none-eabi-gcc "../Application/User/syscalls.c" -mcpu=cortex-m4 -std=gnu11 -g3 -DDEBUG -DARM_MATH_CM4 -DUSE_HAL_DRIVER -DSTM32F302x8 -c -I../../Inc -I../../Drivers/STM32F3xx_HAL_Driver/Inc -I../../Drivers/STM32F3xx_HAL_Driver/Inc/Legacy -I../../MCSDK_v6.3.1-Full/MotorControl/MCSDK/MCLib/Any/Inc -I../../MCSDK_v6.3.1-Full/MotorControl/MCSDK/MCLib/F3xx/Inc -I../../Drivers/CMSIS/Device/ST/STM32F3xx/Include -I../../Drivers/CMSIS/Include -I../../Drivers/CMSIS/DSP/Include -Ofast -ffunction-sections -fdata-sections -Wall -fstack-usage -fcyclomatic-complexity -MMD -MP -MF"Application/User/syscalls.d" -MT"Application/User/syscalls.o" --specs=nano.specs -mfpu=fpv4-sp-d16 -mfloat-abi=hard -mthumb -o "Application/User/syscalls.o"
arm-none-eabi-gcc "../Application/User/sysmem.c" -mcpu=cortex-m4 -std=gnu11 -g3 -DDEBUG -DARM_MATH_CM4 -DUSE_HAL_DRIVER -DSTM32F302x8 -c -I../../Inc -I../../Drivers/STM32F3xx_HAL_Driver/Inc -I../../Drivers/STM32F3xx_HAL_Driver/Inc/Legacy -I../../MCSDK_v6.3.1-Full/MotorControl/MCSDK/MCLib/Any/Inc -I../../MCSDK_v6.3.1-Full/MotorControl/MCSDK/MCLib/F3xx/Inc -I../../Drivers/CMSIS/Device/ST/STM32F3xx/Include -I../../Drivers/CMSIS/Include -I../../Drivers/CMSIS/DSP/Include -Ofast -ffunction-sections -fdata-sections -Wall -fstack-usage -fcyclomatic-complexity -MMD -MP -MF"Application/User/sysmem.d" -MT"Application/User/sysmem.o" --specs=nano.specs -mfpu=fpv4-sp-d16 -mfloat-abi=hard -mthumb -o "Application/User/sysmem.o"
arm-none-eabi-gcc "C:/Users/vnaik/OneDrive - Michigan State University/Documents/Solar Car/Git projects/motor_controller_schip/motor_controller/motor_controller/Src/usart_aspep_driver.c" -mcpu=cortex-m4 -std=gnu11 -g3 -DDEBUG -DARM_MATH_CM4 -DUSE_HAL_DRIVER -DSTM32F302x8 -c -I../../Inc -I../../Drivers/STM32F3xx_HAL_Driver/Inc -I../../Drivers/STM32F3xx_HAL_Driver/Inc/Legacy -I../../MCSDK_v6.3.1-Full/MotorControl/MCSDK/MCLib/Any/Inc -I../../MCSDK_v6.3.1-Full/MotorControl/MCSDK/MCLib/F3xx/Inc -I../../Drivers/CMSIS/Device/ST/STM32F3xx/Include -I../../Drivers/CMSIS/Include -I../../Drivers/CMSIS/DSP/Include -Ofast -ffunction-sections -fdata-sections -Wall -fstack-usage -fcyclomatic-complexity -MMD -MP -MF"Application/User/usart_aspep_driver.d" -MT"Application/User/usart_aspep_driver.o" --specs=nano.specs -mfpu=fpv4-sp-d16 -mfloat-abi=hard -mthumb -o "Application/User/usart_aspep_driver.o"
arm-none-eabi-gcc -mcpu=cortex-m4 -g3 -DDEBUG -c -x assembler-with-cpp -MMD -MP -MF"Application/Startup/startup_stm32f302r8tx.d" -MT"Application/Startup/startup_stm32f302r8tx.o" --specs=nano.specs -mfpu=fpv4-sp-d16 -mfloat-abi=hard -mthumb -o "Application/Startup/startup_stm32f302r8tx.o" "../Application/Startup/startup_stm32f302r8tx.s"
arm-none-eabi-gcc -o "motor_controller.elf" @"objects.list"   -mcpu=cortex-m4 -T"C:\Users\vnaik\OneDrive - Michigan State University\Documents\Solar Car\Git projects\motor_controller_schip\motor_controller\motor_controller\STM32CubeIDE\STM32F302R8TX_FLASH.ld" --specs=nosys.specs -Wl,-Map="motor_controller.map" -Wl,--gc-sections -static --specs=nano.specs -mfpu=fpv4-sp-d16 -mfloat-abi=hard -mthumb -Wl,--start-group -lc -lm -Wl,--end-group
Finished building target: motor_controller.elf
 
arm-none-eabi-size  motor_controller.elf 
arm-none-eabi-objdump -h -S motor_controller.elf  > "motor_controller.list"
   text	   data	    bss	    dec	    hex	filename
  32884	   1268	   6628	  40780	   9f4c	motor_controller.elf
Finished building: default.size.stdout
 
Finished building: motor_controller.list
 
01:47:48 **** Incremental Build of configuration Debug for project motor_controller ****
make -j12 all 
arm-none-eabi-size  motor_controller.elf 
   text	   data	    bss	    dec	    hex	filename
  32884	   1268	   6628	  40780	   9f4c	motor_controller.elf
Finished building: default.size.stdout
 
01:51:09 **** Clean-only build of configuration Debug for project motor_controller ****
make -j12 clean 
rm -rf ./Middlewares/MotorControl/bus_voltage_sensor.cyclo ./Middlewares/MotorControl/bus_voltage_sensor.d ./Middlewares/MotorControl/bus_voltage_sensor.o ./Middlewares/MotorControl/bus_voltage_sensor.su ./Middlewares/MotorControl/circle_limitation.cyclo ./Middlewares/MotorControl/circle_limitation.d ./Middlewares/MotorControl/circle_limitation.o ./Middlewares/MotorControl/circle_limitation.su ./Middlewares/MotorControl/digital_output.cyclo ./Middlewares/MotorControl/digital_output.d ./Middlewares/MotorControl/digital_output.o ./Middlewares/MotorControl/digital_output.su ./Middlewares/MotorControl/mcpa.cyclo ./Middlewares/MotorControl/mcpa.d ./Middlewares/MotorControl/mcpa.o ./Middlewares/MotorControl/mcpa.su ./Middlewares/MotorControl/ntc_temperature_sensor.cyclo ./Middlewares/MotorControl/ntc_temperature_sensor.d ./Middlewares/MotorControl/ntc_temperature_sensor.o ./Middlewares/MotorControl/ntc_temperature_sensor.su ./Middlewares/MotorControl/open_loop.cyclo ./Middlewares/MotorControl/open_loop.d ./Middlewares/MotorControl/open_loop.o ./Middlewares/MotorControl/open_loop.su ./Middlewares/MotorControl/pid_regulator.cyclo ./Middlewares/MotorControl/pid_regulator.d ./Middlewares/MotorControl/pid_regulator.o ./Middlewares/MotorControl/pid_regulator.su ./Middlewares/MotorControl/pqd_motor_power_measurement.cyclo ./Middlewares/MotorControl/pqd_motor_power_measurement.d ./Middlewares/MotorControl/pqd_motor_power_measurement.o ./Middlewares/MotorControl/pqd_motor_power_measurement.su ./Middlewares/MotorControl/r3_1_f30x_pwm_curr_fdbk.cyclo ./Middlewares/MotorControl/r3_1_f30x_pwm_curr_fdbk.d ./Middlewares/MotorControl/r3_1_f30x_pwm_curr_fdbk.o ./Middlewares/MotorControl/r3_1_f30x_pwm_curr_fdbk.su ./Middlewares/MotorControl/r_divider_bus_voltage_sensor.cyclo ./Middlewares/MotorControl/r_divider_bus_voltage_sensor.d ./Middlewares/MotorControl/r_divider_bus_voltage_sensor.o ./Middlewares/MotorControl/r_divider_bus_voltage_sensor.su ./Middlewares/MotorControl/ramp_ext_mngr.cyclo ./Middlewares/MotorControl/ramp_ext_mngr.d ./Middlewares/MotorControl/ramp_ext_mngr.o ./Middlewares/MotorControl/ramp_ext_mngr.su ./Middlewares/MotorControl/revup_ctrl.cyclo ./Middlewares/MotorControl/revup_ctrl.d ./Middlewares/MotorControl/revup_ctrl.o ./Middlewares/MotorControl/revup_ctrl.su ./Middlewares/MotorControl/speed_pos_fdbk.cyclo ./Middlewares/MotorControl/speed_pos_fdbk.d ./Middlewares/MotorControl/speed_pos_fdbk.o ./Middlewares/MotorControl/speed_pos_fdbk.su ./Middlewares/MotorControl/speed_torq_ctrl.cyclo ./Middlewares/MotorControl/speed_torq_ctrl.d ./Middlewares/MotorControl/speed_torq_ctrl.o ./Middlewares/MotorControl/speed_torq_ctrl.su ./Middlewares/MotorControl/sto_pll_speed_pos_fdbk.cyclo ./Middlewares/MotorControl/sto_pll_speed_pos_fdbk.d ./Middlewares/MotorControl/sto_pll_speed_pos_fdbk.o ./Middlewares/MotorControl/sto_pll_speed_pos_fdbk.su ./Middlewares/MotorControl/virtual_speed_sensor.cyclo ./Middlewares/MotorControl/virtual_speed_sensor.d ./Middlewares/MotorControl/virtual_speed_sensor.o ./Middlewares/MotorControl/virtual_speed_sensor.su
rm -rf ./Drivers/STM32F3xx_HAL_Driver/stm32f3xx_hal.cyclo ./Drivers/STM32F3xx_HAL_Driver/stm32f3xx_hal.d ./Drivers/STM32F3xx_HAL_Driver/stm32f3xx_hal.o ./Drivers/STM32F3xx_HAL_Driver/stm32f3xx_hal.su ./Drivers/STM32F3xx_HAL_Driver/stm32f3xx_hal_adc.cyclo ./Drivers/STM32F3xx_HAL_Driver/stm32f3xx_hal_adc.d ./Drivers/STM32F3xx_HAL_Driver/stm32f3xx_hal_adc.o ./Drivers/STM32F3xx_HAL_Driver/stm32f3xx_hal_adc.su ./Drivers/STM32F3xx_HAL_Driver/stm32f3xx_hal_adc_ex.cyclo ./Drivers/STM32F3xx_HAL_Driver/stm32f3xx_hal_adc_ex.d ./Drivers/STM32F3xx_HAL_Driver/stm32f3xx_hal_adc_ex.o ./Drivers/STM32F3xx_HAL_Driver/stm32f3xx_hal_adc_ex.su ./Drivers/STM32F3xx_HAL_Driver/stm32f3xx_hal_cortex.cyclo ./Drivers/STM32F3xx_HAL_Driver/stm32f3xx_hal_cortex.d ./Drivers/STM32F3xx_HAL_Driver/stm32f3xx_hal_cortex.o ./Drivers/STM32F3xx_HAL_Driver/stm32f3xx_hal_cortex.su ./Drivers/STM32F3xx_HAL_Driver/stm32f3xx_hal_dma.cyclo ./Drivers/STM32F3xx_HAL_Driver/stm32f3xx_hal_dma.d ./Drivers/STM32F3xx_HAL_Driver/stm32f3xx_hal_dma.o ./Drivers/STM32F3xx_HAL_Driver/stm32f3xx_hal_dma.su ./Drivers/STM32F3xx_HAL_Driver/stm32f3xx_hal_exti.cyclo ./Drivers/STM32F3xx_HAL_Driver/stm32f3xx_hal_exti.d ./Drivers/STM32F3xx_HAL_Driver/stm32f3xx_hal_exti.o ./Drivers/STM32F3xx_HAL_Driver/stm32f3xx_hal_exti.su ./Drivers/STM32F3xx_HAL_Driver/stm32f3xx_hal_flash.cyclo ./Drivers/STM32F3xx_HAL_Driver/stm32f3xx_hal_flash.d ./Drivers/STM32F3xx_HAL_Driver/stm32f3xx_hal_flash.o ./Drivers/STM32F3xx_HAL_Driver/stm32f3xx_hal_flash.su ./Drivers/STM32F3xx_HAL_Driver/stm32f3xx_hal_flash_ex.cyclo ./Drivers/STM32F3xx_HAL_Driver/stm32f3xx_hal_flash_ex.d ./Drivers/STM32F3xx_HAL_Driver/stm32f3xx_hal_flash_ex.o ./Drivers/STM32F3xx_HAL_Driver/stm32f3xx_hal_flash_ex.su ./Drivers/STM32F3xx_HAL_Driver/stm32f3xx_hal_gpio.cyclo ./Drivers/STM32F3xx_HAL_Driver/stm32f3xx_hal_gpio.d ./Drivers/STM32F3xx_HAL_Driver/stm32f3xx_hal_gpio.o ./Drivers/STM32F3xx_HAL_Driver/stm32f3xx_hal_gpio.su ./Drivers/STM32F3xx_HAL_Driver/stm32f3xx_hal_i2c.cyclo ./Drivers/STM32F3xx_HAL_Driver/stm32f3xx_hal_i2c.d ./Drivers/STM32F3xx_HAL_Driver/stm32f3xx_hal_i2c.o ./Drivers/STM32F3xx_HAL_Driver/stm32f3xx_hal_i2c.su ./Drivers/STM32F3xx_HAL_Driver/stm32f3xx_hal_i2c_ex.cyclo ./Drivers/STM32F3xx_HAL_Driver/stm32f3xx_hal_i2c_ex.d ./Drivers/STM32F3xx_HAL_Driver/stm32f3xx_hal_i2c_ex.o ./Drivers/STM32F3xx_HAL_Driver/stm32f3xx_hal_i2c_ex.su ./Drivers/STM32F3xx_HAL_Driver/stm32f3xx_hal_pwr.cyclo ./Drivers/STM32F3xx_HAL_Driver/stm32f3xx_hal_pwr.d ./Drivers/STM32F3xx_HAL_Driver/stm32f3xx_hal_pwr.o ./Drivers/STM32F3xx_HAL_Driver/stm32f3xx_hal_pwr.su ./Drivers/STM32F3xx_HAL_Driver/stm32f3xx_hal_pwr_ex.cyclo ./Drivers/STM32F3xx_HAL_Driver/stm32f3xx_hal_pwr_ex.d ./Drivers/STM32F3xx_HAL_Driver/stm32f3xx_hal_pwr_ex.o ./Drivers/STM32F3xx_HAL_Driver/stm32f3xx_hal_pwr_ex.su ./Drivers/STM32F3xx_HAL_Driver/stm32f3xx_hal_rcc.cyclo ./Drivers/STM32F3xx_HAL_Driver/stm32f3xx_hal_rcc.d ./Drivers/STM32F3xx_HAL_Driver/stm32f3xx_hal_rcc.o ./Drivers/STM32F3xx_HAL_Driver/stm32f3xx_hal_rcc.su ./Drivers/STM32F3xx_HAL_Driver/stm32f3xx_hal_rcc_ex.cyclo ./Drivers/STM32F3xx_HAL_Driver/stm32f3xx_hal_rcc_ex.d ./Drivers/STM32F3xx_HAL_Driver/stm32f3xx_hal_rcc_ex.o ./Drivers/STM32F3xx_HAL_Driver/stm32f3xx_hal_rcc_ex.su ./Drivers/STM32F3xx_HAL_Driver/stm32f3xx_hal_tim.cyclo ./Drivers/STM32F3xx_HAL_Driver/stm32f3xx_hal_tim.d ./Drivers/STM32F3xx_HAL_Driver/stm32f3xx_hal_tim.o ./Drivers/STM32F3xx_HAL_Driver/stm32f3xx_hal_tim.su ./Drivers/STM32F3xx_HAL_Driver/stm32f3xx_hal_tim_ex.cyclo ./Drivers/STM32F3xx_HAL_Driver/stm32f3xx_hal_tim_ex.d ./Drivers/STM32F3xx_HAL_Driver/stm32f3xx_hal_tim_ex.o ./Drivers/STM32F3xx_HAL_Driver/stm32f3xx_hal_tim_ex.su ./Drivers/STM32F3xx_HAL_Driver/stm32f3xx_hal_uart.cyclo ./Drivers/STM32F3xx_HAL_Driver/stm32f3xx_hal_uart.d ./Drivers/STM32F3xx_HAL_Driver/stm32f3xx_hal_uart.o ./Drivers/STM32F3xx_HAL_Driver/stm32f3xx_hal_uart.su ./Drivers/STM32F3xx_HAL_Driver/stm32f3xx_hal_uart_ex.cyclo ./Drivers/STM32F3xx_HAL_Driver/stm32f3xx_hal_uart_ex.d ./Drivers/STM32F3xx_HAL_Driver/stm32f3xx_hal_uart_ex.o ./Drivers/STM32F3xx_HAL_Driver/stm32f3xx_hal_uart_ex.su
rm -rf ./Drivers/CMSIS/system_stm32f3xx.cyclo ./Drivers/CMSIS/system_stm32f3xx.d ./Drivers/CMSIS/system_stm32f3xx.o ./Drivers/CMSIS/system_stm32f3xx.su
rm -rf ./Application/User/aspep.cyclo ./Application/User/aspep.d ./Application/User/aspep.o ./Application/User/aspep.su ./Application/User/main.cyclo ./Application/User/main.d ./Application/User/main.o ./Application/User/main.su ./Application/User/mc_api.cyclo ./Application/User/mc_api.d ./Application/User/mc_api.o ./Application/User/mc_api.su ./Application/User/mc_app_hooks.cyclo ./Application/User/mc_app_hooks.d ./Application/User/mc_app_hooks.o ./Application/User/mc_app_hooks.su ./Application/User/mc_config.cyclo ./Application/User/mc_config.d ./Application/User/mc_config.o ./Application/User/mc_config.su ./Application/User/mc_config_common.cyclo ./Application/User/mc_config_common.d ./Application/User/mc_config_common.o ./Application/User/mc_config_common.su ./Application/User/mc_configuration_registers.cyclo ./Application/User/mc_configuration_registers.d ./Application/User/mc_configuration_registers.o ./Application/User/mc_configuration_registers.su ./Application/User/mc_interface.cyclo ./Application/User/mc_interface.d ./Application/User/mc_interface.o ./Application/User/mc_interface.su ./Application/User/mc_math.cyclo ./Application/User/mc_math.d ./Application/User/mc_math.o ./Application/User/mc_math.su ./Application/User/mc_parameters.cyclo ./Application/User/mc_parameters.d ./Application/User/mc_parameters.o ./Application/User/mc_parameters.su ./Application/User/mc_perf.cyclo ./Application/User/mc_perf.d ./Application/User/mc_perf.o ./Application/User/mc_perf.su ./Application/User/mc_tasks.cyclo ./Application/User/mc_tasks.d ./Application/User/mc_tasks.o ./Application/User/mc_tasks.su ./Application/User/mc_tasks_foc.cyclo ./Application/User/mc_tasks_foc.d ./Application/User/mc_tasks_foc.o ./Application/User/mc_tasks_foc.su ./Application/User/mcp.cyclo ./Application/User/mcp.d ./Application/User/mcp.o ./Application/User/mcp.su ./Application/User/mcp_config.cyclo ./Application/User/mcp_config.d ./Application/User/mcp_config.o ./Application/User/mcp_config.su ./Application/User/motorcontrol.cyclo ./Application/User/motorcontrol.d ./Application/User/motorcontrol.o ./Application/User/motorcontrol.su ./Application/User/pwm_common.cyclo ./Application/User/pwm_common.d ./Application/User/pwm_common.o ./Application/User/pwm_common.su ./Application/User/pwm_curr_fdbk.cyclo ./Application/User/pwm_curr_fdbk.d ./Application/User/pwm_curr_fdbk.o ./Application/User/pwm_curr_fdbk.su ./Application/User/register_interface.cyclo ./Application/User/register_interface.d ./Application/User/register_interface.o ./Application/User/register_interface.su ./Application/User/regular_conversion_manager.cyclo ./Application/User/regular_conversion_manager.d ./Application/User/regular_conversion_manager.o ./Application/User/regular_conversion_manager.su ./Application/User/stm32_mc_common_it.cyclo ./Application/User/stm32_mc_common_it.d ./Application/User/stm32_mc_common_it.o ./Application/User/stm32_mc_common_it.su ./Application/User/stm32f30x_mc_it.cyclo ./Application/User/stm32f30x_mc_it.d ./Application/User/stm32f30x_mc_it.o ./Application/User/stm32f30x_mc_it.su ./Application/User/stm32f3xx_hal_msp.cyclo ./Application/User/stm32f3xx_hal_msp.d ./Application/User/stm32f3xx_hal_msp.o ./Application/User/stm32f3xx_hal_msp.su ./Application/User/stm32f3xx_it.cyclo ./Application/User/stm32f3xx_it.d ./Application/User/stm32f3xx_it.o ./Application/User/stm32f3xx_it.su ./Application/User/syscalls.cyclo ./Application/User/syscalls.d ./Application/User/syscalls.o ./Application/User/syscalls.su ./Application/User/sysmem.cyclo ./Application/User/sysmem.d ./Application/User/sysmem.o ./Application/User/sysmem.su ./Application/User/usart_aspep_driver.cyclo ./Application/User/usart_aspep_driver.d ./Application/User/usart_aspep_driver.o ./Application/User/usart_aspep_driver.su
rm -rf ./Application/Startup/startup_stm32f302r8tx.d ./Application/Startup/startup_stm32f302r8tx.o
rm -rf default.size.stdout motor_controller.elf motor_controller.list motor_controller.map
rm: can't remove 'motor_controller.elf': Permission denied
make: [makefile:82: clean] Error 1 (ignored)
 
01:51:09 **** Incremental Build of configuration Debug for project motor_controller ****
make -j12 all 
arm-none-eabi-gcc "C:/Users/vnaik/OneDrive - Michigan State University/Documents/Solar Car/Git projects/motor_controller_schip/motor_controller/motor_controller/MCSDK_v6.3.1-Full/MotorControl/MCSDK/MCLib/Any/Src/bus_voltage_sensor.c" -mcpu=cortex-m4 -std=gnu11 -g3 -DDEBUG -DARM_MATH_CM4 -DUSE_HAL_DRIVER -DSTM32F302x8 -c -I../../Inc -I../../Drivers/STM32F3xx_HAL_Driver/Inc -I../../Drivers/STM32F3xx_HAL_Driver/Inc/Legacy -I../../MCSDK_v6.3.1-Full/MotorControl/MCSDK/MCLib/Any/Inc -I../../MCSDK_v6.3.1-Full/MotorControl/MCSDK/MCLib/F3xx/Inc -I../../Drivers/CMSIS/Device/ST/STM32F3xx/Include -I../../Drivers/CMSIS/Include -Ofast -ffunction-sections -fdata-sections -Wall -fstack-usage -fcyclomatic-complexity -MMD -MP -MF"Middlewares/MotorControl/bus_voltage_sensor.d" -MT"Middlewares/MotorControl/bus_voltage_sensor.o" --specs=nano.specs -mfpu=fpv4-sp-d16 -mfloat-abi=hard -mthumb -o "Middlewares/MotorControl/bus_voltage_sensor.o"
arm-none-eabi-gcc "C:/Users/vnaik/OneDrive - Michigan State University/Documents/Solar Car/Git projects/motor_controller_schip/motor_controller/motor_controller/MCSDK_v6.3.1-Full/MotorControl/MCSDK/MCLib/Any/Src/circle_limitation.c" -mcpu=cortex-m4 -std=gnu11 -g3 -DDEBUG -DARM_MATH_CM4 -DUSE_HAL_DRIVER -DSTM32F302x8 -c -I../../Inc -I../../Drivers/STM32F3xx_HAL_Driver/Inc -I../../Drivers/STM32F3xx_HAL_Driver/Inc/Legacy -I../../MCSDK_v6.3.1-Full/MotorControl/MCSDK/MCLib/Any/Inc -I../../MCSDK_v6.3.1-Full/MotorControl/MCSDK/MCLib/F3xx/Inc -I../../Drivers/CMSIS/Device/ST/STM32F3xx/Include -I../../Drivers/CMSIS/Include -Ofast -ffunction-sections -fdata-sections -Wall -fstack-usage -fcyclomatic-complexity -MMD -MP -MF"Middlewares/MotorControl/circle_limitation.d" -MT"Middlewares/MotorControl/circle_limitation.o" --specs=nano.specs -mfpu=fpv4-sp-d16 -mfloat-abi=hard -mthumb -o "Middlewares/MotorControl/circle_limitation.o"
arm-none-eabi-gcc "C:/Users/vnaik/OneDrive - Michigan State University/Documents/Solar Car/Git projects/motor_controller_schip/motor_controller/motor_controller/MCSDK_v6.3.1-Full/MotorControl/MCSDK/MCLib/Any/Src/digital_output.c" -mcpu=cortex-m4 -std=gnu11 -g3 -DDEBUG -DARM_MATH_CM4 -DUSE_HAL_DRIVER -DSTM32F302x8 -c -I../../Inc -I../../Drivers/STM32F3xx_HAL_Driver/Inc -I../../Drivers/STM32F3xx_HAL_Driver/Inc/Legacy -I../../MCSDK_v6.3.1-Full/MotorControl/MCSDK/MCLib/Any/Inc -I../../MCSDK_v6.3.1-Full/MotorControl/MCSDK/MCLib/F3xx/Inc -I../../Drivers/CMSIS/Device/ST/STM32F3xx/Include -I../../Drivers/CMSIS/Include -Ofast -ffunction-sections -fdata-sections -Wall -fstack-usage -fcyclomatic-complexity -MMD -MP -MF"Middlewares/MotorControl/digital_output.d" -MT"Middlewares/MotorControl/digital_output.o" --specs=nano.specs -mfpu=fpv4-sp-d16 -mfloat-abi=hard -mthumb -o "Middlewares/MotorControl/digital_output.o"
arm-none-eabi-gcc "C:/Users/vnaik/OneDrive - Michigan State University/Documents/Solar Car/Git projects/motor_controller_schip/motor_controller/motor_controller/MCSDK_v6.3.1-Full/MotorControl/MCSDK/MCLib/Any/Src/mcpa.c" -mcpu=cortex-m4 -std=gnu11 -g3 -DDEBUG -DARM_MATH_CM4 -DUSE_HAL_DRIVER -DSTM32F302x8 -c -I../../Inc -I../../Drivers/STM32F3xx_HAL_Driver/Inc -I../../Drivers/STM32F3xx_HAL_Driver/Inc/Legacy -I../../MCSDK_v6.3.1-Full/MotorControl/MCSDK/MCLib/Any/Inc -I../../MCSDK_v6.3.1-Full/MotorControl/MCSDK/MCLib/F3xx/Inc -I../../Drivers/CMSIS/Device/ST/STM32F3xx/Include -I../../Drivers/CMSIS/Include -Ofast -ffunction-sections -fdata-sections -Wall -fstack-usage -fcyclomatic-complexity -MMD -MP -MF"Middlewares/MotorControl/mcpa.d" -MT"Middlewares/MotorControl/mcpa.o" --specs=nano.specs -mfpu=fpv4-sp-d16 -mfloat-abi=hard -mthumb -o "Middlewares/MotorControl/mcpa.o"
arm-none-eabi-gcc "C:/Users/vnaik/OneDrive - Michigan State University/Documents/Solar Car/Git projects/motor_controller_schip/motor_controller/motor_controller/MCSDK_v6.3.1-Full/MotorControl/MCSDK/MCLib/Any/Src/ntc_temperature_sensor.c" -mcpu=cortex-m4 -std=gnu11 -g3 -DDEBUG -DARM_MATH_CM4 -DUSE_HAL_DRIVER -DSTM32F302x8 -c -I../../Inc -I../../Drivers/STM32F3xx_HAL_Driver/Inc -I../../Drivers/STM32F3xx_HAL_Driver/Inc/Legacy -I../../MCSDK_v6.3.1-Full/MotorControl/MCSDK/MCLib/Any/Inc -I../../MCSDK_v6.3.1-Full/MotorControl/MCSDK/MCLib/F3xx/Inc -I../../Drivers/CMSIS/Device/ST/STM32F3xx/Include -I../../Drivers/CMSIS/Include -Ofast -ffunction-sections -fdata-sections -Wall -fstack-usage -fcyclomatic-complexity -MMD -MP -MF"Middlewares/MotorControl/ntc_temperature_sensor.d" -MT"Middlewares/MotorControl/ntc_temperature_sensor.o" --specs=nano.specs -mfpu=fpv4-sp-d16 -mfloat-abi=hard -mthumb -o "Middlewares/MotorControl/ntc_temperature_sensor.o"
arm-none-eabi-gcc "C:/Users/vnaik/OneDrive - Michigan State University/Documents/Solar Car/Git projects/motor_controller_schip/motor_controller/motor_controller/MCSDK_v6.3.1-Full/MotorControl/MCSDK/MCLib/Any/Src/open_loop.c" -mcpu=cortex-m4 -std=gnu11 -g3 -DDEBUG -DARM_MATH_CM4 -DUSE_HAL_DRIVER -DSTM32F302x8 -c -I../../Inc -I../../Drivers/STM32F3xx_HAL_Driver/Inc -I../../Drivers/STM32F3xx_HAL_Driver/Inc/Legacy -I../../MCSDK_v6.3.1-Full/MotorControl/MCSDK/MCLib/Any/Inc -I../../MCSDK_v6.3.1-Full/MotorControl/MCSDK/MCLib/F3xx/Inc -I../../Drivers/CMSIS/Device/ST/STM32F3xx/Include -I../../Drivers/CMSIS/Include -Ofast -ffunction-sections -fdata-sections -Wall -fstack-usage -fcyclomatic-complexity -MMD -MP -MF"Middlewares/MotorControl/open_loop.d" -MT"Middlewares/MotorControl/open_loop.o" --specs=nano.specs -mfpu=fpv4-sp-d16 -mfloat-abi=hard -mthumb -o "Middlewares/MotorControl/open_loop.o"
arm-none-eabi-gcc "C:/Users/vnaik/OneDrive - Michigan State University/Documents/Solar Car/Git projects/motor_controller_schip/motor_controller/motor_controller/MCSDK_v6.3.1-Full/MotorControl/MCSDK/MCLib/Any/Src/pid_regulator.c" -mcpu=cortex-m4 -std=gnu11 -g3 -DDEBUG -DARM_MATH_CM4 -DUSE_HAL_DRIVER -DSTM32F302x8 -c -I../../Inc -I../../Drivers/STM32F3xx_HAL_Driver/Inc -I../../Drivers/STM32F3xx_HAL_Driver/Inc/Legacy -I../../MCSDK_v6.3.1-Full/MotorControl/MCSDK/MCLib/Any/Inc -I../../MCSDK_v6.3.1-Full/MotorControl/MCSDK/MCLib/F3xx/Inc -I../../Drivers/CMSIS/Device/ST/STM32F3xx/Include -I../../Drivers/CMSIS/Include -Ofast -ffunction-sections -fdata-sections -Wall -fstack-usage -fcyclomatic-complexity -MMD -MP -MF"Middlewares/MotorControl/pid_regulator.d" -MT"Middlewares/MotorControl/pid_regulator.o" --specs=nano.specs -mfpu=fpv4-sp-d16 -mfloat-abi=hard -mthumb -o "Middlewares/MotorControl/pid_regulator.o"
arm-none-eabi-gcc "C:/Users/vnaik/OneDrive - Michigan State University/Documents/Solar Car/Git projects/motor_controller_schip/motor_controller/motor_controller/MCSDK_v6.3.1-Full/MotorControl/MCSDK/MCLib/Any/Src/pqd_motor_power_measurement.c" -mcpu=cortex-m4 -std=gnu11 -g3 -DDEBUG -DARM_MATH_CM4 -DUSE_HAL_DRIVER -DSTM32F302x8 -c -I../../Inc -I../../Drivers/STM32F3xx_HAL_Driver/Inc -I../../Drivers/STM32F3xx_HAL_Driver/Inc/Legacy -I../../MCSDK_v6.3.1-Full/MotorControl/MCSDK/MCLib/Any/Inc -I../../MCSDK_v6.3.1-Full/MotorControl/MCSDK/MCLib/F3xx/Inc -I../../Drivers/CMSIS/Device/ST/STM32F3xx/Include -I../../Drivers/CMSIS/Include -Ofast -ffunction-sections -fdata-sections -Wall -fstack-usage -fcyclomatic-complexity -MMD -MP -MF"Middlewares/MotorControl/pqd_motor_power_measurement.d" -MT"Middlewares/MotorControl/pqd_motor_power_measurement.o" --specs=nano.specs -mfpu=fpv4-sp-d16 -mfloat-abi=hard -mthumb -o "Middlewares/MotorControl/pqd_motor_power_measurement.o"
arm-none-eabi-gcc "C:/Users/vnaik/OneDrive - Michigan State University/Documents/Solar Car/Git projects/motor_controller_schip/motor_controller/motor_controller/MCSDK_v6.3.1-Full/MotorControl/MCSDK/MCLib/F3xx/Src/r3_1_f30x_pwm_curr_fdbk.c" -mcpu=cortex-m4 -std=gnu11 -g3 -DDEBUG -DARM_MATH_CM4 -DUSE_HAL_DRIVER -DSTM32F302x8 -c -I../../Inc -I../../Drivers/STM32F3xx_HAL_Driver/Inc -I../../Drivers/STM32F3xx_HAL_Driver/Inc/Legacy -I../../MCSDK_v6.3.1-Full/MotorControl/MCSDK/MCLib/Any/Inc -I../../MCSDK_v6.3.1-Full/MotorControl/MCSDK/MCLib/F3xx/Inc -I../../Drivers/CMSIS/Device/ST/STM32F3xx/Include -I../../Drivers/CMSIS/Include -Ofast -ffunction-sections -fdata-sections -Wall -fstack-usage -fcyclomatic-complexity -MMD -MP -MF"Middlewares/MotorControl/r3_1_f30x_pwm_curr_fdbk.d" -MT"Middlewares/MotorControl/r3_1_f30x_pwm_curr_fdbk.o" --specs=nano.specs -mfpu=fpv4-sp-d16 -mfloat-abi=hard -mthumb -o "Middlewares/MotorControl/r3_1_f30x_pwm_curr_fdbk.o"
[...]
C:/Users/vnaik/OneDrive - Michigan State University/Documents/Solar Car/Git projects/motor_controller_schip/motor_controller/motor_controller/Src/main.c: In function 'main':
C:/Users/vnaik/OneDrive - Michigan State University/Documents/Solar Car/Git projects/motor_controller_schip/motor_controller/motor_controller/Src/main.c:106:11: warning: unused variable 'tx_buffer' [-Wunused-variable]
  106 |   uint8_t tx_buffer[] = "Hello, STM32!\n";
      |           ^~~~~~~~~
C:/Users/vnaik/OneDrive - Michigan State University/Documents/Solar Car/Git projects/motor_controller_schip/motor_controller/motor_controller/Src/dassert.c: In function 'debug_assert':
C:/Users/vnaik/OneDrive - Michigan State University/Documents/Solar Car/Git projects/motor_controller_schip/motor_controller/motor_controller/Src/dassert.c:12:55: warning: implicit declaration of function 'strlen' [-Wimplicit-function-declaration]
   12 |         HAL_UART_Transmit(&huart2, (uint8_t *)buffer, strlen(buffer), HAL_MAX_DELAY);
      |                                                       ^~~~~~
C:/Users/vnaik/OneDrive - Michigan State University/Documents/Solar Car/Git projects/motor_controller_schip/motor_controller/motor_controller/Src/dassert.c:3:1: note: include '<string.h>' or provide a declaration of 'strlen'
    2 | #include <stdarg.h>
  +++ |+#include <string.h>
    3 | 
C:/Users/vnaik/OneDrive - Michigan State University/Documents/Solar Car/Git projects/motor_controller_schip/motor_controller/motor_controller/Src/dassert.c:12:55: warning: incompatible implicit declaration of built-in function 'strlen' [-Wbuiltin-declaration-mismatch]
   12 |         HAL_UART_Transmit(&huart2, (uint8_t *)buffer, strlen(buffer), HAL_MAX_DELAY);
      |                                                       ^~~~~~
C:/Users/vnaik/OneDrive - Michigan State University/Documents/Solar Car/Git projects/motor_controller_schip/motor_controller/motor_controller/Src/dassert.c:12:55: note: include '<string.h>' or provide a declaration of 'strlen'
C:/Users/vnaik/OneDrive - Michigan State University/Documents/Solar Car/Git projects/motor_controller_schip/motor_controller/motor_controller/Src/dassert.c: In function 'debug_printf':
C:/Users/vnaik/OneDrive - Michigan State University/Documents/Solar Car/Git projects/motor_controller_schip/motor_controller/motor_controller/Src/dassert.c:27:51: warning: incompatible implicit declaration of built-in function 'strlen' [-Wbuiltin-declaration-mismatch]
   27 |     HAL_UART_Transmit(&huart2, (uint8_t *)buffer, strlen(buffer), HAL_MAX_DELAY);
      |                                                   ^~~~~~
C:/Users/vnaik/OneDrive - Michigan State University/Documents/Solar Car/Git projects/motor_controller_schip/motor_controller/motor_controller/Src/dassert.c:27:51: note: include '<string.h>' or provide a declaration of 'strlen'
arm-none-eabi-gcc "C:/Users/vnaik/OneDrive - Michigan State University/Documents/Solar Car/Git projects/motor_controller_schip/motor_controller/motor_controller/Src/mc_tasks.c" -mcpu=cortex-m4 -std=gnu11 -g3 -DDEBUG -DARM_MATH_CM4 -DUSE_HAL_DRIVER -DSTM32F302x8 -c -I../../Inc -I../../Drivers/STM32F3xx_HAL_Driver/Inc -I../../Drivers/STM32F3xx_HAL_Driver/Inc/Legacy -I../../MCSDK_v6.3.1-Full/MotorControl/MCSDK/MCLib/Any/Inc -I../../MCSDK_v6.3.1-Full/MotorControl/MCSDK/MCLib/F3xx/Inc -I../../Drivers/CMSIS/Device/ST/STM32F3xx/Include -I../../Drivers/CMSIS/Include -I../../Drivers/CMSIS/DSP/Include -Ofast -ffunction-sections -fdata-sections -Wall -fstack-usage -fcyclomatic-complexity -MMD -MP -MF"Application/User/mc_tasks.d" -MT"Application/User/mc_tasks.o" --specs=nano.specs -mfpu=fpv4-sp-d16 -mfloat-abi=hard -mthumb -o "Application/User/mc_tasks.o"
arm-none-eabi-gcc "C:/Users/vnaik/OneDrive - Michigan State University/Documents/Solar Car/Git projects/motor_controller_schip/motor_controller/motor_controller/Src/mc_tasks_foc.c" -mcpu=cortex-m4 -std=gnu11 -g3 -DDEBUG -DARM_MATH_CM4 -DUSE_HAL_DRIVER -DSTM32F302x8 -c -I../../Inc -I../../Drivers/STM32F3xx_HAL_Driver/Inc -I../../Drivers/STM32F3xx_HAL_Driver/Inc/Legacy -I../../MCSDK_v6.3.1-Full/MotorControl/MCSDK/MCLib/Any/Inc -I../../MCSDK_v6.3.1-Full/MotorControl/MCSDK/MCLib/F3xx/Inc -I../../Drivers/CMSIS/Device/ST/STM32F3xx/Include -I../../Drivers/CMSIS/Include -I../../Drivers/CMSIS/DSP/Include -Ofast -ffunction-sections -fdata-sections -Wall -fstack-usage -fcyclomatic-complexity -MMD -MP -MF"Application/User/mc_tasks_foc.d" -MT"Application/User/mc_tasks_foc.o" --specs=nano.specs -mfpu=fpv4-sp-d16 -mfloat-abi=hard -mthumb -o "Application/User/mc_tasks_foc.o"
arm-none-eabi-gcc "C:/Users/vnaik/OneDrive - Michigan State University/Documents/Solar Car/Git projects/motor_controller_schip/motor_controller/motor_controller/Src/mcp.c" -mcpu=cortex-m4 -std=gnu11 -g3 -DDEBUG -DARM_MATH_CM4 -DUSE_HAL_DRIVER -DSTM32F302x8 -c -I../../Inc -I../../Drivers/STM32F3xx_HAL_Driver/Inc -I../../Drivers/STM32F3xx_HAL_Driver/Inc/Legacy -I../../MCSDK_v6.3.1-Full/MotorControl/MCSDK/MCLib/Any/Inc -I../../MCSDK_v6.3.1-Full/MotorControl/MCSDK/MCLib/F3xx/Inc -I../../Drivers/CMSIS/Device/ST/STM32F3xx/Include -I../../Drivers/CMSIS/Include -I../../Drivers/CMSIS/DSP/Include -Ofast -ffunction-sections -fdata-sections -Wall -fstack-usage -fcyclomatic-complexity -MMD -MP -MF"Application/User/mcp.d" -MT"Application/User/mcp.o" --specs=nano.specs -mfpu=fpv4-sp-d16 -mfloat-abi=hard -mthumb -o "Application/User/mcp.o"
arm-none-eabi-gcc "C:/Users/vnaik/OneDrive - Michigan State University/Documents/Solar Car/Git projects/motor_controller_schip/motor_controller/motor_controller/Src/mcp_config.c" -mcpu=cortex-m4 -std=gnu11 -g3 -DDEBUG -DARM_MATH_CM4 -DUSE_HAL_DRIVER -DSTM32F302x8 -c -I../../Inc -I../../Drivers/STM32F3xx_HAL_Driver/Inc -I../../Drivers/STM32F3xx_HAL_Driver/Inc/Legacy -I../../MCSDK_v6.3.1-Full/MotorControl/MCSDK/MCLib/Any/Inc -I../../MCSDK_v6.3.1-Full/MotorControl/MCSDK/MCLib/F3xx/Inc -I../../Drivers/CMSIS/Device/ST/STM32F3xx/Include -I../../Drivers/CMSIS/Include -I../../Drivers/CMSIS/DSP/Include -Ofast -ffunction-sections -fdata-sections -Wall -fstack-usage -fcyclomatic-complexity -MMD -MP -MF"Application/User/mcp_config.d" -MT"Application/User/mcp_config.o" --specs=nano.specs -mfpu=fpv4-sp-d16 -mfloat-abi=hard -mthumb -o "Application/User/mcp_config.o"
arm-none-eabi-gcc "C:/Users/vnaik/OneDrive - Michigan State University/Documents/Solar Car/Git projects/motor_controller_schip/motor_controller/motor_controller/Src/motorcontrol.c" -mcpu=cortex-m4 -std=gnu11 -g3 -DDEBUG -DARM_MATH_CM4 -DUSE_HAL_DRIVER -DSTM32F302x8 -c -I../../Inc -I../../Drivers/STM32F3xx_HAL_Driver/Inc -I../../Drivers/STM32F3xx_HAL_Driver/Inc/Legacy -I../../MCSDK_v6.3.1-Full/MotorControl/MCSDK/MCLib/Any/Inc -I../../MCSDK_v6.3.1-Full/MotorControl/MCSDK/MCLib/F3xx/Inc -I../../Drivers/CMSIS/Device/ST/STM32F3xx/Include -I../../Drivers/CMSIS/Include -I../../Drivers/CMSIS/DSP/Include -Ofast -ffunction-sections -fdata-sections -Wall -fstack-usage -fcyclomatic-complexity -MMD -MP -MF"Application/User/motorcontrol.d" -MT"Application/User/motorcontrol.o" --specs=nano.specs -mfpu=fpv4-sp-d16 -mfloat-abi=hard -mthumb -o "Application/User/motorcontrol.o"
arm-none-eabi-gcc "C:/Users/vnaik/OneDrive - Michigan State University/Documents/Solar Car/Git projects/motor_controller_schip/motor_controller/motor_controller/Src/pwm_common.c" -mcpu=cortex-m4 -std=gnu11 -g3 -DDEBUG -DARM_MATH_CM4 -DUSE_HAL_DRIVER -DSTM32F302x8 -c -I../../Inc -I../../Drivers/STM32F3xx_HAL_Driver/Inc -I../../Drivers/STM32F3xx_HAL_Driver/Inc/Legacy -I../../MCSDK_v6.3.1-Full/MotorControl/MCSDK/MCLib/Any/Inc -I../../MCSDK_v6.3.1-Full/MotorControl/MCSDK/MCLib/F3xx/Inc -I../../Drivers/CMSIS/Device/ST/STM32F3xx/Include -I../../Drivers/CMSIS/Include -I../../Drivers/CMSIS/DSP/Include -Ofast -ffunction-sections -fdata-sections -Wall -fstack-usage -fcyclomatic-complexity -MMD -MP -MF"Application/User/pwm_common.d" -MT"Application/User/pwm_common.o" --specs=nano.specs -mfpu=fpv4-sp-d16 -mfloat-abi=hard -mthumb -o "Application/User/pwm_common.o"
arm-none-eabi-gcc "C:/Users/vnaik/OneDrive - Michigan State University/Documents/Solar Car/Git projects/motor_controller_schip/motor_controller/motor_controller/Src/pwm_curr_fdbk.c" -mcpu=cortex-m4 -std=gnu11 -g3 -DDEBUG -DARM_MATH_CM4 -DUSE_HAL_DRIVER -DSTM32F302x8 -c -I../../Inc -I../../Drivers/STM32F3xx_HAL_Driver/Inc -I../../Drivers/STM32F3xx_HAL_Driver/Inc/Legacy -I../../MCSDK_v6.3.1-Full/MotorControl/MCSDK/MCLib/Any/Inc -I../../MCSDK_v6.3.1-Full/MotorControl/MCSDK/MCLib/F3xx/Inc -I../../Drivers/CMSIS/Device/ST/STM32F3xx/Include -I../../Drivers/CMSIS/Include -I../../Drivers/CMSIS/DSP/Include -Ofast -ffunction-sections -fdata-sections -Wall -fstack-usage -fcyclomatic-complexity -MMD -MP -MF"Application/User/pwm_curr_fdbk.d" -MT"Application/User/pwm_curr_fdbk.o" --specs=nano.specs -mfpu=fpv4-sp-d16 -mfloat-abi=hard -mthumb -o "Application/User/pwm_curr_fdbk.o"
arm-none-eabi-gcc "C:/Users/vnaik/OneDrive - Michigan State University/Documents/Solar Car/Git projects/motor_controller_schip/motor_controller/motor_controller/Src/register_interface.c" -mcpu=cortex-m4 -std=gnu11 -g3 -DDEBUG -DARM_MATH_CM4 -DUSE_HAL_DRIVER -DSTM32F302x8 -c -I../../Inc -I../../Drivers/STM32F3xx_HAL_Driver/Inc -I../../Drivers/STM32F3xx_HAL_Driver/Inc/Legacy -I../../MCSDK_v6.3.1-Full/MotorControl/MCSDK/MCLib/Any/Inc -I../../MCSDK_v6.3.1-Full/MotorControl/MCSDK/MCLib/F3xx/Inc -I../../Drivers/CMSIS/Device/ST/STM32F3xx/Include -I../../Drivers/CMSIS/Include -I../../Drivers/CMSIS/DSP/Include -Ofast -ffunction-sections -fdata-sections -Wall -fstack-usage -fcyclomatic-complexity -MMD -MP -MF"Application/User/register_interface.d" -MT"Application/User/register_interface.o" --specs=nano.specs -mfpu=fpv4-sp-d16 -mfloat-abi=hard -mthumb -o "Application/User/register_interface.o"
arm-none-eabi-gcc "C:/Users/vnaik/OneDrive - Michigan State University/Documents/Solar Car/Git projects/motor_controller_schip/motor_controller/motor_controller/Src/regular_conversion_manager.c" -mcpu=cortex-m4 -std=gnu11 -g3 -DDEBUG -DARM_MATH_CM4 -DUSE_HAL_DRIVER -DSTM32F302x8 -c -I../../Inc -I../../Drivers/STM32F3xx_HAL_Driver/Inc -I../../Drivers/STM32F3xx_HAL_Driver/Inc/Legacy -I../../MCSDK_v6.3.1-Full/MotorControl/MCSDK/MCLib/Any/Inc -I../../MCSDK_v6.3.1-Full/MotorControl/MCSDK/MCLib/F3xx/Inc -I../../Drivers/CMSIS/Device/ST/STM32F3xx/Include -I../../Drivers/CMSIS/Include -I../../Drivers/CMSIS/DSP/Include -Ofast -ffunction-sections -fdata-sections -Wall -fstack-usage -fcyclomatic-complexity -MMD -MP -MF"Application/User/regular_conversion_manager.d" -MT"Application/User/regular_conversion_manager.o" --specs=nano.specs -mfpu=fpv4-sp-d16 -mfloat-abi=hard -mthumb -o "Application/User/regular_conversion_manager.o"
arm-none-eabi-gcc "C:/Users/vnaik/OneDrive - Michigan State University/Documents/Solar Car/Git projects/motor_controller_schip/motor_controller/motor_controller/Src/stm32_mc_common_it.c" -mcpu=cortex-m4 -std=gnu11 -g3 -DDEBUG -DARM_MATH_CM4 -DUSE_HAL_DRIVER -DSTM32F302x8 -c -I../../Inc -I../../Drivers/STM32F3xx_HAL_Driver/Inc -I../../Drivers/STM32F3xx_HAL_Driver/Inc/Legacy -I../../MCSDK_v6.3.1-Full/MotorControl/MCSDK/MCLib/Any/Inc -I../../MCSDK_v6.3.1-Full/MotorControl/MCSDK/MCLib/F3xx/Inc -I../../Drivers/CMSIS/Device/ST/STM32F3xx/Include -I../../Drivers/CMSIS/Include -I../../Drivers/CMSIS/DSP/Include -Ofast -ffunction-sections -fdata-sections -Wall -fstack-usage -fcyclomatic-complexity -MMD -MP -MF"Application/User/stm32_mc_common_it.d" -MT"Application/User/stm32_mc_common_it.o" --specs=nano.specs -mfpu=fpv4-sp-d16 -mfloat-abi=hard -mthumb -o "Application/User/stm32_mc_common_it.o"
arm-none-eabi-gcc "C:/Users/vnaik/OneDrive - Michigan State University/Documents/Solar Car/Git projects/motor_controller_schip/motor_controller/motor_controller/Src/stm32f30x_mc_it.c" -mcpu=cortex-m4 -std=gnu11 -g3 -DDEBUG -DARM_MATH_CM4 -DUSE_HAL_DRIVER -DSTM32F302x8 -c -I../../Inc -I../../Drivers/STM32F3xx_HAL_Driver/Inc -I../../Drivers/STM32F3xx_HAL_Driver/Inc/Legacy -I../../MCSDK_v6.3.1-Full/MotorControl/MCSDK/MCLib/Any/Inc -I../../MCSDK_v6.3.1-Full/MotorControl/MCSDK/MCLib/F3xx/Inc -I../../Drivers/CMSIS/Device/ST/STM32F3xx/Include -I../../Drivers/CMSIS/Include -I../../Drivers/CMSIS/DSP/Include -Ofast -ffunction-sections -fdata-sections -Wall -fstack-usage -fcyclomatic-complexity -MMD -MP -MF"Application/User/stm32f30x_mc_it.d" -MT"Application/User/stm32f30x_mc_it.o" --specs=nano.specs -mfpu=fpv4-sp-d16 -mfloat-abi=hard -mthumb -o "Application/User/stm32f30x_mc_it.o"
arm-none-eabi-gcc "C:/Users/vnaik/OneDrive - Michigan State University/Documents/Solar Car/Git projects/motor_controller_schip/motor_controller/motor_controller/Src/stm32f3xx_hal_msp.c" -mcpu=cortex-m4 -std=gnu11 -g3 -DDEBUG -DARM_MATH_CM4 -DUSE_HAL_DRIVER -DSTM32F302x8 -c -I../../Inc -I../../Drivers/STM32F3xx_HAL_Driver/Inc -I../../Drivers/STM32F3xx_HAL_Driver/Inc/Legacy -I../../MCSDK_v6.3.1-Full/MotorControl/MCSDK/MCLib/Any/Inc -I../../MCSDK_v6.3.1-Full/MotorControl/MCSDK/MCLib/F3xx/Inc -I../../Drivers/CMSIS/Device/ST/STM32F3xx/Include -I../../Drivers/CMSIS/Include -I../../Drivers/CMSIS/DSP/Include -Ofast -ffunction-sections -fdata-sections -Wall -fstack-usage -fcyclomatic-complexity -MMD -MP -MF"Application/User/stm32f3xx_hal_msp.d" -MT"Application/User/stm32f3xx_hal_msp.o" --specs=nano.specs -mfpu=fpv4-sp-d16 -mfloat-abi=hard -mthumb -o "Application/User/stm32f3xx_hal_msp.o"
arm-none-eabi-gcc "C:/Users/vnaik/OneDrive - Michigan State University/Documents/Solar Car/Git projects/motor_controller_schip/motor_controller/motor_controller/Src/stm32f3xx_it.c" -mcpu=cortex-m4 -std=gnu11 -g3 -DDEBUG -DARM_MATH_CM4 -DUSE_HAL_DRIVER -DSTM32F302x8 -c -I../../Inc -I../../Drivers/STM32F3xx_HAL_Driver/Inc -I../../Drivers/STM32F3xx_HAL_Driver/Inc/Legacy -I../../MCSDK_v6.3.1-Full/MotorControl/MCSDK/MCLib/Any/Inc -I../../MCSDK_v6.3.1-Full/MotorControl/MCSDK/MCLib/F3xx/Inc -I../../Drivers/CMSIS/Device/ST/STM32F3xx/Include -I../../Drivers/CMSIS/Include -I../../Drivers/CMSIS/DSP/Include -Ofast -ffunction-sections -fdata-sections -Wall -fstack-usage -fcyclomatic-complexity -MMD -MP -MF"Application/User/stm32f3xx_it.d" -MT"Application/User/stm32f3xx_it.o" --specs=nano.specs -mfpu=fpv4-sp-d16 -mfloat-abi=hard -mthumb -o "Application/User/stm32f3xx_it.o"
arm-none-eabi-gcc "../Application/User/syscalls.c" -mcpu=cortex-m4 -std=gnu11 -g3 -DDEBUG -DARM_MATH_CM4 -DUSE_HAL_DRIVER -DSTM32F302x8 -c -I../../Inc -I../../Drivers/STM32F3xx_HAL_Driver/Inc -I../../Drivers/STM32F3xx_HAL_Driver/Inc/Legacy -I../../MCSDK_v6.3.1-Full/MotorControl/MCSDK/MCLib/Any/Inc -I../../MCSDK_v6.3.1-Full/MotorControl/MCSDK/MCLib/F3xx/Inc -I../../Drivers/CMSIS/Device/ST/STM32F3xx/Include -I../../Drivers/CMSIS/Include -I../../Drivers/CMSIS/DSP/Include -Ofast -ffunction-sections -fdata-sections -Wall -fstack-usage -fcyclomatic-complexity -MMD -MP -MF"Application/User/syscalls.d" -MT"Application/User/syscalls.o" --specs=nano.specs -mfpu=fpv4-sp-d16 -mfloat-abi=hard -mthumb -o "Application/User/syscalls.o"
arm-none-eabi-gcc "../Application/User/sysmem.c" -mcpu=cortex-m4 -std=gnu11 -g3 -DDEBUG -DARM_MATH_CM4 -DUSE_HAL_DRIVER -DSTM32F302x8 -c -I../../Inc -I../../Drivers/STM32F3xx_HAL_Driver/Inc -I../../Drivers/STM32F3xx_HAL_Driver/Inc/Legacy -I../../MCSDK_v6.3.1-Full/MotorControl/MCSDK/MCLib/Any/Inc -I../../MCSDK_v6.3.1-Full/MotorControl/MCSDK/MCLib/F3xx/Inc -I../../Drivers/CMSIS/Device/ST/STM32F3xx/Include -I../../Drivers/CMSIS/Include -I../../Drivers/CMSIS/DSP/Include -Ofast -ffunction-sections -fdata-sections -Wall -fstack-usage -fcyclomatic-complexity -MMD -MP -MF"Application/User/sysmem.d" -MT"Application/User/sysmem.o" --specs=nano.specs -mfpu=fpv4-sp-d16 -mfloat-abi=hard -mthumb -o "Application/User/sysmem.o"
arm-none-eabi-gcc "C:/Users/vnaik/OneDrive - Michigan State University/Documents/Solar Car/Git projects/motor_controller_schip/motor_controller/motor_controller/Src/usart_aspep_driver.c" -mcpu=cortex-m4 -std=gnu11 -g3 -DDEBUG -DARM_MATH_CM4 -DUSE_HAL_DRIVER -DSTM32F302x8 -c -I../../Inc -I../../Drivers/STM32F3xx_HAL_Driver/Inc -I../../Drivers/STM32F3xx_HAL_Driver/Inc/Legacy -I../../MCSDK_v6.3.1-Full/MotorControl/MCSDK/MCLib/Any/Inc -I../../MCSDK_v6.3.1-Full/MotorControl/MCSDK/MCLib/F3xx/Inc -I../../Drivers/CMSIS/Device/ST/STM32F3xx/Include -I../../Drivers/CMSIS/Include -I../../Drivers/CMSIS/DSP/Include -Ofast -ffunction-sections -fdata-sections -Wall -fstack-usage -fcyclomatic-complexity -MMD -MP -MF"Application/User/usart_aspep_driver.d" -MT"Application/User/usart_aspep_driver.o" --specs=nano.specs -mfpu=fpv4-sp-d16 -mfloat-abi=hard -mthumb -o "Application/User/usart_aspep_driver.o"
arm-none-eabi-gcc -o "motor_controller.elf" @"objects.list"   -mcpu=cortex-m4 -T"C:\Users\vnaik\OneDrive - Michigan State University\Documents\Solar Car\Git projects\motor_controller_schip\motor_controller\motor_controller\STM32CubeIDE\STM32F302R8TX_FLASH.ld" --specs=nosys.specs -Wl,-Map="motor_controller.map" -Wl,--gc-sections -static --specs=nano.specs -mfpu=fpv4-sp-d16 -mfloat-abi=hard -mthumb -Wl,--start-group -lc -lm -Wl,--end-group
Finished building target: motor_controller.elf
 
arm-none-eabi-size  motor_controller.elf 
arm-none-eabi-objdump -h -S motor_controller.elf  > "motor_controller.list"
   text	   data	    bss	    dec	    hex	filename
  36184	   1348	   6820	  44352	   ad40	motor_controller.elf
Finished building: default.size.stdout
 
Finished building: motor_controller.list
 
02:23:24 **** Incremental Build of configuration Debug for project motor_controller ****
make -j12 all 
arm-none-eabi-gcc "C:/Users/vnaik/OneDrive - Michigan State University/Documents/Solar Car/Git projects/motor_controller_schip/motor_controller/motor_controller/Src/main.c" -mcpu=cortex-m4 -std=gnu11 -g3 -DDEBUG -DARM_MATH_CM4 -DUSE_HAL_DRIVER -DSTM32F302x8 -c -I../../Inc -I../../Drivers/STM32F3xx_HAL_Driver/Inc -I../../Drivers/STM32F3xx_HAL_Driver/Inc/Legacy -I../../MCSDK_v6.3.1-Full/MotorControl/MCSDK/MCLib/Any/Inc -I../../MCSDK_v6.3.1-Full/MotorControl/MCSDK/MCLib/F3xx/Inc -I../../Drivers/CMSIS/Device/ST/STM32F3xx/Include -I../../Drivers/CMSIS/Include -I../../Drivers/CMSIS/DSP/Include -Ofast -ffunction-sections -fdata-sections -Wall -fstack-usage -fcyclomatic-complexity -MMD -MP -MF"Application/User/main.d" -MT"Application/User/main.o" --specs=nano.specs -mfpu=fpv4-sp-d16 -mfloat-abi=hard -mthumb -o "Application/User/main.o"
arm-none-eabi-gcc -o "motor_controller.elf" @"objects.list"   -mcpu=cortex-m4 -T"C:\Users\vnaik\OneDrive - Michigan State University\Documents\Solar Car\Git projects\motor_controller_schip\motor_controller\motor_controller\STM32CubeIDE\STM32F302R8TX_FLASH.ld" --specs=nosys.specs -Wl,-Map="motor_controller.map" -Wl,--gc-sections -static --specs=nano.specs -mfpu=fpv4-sp-d16 -mfloat-abi=hard -mthumb -Wl,--start-group -lc -lm -Wl,--end-group
Finished building target: motor_controller.elf
 
arm-none-eabi-size  motor_controller.elf 
arm-none-eabi-objdump -h -S motor_controller.elf  > "motor_controller.list"
   text	   data	    bss	    dec	    hex	filename
  36184	   1348	   6820	  44352	   ad40	motor_controller.elf
Finished building: default.size.stdout
 
Finished building: motor_controller.list
 
02:23:36 **** Incremental Build of configuration Debug for project motor_controller ****
make -j12 all 
arm-none-eabi-size  motor_controller.elf 
   text	   data	    bss	    dec	    hex	filename
  36184	   1348	   6820	  44352	   ad40	motor_controller.elf
Finished building: default.size.stdout
 
