13:41:44 **** Build of configuration Debug for project motor_controller ****
make -j12 all 
arm-none-eabi-gcc "C:/Users/vnaik/OneDrive - Michigan State University/Documents/Solar Car/Git projects/motor_controller_schip/motor_controller/motor_controller/Drivers/STM32F3xx_HAL_Driver/Src/stm32f3xx_hal.c" -mcpu=cortex-m4 -std=gnu11 -g3 -DDEBUG -DARM_MATH_CM4 -DUSE_HAL_DRIVER -DSTM32F302x8 -c -I../../Inc -I../../Drivers/STM32F3xx_HAL_Driver/Inc -I../../Drivers/STM32F3xx_HAL_Driver/Inc/Legacy -I../../MCSDK_v6.3.1-Full/MotorControl/MCSDK/MCLib/Any/Inc -I../../MCSDK_v6.3.1-Full/MotorControl/MCSDK/MCLib/F3xx/Inc -I../../Drivers/CMSIS/Device/ST/STM32F3xx/Include -I../../Drivers/CMSIS/Include -I../../Drivers/CMSIS/DSP/Include -Ofast -ffunction-sections -fdata-sections -Wall -fstack-usage -fcyclomatic-complexity -MMD -MP -MF"Drivers/STM32F3xx_HAL_Driver/stm32f3xx_hal.d" -MT"Drivers/STM32F3xx_HAL_Driver/stm32f3xx_hal.o" --specs=nano.specs -mfpu=fpv4-sp-d16 -mfloat-abi=hard -mthumb -o "Drivers/STM32F3xx_HAL_Driver/stm32f3xx_hal.o"
arm-none-eabi-gcc "C:/Users/vnaik/OneDrive - Michigan State University/Documents/Solar Car/Git projects/motor_controller_schip/motor_controller/motor_controller/Drivers/STM32F3xx_HAL_Driver/Src/stm32f3xx_hal_adc.c" -mcpu=cortex-m4 -std=gnu11 -g3 -DDEBUG -DARM_MATH_CM4 -DUSE_HAL_DRIVER -DSTM32F302x8 -c -I../../Inc -I../../Drivers/STM32F3xx_HAL_Driver/Inc -I../../Drivers/STM32F3xx_HAL_Driver/Inc/Legacy -I../../MCSDK_v6.3.1-Full/MotorControl/MCSDK/MCLib/Any/Inc -I../../MCSDK_v6.3.1-Full/MotorControl/MCSDK/MCLib/F3xx/Inc -I../../Drivers/CMSIS/Device/ST/STM32F3xx/Include -I../../Drivers/CMSIS/Include -I../../Drivers/CMSIS/DSP/Include -Ofast -ffunction-sections -fdata-sections -Wall -fstack-usage -fcyclomatic-complexity -MMD -MP -MF"Drivers/STM32F3xx_HAL_Driver/stm32f3xx_hal_adc.d" -MT"Drivers/STM32F3xx_HAL_Driver/stm32f3xx_hal_adc.o" --specs=nano.specs -mfpu=fpv4-sp-d16 -mfloat-abi=hard -mthumb -o "Drivers/STM32F3xx_HAL_Driver/stm32f3xx_hal_adc.o"
arm-none-eabi-gcc "C:/Users/vnaik/OneDrive - Michigan State University/Documents/Solar Car/Git projects/motor_controller_schip/motor_controller/motor_controller/Drivers/STM32F3xx_HAL_Driver/Src/stm32f3xx_hal_adc_ex.c" -mcpu=cortex-m4 -std=gnu11 -g3 -DDEBUG -DARM_MATH_CM4 -DUSE_HAL_DRIVER -DSTM32F302x8 -c -I../../Inc -I../../Drivers/STM32F3xx_HAL_Driver/Inc -I../../Drivers/STM32F3xx_HAL_Driver/Inc/Legacy -I../../MCSDK_v6.3.1-Full/MotorControl/MCSDK/MCLib/Any/Inc -I../../MCSDK_v6.3.1-Full/MotorControl/MCSDK/MCLib/F3xx/Inc -I../../Drivers/CMSIS/Device/ST/STM32F3xx/Include -I../../Drivers/CMSIS/Include -I../../Drivers/CMSIS/DSP/Include -Ofast -ffunction-sections -fdata-sections -Wall -fstack-usage -fcyclomatic-complexity -MMD -MP -MF"Drivers/STM32F3xx_HAL_Driver/stm32f3xx_hal_adc_ex.d" -MT"Drivers/STM32F3xx_HAL_Driver/stm32f3xx_hal_adc_ex.o" --specs=nano.specs -mfpu=fpv4-sp-d16 -mfloat-abi=hard -mthumb -o "Drivers/STM32F3xx_HAL_Driver/stm32f3xx_hal_adc_ex.o"
arm-none-eabi-gcc "C:/Users/vnaik/OneDrive - Michigan State University/Documents/Solar Car/Git projects/motor_controller_schip/motor_controller/motor_controller/Drivers/STM32F3xx_HAL_Driver/Src/stm32f3xx_hal_cortex.c" -mcpu=cortex-m4 -std=gnu11 -g3 -DDEBUG -DARM_MATH_CM4 -DUSE_HAL_DRIVER -DSTM32F302x8 -c -I../../Inc -I../../Drivers/STM32F3xx_HAL_Driver/Inc -I../../Drivers/STM32F3xx_HAL_Driver/Inc/Legacy -I../../MCSDK_v6.3.1-Full/MotorControl/MCSDK/MCLib/Any/Inc -I../../MCSDK_v6.3.1-Full/MotorControl/MCSDK/MCLib/F3xx/Inc -I../../Drivers/CMSIS/Device/ST/STM32F3xx/Include -I../../Drivers/CMSIS/Include -I../../Drivers/CMSIS/DSP/Include -Ofast -ffunction-sections -fdata-sections -Wall -fstack-usage -fcyclomatic-complexity -MMD -MP -MF"Drivers/STM32F3xx_HAL_Driver/stm32f3xx_hal_cortex.d" -MT"Drivers/STM32F3xx_HAL_Driver/stm32f3xx_hal_cortex.o" --specs=nano.specs -mfpu=fpv4-sp-d16 -mfloat-abi=hard -mthumb -o "Drivers/STM32F3xx_HAL_Driver/stm32f3xx_hal_cortex.o"
arm-none-eabi-gcc "C:/Users/vnaik/OneDrive - Michigan State University/Documents/Solar Car/Git projects/motor_controller_schip/motor_controller/motor_controller/Drivers/STM32F3xx_HAL_Driver/Src/stm32f3xx_hal_dma.c" -mcpu=cortex-m4 -std=gnu11 -g3 -DDEBUG -DARM_MATH_CM4 -DUSE_HAL_DRIVER -DSTM32F302x8 -c -I../../Inc -I../../Drivers/STM32F3xx_HAL_Driver/Inc -I../../Drivers/STM32F3xx_HAL_Driver/Inc/Legacy -I../../MCSDK_v6.3.1-Full/MotorControl/MCSDK/MCLib/Any/Inc -I../../MCSDK_v6.3.1-Full/MotorControl/MCSDK/MCLib/F3xx/Inc -I../../Drivers/CMSIS/Device/ST/STM32F3xx/Include -I../../Drivers/CMSIS/Include -I../../Drivers/CMSIS/DSP/Include -Ofast -ffunction-sections -fdata-sections -Wall -fstack-usage -fcyclomatic-complexity -MMD -MP -MF"Drivers/STM32F3xx_HAL_Driver/stm32f3xx_hal_dma.d" -MT"Drivers/STM32F3xx_HAL_Driver/stm32f3xx_hal_dma.o" --specs=nano.specs -mfpu=fpv4-sp-d16 -mfloat-abi=hard -mthumb -o "Drivers/STM32F3xx_HAL_Driver/stm32f3xx_hal_dma.o"
arm-none-eabi-gcc "C:/Users/vnaik/OneDrive - Michigan State University/Documents/Solar Car/Git projects/motor_controller_schip/motor_controller/motor_controller/Drivers/STM32F3xx_HAL_Driver/Src/stm32f3xx_hal_exti.c" -mcpu=cortex-m4 -std=gnu11 -g3 -DDEBUG -DARM_MATH_CM4 -DUSE_HAL_DRIVER -DSTM32F302x8 -c -I../../Inc -I../../Drivers/STM32F3xx_HAL_Driver/Inc -I../../Drivers/STM32F3xx_HAL_Driver/Inc/Legacy -I../../MCSDK_v6.3.1-Full/MotorControl/MCSDK/MCLib/Any/Inc -I../../MCSDK_v6.3.1-Full/MotorControl/MCSDK/MCLib/F3xx/Inc -I../../Drivers/CMSIS/Device/ST/STM32F3xx/Include -I../../Drivers/CMSIS/Include -I../../Drivers/CMSIS/DSP/Include -Ofast -ffunction-sections -fdata-sections -Wall -fstack-usage -fcyclomatic-complexity -MMD -MP -MF"Drivers/STM32F3xx_HAL_Driver/stm32f3xx_hal_exti.d" -MT"Drivers/STM32F3xx_HAL_Driver/stm32f3xx_hal_exti.o" --specs=nano.specs -mfpu=fpv4-sp-d16 -mfloat-abi=hard -mthumb -o "Drivers/STM32F3xx_HAL_Driver/stm32f3xx_hal_exti.o"
arm-none-eabi-gcc "C:/Users/vnaik/OneDrive - Michigan State University/Documents/Solar Car/Git projects/motor_controller_schip/motor_controller/motor_controller/Drivers/STM32F3xx_HAL_Driver/Src/stm32f3xx_hal_flash.c" -mcpu=cortex-m4 -std=gnu11 -g3 -DDEBUG -DARM_MATH_CM4 -DUSE_HAL_DRIVER -DSTM32F302x8 -c -I../../Inc -I../../Drivers/STM32F3xx_HAL_Driver/Inc -I../../Drivers/STM32F3xx_HAL_Driver/Inc/Legacy -I../../MCSDK_v6.3.1-Full/MotorControl/MCSDK/MCLib/Any/Inc -I../../MCSDK_v6.3.1-Full/MotorControl/MCSDK/MCLib/F3xx/Inc -I../../Drivers/CMSIS/Device/ST/STM32F3xx/Include -I../../Drivers/CMSIS/Include -I../../Drivers/CMSIS/DSP/Include -Ofast -ffunction-sections -fdata-sections -Wall -fstack-usage -fcyclomatic-complexity -MMD -MP -MF"Drivers/STM32F3xx_HAL_Driver/stm32f3xx_hal_flash.d" -MT"Drivers/STM32F3xx_HAL_Driver/stm32f3xx_hal_flash.o" --specs=nano.specs -mfpu=fpv4-sp-d16 -mfloat-abi=hard -mthumb -o "Drivers/STM32F3xx_HAL_Driver/stm32f3xx_hal_flash.o"
arm-none-eabi-gcc "C:/Users/vnaik/OneDrive - Michigan State University/Documents/Solar Car/Git projects/motor_controller_schip/motor_controller/motor_controller/Drivers/STM32F3xx_HAL_Driver/Src/stm32f3xx_hal_flash_ex.c" -mcpu=cortex-m4 -std=gnu11 -g3 -DDEBUG -DARM_MATH_CM4 -DUSE_HAL_DRIVER -DSTM32F302x8 -c -I../../Inc -I../../Drivers/STM32F3xx_HAL_Driver/Inc -I../../Drivers/STM32F3xx_HAL_Driver/Inc/Legacy -I../../MCSDK_v6.3.1-Full/MotorControl/MCSDK/MCLib/Any/Inc -I../../MCSDK_v6.3.1-Full/MotorControl/MCSDK/MCLib/F3xx/Inc -I../../Drivers/CMSIS/Device/ST/STM32F3xx/Include -I../../Drivers/CMSIS/Include -I../../Drivers/CMSIS/DSP/Include -Ofast -ffunction-sections -fdata-sections -Wall -fstack-usage -fcyclomatic-complexity -MMD -MP -MF"Drivers/STM32F3xx_HAL_Driver/stm32f3xx_hal_flash_ex.d" -MT"Drivers/STM32F3xx_HAL_Driver/stm32f3xx_hal_flash_ex.o" --specs=nano.specs -mfpu=fpv4-sp-d16 -mfloat-abi=hard -mthumb -o "Drivers/STM32F3xx_HAL_Driver/stm32f3xx_hal_flash_ex.o"
arm-none-eabi-gcc "C:/Users/vnaik/OneDrive - Michigan State University/Documents/Solar Car/Git projects/motor_controller_schip/motor_controller/motor_controller/Drivers/STM32F3xx_HAL_Driver/Src/stm32f3xx_hal_gpio.c" -mcpu=cortex-m4 -std=gnu11 -g3 -DDEBUG -DARM_MATH_CM4 -DUSE_HAL_DRIVER -DSTM32F302x8 -c -I../../Inc -I../../Drivers/STM32F3xx_HAL_Driver/Inc -I../../Drivers/STM32F3xx_HAL_Driver/Inc/Legacy -I../../MCSDK_v6.3.1-Full/MotorControl/MCSDK/MCLib/Any/Inc -I../../MCSDK_v6.3.1-Full/MotorControl/MCSDK/MCLib/F3xx/Inc -I../../Drivers/CMSIS/Device/ST/STM32F3xx/Include -I../../Drivers/CMSIS/Include -I../../Drivers/CMSIS/DSP/Include -Ofast -ffunction-sections -fdata-sections -Wall -fstack-usage -fcyclomatic-complexity -MMD -MP -MF"Drivers/STM32F3xx_HAL_Driver/stm32f3xx_hal_gpio.d" -MT"Drivers/STM32F3xx_HAL_Driver/stm32f3xx_hal_gpio.o" --specs=nano.specs -mfpu=fpv4-sp-d16 -mfloat-abi=hard -mthumb -o "Drivers/STM32F3xx_HAL_Driver/stm32f3xx_hal_gpio.o"
arm-none-eabi-gcc "C:/Users/vnaik/OneDrive - Michigan State University/Documents/Solar Car/Git projects/motor_controller_schip/motor_controller/motor_controller/Drivers/STM32F3xx_HAL_Driver/Src/stm32f3xx_hal_i2c.c" -mcpu=cortex-m4 -std=gnu11 -g3 -DDEBUG -DARM_MATH_CM4 -DUSE_HAL_DRIVER -DSTM32F302x8 -c -I../../Inc -I../../Drivers/STM32F3xx_HAL_Driver/Inc -I../../Drivers/STM32F3xx_HAL_Driver/Inc/Legacy -I../../MCSDK_v6.3.1-Full/MotorControl/MCSDK/MCLib/Any/Inc -I../../MCSDK_v6.3.1-Full/MotorControl/MCSDK/MCLib/F3xx/Inc -I../../Drivers/CMSIS/Device/ST/STM32F3xx/Include -I../../Drivers/CMSIS/Include -I../../Drivers/CMSIS/DSP/Include -Ofast -ffunction-sections -fdata-sections -Wall -fstack-usage -fcyclomatic-complexity -MMD -MP -MF"Drivers/STM32F3xx_HAL_Driver/stm32f3xx_hal_i2c.d" -MT"Drivers/STM32F3xx_HAL_Driver/stm32f3xx_hal_i2c.o" --specs=nano.specs -mfpu=fpv4-sp-d16 -mfloat-abi=hard -mthumb -o "Drivers/STM32F3xx_HAL_Driver/stm32f3xx_hal_i2c.o"
arm-none-eabi-gcc "C:/Users/vnaik/OneDrive - Michigan State University/Documents/Solar Car/Git projects/motor_controller_schip/motor_controller/motor_controller/Drivers/STM32F3xx_HAL_Driver/Src/stm32f3xx_hal_i2c_ex.c" -mcpu=cortex-m4 -std=gnu11 -g3 -DDEBUG -DARM_MATH_CM4 -DUSE_HAL_DRIVER -DSTM32F302x8 -c -I../../Inc -I../../Drivers/STM32F3xx_HAL_Driver/Inc -I../../Drivers/STM32F3xx_HAL_Driver/Inc/Legacy -I../../MCSDK_v6.3.1-Full/MotorControl/MCSDK/MCLib/Any/Inc -I../../MCSDK_v6.3.1-Full/MotorControl/MCSDK/MCLib/F3xx/Inc -I../../Drivers/CMSIS/Device/ST/STM32F3xx/Include -I../../Drivers/CMSIS/Include -I../../Drivers/CMSIS/DSP/Include -Ofast -ffunction-sections -fdata-sections -Wall -fstack-usage -fcyclomatic-complexity -MMD -MP -MF"Drivers/STM32F3xx_HAL_Driver/stm32f3xx_hal_i2c_ex.d" -MT"Drivers/STM32F3xx_HAL_Driver/stm32f3xx_hal_i2c_ex.o" --specs=nano.specs -mfpu=fpv4-sp-d16 -mfloat-abi=hard -mthumb -o "Drivers/STM32F3xx_HAL_Driver/stm32f3xx_hal_i2c_ex.o"
arm-none-eabi-gcc "C:/Users/vnaik/OneDrive - Michigan State University/Documents/Solar Car/Git projects/motor_controller_schip/motor_controller/motor_controller/Drivers/STM32F3xx_HAL_Driver/Src/stm32f3xx_hal_pwr.c" -mcpu=cortex-m4 -std=gnu11 -g3 -DDEBUG -DARM_MATH_CM4 -DUSE_HAL_DRIVER -DSTM32F302x8 -c -I../../Inc -I../../Drivers/STM32F3xx_HAL_Driver/Inc -I../../Drivers/STM32F3xx_HAL_Driver/Inc/Legacy -I../../MCSDK_v6.3.1-Full/MotorControl/MCSDK/MCLib/Any/Inc -I../../MCSDK_v6.3.1-Full/MotorControl/MCSDK/MCLib/F3xx/Inc -I../../Drivers/CMSIS/Device/ST/STM32F3xx/Include -I../../Drivers/CMSIS/Include -I../../Drivers/CMSIS/DSP/Include -Ofast -ffunction-sections -fdata-sections -Wall -fstack-usage -fcyclomatic-complexity -MMD -MP -MF"Drivers/STM32F3xx_HAL_Driver/stm32f3xx_hal_pwr.d" -MT"Drivers/STM32F3xx_HAL_Driver/stm32f3xx_hal_pwr.o" --specs=nano.specs -mfpu=fpv4-sp-d16 -mfloat-abi=hard -mthumb -o "Drivers/STM32F3xx_HAL_Driver/stm32f3xx_hal_pwr.o"
arm-none-eabi-gcc "C:/Users/vnaik/OneDrive - Michigan State University/Documents/Solar Car/Git projects/motor_controller_schip/motor_controller/motor_controller/Drivers/STM32F3xx_HAL_Driver/Src/stm32f3xx_hal_pwr_ex.c" -mcpu=cortex-m4 -std=gnu11 -g3 -DDEBUG -DARM_MATH_CM4 -DUSE_HAL_DRIVER -DSTM32F302x8 -c -I../../Inc -I../../Drivers/STM32F3xx_HAL_Driver/Inc -I../../Drivers/STM32F3xx_HAL_Driver/Inc/Legacy -I../../MCSDK_v6.3.1-Full/MotorControl/MCSDK/MCLib/Any/Inc -I../../MCSDK_v6.3.1-Full/MotorControl/MCSDK/MCLib/F3xx/Inc -I../../Drivers/CMSIS/Device/ST/STM32F3xx/Include -I../../Drivers/CMSIS/Include -I../../Drivers/CMSIS/DSP/Include -Ofast -ffunction-sections -fdata-sections -Wall -fstack-usage -fcyclomatic-complexity -MMD -MP -MF"Drivers/STM32F3xx_HAL_Driver/stm32f3xx_hal_pwr_ex.d" -MT"Drivers/STM32F3xx_HAL_Driver/stm32f3xx_hal_pwr_ex.o" --specs=nano.specs -mfpu=fpv4-sp-d16 -mfloat-abi=hard -mthumb -o "Drivers/STM32F3xx_HAL_Driver/stm32f3xx_hal_pwr_ex.o"
arm-none-eabi-gcc "C:/Users/vnaik/OneDrive - Michigan State University/Documents/Solar Car/Git projects/motor_controller_schip/motor_controller/motor_controller/Drivers/STM32F3xx_HAL_Driver/Src/stm32f3xx_hal_rcc.c" -mcpu=cortex-m4 -std=gnu11 -g3 -DDEBUG -DARM_MATH_CM4 -DUSE_HAL_DRIVER -DSTM32F302x8 -c -I../../Inc -I../../Drivers/STM32F3xx_HAL_Driver/Inc -I../../Drivers/STM32F3xx_HAL_Driver/Inc/Legacy -I../../MCSDK_v6.3.1-Full/MotorControl/MCSDK/MCLib/Any/Inc -I../../MCSDK_v6.3.1-Full/MotorControl/MCSDK/MCLib/F3xx/Inc -I../../Drivers/CMSIS/Device/ST/STM32F3xx/Include -I../../Drivers/CMSIS/Include -I../../Drivers/CMSIS/DSP/Include -Ofast -ffunction-sections -fdata-sections -Wall -fstack-usage -fcyclomatic-complexity -MMD -MP -MF"Drivers/STM32F3xx_HAL_Driver/stm32f3xx_hal_rcc.d" -MT"Drivers/STM32F3xx_HAL_Driver/stm32f3xx_hal_rcc.o" --specs=nano.specs -mfpu=fpv4-sp-d16 -mfloat-abi=hard -mthumb -o "Drivers/STM32F3xx_HAL_Driver/stm32f3xx_hal_rcc.o"
arm-none-eabi-gcc "C:/Users/vnaik/OneDrive - Michigan State University/Documents/Solar Car/Git projects/motor_controller_schip/motor_controller/motor_controller/Drivers/STM32F3xx_HAL_Driver/Src/stm32f3xx_hal_rcc_ex.c" -mcpu=cortex-m4 -std=gnu11 -g3 -DDEBUG -DARM_MATH_CM4 -DUSE_HAL_DRIVER -DSTM32F302x8 -c -I../../Inc -I../../Drivers/STM32F3xx_HAL_Driver/Inc -I../../Drivers/STM32F3xx_HAL_Driver/Inc/Legacy -I../../MCSDK_v6.3.1-Full/MotorControl/MCSDK/MCLib/Any/Inc -I../../MCSDK_v6.3.1-Full/MotorControl/MCSDK/MCLib/F3xx/Inc -I../../Drivers/CMSIS/Device/ST/STM32F3xx/Include -I../../Drivers/CMSIS/Include -I../../Drivers/CMSIS/DSP/Include -Ofast -ffunction-sections -fdata-sections -Wall -fstack-usage -fcyclomatic-complexity -MMD -MP -MF"Drivers/STM32F3xx_HAL_Driver/stm32f3xx_hal_rcc_ex.d" -MT"Drivers/STM32F3xx_HAL_Driver/stm32f3xx_hal_rcc_ex.o" --specs=nano.specs -mfpu=fpv4-sp-d16 -mfloat-abi=hard -mthumb -o "Drivers/STM32F3xx_HAL_Driver/stm32f3xx_hal_rcc_ex.o"
arm-none-eabi-gcc "C:/Users/vnaik/OneDrive - Michigan State University/Documents/Solar Car/Git projects/motor_controller_schip/motor_controller/motor_controller/Drivers/STM32F3xx_HAL_Driver/Src/stm32f3xx_hal_tim.c" -mcpu=cortex-m4 -std=gnu11 -g3 -DDEBUG -DARM_MATH_CM4 -DUSE_HAL_DRIVER -DSTM32F302x8 -c -I../../Inc -I../../Drivers/STM32F3xx_HAL_Driver/Inc -I../../Drivers/STM32F3xx_HAL_Driver/Inc/Legacy -I../../MCSDK_v6.3.1-Full/MotorControl/MCSDK/MCLib/Any/Inc -I../../MCSDK_v6.3.1-Full/MotorControl/MCSDK/MCLib/F3xx/Inc -I../../Drivers/CMSIS/Device/ST/STM32F3xx/Include -I../../Drivers/CMSIS/Include -I../../Drivers/CMSIS/DSP/Include -Ofast -ffunction-sections -fdata-sections -Wall -fstack-usage -fcyclomatic-complexity -MMD -MP -MF"Drivers/STM32F3xx_HAL_Driver/stm32f3xx_hal_tim.d" -MT"Drivers/STM32F3xx_HAL_Driver/stm32f3xx_hal_tim.o" --specs=nano.specs -mfpu=fpv4-sp-d16 -mfloat-abi=hard -mthumb -o "Drivers/STM32F3xx_HAL_Driver/stm32f3xx_hal_tim.o"
arm-none-eabi-gcc "C:/Users/vnaik/OneDrive - Michigan State University/Documents/Solar Car/Git projects/motor_controller_schip/motor_controller/motor_controller/Drivers/STM32F3xx_HAL_Driver/Src/stm32f3xx_hal_tim_ex.c" -mcpu=cortex-m4 -std=gnu11 -g3 -DDEBUG -DARM_MATH_CM4 -DUSE_HAL_DRIVER -DSTM32F302x8 -c -I../../Inc -I../../Drivers/STM32F3xx_HAL_Driver/Inc -I../../Drivers/STM32F3xx_HAL_Driver/Inc/Legacy -I../../MCSDK_v6.3.1-Full/MotorControl/MCSDK/MCLib/Any/Inc -I../../MCSDK_v6.3.1-Full/MotorControl/MCSDK/MCLib/F3xx/Inc -I../../Drivers/CMSIS/Device/ST/STM32F3xx/Include -I../../Drivers/CMSIS/Include -I../../Drivers/CMSIS/DSP/Include -Ofast -ffunction-sections -fdata-sections -Wall -fstack-usage -fcyclomatic-complexity -MMD -MP -MF"Drivers/STM32F3xx_HAL_Driver/stm32f3xx_hal_tim_ex.d" -MT"Drivers/STM32F3xx_HAL_Driver/stm32f3xx_hal_tim_ex.o" --specs=nano.specs -mfpu=fpv4-sp-d16 -mfloat-abi=hard -mthumb -o "Drivers/STM32F3xx_HAL_Driver/stm32f3xx_hal_tim_ex.o"
arm-none-eabi-gcc "C:/Users/vnaik/OneDrive - Michigan State University/Documents/Solar Car/Git projects/motor_controller_schip/motor_controller/motor_controller/Drivers/STM32F3xx_HAL_Driver/Src/stm32f3xx_hal_uart.c" -mcpu=cortex-m4 -std=gnu11 -g3 -DDEBUG -DARM_MATH_CM4 -DUSE_HAL_DRIVER -DSTM32F302x8 -c -I../../Inc -I../../Drivers/STM32F3xx_HAL_Driver/Inc -I../../Drivers/STM32F3xx_HAL_Driver/Inc/Legacy -I../../MCSDK_v6.3.1-Full/MotorControl/MCSDK/MCLib/Any/Inc -I../../MCSDK_v6.3.1-Full/MotorControl/MCSDK/MCLib/F3xx/Inc -I../../Drivers/CMSIS/Device/ST/STM32F3xx/Include -I../../Drivers/CMSIS/Include -I../../Drivers/CMSIS/DSP/Include -Ofast -ffunction-sections -fdata-sections -Wall -fstack-usage -fcyclomatic-complexity -MMD -MP -MF"Drivers/STM32F3xx_HAL_Driver/stm32f3xx_hal_uart.d" -MT"Drivers/STM32F3xx_HAL_Driver/stm32f3xx_hal_uart.o" --specs=nano.specs -mfpu=fpv4-sp-d16 -mfloat-abi=hard -mthumb -o "Drivers/STM32F3xx_HAL_Driver/stm32f3xx_hal_uart.o"
arm-none-eabi-gcc "C:/Users/vnaik/OneDrive - Michigan State University/Documents/Solar Car/Git projects/motor_controller_schip/motor_controller/motor_controller/Drivers/STM32F3xx_HAL_Driver/Src/stm32f3xx_hal_uart_ex.c" -mcpu=cortex-m4 -std=gnu11 -g3 -DDEBUG -DARM_MATH_CM4 -DUSE_HAL_DRIVER -DSTM32F302x8 -c -I../../Inc -I../../Drivers/STM32F3xx_HAL_Driver/Inc -I../../Drivers/STM32F3xx_HAL_Driver/Inc/Legacy -I../../MCSDK_v6.3.1-Full/MotorControl/MCSDK/MCLib/Any/Inc -I../../MCSDK_v6.3.1-Full/MotorControl/MCSDK/MCLib/F3xx/Inc -I../../Drivers/CMSIS/Device/ST/STM32F3xx/Include -I../../Drivers/CMSIS/Include -I../../Drivers/CMSIS/DSP/Include -Ofast -ffunction-sections -fdata-sections -Wall -fstack-usage -fcyclomatic-complexity -MMD -MP -MF"Drivers/STM32F3xx_HAL_Driver/stm32f3xx_hal_uart_ex.d" -MT"Drivers/STM32F3xx_HAL_Driver/stm32f3xx_hal_uart_ex.o" --specs=nano.specs -mfpu=fpv4-sp-d16 -mfloat-abi=hard -mthumb -o "Drivers/STM32F3xx_HAL_Driver/stm32f3xx_hal_uart_ex.o"
arm-none-eabi-gcc "C:/Users/vnaik/OneDrive - Michigan State University/Documents/Solar Car/Git projects/motor_controller_schip/motor_controller/motor_controller/Src/main.c" -mcpu=cortex-m4 -std=gnu11 -g3 -DDEBUG -DARM_MATH_CM4 -DUSE_HAL_DRIVER -DSTM32F302x8 -c -I../../Inc -I../../Drivers/STM32F3xx_HAL_Driver/Inc -I../../Drivers/STM32F3xx_HAL_Driver/Inc/Legacy -I../../MCSDK_v6.3.1-Full/MotorControl/MCSDK/MCLib/Any/Inc -I../../MCSDK_v6.3.1-Full/MotorControl/MCSDK/MCLib/F3xx/Inc -I../../Drivers/CMSIS/Device/ST/STM32F3xx/Include -I../../Drivers/CMSIS/Include -I../../Drivers/CMSIS/DSP/Include -Ofast -ffunction-sections -fdata-sections -Wall -fstack-usage -fcyclomatic-complexity -MMD -MP -MF"Application/User/main.d" -MT"Application/User/main.o" --specs=nano.specs -mfpu=fpv4-sp-d16 -mfloat-abi=hard -mthumb -o "Application/User/main.o"
arm-none-eabi-gcc "C:/Users/vnaik/OneDrive - Michigan State University/Documents/Solar Car/Git projects/motor_controller_schip/motor_controller/motor_controller/Src/stm32f3xx_hal_msp.c" -mcpu=cortex-m4 -std=gnu11 -g3 -DDEBUG -DARM_MATH_CM4 -DUSE_HAL_DRIVER -DSTM32F302x8 -c -I../../Inc -I../../Drivers/STM32F3xx_HAL_Driver/Inc -I../../Drivers/STM32F3xx_HAL_Driver/Inc/Legacy -I../../MCSDK_v6.3.1-Full/MotorControl/MCSDK/MCLib/Any/Inc -I../../MCSDK_v6.3.1-Full/MotorControl/MCSDK/MCLib/F3xx/Inc -I../../Drivers/CMSIS/Device/ST/STM32F3xx/Include -I../../Drivers/CMSIS/Include -I../../Drivers/CMSIS/DSP/Include -Ofast -ffunction-sections -fdata-sections -Wall -fstack-usage -fcyclomatic-complexity -MMD -MP -MF"Application/User/stm32f3xx_hal_msp.d" -MT"Application/User/stm32f3xx_hal_msp.o" --specs=nano.specs -mfpu=fpv4-sp-d16 -mfloat-abi=hard -mthumb -o "Application/User/stm32f3xx_hal_msp.o"
arm-none-eabi-gcc "C:/Users/vnaik/OneDrive - Michigan State University/Documents/Solar Car/Git projects/motor_controller_schip/motor_controller/motor_controller/Src/stm32f3xx_it.c" -mcpu=cortex-m4 -std=gnu11 -g3 -DDEBUG -DARM_MATH_CM4 -DUSE_HAL_DRIVER -DSTM32F302x8 -c -I../../Inc -I../../Drivers/STM32F3xx_HAL_Driver/Inc -I../../Drivers/STM32F3xx_HAL_Driver/Inc/Legacy -I../../MCSDK_v6.3.1-Full/MotorControl/MCSDK/MCLib/Any/Inc -I../../MCSDK_v6.3.1-Full/MotorControl/MCSDK/MCLib/F3xx/Inc -I../../Drivers/CMSIS/Device/ST/STM32F3xx/Include -I../../Drivers/CMSIS/Include -I../../Drivers/CMSIS/DSP/Include -Ofast -ffunction-sections -fdata-sections -Wall -fstack-usage -fcyclomatic-complexity -MMD -MP -MF"Application/User/stm32f3xx_it.d" -MT"Application/User/stm32f3xx_it.o" --specs=nano.specs -mfpu=fpv4-sp-d16 -mfloat-abi=hard -mthumb -o "Application/User/stm32f3xx_it.o"
arm-none-eabi-gcc -o "motor_controller.elf" @"objects.list"   -mcpu=cortex-m4 -T"C:\Users\vnaik\OneDrive - Michigan State University\Documents\Solar Car\Git projects\motor_controller_schip\motor_controller\motor_controller\STM32CubeIDE\STM32F302R8TX_FLASH.ld" --specs=nosys.specs -Wl,-Map="motor_controller.map" -Wl,--gc-sections -static --specs=nano.specs -mfpu=fpv4-sp-d16 -mfloat-abi=hard -mthumb -Wl,--start-group -lc -lm -Wl,--end-group
Finished building target: motor_controller.elf
 
arm-none-eabi-size  motor_controller.elf 
arm-none-eabi-objdump -h -S motor_controller.elf  > "motor_controller.list"
   text	   data	    bss	    dec	    hex	filename
  36184	   1348	   6820	  44352	   ad40	motor_controller.elf
Finished building: default.size.stdout
 
Finished building: motor_controller.list
 

13:41:50 Build Finished. 0 errors, 0 warnings. (took 6s.269ms)

