Archive member included to satisfy reference by file (symbol)

C:/ST/STM32CubeIDE_1.16.1/STM32CubeIDE/plugins/com.st.stm32cube.ide.mcu.externaltools.gnu-tools-for-stm32.12.3.rel1.win32_1.0.200.202406191623/tools/bin/../lib/gcc/arm-none-eabi/12.3.1/../../../../arm-none-eabi/lib/thumb/v7e-m+fp/hard\libc_nano.a(libc_a-exit.o)
                              C:/ST/STM32CubeIDE_1.16.1/STM32CubeIDE/plugins/com.st.stm32cube.ide.mcu.externaltools.gnu-tools-for-stm32.12.3.rel1.win32_1.0.200.202406191623/tools/bin/../lib/gcc/arm-none-eabi/12.3.1/../../../../arm-none-eabi/lib/thumb/v7e-m+fp/hard/crt0.o (exit)
C:/ST/STM32CubeIDE_1.16.1/STM32CubeIDE/plugins/com.st.stm32cube.ide.mcu.externaltools.gnu-tools-for-stm32.12.3.rel1.win32_1.0.200.202406191623/tools/bin/../lib/gcc/arm-none-eabi/12.3.1/../../../../arm-none-eabi/lib/thumb/v7e-m+fp/hard\libc_nano.a(libc_a-findfp.o)
                              C:/ST/STM32CubeIDE_1.16.1/STM32CubeIDE/plugins/com.st.stm32cube.ide.mcu.externaltools.gnu-tools-for-stm32.12.3.rel1.win32_1.0.200.202406191623/tools/bin/../lib/gcc/arm-none-eabi/12.3.1/../../../../arm-none-eabi/lib/thumb/v7e-m+fp/hard\libc_nano.a(libc_a-exit.o) (__stdio_exit_handler)
C:/ST/STM32CubeIDE_1.16.1/STM32CubeIDE/plugins/com.st.stm32cube.ide.mcu.externaltools.gnu-tools-for-stm32.12.3.rel1.win32_1.0.200.202406191623/tools/bin/../lib/gcc/arm-none-eabi/12.3.1/../../../../arm-none-eabi/lib/thumb/v7e-m+fp/hard\libc_nano.a(libc_a-fwalk.o)
                              C:/ST/STM32CubeIDE_1.16.1/STM32CubeIDE/plugins/com.st.stm32cube.ide.mcu.externaltools.gnu-tools-for-stm32.12.3.rel1.win32_1.0.200.202406191623/tools/bin/../lib/gcc/arm-none-eabi/12.3.1/../../../../arm-none-eabi/lib/thumb/v7e-m+fp/hard\libc_nano.a(libc_a-findfp.o) (_fwalk_sglue)
C:/ST/STM32CubeIDE_1.16.1/STM32CubeIDE/plugins/com.st.stm32cube.ide.mcu.externaltools.gnu-tools-for-stm32.12.3.rel1.win32_1.0.200.202406191623/tools/bin/../lib/gcc/arm-none-eabi/12.3.1/../../../../arm-none-eabi/lib/thumb/v7e-m+fp/hard\libc_nano.a(libc_a-stdio.o)
                              C:/ST/STM32CubeIDE_1.16.1/STM32CubeIDE/plugins/com.st.stm32cube.ide.mcu.externaltools.gnu-tools-for-stm32.12.3.rel1.win32_1.0.200.202406191623/tools/bin/../lib/gcc/arm-none-eabi/12.3.1/../../../../arm-none-eabi/lib/thumb/v7e-m+fp/hard\libc_nano.a(libc_a-findfp.o) (__sread)
C:/ST/STM32CubeIDE_1.16.1/STM32CubeIDE/plugins/com.st.stm32cube.ide.mcu.externaltools.gnu-tools-for-stm32.12.3.rel1.win32_1.0.200.202406191623/tools/bin/../lib/gcc/arm-none-eabi/12.3.1/../../../../arm-none-eabi/lib/thumb/v7e-m+fp/hard\libc_nano.a(libc_a-memset.o)
                              C:/ST/STM32CubeIDE_1.16.1/STM32CubeIDE/plugins/com.st.stm32cube.ide.mcu.externaltools.gnu-tools-for-stm32.12.3.rel1.win32_1.0.200.202406191623/tools/bin/../lib/gcc/arm-none-eabi/12.3.1/../../../../arm-none-eabi/lib/thumb/v7e-m+fp/hard/crt0.o (memset)
C:/ST/STM32CubeIDE_1.16.1/STM32CubeIDE/plugins/com.st.stm32cube.ide.mcu.externaltools.gnu-tools-for-stm32.12.3.rel1.win32_1.0.200.202406191623/tools/bin/../lib/gcc/arm-none-eabi/12.3.1/../../../../arm-none-eabi/lib/thumb/v7e-m+fp/hard\libc_nano.a(libc_a-closer.o)
                              C:/ST/STM32CubeIDE_1.16.1/STM32CubeIDE/plugins/com.st.stm32cube.ide.mcu.externaltools.gnu-tools-for-stm32.12.3.rel1.win32_1.0.200.202406191623/tools/bin/../lib/gcc/arm-none-eabi/12.3.1/../../../../arm-none-eabi/lib/thumb/v7e-m+fp/hard\libc_nano.a(libc_a-stdio.o) (_close_r)
C:/ST/STM32CubeIDE_1.16.1/STM32CubeIDE/plugins/com.st.stm32cube.ide.mcu.externaltools.gnu-tools-for-stm32.12.3.rel1.win32_1.0.200.202406191623/tools/bin/../lib/gcc/arm-none-eabi/12.3.1/../../../../arm-none-eabi/lib/thumb/v7e-m+fp/hard\libc_nano.a(libc_a-reent.o)
                              C:/ST/STM32CubeIDE_1.16.1/STM32CubeIDE/plugins/com.st.stm32cube.ide.mcu.externaltools.gnu-tools-for-stm32.12.3.rel1.win32_1.0.200.202406191623/tools/bin/../lib/gcc/arm-none-eabi/12.3.1/../../../../arm-none-eabi/lib/thumb/v7e-m+fp/hard\libc_nano.a(libc_a-closer.o) (errno)
C:/ST/STM32CubeIDE_1.16.1/STM32CubeIDE/plugins/com.st.stm32cube.ide.mcu.externaltools.gnu-tools-for-stm32.12.3.rel1.win32_1.0.200.202406191623/tools/bin/../lib/gcc/arm-none-eabi/12.3.1/../../../../arm-none-eabi/lib/thumb/v7e-m+fp/hard\libc_nano.a(libc_a-impure.o)
                              C:/ST/STM32CubeIDE_1.16.1/STM32CubeIDE/plugins/com.st.stm32cube.ide.mcu.externaltools.gnu-tools-for-stm32.12.3.rel1.win32_1.0.200.202406191623/tools/bin/../lib/gcc/arm-none-eabi/12.3.1/../../../../arm-none-eabi/lib/thumb/v7e-m+fp/hard\libc_nano.a(libc_a-reent.o) (_impure_ptr)
C:/ST/STM32CubeIDE_1.16.1/STM32CubeIDE/plugins/com.st.stm32cube.ide.mcu.externaltools.gnu-tools-for-stm32.12.3.rel1.win32_1.0.200.202406191623/tools/bin/../lib/gcc/arm-none-eabi/12.3.1/../../../../arm-none-eabi/lib/thumb/v7e-m+fp/hard\libc_nano.a(libc_a-lseekr.o)
[...]
Memory Configuration

Name             Origin             Length             Attributes
RAM              0x20000000         0x00004000         xrw
FLASH            0x08000000         0x00010000         xr
*default*        0x00000000         0xffffffff

Linker script and memory map

LOAD C:/ST/STM32CubeIDE_1.16.1/STM32CubeIDE/plugins/com.st.stm32cube.ide.mcu.externaltools.gnu-tools-for-stm32.12.3.rel1.win32_1.0.200.202406191623/tools/bin/../lib/gcc/arm-none-eabi/12.3.1/thumb/v7e-m+fp/hard/crti.o
LOAD C:/ST/STM32CubeIDE_1.16.1/STM32CubeIDE/plugins/com.st.stm32cube.ide.mcu.externaltools.gnu-tools-for-stm32.12.3.rel1.win32_1.0.200.202406191623/tools/bin/../lib/gcc/arm-none-eabi/12.3.1/thumb/v7e-m+fp/hard/crtbegin.o
LOAD C:/ST/STM32CubeIDE_1.16.1/STM32CubeIDE/plugins/com.st.stm32cube.ide.mcu.externaltools.gnu-tools-for-stm32.12.3.rel1.win32_1.0.200.202406191623/tools/bin/../lib/gcc/arm-none-eabi/12.3.1/../../../../arm-none-eabi/lib/thumb/v7e-m+fp/hard/crt0.o
LOAD ./Application/Startup/startup_stm32f302r8tx.o
LOAD ./Application/User/aspep.o
LOAD ./Application/User/main.o
LOAD ./Application/User/mc_api.o
LOAD ./Application/User/mc_app_hooks.o
LOAD ./Application/User/mc_config.o
LOAD ./Application/User/mc_config_common.o
LOAD ./Application/User/mc_configuration_registers.o
LOAD ./Application/User/mc_interface.o
LOAD ./Application/User/mc_math.o
LOAD ./Application/User/mc_parameters.o
LOAD ./Application/User/mc_perf.o
LOAD ./Application/User/mc_tasks.o
LOAD ./Application/User/mc_tasks_foc.o
LOAD ./Application/User/mcp.o
LOAD ./Application/User/mcp_config.o
LOAD ./Application/User/motorcontrol.o
LOAD ./Application/User/pwm_common.o
LOAD ./Application/User/pwm_curr_fdbk.o
LOAD ./Application/User/register_interface.o
LOAD ./Application/User/regular_conversion_manager.o
LOAD ./Application/User/stm32_mc_common_it.o
LOAD ./Application/User/stm32f30x_mc_it.o
LOAD ./Application/User/stm32f3xx_hal_msp.o
LOAD ./Application/User/stm32f3xx_it.o
LOAD ./Application/User/syscalls.o
LOAD ./Application/User/sysmem.o
LOAD ./Application/User/usart_aspep_driver.o
LOAD ./Drivers/CMSIS/system_stm32f3xx.o
LOAD ./Drivers/STM32F3xx_HAL_Driver/stm32f3xx_hal.o
LOAD ./Drivers/STM32F3xx_HAL_Driver/stm32f3xx_hal_adc.o
LOAD ./Drivers/STM32F3xx_HAL_Driver/stm32f3xx_hal_adc_ex.o
LOAD ./Drivers/STM32F3xx_HAL_Driver/stm32f3xx_hal_cortex.o
LOAD ./Drivers/STM32F3xx_HAL_Driver/stm32f3xx_hal_dma.o
LOAD ./Drivers/STM32F3xx_HAL_Driver/stm32f3xx_hal_exti.o
LOAD ./Drivers/STM32F3xx_HAL_Driver/stm32f3xx_hal_flash.o
LOAD ./Drivers/STM32F3xx_HAL_Driver/stm32f3xx_hal_flash_ex.o
LOAD ./Drivers/STM32F3xx_HAL_Driver/stm32f3xx_hal_gpio.o
LOAD ./Drivers/STM32F3xx_HAL_Driver/stm32f3xx_hal_i2c.o
LOAD ./Drivers/STM32F3xx_HAL_Driver/stm32f3xx_hal_i2c_ex.o
LOAD ./Drivers/STM32F3xx_HAL_Driver/stm32f3xx_hal_pwr.o
LOAD ./Drivers/STM32F3xx_HAL_Driver/stm32f3xx_hal_pwr_ex.o
LOAD ./Drivers/STM32F3xx_HAL_Driver/stm32f3xx_hal_rcc.o
LOAD ./Drivers/STM32F3xx_HAL_Driver/stm32f3xx_hal_rcc_ex.o
LOAD ./Drivers/STM32F3xx_HAL_Driver/stm32f3xx_hal_tim.o
LOAD ./Drivers/STM32F3xx_HAL_Driver/stm32f3xx_hal_tim_ex.o
LOAD ./Drivers/STM32F3xx_HAL_Driver/stm32f3xx_hal_uart.o
LOAD ./Drivers/STM32F3xx_HAL_Driver/stm32f3xx_hal_uart_ex.o
LOAD ./Middlewares/MotorControl/bus_voltage_sensor.o
LOAD ./Middlewares/MotorControl/circle_limitation.o
LOAD ./Middlewares/MotorControl/digital_output.o
LOAD ./Middlewares/MotorControl/mcpa.o
LOAD ./Middlewares/MotorControl/ntc_temperature_sensor.o
LOAD ./Middlewares/MotorControl/open_loop.o
LOAD ./Middlewares/MotorControl/pid_regulator.o
LOAD ./Middlewares/MotorControl/pqd_motor_power_measurement.o
LOAD ./Middlewares/MotorControl/r3_1_f30x_pwm_curr_fdbk.o
LOAD ./Middlewares/MotorControl/r_divider_bus_voltage_sensor.o
LOAD ./Middlewares/MotorControl/ramp_ext_mngr.o
LOAD ./Middlewares/MotorControl/revup_ctrl.o
LOAD ./Middlewares/MotorControl/speed_pos_fdbk.o
LOAD ./Middlewares/MotorControl/speed_torq_ctrl.o
LOAD ./Middlewares/MotorControl/sto_pll_speed_pos_fdbk.o
LOAD ./Middlewares/MotorControl/virtual_speed_sensor.o
START GROUP
LOAD C:/ST/STM32CubeIDE_1.16.1/STM32CubeIDE/plugins/com.st.stm32cube.ide.mcu.externaltools.gnu-tools-for-stm32.12.3.rel1.win32_1.0.200.202406191623/tools/bin/../lib/gcc/arm-none-eabi/12.3.1/../../../../arm-none-eabi/lib/thumb/v7e-m+fp/hard\libc_nano.a
LOAD C:/ST/STM32CubeIDE_1.16.1/STM32CubeIDE/plugins/com.st.stm32cube.ide.mcu.externaltools.gnu-tools-for-stm32.12.3.rel1.win32_1.0.200.202406191623/tools/bin/../lib/gcc/arm-none-eabi/12.3.1/../../../../arm-none-eabi/lib/thumb/v7e-m+fp/hard\libm.a
END GROUP
START GROUP
LOAD C:/ST/STM32CubeIDE_1.16.1/STM32CubeIDE/plugins/com.st.stm32cube.ide.mcu.externaltools.gnu-tools-for-stm32.12.3.rel1.win32_1.0.200.202406191623/tools/bin/../lib/gcc/arm-none-eabi/12.3.1/thumb/v7e-m+fp/hard\libgcc.a
LOAD C:/ST/STM32CubeIDE_1.16.1/STM32CubeIDE/plugins/com.st.stm32cube.ide.mcu.externaltools.gnu-tools-for-stm32.12.3.rel1.win32_1.0.200.202406191623/tools/bin/../lib/gcc/arm-none-eabi/12.3.1/../../../../arm-none-eabi/lib/thumb/v7e-m+fp/hard\libc_nano.a
END GROUP
START GROUP
LOAD C:/ST/STM32CubeIDE_1.16.1/STM32CubeIDE/plugins/com.st.stm32cube.ide.mcu.externaltools.gnu-tools-for-stm32.12.3.rel1.win32_1.0.200.202406191623/tools/bin/../lib/gcc/arm-none-eabi/12.3.1/thumb/v7e-m+fp/hard\libgcc.a
LOAD C:/ST/STM32CubeIDE_1.16.1/STM32CubeIDE/plugins/com.st.stm32cube.ide.mcu.externaltools.gnu-tools-for-stm32.12.3.rel1.win32_1.0.200.202406191623/tools/bin/../lib/gcc/arm-none-eabi/12.3.1/../../../../arm-none-eabi/lib/thumb/v7e-m+fp/hard\libc_nano.a
LOAD C:/ST/STM32CubeIDE_1.16.1/STM32CubeIDE/plugins/com.st.stm32cube.ide.mcu.externaltools.gnu-tools-for-stm32.12.3.rel1.win32_1.0.200.202406191623/tools/bin/../lib/gcc/arm-none-eabi/12.3.1/../../../../arm-none-eabi/lib/thumb/v7e-m+fp/hard\libnosys.a
END GROUP
START GROUP
LOAD C:/ST/STM32CubeIDE_1.16.1/STM32CubeIDE/plugins/com.st.stm32cube.ide.mcu.externaltools.gnu-tools-for-stm32.12.3.rel1.win32_1.0.200.202406191623/tools/bin/../lib/gcc/arm-none-eabi/12.3.1/thumb/v7e-m+fp/hard\libgcc.a
LOAD C:/ST/STM32CubeIDE_1.16.1/STM32CubeIDE/plugins/com.st.stm32cube.ide.mcu.externaltools.gnu-tools-for-stm32.12.3.rel1.win32_1.0.200.202406191623/tools/bin/../lib/gcc/arm-none-eabi/12.3.1/../../../../arm-none-eabi/lib/thumb/v7e-m+fp/hard\libc_nano.a
LOAD C:/ST/STM32CubeIDE_1.16.1/STM32CubeIDE/plugins/com.st.stm32cube.ide.mcu.externaltools.gnu-tools-for-stm32.12.3.rel1.win32_1.0.200.202406191623/tools/bin/../lib/gcc/arm-none-eabi/12.3.1/../../../../arm-none-eabi/lib/thumb/v7e-m+fp/hard\libnosys.a
END GROUP
LOAD C:/ST/STM32CubeIDE_1.16.1/STM32CubeIDE/plugins/com.st.stm32cube.ide.mcu.externaltools.gnu-tools-for-stm32.12.3.rel1.win32_1.0.200.202406191623/tools/bin/../lib/gcc/arm-none-eabi/12.3.1/thumb/v7e-m+fp/hard/crtend.o
LOAD C:/ST/STM32CubeIDE_1.16.1/STM32CubeIDE/plugins/com.st.stm32cube.ide.mcu.externaltools.gnu-tools-for-stm32.12.3.rel1.win32_1.0.200.202406191623/tools/bin/../lib/gcc/arm-none-eabi/12.3.1/thumb/v7e-m+fp/hard/crtn.o
                0x20004000                        _estack = (ORIGIN (RAM) + LENGTH (RAM))
                0x00000200                        _Min_Heap_Size = 0x200
                0x00000400                        _Min_Stack_Size = 0x400

.isr_vector     0x08000000      0x188
                0x08000000                        . = ALIGN (0x4)
 *(.isr_vector)
 .isr_vector    0x08000000      0x188 ./Application/Startup/startup_stm32f302r8tx.o
                0x08000000                g_pfnVectors
                0x08000188                        . = ALIGN (0x4)

.text           0x08000188     0x7c60
                0x08000188                        . = ALIGN (0x4)
 *(.text)
 .text          0x08000188       0x40 C:/ST/STM32CubeIDE_1.16.1/STM32CubeIDE/plugins/com.st.stm32cube.ide.mcu.externaltools.gnu-tools-for-stm32.12.3.rel1.win32_1.0.200.202406191623/tools/bin/../lib/gcc/arm-none-eabi/12.3.1/thumb/v7e-m+fp/hard/crtbegin.o
 *(.text*)
 .text.Reset_Handler
                0x080001c8       0x50 ./Application/Startup/startup_stm32f302r8tx.o
                0x080001c8                Reset_Handler
 .text.Default_Handler
                0x08000218        0x2 ./Application/Startup/startup_stm32f302r8tx.o
                0x08000218                RTC_Alarm_IRQHandler
                0x08000218                DebugMon_Handler
                0x08000218                TIM1_CC_IRQHandler
                0x08000218                USB_HP_IRQHandler
                0x08000218                PVD_IRQHandler
                0x08000218                TAMP_STAMP_IRQHandler
                0x08000218                PendSV_Handler
                0x08000218                NMI_Handler
                0x08000218                EXTI3_IRQHandler
                0x08000218                I2C3_ER_IRQHandler
                0x08000218                USB_HP_CAN_TX_IRQHandler
                0x08000218                EXTI0_IRQHandler
                0x08000218                I2C2_EV_IRQHandler
                0x08000218                FPU_IRQHandler
                0x08000218                UsageFault_Handler
                0x08000218                CAN_SCE_IRQHandler
                0x08000218                TIM6_DAC_IRQHandler
                0x08000218                DMA1_Channel4_IRQHandler
                0x08000218                USART3_IRQHandler
                0x08000218                CAN_RX1_IRQHandler
                0x08000218                I2C1_EV_IRQHandler
                0x08000218                DMA1_Channel6_IRQHandler
                0x08000218                RCC_IRQHandler
                0x08000218                DMA1_Channel1_IRQHandler
                0x08000218                Default_Handler
                0x08000218                USBWakeUp_RMP_IRQHandler
                0x08000218                COMP2_IRQHandler
                0x08000218                I2C3_EV_IRQHandler
                0x08000218                EXTI9_5_IRQHandler
                0x08000218                RTC_WKUP_IRQHandler
                0x08000218                SPI2_IRQHandler
                0x08000218                USB_LP_CAN_RX0_IRQHandler
                0x08000218                MemManage_Handler
                0x08000218                SVC_Handler
                0x08000218                DMA1_Channel5_IRQHandler
                0x08000218                USB_LP_IRQHandler
                0x08000218                EXTI4_IRQHandler
                0x08000218                TIM1_TRG_COM_TIM17_IRQHandler
                0x08000218                DMA1_Channel3_IRQHandler
                0x08000218                WWDG_IRQHandler
                0x08000218                TIM2_IRQHandler
                0x08000218                EXTI1_IRQHandler
                0x08000218                COMP4_6_IRQHandler
                0x08000218                I2C2_ER_IRQHandler
                0x08000218                DMA1_Channel2_IRQHandler
                0x08000218                FLASH_IRQHandler
                0x08000218                BusFault_Handler
                0x08000218                USART1_IRQHandler
                0x08000218                SPI3_IRQHandler
                0x08000218                I2C1_ER_IRQHandler
                0x08000218                USBWakeUp_IRQHandler
                0x08000218                EXTI2_TSC_IRQHandler
 *fill*         0x0800021a        0x2 
 .text.ASPEP_start
                0x0800021c       0x28 ./Application/User/aspep.o
                0x0800021c                ASPEP_start
 .text.ASPEP_sendBeacon
                0x08000244       0x8c ./Application/User/aspep.o
                0x08000244                ASPEP_sendBeacon
 .text.ASPEP_sendPing
                0x080002d0       0x8c ./Application/User/aspep.o
                0x080002d0                ASPEP_sendPing
 .text.ASPEP_getBuffer
                0x0800035c       0x60 ./Application/User/aspep.o
                0x0800035c                ASPEP_getBuffer
 .text.ASPEP_sendPacket
                0x080003bc      0x118 ./Application/User/aspep.o
                0x080003bc                ASPEP_sendPacket
 .text.ASPEP_HWDataTransmittedIT
                0x080004d4       0x98 ./Application/User/aspep.o
                0x080004d4                ASPEP_HWDataTransmittedIT
 .text.ASPEP_RXframeProcess
                0x0800056c      0x2c0 ./Application/User/aspep.o
                0x0800056c                ASPEP_RXframeProcess
 .text.ASPEP_HWDataReceivedIT
                0x0800082c       0x9c ./Application/User/aspep.o
                0x0800082c                ASPEP_HWDataReceivedIT
 .text.ASPEP_HWReset
                0x080008c8       0x14 ./Application/User/aspep.o
                0x080008c8                ASPEP_HWReset
 .text.SystemClock_Config
                0x080008dc       0x8c ./Application/User/main.o
                0x080008dc                SystemClock_Config
 .text.startup.main
                0x08000968      0x354 ./Application/User/main.o
                0x08000968                main
 .text.Error_Handler
                0x08000cbc        0x4 ./Application/User/main.o
                0x08000cbc                Error_Handler
 .text.MC_StartMotor1
                0x08000cc0        0xc ./Application/User/mc_api.o
                0x08000cc0                MC_StartMotor1
 .text.MC_StopMotor1
                0x08000ccc        0xc ./Application/User/mc_api.o
                0x08000ccc                MC_StopMotor1
 .text.MC_GetSTMStateMotor1
                0x08000cd8        0xc ./Application/User/mc_api.o
                0x08000cd8                MC_GetSTMStateMotor1
 .text.MC_ProfilerCommand
                0x08000ce4        0x4 ./Application/User/mc_api.o
                0x08000ce4                MC_ProfilerCommand
 .text.MC_APP_BootHook
                0x08000ce8        0x4 ./Application/User/mc_app_hooks.o
                0x08000ce8                MC_APP_BootHook
 .text.MC_APP_PostMediumFrequencyHook_M1
                0x08000cec        0x4 ./Application/User/mc_app_hooks.o
                0x08000cec                MC_APP_PostMediumFrequencyHook_M1
 .text.MCI_ExecSpeedRamp
                0x08000cf0       0x14 ./Application/User/mc_interface.o
                0x08000cf0                MCI_ExecSpeedRamp
 .text.MCI_ExecTorqueRamp
                0x08000d04       0x14 ./Application/User/mc_interface.o
                0x08000d04                MCI_ExecTorqueRamp
 .text.MCI_SetCurrentReferences
                0x08000d18       0x14 ./Application/User/mc_interface.o
                0x08000d18                MCI_SetCurrentReferences
 .text.MCI_FaultProcessing
                0x08000d2c       0x18 ./Application/User/mc_interface.o
                0x08000d2c                MCI_FaultProcessing
 .text.MCI_ExecBufferedCommands
                0x08000d44       0x78 ./Application/User/mc_interface.o
                0x08000d44                MCI_ExecBufferedCommands
 .text.MCI_GetSTMState
                0x08000dbc        0x4 ./Application/User/mc_interface.o
                0x08000dbc                MCI_GetSTMState
 .text.MCI_GetOccurredFaults
                0x08000dc0        0x4 ./Application/User/mc_interface.o
                0x08000dc0                MCI_GetOccurredFaults
 .text.MCI_GetCurrentFaults
                0x08000dc4        0x4 ./Application/User/mc_interface.o
                0x08000dc4                MCI_GetCurrentFaults
 .text.MCI_StartMotor
                0x08000dc8       0x2c ./Application/User/mc_interface.o
                0x08000dc8                MCI_StartMotor
 .text.MCI_StopMotor
                0x08000df4       0x38 ./Application/User/mc_interface.o
                0x08000df4                MCI_StopMotor
 .text.MCI_FaultAcknowledged
                0x08000e2c       0x24 ./Application/User/mc_interface.o
                0x08000e2c                MCI_FaultAcknowledged
 .text.MCI_GetFaultState
                0x08000e50        0xc ./Application/User/mc_interface.o
                0x08000e50                MCI_GetFaultState
 .text.MCI_GetControlMode
                0x08000e5c        0x8 ./Application/User/mc_interface.o
                0x08000e5c                MCI_GetControlMode
 .text.MCI_GetImposedMotorDirection
                0x08000e64       0x44 ./Application/User/mc_interface.o
                0x08000e64                MCI_GetImposedMotorDirection
 .text.MCI_GetLastRampFinalSpeed
                0x08000ea8        0x8 ./Application/User/mc_interface.o
                0x08000ea8                MCI_GetLastRampFinalSpeed
 .text.MCI_GetLastRampFinalTorque
                0x08000eb0        0x8 ./Application/User/mc_interface.o
                0x08000eb0                MCI_GetLastRampFinalTorque
 .text.MCI_GetLastRampFinalDuration
                0x08000eb8        0x4 ./Application/User/mc_interface.o
                0x08000eb8                MCI_GetLastRampFinalDuration
 .text.MCI_StopRamp
                0x08000ebc        0xc ./Application/User/mc_interface.o
                0x08000ebc                MCI_StopRamp
 .text.MCI_GetAvrgMecSpeedUnit
                0x08000ec8        0x8 ./Application/User/mc_interface.o
                0x08000ec8                MCI_GetAvrgMecSpeedUnit
 .text.MCI_GetMecSpeedRefUnit
                0x08000ed0        0x8 ./Application/User/mc_interface.o
                0x08000ed0                MCI_GetMecSpeedRefUnit
 .text.MCI_GetIab
                0x08000ed8       0x1c ./Application/User/mc_interface.o
                0x08000ed8                MCI_GetIab
 .text.MCI_GetIalphabeta
                0x08000ef4       0x1c ./Application/User/mc_interface.o
                0x08000ef4                MCI_GetIalphabeta
 .text.MCI_GetIqd
                0x08000f10       0x1c ./Application/User/mc_interface.o
                0x08000f10                MCI_GetIqd
 .text.MCI_GetIqdref
                0x08000f2c       0x1c ./Application/User/mc_interface.o
                0x08000f2c                MCI_GetIqdref
 .text.MCI_GetVqd
                0x08000f48       0x1c ./Application/User/mc_interface.o
                0x08000f48                MCI_GetVqd
 .text.MCI_GetValphabeta
                0x08000f64       0x1c ./Application/User/mc_interface.o
                0x08000f64                MCI_GetValphabeta
 .text.MCI_GetTeref
                0x08000f80        0x8 ./Application/User/mc_interface.o
                0x08000f80                MCI_GetTeref
 .text.MCI_Clear_Iqdref
                0x08000f88       0x14 ./Application/User/mc_interface.o
                0x08000f88                MCI_Clear_Iqdref
 .text.MCM_Clarke
                0x08000f9c       0x54 ./Application/User/mc_math.o
                0x08000f9c                MCM_Clarke
 .text.MCM_Trig_Functions
                0x08000ff0       0x98 ./Application/User/mc_math.o
                0x08000ff0                MCM_Trig_Functions
 .text.MCM_Park
                0x08001088       0x84 ./Application/User/mc_math.o
                0x08001088                MCM_Park
 .text.MCM_Rev_Park
                0x0800110c       0x3c ./Application/User/mc_math.o
                0x0800110c                MCM_Rev_Park
 .text.MCM_Sqrt
                0x08001148       0x70 ./Application/User/mc_math.o
                0x08001148                MCM_Sqrt
 .text.MCboot   0x080011b8       0x6c ./Application/User/mc_tasks.o
                0x080011b8                MCboot
 .text.TSK_SetChargeBootCapDelayM1
                0x08001224        0xc ./Application/User/mc_tasks.o
                0x08001224                TSK_SetChargeBootCapDelayM1
 .text.TSK_ChargeBootCapDelayHasElapsedM1
                0x08001230       0x14 ./Application/User/mc_tasks.o
                0x08001230                TSK_ChargeBootCapDelayHasElapsedM1
 .text.TSK_SetStopPermanencyTimeM1
                0x08001244        0xc ./Application/User/mc_tasks.o
                0x08001244                TSK_SetStopPermanencyTimeM1
 .text.TSK_StopPermanencyTimeHasElapsedM1
                0x08001250       0x14 ./Application/User/mc_tasks.o
                0x08001250                TSK_StopPermanencyTimeHasElapsedM1
 .text.TSK_HighFrequencyTask
                0x08001264       0x2c ./Application/User/mc_tasks.o
                0x08001264                TSK_HighFrequencyTask
 .text.TSK_SafetyTask_PWMOFF
                0x08001290       0xa8 ./Application/User/mc_tasks.o
                0x08001290                TSK_SafetyTask_PWMOFF
 .text.TSK_SafetyTask
                0x08001338       0x20 ./Application/User/mc_tasks.o
                0x08001338                TSK_SafetyTask
 .text.MC_RunMotorControlTasks
                0x08001358       0x90 ./Application/User/mc_tasks.o
                0x08001358                MC_RunMotorControlTasks
 .text.TSK_HardwareFaultTask
                0x080013e8       0x1c ./Application/User/mc_tasks.o
                0x080013e8                TSK_HardwareFaultTask
 .text.UI_HandleStartStopButton_cb
                0x08001404       0x18 ./Application/User/mc_tasks.o
                0x08001404                UI_HandleStartStopButton_cb
 .text.mc_lock_pins
                0x0800141c       0xec ./Application/User/mc_tasks.o
                0x0800141c                mc_lock_pins
 .text.FOC_Clear
                0x08001508       0x74 ./Application/User/mc_tasks_foc.o
                0x08001508                FOC_Clear
 .text.FOC_Init
                0x0800157c       0xe0 ./Application/User/mc_tasks_foc.o
                0x0800157c                FOC_Init
 .text.FOC_InitAdditionalMethods
                0x0800165c        0x4 ./Application/User/mc_tasks_foc.o
                0x0800165c                FOC_InitAdditionalMethods
 .text.FOC_CalcCurrRef
                0x08001660       0x44 ./Application/User/mc_tasks_foc.o
                0x08001660                FOC_CalcCurrRef
 .text.TSK_MediumFrequencyTaskM1
                0x080016a4      0x30c ./Application/User/mc_tasks_foc.o
                0x080016a4                TSK_MediumFrequencyTaskM1
 .text.FOC_HighFrequencyTask
                0x080019b0      0x160 ./Application/User/mc_tasks_foc.o
                0x080019b0                FOC_HighFrequencyTask
 .text.RI_SetRegCommandParser
                0x08001b10       0xd8 ./Application/User/mcp.o
                0x08001b10                RI_SetRegCommandParser
 .text.RI_GetRegCommandParser
                0x08001be8       0x90 ./Application/User/mcp.o
                0x08001be8                RI_GetRegCommandParser
 .text.MCP_ReceivedPacket
                0x08001c78      0x184 ./Application/User/mcp.o
                0x08001c78                MCP_ReceivedPacket
 .text.MX_MotorControl_Init
                0x08001dfc       0x3c ./Application/User/motorcontrol.o
                0x08001dfc                MX_MotorControl_Init
 .text.startTimers
                0x08001e38       0x84 ./Application/User/pwm_common.o
                0x08001e38                startTimers
 .text.waitForPolarizationEnd
                0x08001ebc       0x3c ./Application/User/pwm_common.o
                0x08001ebc                waitForPolarizationEnd
 .text.PWMC_SetPhaseVoltage
                0x08001ef8      0x290 ./Application/User/pwm_curr_fdbk.o
                0x08001ef8                PWMC_SetPhaseVoltage
 .text.PWMC_SwitchOffPWM
                0x08002188        0x4 ./Application/User/pwm_curr_fdbk.o
                0x08002188                PWMC_SwitchOffPWM
 .text.PWMC_SwitchOnPWM
                0x0800218c        0x4 ./Application/User/pwm_curr_fdbk.o
                0x0800218c                PWMC_SwitchOnPWM
 .text.PWMC_CurrentReadingCalibr
                0x08002190       0x34 ./Application/User/pwm_curr_fdbk.o
                0x08002190                PWMC_CurrentReadingCalibr
 .text.PWMC_DP_Handler
                0x080021c4       0x40 ./Application/User/pwm_curr_fdbk.o
                0x080021c4                PWMC_DP_Handler
 .text.PWMC_OVP_Handler
                0x08002204       0x1c ./Application/User/pwm_curr_fdbk.o
                0x08002204                PWMC_OVP_Handler
 .text.PWMC_IsFaultOccurred
                0x08002220       0x38 ./Application/User/pwm_curr_fdbk.o
                0x08002220                PWMC_IsFaultOccurred
 .text.RI_SetRegisterGlobal
                0x08002258      0x104 ./Application/User/register_interface.o
                0x08002258                RI_SetRegisterGlobal
 .text.RI_SetRegisterMotor1
                0x0800235c      0x5c4 ./Application/User/register_interface.o
                0x0800235c                RI_SetRegisterMotor1
 .text.RI_GetRegisterGlobal
                0x08002920      0x134 ./Application/User/register_interface.o
                0x08002920                RI_GetRegisterGlobal
 .text.RI_GetRegisterMotor1
                0x08002a54      0x7ac ./Application/User/register_interface.o
                0x08002a54                RI_GetRegisterMotor1
 .text.RI_GetIDSize
                0x08003200       0x18 ./Application/User/register_interface.o
                0x08003200                RI_GetIDSize
 .text.RI_GetPtrReg
                0x08003218      0x130 ./Application/User/register_interface.o
                0x08003218                RI_GetPtrReg
 .text.RCM_RegisterRegConv
                0x08003348      0x1f4 ./Application/User/regular_conversion_manager.o
                0x08003348                RCM_RegisterRegConv
 .text.RCM_ExecRegularConv
                0x0800353c       0x6c ./Application/User/regular_conversion_manager.o
                0x0800353c                RCM_ExecRegularConv
 .text.RCM_ExecUserConv
                0x080035a8       0x58 ./Application/User/regular_conversion_manager.o
                0x080035a8                RCM_ExecUserConv
 .text.USART2_IRQHandler
                0x08003600      0x120 ./Application/User/stm32_mc_common_it.o
                0x08003600                USART2_IRQHandler
 .text.HardFault_Handler
                0x08003720        0x8 ./Application/User/stm32_mc_common_it.o
                0x08003720                HardFault_Handler
 .text.SysTick_Handler
                0x08003728       0x44 ./Application/User/stm32_mc_common_it.o
                0x08003728                SysTick_Handler
 .text.EXTI15_10_IRQHandler
                0x0800376c       0x18 ./Application/User/stm32_mc_common_it.o
                0x0800376c                EXTI15_10_IRQHandler
 .text.ADC1_IRQHandler
                0x08003784        0xc ./Application/User/stm32f30x_mc_it.o
                0x08003784                ADC1_IRQHandler
 .text.TIM1_UP_TIM16_IRQHandler
                0x08003790       0x18 ./Application/User/stm32f30x_mc_it.o
                0x08003790                TIM1_UP_TIM16_IRQHandler
 .text.TIM1_BRK_TIM15_IRQHandler
                0x080037a8       0x3c ./Application/User/stm32f30x_mc_it.o
                0x080037a8                TIM1_BRK_TIM15_IRQHandler
 .text.HAL_MspInit
                0x080037e4       0x34 ./Application/User/stm32f3xx_hal_msp.o
                0x080037e4                HAL_MspInit
 .text.HAL_ADC_MspInit
                0x08003818       0x88 ./Application/User/stm32f3xx_hal_msp.o
                0x08003818                HAL_ADC_MspInit
 .text.HAL_TIM_PWM_MspInit
                0x080038a0       0x74 ./Application/User/stm32f3xx_hal_msp.o
                0x080038a0                HAL_TIM_PWM_MspInit
 *fill*         0x08003914        0x4 
 .text.HAL_TIM_MspPostInit
                0x08003918       0x74 ./Application/User/stm32f3xx_hal_msp.o
                0x08003918                HAL_TIM_MspPostInit
 .text.HAL_UART_MspInit
                0x0800398c       0xc8 ./Application/User/stm32f3xx_hal_msp.o
                0x0800398c                HAL_UART_MspInit
 .text.DMA1_Channel7_IRQHandler
                0x08003a54        0xc ./Application/User/stm32f3xx_it.o
                0x08003a54                DMA1_Channel7_IRQHandler
 .text.UASPEP_INIT
                0x08003a60       0x8c ./Application/User/usart_aspep_driver.o
                0x08003a60                UASPEP_INIT
 .text.UASPEP_CFG_TRANSMISSION
                0x08003aec       0x3c ./Application/User/usart_aspep_driver.o
                0x08003aec                UASPEP_CFG_TRANSMISSION
 .text.UASPEP_CFG_RECEPTION
                0x08003b28       0x3c ./Application/User/usart_aspep_driver.o
                0x08003b28                UASPEP_CFG_RECEPTION
 .text.UASPEP_IDLE_ENABLE
                0x08003b64       0x18 ./Application/User/usart_aspep_driver.o
                0x08003b64                UASPEP_IDLE_ENABLE
 .text.SystemInit
                0x08003b7c       0x14 ./Drivers/CMSIS/system_stm32f3xx.o
                0x08003b7c                SystemInit
 .text.HAL_InitTick
                0x08003b90       0x48 ./Drivers/STM32F3xx_HAL_Driver/stm32f3xx_hal.o
                0x08003b90                HAL_InitTick
 .text.HAL_Init
                0x08003bd8       0x24 ./Drivers/STM32F3xx_HAL_Driver/stm32f3xx_hal.o
                0x08003bd8                HAL_Init
 .text.HAL_IncTick
                0x08003bfc       0x18 ./Drivers/STM32F3xx_HAL_Driver/stm32f3xx_hal.o
                0x08003bfc                HAL_IncTick
 .text.HAL_GetTick
                0x08003c14        0xc ./Drivers/STM32F3xx_HAL_Driver/stm32f3xx_hal.o
                0x08003c14                HAL_GetTick
 .text.HAL_Delay
                0x08003c20       0x24 ./Drivers/STM32F3xx_HAL_Driver/stm32f3xx_hal.o
                0x08003c20                HAL_Delay
 .text.ADC_Disable
                0x08003c44       0x6c ./Drivers/STM32F3xx_HAL_Driver/stm32f3xx_hal_adc_ex.o
 .text.HAL_ADC_Init
                0x08003cb0      0x1e4 ./Drivers/STM32F3xx_HAL_Driver/stm32f3xx_hal_adc_ex.o
                0x08003cb0                HAL_ADC_Init
 .text.HAL_ADC_ConfigChannel
                0x08003e94      0x2f4 ./Drivers/STM32F3xx_HAL_Driver/stm32f3xx_hal_adc_ex.o
                0x08003e94                HAL_ADC_ConfigChannel
 .text.HAL_ADCEx_InjectedConfigChannel
                0x08004188      0x3c0 ./Drivers/STM32F3xx_HAL_Driver/stm32f3xx_hal_adc_ex.o
                0x08004188                HAL_ADCEx_InjectedConfigChannel
 .text.HAL_NVIC_SetPriorityGrouping
                0x08004548       0x24 ./Drivers/STM32F3xx_HAL_Driver/stm32f3xx_hal_cortex.o
                0x08004548                HAL_NVIC_SetPriorityGrouping
 .text.HAL_NVIC_SetPriority
                0x0800456c       0x78 ./Drivers/STM32F3xx_HAL_Driver/stm32f3xx_hal_cortex.o
                0x0800456c                HAL_NVIC_SetPriority
 .text.HAL_NVIC_EnableIRQ
                0x080045e4       0x1c ./Drivers/STM32F3xx_HAL_Driver/stm32f3xx_hal_cortex.o
                0x080045e4                HAL_NVIC_EnableIRQ
 .text.HAL_NVIC_SystemReset
                0x08004600       0x24 ./Drivers/STM32F3xx_HAL_Driver/stm32f3xx_hal_cortex.o
                0x08004600                HAL_NVIC_SystemReset
 .text.HAL_SYSTICK_Config
                0x08004624       0x34 ./Drivers/STM32F3xx_HAL_Driver/stm32f3xx_hal_cortex.o
                0x08004624                HAL_SYSTICK_Config
 .text.HAL_SYSTICK_Callback
                0x08004658        0x4 ./Drivers/STM32F3xx_HAL_Driver/stm32f3xx_hal_cortex.o
                0x08004658                HAL_SYSTICK_Callback
 .text.HAL_SYSTICK_IRQHandler
                0x0800465c        0x8 ./Drivers/STM32F3xx_HAL_Driver/stm32f3xx_hal_cortex.o
                0x0800465c                HAL_SYSTICK_IRQHandler
 .text.HAL_DMA_Init
                0x08004664       0x64 ./Drivers/STM32F3xx_HAL_Driver/stm32f3xx_hal_dma.o
                0x08004664                HAL_DMA_Init
 .text.HAL_DMA_IRQHandler
                0x080046c8       0x94 ./Drivers/STM32F3xx_HAL_Driver/stm32f3xx_hal_dma.o
                0x080046c8                HAL_DMA_IRQHandler
 .text.HAL_GPIO_Init
                0x0800475c      0x1d8 ./Drivers/STM32F3xx_HAL_Driver/stm32f3xx_hal_gpio.o
                0x0800475c                HAL_GPIO_Init
 .text.HAL_GPIO_WritePin
                0x08004934        0xc ./Drivers/STM32F3xx_HAL_Driver/stm32f3xx_hal_gpio.o
                0x08004934                HAL_GPIO_WritePin
 .text.HAL_RCC_OscConfig
                0x08004940      0x584 ./Drivers/STM32F3xx_HAL_Driver/stm32f3xx_hal_rcc.o
                0x08004940                HAL_RCC_OscConfig
 .text.HAL_RCC_ClockConfig
                0x08004ec4      0x1a0 ./Drivers/STM32F3xx_HAL_Driver/stm32f3xx_hal_rcc.o
                0x08004ec4                HAL_RCC_ClockConfig
 .text.HAL_RCC_EnableCSS
                0x08005064       0x1c ./Drivers/STM32F3xx_HAL_Driver/stm32f3xx_hal_rcc.o
                0x08005064                HAL_RCC_EnableCSS
 .text.HAL_RCC_GetSysClockFreq
                0x08005080       0x50 ./Drivers/STM32F3xx_HAL_Driver/stm32f3xx_hal_rcc.o
                0x08005080                HAL_RCC_GetSysClockFreq
 .text.HAL_RCC_GetHCLKFreq
                0x080050d0        0xc ./Drivers/STM32F3xx_HAL_Driver/stm32f3xx_hal_rcc.o
                0x080050d0                HAL_RCC_GetHCLKFreq
 .text.HAL_RCC_GetPCLK1Freq
                0x080050dc       0x30 ./Drivers/STM32F3xx_HAL_Driver/stm32f3xx_hal_rcc.o
                0x080050dc                HAL_RCC_GetPCLK1Freq
 .text.HAL_RCC_GetPCLK2Freq
                0x0800510c       0x30 ./Drivers/STM32F3xx_HAL_Driver/stm32f3xx_hal_rcc.o
                0x0800510c                HAL_RCC_GetPCLK2Freq
 .text.HAL_RCCEx_PeriphCLKConfig
                0x0800513c      0x1ec ./Drivers/STM32F3xx_HAL_Driver/stm32f3xx_hal_rcc_ex.o
                0x0800513c                HAL_RCCEx_PeriphCLKConfig
 .text.TIM_OC1_SetConfig
                0x08005328       0x74 ./Drivers/STM32F3xx_HAL_Driver/stm32f3xx_hal_tim.o
 .text.HAL_TIM_PWM_Init
                0x0800539c       0xfc ./Drivers/STM32F3xx_HAL_Driver/stm32f3xx_hal_tim.o
                0x0800539c                HAL_TIM_PWM_Init
 .text.HAL_TIM_PWM_ConfigChannel
                0x08005498      0x2e8 ./Drivers/STM32F3xx_HAL_Driver/stm32f3xx_hal_tim.o
                0x08005498                HAL_TIM_PWM_ConfigChannel
 .text.HAL_TIMEx_MasterConfigSynchronization
                0x08005780       0x6c ./Drivers/STM32F3xx_HAL_Driver/stm32f3xx_hal_tim_ex.o
                0x08005780                HAL_TIMEx_MasterConfigSynchronization
 .text.HAL_TIMEx_ConfigBreakDeadTime
                0x080057ec       0x84 ./Drivers/STM32F3xx_HAL_Driver/stm32f3xx_hal_tim_ex.o
                0x080057ec                HAL_TIMEx_ConfigBreakDeadTime
 .text.HAL_UART_Transmit
                0x08005870       0xe0 ./Drivers/STM32F3xx_HAL_Driver/stm32f3xx_hal_uart.o
                0x08005870                HAL_UART_Transmit
 .text.UART_AdvFeatureConfig
                0x08005950       0xb0 ./Drivers/STM32F3xx_HAL_Driver/stm32f3xx_hal_uart.o
                0x08005950                UART_AdvFeatureConfig
 .text.UART_CheckIdleState
                0x08005a00      0x250 ./Drivers/STM32F3xx_HAL_Driver/stm32f3xx_hal_uart.o
                0x08005a00                UART_CheckIdleState
 .text.HAL_UART_Init
                0x08005c50      0x1e4 ./Drivers/STM32F3xx_HAL_Driver/stm32f3xx_hal_uart.o
                0x08005c50                HAL_UART_Init
 .text.VBS_GetAvBusVoltage_V
                0x08005e34        0xc ./Middlewares/MotorControl/bus_voltage_sensor.o
                0x08005e34                VBS_GetAvBusVoltage_V
 .text.Circle_Limitation
                0x08005e40       0x5c ./Middlewares/MotorControl/circle_limitation.o
                0x08005e40                Circle_Limitation
 .text.MCPA_dataLog
                0x08005e9c      0x180 ./Middlewares/MotorControl/mcpa.o
                0x08005e9c                MCPA_dataLog
 .text.MCPA_flushDataLog
                0x0800601c       0x5c ./Middlewares/MotorControl/mcpa.o
                0x0800601c                MCPA_flushDataLog
 .text.MCPA_cfgLog
                0x08006078       0xf4 ./Middlewares/MotorControl/mcpa.o
                0x08006078                MCPA_cfgLog
 .text.NTC_SetFaultState
                0x0800616c       0x2c ./Middlewares/MotorControl/ntc_temperature_sensor.o
                0x0800616c                NTC_SetFaultState
 .text.NTC_Init
                0x08006198       0x24 ./Middlewares/MotorControl/ntc_temperature_sensor.o
                0x08006198                NTC_Init
 .text.NTC_CalcAvTemp
                0x080061bc       0x30 ./Middlewares/MotorControl/ntc_temperature_sensor.o
                0x080061bc                NTC_CalcAvTemp
 .text.NTC_GetAvTemp_C
                0x080061ec       0x24 ./Middlewares/MotorControl/ntc_temperature_sensor.o
                0x080061ec                NTC_GetAvTemp_C
 .text.PID_HandleInit
                0x08006210       0x10 ./Middlewares/MotorControl/pid_regulator.o
                0x08006210                PID_HandleInit
 .text.PID_SetKP
                0x08006220        0x4 ./Middlewares/MotorControl/pid_regulator.o
                0x08006220                PID_SetKP
 .text.PID_SetKI
                0x08006224        0x4 ./Middlewares/MotorControl/pid_regulator.o
                0x08006224                PID_SetKI
 .text.PID_GetKP
                0x08006228        0x8 ./Middlewares/MotorControl/pid_regulator.o
                0x08006228                PID_GetKP
 .text.PID_GetKI
                0x08006230        0x8 ./Middlewares/MotorControl/pid_regulator.o
                0x08006230                PID_GetKI
 .text.PID_SetIntegralTerm
                0x08006238        0x4 ./Middlewares/MotorControl/pid_regulator.o
                0x08006238                PID_SetIntegralTerm
 .text.PID_GetKPDivisorPOW2
                0x0800623c        0x4 ./Middlewares/MotorControl/pid_regulator.o
                0x0800623c                PID_GetKPDivisorPOW2
 .text.PID_SetKPDivisorPOW2
                0x08006240        0xc ./Middlewares/MotorControl/pid_regulator.o
                0x08006240                PID_SetKPDivisorPOW2
 .text.PID_GetKIDivisor
                0x0800624c        0x4 ./Middlewares/MotorControl/pid_regulator.o
                0x0800624c                PID_GetKIDivisor
 .text.PID_GetKIDivisorPOW2
                0x08006250        0x4 ./Middlewares/MotorControl/pid_regulator.o
                0x08006250                PID_GetKIDivisorPOW2
 .text.PID_SetLowerIntegralTermLimit
                0x08006254        0x4 ./Middlewares/MotorControl/pid_regulator.o
                0x08006254                PID_SetLowerIntegralTermLimit
 .text.PID_SetUpperIntegralTermLimit
                0x08006258        0x4 ./Middlewares/MotorControl/pid_regulator.o
                0x08006258                PID_SetUpperIntegralTermLimit
 .text.PID_SetKIDivisorPOW2
                0x0800625c       0x28 ./Middlewares/MotorControl/pid_regulator.o
                0x0800625c                PID_SetKIDivisorPOW2
 .text.PID_SetKD
                0x08006284        0x4 ./Middlewares/MotorControl/pid_regulator.o
                0x08006284                PID_SetKD
 .text.PID_GetKD
                0x08006288        0x8 ./Middlewares/MotorControl/pid_regulator.o
                0x08006288                PID_GetKD
 .text.PID_GetKDDivisorPOW2
                0x08006290        0x4 ./Middlewares/MotorControl/pid_regulator.o
                0x08006290                PID_GetKDDivisorPOW2
 .text.PID_SetKDDivisorPOW2
                0x08006294        0xc ./Middlewares/MotorControl/pid_regulator.o
                0x08006294                PID_SetKDDivisorPOW2
 .text.PI_Controller
                0x080062a0       0x80 ./Middlewares/MotorControl/pid_regulator.o
                0x080062a0                PI_Controller
 .text.PQD_CalcElMotorPower
                0x08006320       0x38 ./Middlewares/MotorControl/pqd_motor_power_measurement.o
                0x08006320                PQD_CalcElMotorPower
 .text.PQD_GetAvrgElMotorPowerW
                0x08006358       0x34 ./Middlewares/MotorControl/pqd_motor_power_measurement.o
                0x08006358                PQD_GetAvrgElMotorPowerW
 .text.R3_1_GetPhaseCurrents
                0x0800638c      0x170 ./Middlewares/MotorControl/r3_1_f30x_pwm_curr_fdbk.o
                0x0800638c                R3_1_GetPhaseCurrents
 .text.R3_1_SetADCSampPointPolarization
                0x080064fc       0x3c ./Middlewares/MotorControl/r3_1_f30x_pwm_curr_fdbk.o
                0x080064fc                R3_1_SetADCSampPointPolarization
 .text.R3_1_HFCurrentsPolarizationAB
                0x08006538       0x48 ./Middlewares/MotorControl/r3_1_f30x_pwm_curr_fdbk.o
 .text.R3_1_HFCurrentsPolarizationC
                0x08006580       0x40 ./Middlewares/MotorControl/r3_1_f30x_pwm_curr_fdbk.o
 .text.R3_1_SwitchOnPWM
                0x080065c0       0x8c ./Middlewares/MotorControl/r3_1_f30x_pwm_curr_fdbk.o
                0x080065c0                R3_1_SwitchOnPWM
 .text.R3_1_SwitchOffPWM
                0x0800664c       0x70 ./Middlewares/MotorControl/r3_1_f30x_pwm_curr_fdbk.o
                0x0800664c                R3_1_SwitchOffPWM
 .text.R3_1_RLGetPhaseCurrents
                0x080066bc       0x48 ./Middlewares/MotorControl/r3_1_f30x_pwm_curr_fdbk.o
 .text.R3_1_RLSwitchOnPWM
                0x08006704       0xa8 ./Middlewares/MotorControl/r3_1_f30x_pwm_curr_fdbk.o
 .text.R3_1_TurnOnLowSides
                0x080067ac       0x54 ./Middlewares/MotorControl/r3_1_f30x_pwm_curr_fdbk.o
                0x080067ac                R3_1_TurnOnLowSides
 .text.R3_1_RLTurnOnLowSides
                0x08006800       0x50 ./Middlewares/MotorControl/r3_1_f30x_pwm_curr_fdbk.o
 .text.R3_1_Init
                0x08006850      0x2f0 ./Middlewares/MotorControl/r3_1_f30x_pwm_curr_fdbk.o
                0x08006850                R3_1_Init
 .text.R3_1_SetOffsetCalib
                0x08006b40       0x1c ./Middlewares/MotorControl/r3_1_f30x_pwm_curr_fdbk.o
                0x08006b40                R3_1_SetOffsetCalib
 .text.R3_1_GetOffsetCalib
                0x08006b5c       0x10 ./Middlewares/MotorControl/r3_1_f30x_pwm_curr_fdbk.o
                0x08006b5c                R3_1_GetOffsetCalib
 .text.R3_1_CurrentReadingPolarization
                0x08006b6c      0x124 ./Middlewares/MotorControl/r3_1_f30x_pwm_curr_fdbk.o
                0x08006b6c                R3_1_CurrentReadingPolarization
 .text.R3_1_SetADCSampPointSectX
                0x08006c90       0x7c ./Middlewares/MotorControl/r3_1_f30x_pwm_curr_fdbk.o
                0x08006c90                R3_1_SetADCSampPointSectX
 .text.R3_1_TIMx_UP_IRQHandler
                0x08006d0c       0x38 ./Middlewares/MotorControl/r3_1_f30x_pwm_curr_fdbk.o
                0x08006d0c                R3_1_TIMx_UP_IRQHandler
 .text.R3_1_RLDetectionModeEnable
                0x08006d44       0xd0 ./Middlewares/MotorControl/r3_1_f30x_pwm_curr_fdbk.o
                0x08006d44                R3_1_RLDetectionModeEnable
 .text.R3_1_RLDetectionModeDisable
                0x08006e14      0x140 ./Middlewares/MotorControl/r3_1_f30x_pwm_curr_fdbk.o
                0x08006e14                R3_1_RLDetectionModeDisable
 .text.R3_1_RLDetectionModeSetDuty
                0x08006f54       0x48 ./Middlewares/MotorControl/r3_1_f30x_pwm_curr_fdbk.o
                0x08006f54                R3_1_RLDetectionModeSetDuty
 .text.R3_1_RLTurnOnLowSidesAndStart
                0x08006f9c       0x78 ./Middlewares/MotorControl/r3_1_f30x_pwm_curr_fdbk.o
                0x08006f9c                R3_1_RLTurnOnLowSidesAndStart
 .text.RVBS_Clear
                0x08007014       0x3c ./Middlewares/MotorControl/r_divider_bus_voltage_sensor.o
                0x08007014                RVBS_Clear
 .text.RVBS_Init
                0x08007050        0x8 ./Middlewares/MotorControl/r_divider_bus_voltage_sensor.o
                0x08007050                RVBS_Init
 .text.RVBS_CheckFaultState
                0x08007058       0x50 ./Middlewares/MotorControl/r_divider_bus_voltage_sensor.o
                0x08007058                RVBS_CheckFaultState
 .text.RVBS_CalcAvVbus
                0x080070a8       0x5c ./Middlewares/MotorControl/r_divider_bus_voltage_sensor.o
                0x080070a8                RVBS_CalcAvVbus
 .text.REMNG_Init
                0x08007104       0x10 ./Middlewares/MotorControl/ramp_ext_mngr.o
                0x08007104                REMNG_Init
 .text.REMNG_Calc
                0x08007114       0x44 ./Middlewares/MotorControl/ramp_ext_mngr.o
                0x08007114                REMNG_Calc
 .text.REMNG_RampCompleted
                0x08007158        0xc ./Middlewares/MotorControl/ramp_ext_mngr.o
                0x08007158                REMNG_RampCompleted
 .text.getScalingFactor
                0x08007164       0x38 ./Middlewares/MotorControl/ramp_ext_mngr.o
                0x08007164                getScalingFactor
 .text.REMNG_ExecRamp
                0x0800719c       0x8c ./Middlewares/MotorControl/ramp_ext_mngr.o
                0x0800719c                REMNG_ExecRamp
 .text.RUC_Init
                0x08007228       0x7c ./Middlewares/MotorControl/revup_ctrl.o
                0x08007228                RUC_Init
 .text.RUC_Clear
                0x080072a4       0x98 ./Middlewares/MotorControl/revup_ctrl.o
                0x080072a4                RUC_Clear
 .text.RUC_Exec
                0x0800733c       0x6c ./Middlewares/MotorControl/revup_ctrl.o
                0x0800733c                RUC_Exec
 .text.RUC_FirstAccelerationStageReached
                0x080073a8       0x14 ./Middlewares/MotorControl/revup_ctrl.o
                0x080073a8                RUC_FirstAccelerationStageReached
 .text.SPD_GetAvrgMecSpeedUnit
                0x080073bc        0x8 ./Middlewares/MotorControl/speed_pos_fdbk.o
                0x080073bc                SPD_GetAvrgMecSpeedUnit
 .text.SPD_IsMecSpeedReliable
                0x080073c4       0x6c ./Middlewares/MotorControl/speed_pos_fdbk.o
                0x080073c4                SPD_IsMecSpeedReliable
 .text.SPD_GetS16Speed
                0x08007430       0x14 ./Middlewares/MotorControl/speed_pos_fdbk.o
                0x08007430                SPD_GetS16Speed
 .text.STC_Init
                0x08007444       0x2c ./Middlewares/MotorControl/speed_torq_ctrl.o
                0x08007444                STC_Init
 .text.STC_SetSpeedSensor
                0x08007470        0x4 ./Middlewares/MotorControl/speed_torq_ctrl.o
                0x08007470                STC_SetSpeedSensor
 .text.STC_Clear
                0x08007474       0x10 ./Middlewares/MotorControl/speed_torq_ctrl.o
                0x08007474                STC_Clear
 .text.STC_GetMecSpeedRefUnit
                0x08007484        0x8 ./Middlewares/MotorControl/speed_torq_ctrl.o
                0x08007484                STC_GetMecSpeedRefUnit
 .text.STC_SetControlMode
                0x0800748c        0x8 ./Middlewares/MotorControl/speed_torq_ctrl.o
                0x0800748c                STC_SetControlMode
 .text.STC_ExecRamp
                0x08007494       0x90 ./Middlewares/MotorControl/speed_torq_ctrl.o
                0x08007494                STC_ExecRamp
 .text.STC_CalcTorqueReference
                0x08007524       0x6c ./Middlewares/MotorControl/speed_torq_ctrl.o
                0x08007524                STC_CalcTorqueReference
 .text.STC_GetMecSpeedRefUnitDefault
                0x08007590        0x8 ./Middlewares/MotorControl/speed_torq_ctrl.o
                0x08007590                STC_GetMecSpeedRefUnitDefault
 .text.STC_GetDefaultIqdref
                0x08007598       0x1c ./Middlewares/MotorControl/speed_torq_ctrl.o
                0x08007598                STC_GetDefaultIqdref
 .text.STC_ForceSpeedReferenceToCurrentSpeed
                0x080075b4       0x10 ./Middlewares/MotorControl/speed_torq_ctrl.o
                0x080075b4                STC_ForceSpeedReferenceToCurrentSpeed
 .text.STO_PLL_CalcElAngle
                0x080075c4      0x1e4 ./Middlewares/MotorControl/sto_pll_speed_pos_fdbk.o
                0x080075c4                STO_PLL_CalcElAngle
 .text.STO_PLL_CalcAvrgMecSpeedUnit
                0x080077a8      0x140 ./Middlewares/MotorControl/sto_pll_speed_pos_fdbk.o
                0x080077a8                STO_PLL_CalcAvrgMecSpeedUnit
 .text.STO_PLL_CalcAvrgElSpeedDpp
                0x080078e8       0x58 ./Middlewares/MotorControl/sto_pll_speed_pos_fdbk.o
                0x080078e8                STO_PLL_CalcAvrgElSpeedDpp
 .text.STO_PLL_Clear
                0x08007940       0x4c ./Middlewares/MotorControl/sto_pll_speed_pos_fdbk.o
                0x08007940                STO_PLL_Clear
 .text.STO_PLL_Init
                0x0800798c       0x74 ./Middlewares/MotorControl/sto_pll_speed_pos_fdbk.o
                0x0800798c                STO_PLL_Init
 .text.STO_PLL_IsObserverConverged
                0x08007a00       0xcc ./Middlewares/MotorControl/sto_pll_speed_pos_fdbk.o
                0x08007a00                STO_PLL_IsObserverConverged
 .text.STO_PLL_GetEstimatedBemf
                0x08007acc       0x18 ./Middlewares/MotorControl/sto_pll_speed_pos_fdbk.o
                0x08007acc                STO_PLL_GetEstimatedBemf
 .text.STO_PLL_GetEstimatedCurrent
                0x08007ae4       0x24 ./Middlewares/MotorControl/sto_pll_speed_pos_fdbk.o
                0x08007ae4                STO_PLL_GetEstimatedCurrent
 .text.STO_PLL_GetObserverGains
                0x08007b08       0x10 ./Middlewares/MotorControl/sto_pll_speed_pos_fdbk.o
                0x08007b08                STO_PLL_GetObserverGains
 .text.STO_PLL_SetObserverGains
                0x08007b18        0x8 ./Middlewares/MotorControl/sto_pll_speed_pos_fdbk.o
                0x08007b18                STO_PLL_SetObserverGains
 .text.STO_OTF_ResetPLL
                0x08007b20        0xc ./Middlewares/MotorControl/sto_pll_speed_pos_fdbk.o
                0x08007b20                STO_OTF_ResetPLL
 .text.STO_PLL_IsVarianceTight
                0x08007b2c        0x8 ./Middlewares/MotorControl/sto_pll_speed_pos_fdbk.o
                0x08007b2c                STO_PLL_IsVarianceTight
 .text.STO_PLL_ForceConvergency1
                0x08007b34        0xc ./Middlewares/MotorControl/sto_pll_speed_pos_fdbk.o
                0x08007b34                STO_PLL_ForceConvergency1
 .text.STO_PLL_ForceConvergency2
                0x08007b40        0xc ./Middlewares/MotorControl/sto_pll_speed_pos_fdbk.o
                0x08007b40                STO_PLL_ForceConvergency2
 .text.STO_SetDirection
                0x08007b4c        0x8 ./Middlewares/MotorControl/sto_pll_speed_pos_fdbk.o
                0x08007b4c                STO_SetDirection
 .text.VSS_Clear
                0x08007b54       0x1c ./Middlewares/MotorControl/virtual_speed_sensor.o
                0x08007b54                VSS_Clear
 .text.VSS_Init
                0x08007b70        0x8 ./Middlewares/MotorControl/virtual_speed_sensor.o
                0x08007b70                VSS_Init
 .text.VSS_CalcElAngle
                0x08007b78       0xa4 ./Middlewares/MotorControl/virtual_speed_sensor.o
                0x08007b78                VSS_CalcElAngle
 .text.VSS_CalcAvrgMecSpeedUnit
                0x08007c1c       0xa4 ./Middlewares/MotorControl/virtual_speed_sensor.o
                0x08007c1c                VSS_CalcAvrgMecSpeedUnit
 .text.VSS_SetMecAcceleration
                0x08007cc0       0x78 ./Middlewares/MotorControl/virtual_speed_sensor.o
                0x08007cc0                VSS_SetMecAcceleration
 .text.VSS_SetStartTransition
                0x08007d38       0x1c ./Middlewares/MotorControl/virtual_speed_sensor.o
                0x08007d38                VSS_SetStartTransition
 .text.VSS_TransitionEnded
                0x08007d54        0x8 ./Middlewares/MotorControl/virtual_speed_sensor.o
                0x08007d54                VSS_TransitionEnded
 .text.memset   0x08007d5c       0x10 C:/ST/STM32CubeIDE_1.16.1/STM32CubeIDE/plugins/com.st.stm32cube.ide.mcu.externaltools.gnu-tools-for-stm32.12.3.rel1.win32_1.0.200.202406191623/tools/bin/../lib/gcc/arm-none-eabi/12.3.1/../../../../arm-none-eabi/lib/thumb/v7e-m+fp/hard\libc_nano.a(libc_a-memset.o)
                0x08007d5c                memset
 .text.__libc_init_array
                0x08007d6c       0x48 C:/ST/STM32CubeIDE_1.16.1/STM32CubeIDE/plugins/com.st.stm32cube.ide.mcu.externaltools.gnu-tools-for-stm32.12.3.rel1.win32_1.0.200.202406191623/tools/bin/../lib/gcc/arm-none-eabi/12.3.1/../../../../arm-none-eabi/lib/thumb/v7e-m+fp/hard\libc_nano.a(libc_a-init.o)
                0x08007d6c                __libc_init_array
 .text.memcpy   0x08007db4       0x1c C:/ST/STM32CubeIDE_1.16.1/STM32CubeIDE/plugins/com.st.stm32cube.ide.mcu.externaltools.gnu-tools-for-stm32.12.3.rel1.win32_1.0.200.202406191623/tools/bin/../lib/gcc/arm-none-eabi/12.3.1/../../../../arm-none-eabi/lib/thumb/v7e-m+fp/hard\libc_nano.a(libc_a-memcpy-stub.o)
                0x08007db4                memcpy
 *(.glue_7)
 .glue_7        0x08007dd0        0x0 linker stubs
 *(.glue_7t)
 .glue_7t       0x08007dd0        0x0 linker stubs
 *(.eh_frame)
 .eh_frame      0x08007dd0        0x0 C:/ST/STM32CubeIDE_1.16.1/STM32CubeIDE/plugins/com.st.stm32cube.ide.mcu.externaltools.gnu-tools-for-stm32.12.3.rel1.win32_1.0.200.202406191623/tools/bin/../lib/gcc/arm-none-eabi/12.3.1/thumb/v7e-m+fp/hard/crtbegin.o
 *(.init)
 .init          0x08007dd0        0x4 C:/ST/STM32CubeIDE_1.16.1/STM32CubeIDE/plugins/com.st.stm32cube.ide.mcu.externaltools.gnu-tools-for-stm32.12.3.rel1.win32_1.0.200.202406191623/tools/bin/../lib/gcc/arm-none-eabi/12.3.1/thumb/v7e-m+fp/hard/crti.o
                0x08007dd0                _init
 .init          0x08007dd4        0x8 C:/ST/STM32CubeIDE_1.16.1/STM32CubeIDE/plugins/com.st.stm32cube.ide.mcu.externaltools.gnu-tools-for-stm32.12.3.rel1.win32_1.0.200.202406191623/tools/bin/../lib/gcc/arm-none-eabi/12.3.1/thumb/v7e-m+fp/hard/crtn.o
 *(.fini)
 .fini          0x08007ddc        0x4 C:/ST/STM32CubeIDE_1.16.1/STM32CubeIDE/plugins/com.st.stm32cube.ide.mcu.externaltools.gnu-tools-for-stm32.12.3.rel1.win32_1.0.200.202406191623/tools/bin/../lib/gcc/arm-none-eabi/12.3.1/thumb/v7e-m+fp/hard/crti.o
                0x08007ddc                _fini
 .fini          0x08007de0        0x8 C:/ST/STM32CubeIDE_1.16.1/STM32CubeIDE/plugins/com.st.stm32cube.ide.mcu.externaltools.gnu-tools-for-stm32.12.3.rel1.win32_1.0.200.202406191623/tools/bin/../lib/gcc/arm-none-eabi/12.3.1/thumb/v7e-m+fp/hard/crtn.o
                0x08007de8                        . = ALIGN (0x4)
                0x08007de8                        _etext = .

.vfp11_veneer   0x08007de8        0x0
 .vfp11_veneer  0x08007de8        0x0 linker stubs

.v4_bx          0x08007de8        0x0
 .v4_bx         0x08007de8        0x0 linker stubs

.iplt           0x08007de8        0x0
 .iplt          0x08007de8        0x0 C:/ST/STM32CubeIDE_1.16.1/STM32CubeIDE/plugins/com.st.stm32cube.ide.mcu.externaltools.gnu-tools-for-stm32.12.3.rel1.win32_1.0.200.202406191623/tools/bin/../lib/gcc/arm-none-eabi/12.3.1/thumb/v7e-m+fp/hard/crtbegin.o

.rodata         0x08007de8      0x450
                0x08007de8                        . = ALIGN (0x4)
 *(.rodata)
 *(.rodata*)
 .rodata.CRC4_Lookup4
                0x08007de8       0x10 ./Application/User/aspep.o
 .rodata.CRC4_Lookup8
                0x08007df8      0x100 ./Application/User/aspep.o
 .rodata.M1_FOCConfig_reg
                0x08007ef8        0xe ./Application/User/mc_configuration_registers.o
 *fill*         0x08007f06        0x2 
 .rodata.M1_MotorConfig_reg
                0x08007f08       0x3c ./Application/User/mc_configuration_registers.o
 .rodata.M1_ApplicationConfig_reg
                0x08007f44       0x10 ./Application/User/mc_configuration_registers.o
 .rodata.globalConfig_reg
                0x08007f54        0xa ./Application/User/mc_configuration_registers.o
                0x08007f54                globalConfig_reg
 *fill*         0x08007f5e        0x2 
 .rodata.FIRMWARE_NAME
                0x08007f60       0x14 ./Application/User/mc_configuration_registers.o
                0x08007f60                FIRMWARE_NAME
 .rodata.M1_PWR_BOARD
                0x08007f74       0x11 ./Application/User/mc_configuration_registers.o
 *fill*         0x08007f85        0x3 
 .rodata.CTL_BOARD
                0x08007f88        0xe ./Application/User/mc_configuration_registers.o
                0x08007f88                CTL_BOARD
 *fill*         0x08007f96        0x2 
 .rodata.hSin_Cos_Table
                0x08007f98      0x200 ./Application/User/mc_math.o
                0x08007f98                hSin_Cos_Table
 .rodata.R3_1_ParamsM1
                0x08008198       0x48 ./Application/User/mc_parameters.o
                0x08008198                R3_1_ParamsM1
 .rodata.CSWTCH.49
                0x080081e0       0x11 ./Application/User/register_interface.o
 *fill*         0x080081f1        0x3 
 .rodata.CHANNEL_OFFSET_TAB
                0x080081f4        0x7 ./Application/User/usart_aspep_driver.o
 *fill*         0x080081fb        0x1 
 .rodata.APBPrescTable
                0x080081fc        0x8 ./Drivers/CMSIS/system_stm32f3xx.o
                0x080081fc                APBPrescTable
 .rodata.AHBPrescTable
                0x08008204       0x10 ./Drivers/CMSIS/system_stm32f3xx.o
                0x08008204                AHBPrescTable
 .rodata.aPredivFactorTable
                0x08008214       0x10 ./Drivers/STM32F3xx_HAL_Driver/stm32f3xx_hal_rcc.o
 .rodata.aPLLMULFactorTable
                0x08008224       0x10 ./Drivers/STM32F3xx_HAL_Driver/stm32f3xx_hal_rcc.o
 .rodata.CSWTCH.53
                0x08008234        0x3 ./Drivers/STM32F3xx_HAL_Driver/stm32f3xx_hal_uart.o
                0x08008238                        . = ALIGN (0x4)
 *fill*         0x08008237        0x1 

.ARM.extab      0x08008238        0x0
                0x08008238                        . = ALIGN (0x4)
 *(.ARM.extab* .gnu.linkonce.armextab.*)
                0x08008238                        . = ALIGN (0x4)

.ARM            0x08008238        0x0
                0x08008238                        . = ALIGN (0x4)
                0x08008238                        __exidx_start = .
 *(.ARM.exidx*)
                0x08008238                        __exidx_end = .
                0x08008238                        . = ALIGN (0x4)

.preinit_array  0x08008238        0x0
                0x08008238                        . = ALIGN (0x4)
                0x08008238                        PROVIDE (__preinit_array_start = .)
 *(.preinit_array*)
                0x08008238                        PROVIDE (__preinit_array_end = .)
                0x08008238                        . = ALIGN (0x4)

.init_array     0x08008238        0x4
                0x08008238                        . = ALIGN (0x4)
                0x08008238                        PROVIDE (__init_array_start = .)
 *(SORT_BY_NAME(.init_array.*))
 *(.init_array*)
 .init_array    0x08008238        0x4 C:/ST/STM32CubeIDE_1.16.1/STM32CubeIDE/plugins/com.st.stm32cube.ide.mcu.externaltools.gnu-tools-for-stm32.12.3.rel1.win32_1.0.200.202406191623/tools/bin/../lib/gcc/arm-none-eabi/12.3.1/thumb/v7e-m+fp/hard/crtbegin.o
                0x0800823c                        PROVIDE (__init_array_end = .)
                0x0800823c                        . = ALIGN (0x4)

.fini_array     0x0800823c        0x4
                0x0800823c                        . = ALIGN (0x4)
                [!provide]                        PROVIDE (__fini_array_start = .)
 *(SORT_BY_NAME(.fini_array.*))
 *(.fini_array*)
 .fini_array    0x0800823c        0x4 C:/ST/STM32CubeIDE_1.16.1/STM32CubeIDE/plugins/com.st.stm32cube.ide.mcu.externaltools.gnu-tools-for-stm32.12.3.rel1.win32_1.0.200.202406191623/tools/bin/../lib/gcc/arm-none-eabi/12.3.1/thumb/v7e-m+fp/hard/crtbegin.o
                [!provide]                        PROVIDE (__fini_array_end = .)
                0x08008240                        . = ALIGN (0x4)
                0x08008240                        _sidata = LOADADDR (.data)

.rel.dyn        0x08008240        0x0
 .rel.iplt      0x08008240        0x0 C:/ST/STM32CubeIDE_1.16.1/STM32CubeIDE/plugins/com.st.stm32cube.ide.mcu.externaltools.gnu-tools-for-stm32.12.3.rel1.win32_1.0.200.202406191623/tools/bin/../lib/gcc/arm-none-eabi/12.3.1/thumb/v7e-m+fp/hard/crtbegin.o

.data           0x20000000      0x504 load address 0x08008240
                0x20000000                        . = ALIGN (0x4)
                0x20000000                        _sdata = .
 *(.data)
 *(.data*)
 .data.tx_buffer
                0x20000000        0xe ./Application/User/main.o
                0x20000000                tx_buffer
 *fill*         0x2000000e        0x2 
 .data.Mci      0x20000010       0x28 ./Application/User/mc_config.o
                0x20000010                Mci
 .data.pMPM     0x20000038        0x4 ./Application/User/mc_config.o
                0x20000038                pMPM
 .data.pPIDId   0x2000003c        0x4 ./Application/User/mc_config.o
                0x2000003c                pPIDId
 .data.pPIDIq   0x20000040        0x4 ./Application/User/mc_config.o
                0x20000040                pPIDIq
 .data.pSTC     0x20000044        0x4 ./Application/User/mc_config.o
                0x20000044                pSTC
 .data.CircleLimitationM1
                0x20000048        0x4 ./Application/User/mc_config.o
                0x20000048                CircleLimitationM1
 .data.RampExtMngrHFParamsM1
                0x2000004c       0x18 ./Application/User/mc_config.o
                0x2000004c                RampExtMngrHFParamsM1
 .data.STO_M1   0x20000064       0x14 ./Application/User/mc_config.o
                0x20000064                STO_M1
 .data.STO_PLL_M1
                0x20000078      0x128 ./Application/User/mc_config.o
                0x20000078                STO_PLL_M1
 .data.PWM_Handle_M1
                0x200001a0       0xa0 ./Application/User/mc_config.o
                0x200001a0                PWM_Handle_M1
 .data.RevUpControlM1
                0x20000240       0x78 ./Application/User/mc_config.o
                0x20000240                RevUpControlM1
 .data.SpeednTorqCtrlM1
                0x200002b8       0x34 ./Application/User/mc_config.o
                0x200002b8                SpeednTorqCtrlM1
 .data.PIDIdHandle_M1
                0x200002ec       0x2c ./Application/User/mc_config.o
                0x200002ec                PIDIdHandle_M1
 .data.PIDIqHandle_M1
                0x20000318       0x2c ./Application/User/mc_config.o
                0x20000318                PIDIqHandle_M1
 .data.PIDSpeedHandle_M1
                0x20000344       0x2c ./Application/User/mc_config.o
                0x20000344                PIDSpeedHandle_M1
 .data.PQD_MotorPowMeasM1
                0x20000370       0x10 ./Application/User/mc_config.o
                0x20000370                PQD_MotorPowMeasM1
 .data.BusVoltageSensor_M1
                0x20000380       0x1c ./Application/User/mc_config_common.o
                0x20000380                BusVoltageSensor_M1
 .data.VbusRegConv_M1
                0x2000039c       0x10 ./Application/User/mc_config_common.o
                0x2000039c                VbusRegConv_M1
 .data.TempSensor_M1
                0x200003ac       0x1c ./Application/User/mc_config_common.o
                0x200003ac                TempSensor_M1
 .data.TempRegConv_M1
                0x200003c8       0x10 ./Application/User/mc_config_common.o
                0x200003c8                TempRegConv_M1
 .data.VirtualSpeedSensorM1
                0x200003d8       0x38 ./Application/User/mc_config_common.o
                0x200003d8                VirtualSpeedSensorM1
 .data.ApplicationConfig_reg
                0x20000410        0x4 ./Application/User/mc_configuration_registers.o
                0x20000410                ApplicationConfig_reg
 .data.MotorConfig_reg
                0x20000414        0x4 ./Application/User/mc_configuration_registers.o
                0x20000414                MotorConfig_reg
 .data.FOCConfig_reg
                0x20000418        0x4 ./Application/User/mc_configuration_registers.o
                0x20000418                FOCConfig_reg
 .data.PWR_BOARD_NAME
                0x2000041c        0x4 ./Application/User/mc_configuration_registers.o
                0x2000041c                PWR_BOARD_NAME
 .data.scaleParams_M1
                0x20000420       0x10 ./Application/User/mc_parameters.o
                0x20000420                scaleParams_M1
 .data.MCPA_UART_A
                0x20000430       0x2c ./Application/User/mcp_config.o
                0x20000430                MCPA_UART_A
 .data.MCP_Over_UartA
                0x2000045c       0x10 ./Application/User/mcp_config.o
                0x2000045c                MCP_Over_UartA
 .data.aspepOverUartA
                0x2000046c       0x74 ./Application/User/mcp_config.o
                0x2000046c                aspepOverUartA
 .data.UASPEP_A
                0x200004e0       0x14 ./Application/User/mcp_config.o
 .data.SystickDividerCounter.0
                0x200004f4        0x1 ./Application/User/stm32_mc_common_it.o
 *fill*         0x200004f5        0x3 
 .data.SystemCoreClock
                0x200004f8        0x4 ./Drivers/CMSIS/system_stm32f3xx.o
                0x200004f8                SystemCoreClock
 .data.uwTickFreq
                0x200004fc        0x1 ./Drivers/STM32F3xx_HAL_Driver/stm32f3xx_hal.o
                0x200004fc                uwTickFreq
 *fill*         0x200004fd        0x3 
 .data.uwTickPrio
                0x20000500        0x4 ./Drivers/STM32F3xx_HAL_Driver/stm32f3xx_hal.o
                0x20000500                uwTickPrio
 *(.RamFunc)
 *(.RamFunc*)
                0x20000504                        . = ALIGN (0x4)
                0x20000504                        _edata = .

.igot.plt       0x20000504        0x0 load address 0x08008744
 .igot.plt      0x20000504        0x0 C:/ST/STM32CubeIDE_1.16.1/STM32CubeIDE/plugins/com.st.stm32cube.ide.mcu.externaltools.gnu-tools-for-stm32.12.3.rel1.win32_1.0.200.202406191623/tools/bin/../lib/gcc/arm-none-eabi/12.3.1/thumb/v7e-m+fp/hard/crtbegin.o
                0x20000504                        . = ALIGN (0x4)

.bss            0x20000504     0x13e0 load address 0x08008744
                0x20000504                        _sbss = .
                0x20000504                        __bss_start__ = _sbss
 *(.bss)
 .bss           0x20000504       0x1c C:/ST/STM32CubeIDE_1.16.1/STM32CubeIDE/plugins/com.st.stm32cube.ide.mcu.externaltools.gnu-tools-for-stm32.12.3.rel1.win32_1.0.200.202406191623/tools/bin/../lib/gcc/arm-none-eabi/12.3.1/thumb/v7e-m+fp/hard/crtbegin.o
 *(.bss*)
 .bss.hdma_usart2_tx
                0x20000520       0x44 ./Application/User/main.o
                0x20000520                hdma_usart2_tx
 .bss.hdma_usart2_rx
                0x20000564       0x44 ./Application/User/main.o
                0x20000564                hdma_usart2_rx
 .bss.huart2    0x200005a8       0x88 ./Application/User/main.o
                0x200005a8                huart2
 .bss.htim1     0x20000630       0x4c ./Application/User/main.o
                0x20000630                htim1
 .bss.hadc1     0x2000067c       0x50 ./Application/User/main.o
                0x2000067c                hadc1
 .bss.pREMNG    0x200006cc        0x4 ./Application/User/mc_config.o
                0x200006cc                pREMNG
 .bss.FOCVars   0x200006d0       0x26 ./Application/User/mc_config.o
                0x200006d0                FOCVars
 *fill*         0x200006f6        0x2 
 .bss.pwmcHandle
                0x200006f8        0x4 ./Application/User/mc_config_common.o
                0x200006f8                pwmcHandle
 .bss.RealBusVoltageSensorFilterBufferM1
                0x200006fc        0xc ./Application/User/mc_config_common.o
 .bss.bMCBootCompleted
                0x20000708        0x1 ./Application/User/mc_tasks.o
 *fill*         0x20000709        0x1 
 .bss.hStopPermanencyCounterM1
                0x2000070a        0x2 ./Application/User/mc_tasks.o
 .bss.hBootCapDelayCounterM1
                0x2000070c        0x2 ./Application/User/mc_tasks.o
 .bss.hMFTaskCounterM1
                0x2000070e        0x2 ./Application/User/mc_tasks.o
 .bss.MCP_UserCallBack
                0x20000710        0x8 ./Application/User/mcp_config.o
                0x20000710                MCP_UserCallBack
 .bss.dataSizeTableBuffA
                0x20000718        0xa ./Application/User/mcp_config.o
 *fill*         0x20000722        0x2 
 .bss.dataSizeTableA
                0x20000724        0xa ./Application/User/mcp_config.o
 *fill*         0x2000072e        0x2 
 .bss.dataPtrTableBuffA
                0x20000730       0x28 ./Application/User/mcp_config.o
 .bss.dataPtrTableA
                0x20000758       0x28 ./Application/User/mcp_config.o
 .bss.MCPAsyncBuffUARTA_B
                0x20000780      0x806 ./Application/User/mcp_config.o
 *fill*         0x20000f86        0x2 
 .bss.MCPAsyncBuffUARTA_A
                0x20000f88      0x806 ./Application/User/mcp_config.o
 *fill*         0x2000178e        0x2 
 .bss.MCPSyncRXBuff
                0x20001790       0x82 ./Application/User/mcp_config.o
 *fill*         0x20001812        0x2 
 .bss.MCPSyncTxBuff
                0x20001814       0x86 ./Application/User/mcp_config.o
 *fill*         0x2000189a        0x2 
 .bss.pMCI      0x2000189c        0x4 ./Application/User/motorcontrol.o
                0x2000189c                pMCI
 .bss.nullData16.0
                0x200018a0        0x2 ./Application/User/register_interface.o
 *fill*         0x200018a2        0x2 
 .bss.RCM_UserConvHandle
                0x200018a4        0x4 ./Application/User/regular_conversion_manager.o
 .bss.RCM_UserConvState
                0x200018a8        0x1 ./Application/User/regular_conversion_manager.o
 *fill*         0x200018a9        0x1 
 .bss.RCM_UserConvValue
                0x200018aa        0x2 ./Application/User/regular_conversion_manager.o
 .bss.RCM_CB_array
                0x200018ac       0x20 ./Application/User/regular_conversion_manager.o
 .bss.RCM_handle_array
                0x200018cc       0x10 ./Application/User/regular_conversion_manager.o
 .bss.uwTick    0x200018dc        0x4 ./Drivers/STM32F3xx_HAL_Driver/stm32f3xx_hal.o
                0x200018dc                uwTick
 .bss.GLOBAL_TIMESTAMP
                0x200018e0        0x4 ./Middlewares/MotorControl/mcpa.o
                0x200018e0                GLOBAL_TIMESTAMP
 *(COMMON)
                0x200018e4                        . = ALIGN (0x4)
                0x200018e4                        _ebss = .
                0x200018e4                        __bss_end__ = _ebss

._user_heap_stack
                0x200018e4      0x604 load address 0x08008744
                0x200018e8                        . = ALIGN (0x8)
 *fill*         0x200018e4        0x4 
                [!provide]                        PROVIDE (end = .)
                0x200018e8                        PROVIDE (_end = .)
                0x20001ae8                        . = (. + _Min_Heap_Size)
 *fill*         0x200018e8      0x200 
                0x20001ee8                        . = (. + _Min_Stack_Size)
 *fill*         0x20001ae8      0x400 
                0x20001ee8                        . = ALIGN (0x8)

/DISCARD/
 libc.a(*)
 libm.a(*)
 libgcc.a(*)

.ARM.attributes
                0x00000000       0x30
 *(.ARM.attributes)
 .ARM.attributes
                0x00000000       0x22 C:/ST/STM32CubeIDE_1.16.1/STM32CubeIDE/plugins/com.st.stm32cube.ide.mcu.externaltools.gnu-tools-for-stm32.12.3.rel1.win32_1.0.200.202406191623/tools/bin/../lib/gcc/arm-none-eabi/12.3.1/thumb/v7e-m+fp/hard/crti.o
 .ARM.attributes
                0x00000022       0x34 C:/ST/STM32CubeIDE_1.16.1/STM32CubeIDE/plugins/com.st.stm32cube.ide.mcu.externaltools.gnu-tools-for-stm32.12.3.rel1.win32_1.0.200.202406191623/tools/bin/../lib/gcc/arm-none-eabi/12.3.1/thumb/v7e-m+fp/hard/crtbegin.o
 .ARM.attributes
                0x00000056       0x21 ./Application/Startup/startup_stm32f302r8tx.o
 .ARM.attributes
                0x00000077       0x30 ./Application/User/aspep.o
 .ARM.attributes
                0x000000a7       0x30 ./Application/User/main.o
 .ARM.attributes
                0x000000d7       0x30 ./Application/User/mc_api.o
 .ARM.attributes
                0x00000107       0x30 ./Application/User/mc_app_hooks.o
 .ARM.attributes
                0x00000137       0x30 ./Application/User/mc_config.o
 .ARM.attributes
                0x00000167       0x30 ./Application/User/mc_config_common.o
 .ARM.attributes
                0x00000197       0x30 ./Application/User/mc_configuration_registers.o
 .ARM.attributes
                0x000001c7       0x30 ./Application/User/mc_interface.o
 .ARM.attributes
                0x000001f7       0x30 ./Application/User/mc_math.o
 .ARM.attributes
                0x00000227       0x30 ./Application/User/mc_parameters.o
 .ARM.attributes
                0x00000257       0x30 ./Application/User/mc_tasks.o
 .ARM.attributes
                0x00000287       0x30 ./Application/User/mc_tasks_foc.o
 .ARM.attributes
                0x000002b7       0x30 ./Application/User/mcp.o
 .ARM.attributes
                0x000002e7       0x30 ./Application/User/mcp_config.o
 .ARM.attributes
                0x00000317       0x30 ./Application/User/motorcontrol.o
 .ARM.attributes
                0x00000347       0x30 ./Application/User/pwm_common.o
 .ARM.attributes
                0x00000377       0x30 ./Application/User/pwm_curr_fdbk.o
 .ARM.attributes
                0x000003a7       0x30 ./Application/User/register_interface.o
 .ARM.attributes
                0x000003d7       0x30 ./Application/User/regular_conversion_manager.o
 .ARM.attributes
                0x00000407       0x30 ./Application/User/stm32_mc_common_it.o
 .ARM.attributes
                0x00000437       0x30 ./Application/User/stm32f30x_mc_it.o
 .ARM.attributes
                0x00000467       0x30 ./Application/User/stm32f3xx_hal_msp.o
 .ARM.attributes
                0x00000497       0x30 ./Application/User/stm32f3xx_it.o
 .ARM.attributes
                0x000004c7       0x30 ./Application/User/usart_aspep_driver.o
 .ARM.attributes
                0x000004f7       0x30 ./Drivers/CMSIS/system_stm32f3xx.o
 .ARM.attributes
                0x00000527       0x30 ./Drivers/STM32F3xx_HAL_Driver/stm32f3xx_hal.o
 .ARM.attributes
                0x00000557       0x30 ./Drivers/STM32F3xx_HAL_Driver/stm32f3xx_hal_adc_ex.o
 .ARM.attributes
                0x00000587       0x30 ./Drivers/STM32F3xx_HAL_Driver/stm32f3xx_hal_cortex.o
 .ARM.attributes
                0x000005b7       0x30 ./Drivers/STM32F3xx_HAL_Driver/stm32f3xx_hal_dma.o
 .ARM.attributes
                0x000005e7       0x30 ./Drivers/STM32F3xx_HAL_Driver/stm32f3xx_hal_gpio.o
 .ARM.attributes
                0x00000617       0x30 ./Drivers/STM32F3xx_HAL_Driver/stm32f3xx_hal_rcc.o
 .ARM.attributes
                0x00000647       0x30 ./Drivers/STM32F3xx_HAL_Driver/stm32f3xx_hal_rcc_ex.o
 .ARM.attributes
                0x00000677       0x30 ./Drivers/STM32F3xx_HAL_Driver/stm32f3xx_hal_tim.o
 .ARM.attributes
                0x000006a7       0x30 ./Drivers/STM32F3xx_HAL_Driver/stm32f3xx_hal_tim_ex.o
 .ARM.attributes
                0x000006d7       0x30 ./Drivers/STM32F3xx_HAL_Driver/stm32f3xx_hal_uart.o
 .ARM.attributes
                0x00000707       0x30 ./Middlewares/MotorControl/bus_voltage_sensor.o
 .ARM.attributes
                0x00000737       0x30 ./Middlewares/MotorControl/circle_limitation.o
 .ARM.attributes
                0x00000767       0x30 ./Middlewares/MotorControl/mcpa.o
 .ARM.attributes
                0x00000797       0x30 ./Middlewares/MotorControl/ntc_temperature_sensor.o
 .ARM.attributes
                0x000007c7       0x30 ./Middlewares/MotorControl/pid_regulator.o
 .ARM.attributes
                0x000007f7       0x30 ./Middlewares/MotorControl/pqd_motor_power_measurement.o
 .ARM.attributes
                0x00000827       0x30 ./Middlewares/MotorControl/r3_1_f30x_pwm_curr_fdbk.o
 .ARM.attributes
                0x00000857       0x30 ./Middlewares/MotorControl/r_divider_bus_voltage_sensor.o
 .ARM.attributes
                0x00000887       0x30 ./Middlewares/MotorControl/ramp_ext_mngr.o
 .ARM.attributes
                0x000008b7       0x30 ./Middlewares/MotorControl/revup_ctrl.o
 .ARM.attributes
                0x000008e7       0x30 ./Middlewares/MotorControl/speed_pos_fdbk.o
 .ARM.attributes
                0x00000917       0x30 ./Middlewares/MotorControl/speed_torq_ctrl.o
 .ARM.attributes
                0x00000947       0x30 ./Middlewares/MotorControl/sto_pll_speed_pos_fdbk.o
 .ARM.attributes
                0x00000977       0x30 ./Middlewares/MotorControl/virtual_speed_sensor.o
 .ARM.attributes
                0x000009a7       0x34 C:/ST/STM32CubeIDE_1.16.1/STM32CubeIDE/plugins/com.st.stm32cube.ide.mcu.externaltools.gnu-tools-for-stm32.12.3.rel1.win32_1.0.200.202406191623/tools/bin/../lib/gcc/arm-none-eabi/12.3.1/../../../../arm-none-eabi/lib/thumb/v7e-m+fp/hard\libc_nano.a(libc_a-memset.o)
 .ARM.attributes
                0x000009db       0x34 C:/ST/STM32CubeIDE_1.16.1/STM32CubeIDE/plugins/com.st.stm32cube.ide.mcu.externaltools.gnu-tools-for-stm32.12.3.rel1.win32_1.0.200.202406191623/tools/bin/../lib/gcc/arm-none-eabi/12.3.1/../../../../arm-none-eabi/lib/thumb/v7e-m+fp/hard\libc_nano.a(libc_a-init.o)
 .ARM.attributes
                0x00000a0f       0x34 C:/ST/STM32CubeIDE_1.16.1/STM32CubeIDE/plugins/com.st.stm32cube.ide.mcu.externaltools.gnu-tools-for-stm32.12.3.rel1.win32_1.0.200.202406191623/tools/bin/../lib/gcc/arm-none-eabi/12.3.1/../../../../arm-none-eabi/lib/thumb/v7e-m+fp/hard\libc_nano.a(libc_a-memcpy-stub.o)
 .ARM.attributes
                0x00000a43       0x22 C:/ST/STM32CubeIDE_1.16.1/STM32CubeIDE/plugins/com.st.stm32cube.ide.mcu.externaltools.gnu-tools-for-stm32.12.3.rel1.win32_1.0.200.202406191623/tools/bin/../lib/gcc/arm-none-eabi/12.3.1/thumb/v7e-m+fp/hard/crtn.o
OUTPUT(motor_controller.elf elf32-littlearm)
LOAD linker stubs
LOAD C:/ST/STM32CubeIDE_1.16.1/STM32CubeIDE/plugins/com.st.stm32cube.ide.mcu.externaltools.gnu-tools-for-stm32.12.3.rel1.win32_1.0.200.202406191623/tools/bin/../lib/gcc/arm-none-eabi/12.3.1/../../../../arm-none-eabi/lib/thumb/v7e-m+fp/hard\libc.a
LOAD C:/ST/STM32CubeIDE_1.16.1/STM32CubeIDE/plugins/com.st.stm32cube.ide.mcu.externaltools.gnu-tools-for-stm32.12.3.rel1.win32_1.0.200.202406191623/tools/bin/../lib/gcc/arm-none-eabi/12.3.1/../../../../arm-none-eabi/lib/thumb/v7e-m+fp/hard\libm.a
LOAD C:/ST/STM32CubeIDE_1.16.1/STM32CubeIDE/plugins/com.st.stm32cube.ide.mcu.externaltools.gnu-tools-for-stm32.12.3.rel1.win32_1.0.200.202406191623/tools/bin/../lib/gcc/arm-none-eabi/12.3.1/thumb/v7e-m+fp/hard\libgcc.a

.comment        0x00000000       0x43
 .comment       0x00000000       0x43 ./Application/User/aspep.o
                                 0x44 (size before relaxing)
 .comment       0x00000043       0x44 ./Application/User/main.o
 .comment       0x00000043       0x44 ./Application/User/mc_api.o
 .comment       0x00000043       0x44 ./Application/User/mc_app_hooks.o
 .comment       0x00000043       0x44 ./Application/User/mc_config.o
 .comment       0x00000043       0x44 ./Application/User/mc_config_common.o
 .comment       0x00000043       0x44 ./Application/User/mc_configuration_registers.o
 .comment       0x00000043       0x44 ./Application/User/mc_interface.o
 .comment       0x00000043       0x44 ./Application/User/mc_math.o
 .comment       0x00000043       0x44 ./Application/User/mc_parameters.o
 .comment       0x00000043       0x44 ./Application/User/mc_tasks.o
 .comment       0x00000043       0x44 ./Application/User/mc_tasks_foc.o
 .comment       0x00000043       0x44 ./Application/User/mcp.o
 .comment       0x00000043       0x44 ./Application/User/mcp_config.o
 .comment       0x00000043       0x44 ./Application/User/motorcontrol.o
 .comment       0x00000043       0x44 ./Application/User/pwm_common.o
 .comment       0x00000043       0x44 ./Application/User/pwm_curr_fdbk.o
 .comment       0x00000043       0x44 ./Application/User/register_interface.o
 .comment       0x00000043       0x44 ./Application/User/regular_conversion_manager.o
 .comment       0x00000043       0x44 ./Application/User/stm32_mc_common_it.o
 .comment       0x00000043       0x44 ./Application/User/stm32f30x_mc_it.o
 .comment       0x00000043       0x44 ./Application/User/stm32f3xx_hal_msp.o
 .comment       0x00000043       0x44 ./Application/User/stm32f3xx_it.o
 .comment       0x00000043       0x44 ./Application/User/usart_aspep_driver.o
 .comment       0x00000043       0x44 ./Drivers/CMSIS/system_stm32f3xx.o
 .comment       0x00000043       0x44 ./Drivers/STM32F3xx_HAL_Driver/stm32f3xx_hal.o
 .comment       0x00000043       0x44 ./Drivers/STM32F3xx_HAL_Driver/stm32f3xx_hal_adc_ex.o
 .comment       0x00000043       0x44 ./Drivers/STM32F3xx_HAL_Driver/stm32f3xx_hal_cortex.o
 .comment       0x00000043       0x44 ./Drivers/STM32F3xx_HAL_Driver/stm32f3xx_hal_dma.o
 .comment       0x00000043       0x44 ./Drivers/STM32F3xx_HAL_Driver/stm32f3xx_hal_gpio.o
 .comment       0x00000043       0x44 ./Drivers/STM32F3xx_HAL_Driver/stm32f3xx_hal_rcc.o
 .comment       0x00000043       0x44 ./Drivers/STM32F3xx_HAL_Driver/stm32f3xx_hal_rcc_ex.o
 .comment       0x00000043       0x44 ./Drivers/STM32F3xx_HAL_Driver/stm32f3xx_hal_tim.o
 .comment       0x00000043       0x44 ./Drivers/STM32F3xx_HAL_Driver/stm32f3xx_hal_tim_ex.o
 .comment       0x00000043       0x44 ./Drivers/STM32F3xx_HAL_Driver/stm32f3xx_hal_uart.o
 .comment       0x00000043       0x44 ./Middlewares/MotorControl/bus_voltage_sensor.o
 .comment       0x00000043       0x44 ./Middlewares/MotorControl/circle_limitation.o
 .comment       0x00000043       0x44 ./Middlewares/MotorControl/mcpa.o
 .comment       0x00000043       0x44 ./Middlewares/MotorControl/ntc_temperature_sensor.o
 .comment       0x00000043       0x44 ./Middlewares/MotorControl/pid_regulator.o
 .comment       0x00000043       0x44 ./Middlewares/MotorControl/pqd_motor_power_measurement.o
 .comment       0x00000043       0x44 ./Middlewares/MotorControl/r3_1_f30x_pwm_curr_fdbk.o
 .comment       0x00000043       0x44 ./Middlewares/MotorControl/r_divider_bus_voltage_sensor.o
 .comment       0x00000043       0x44 ./Middlewares/MotorControl/ramp_ext_mngr.o
 .comment       0x00000043       0x44 ./Middlewares/MotorControl/revup_ctrl.o
 .comment       0x00000043       0x44 ./Middlewares/MotorControl/speed_pos_fdbk.o
 .comment       0x00000043       0x44 ./Middlewares/MotorControl/speed_torq_ctrl.o
 .comment       0x00000043       0x44 ./Middlewares/MotorControl/sto_pll_speed_pos_fdbk.o
 .comment       0x00000043       0x44 ./Middlewares/MotorControl/virtual_speed_sensor.o

.debug_frame    0x00000000       0x74
 .debug_frame   0x00000000       0x20 C:/ST/STM32CubeIDE_1.16.1/STM32CubeIDE/plugins/com.st.stm32cube.ide.mcu.externaltools.gnu-tools-for-stm32.12.3.rel1.win32_1.0.200.202406191623/tools/bin/../lib/gcc/arm-none-eabi/12.3.1/../../../../arm-none-eabi/lib/thumb/v7e-m+fp/hard\libc_nano.a(libc_a-memset.o)
 .debug_frame   0x00000020       0x2c C:/ST/STM32CubeIDE_1.16.1/STM32CubeIDE/plugins/com.st.stm32cube.ide.mcu.externaltools.gnu-tools-for-stm32.12.3.rel1.win32_1.0.200.202406191623/tools/bin/../lib/gcc/arm-none-eabi/12.3.1/../../../../arm-none-eabi/lib/thumb/v7e-m+fp/hard\libc_nano.a(libc_a-init.o)
 .debug_frame   0x0000004c       0x28 C:/ST/STM32CubeIDE_1.16.1/STM32CubeIDE/plugins/com.st.stm32cube.ide.mcu.externaltools.gnu-tools-for-stm32.12.3.rel1.win32_1.0.200.202406191623/tools/bin/../lib/gcc/arm-none-eabi/12.3.1/../../../../arm-none-eabi/lib/thumb/v7e-m+fp/hard\libc_nano.a(libc_a-memcpy-stub.o)
