C:/Users/vnaik/OneDrive - Michigan State University/Documents/Solar Car/Git projects/motor_controller_schip/motor_controller/motor_controller/MCSDK_v6.3.1-Full/MotorControl/MCSDK/MCLib/Any/Src/ntc_temperature_sensor.c:72:17:NTC_SetFaultState	0	static
C:/Users/vnaik/OneDrive - Michigan State University/Documents/Solar Car/Git projects/motor_controller_schip/motor_controller/motor_controller/MCSDK_v6.3.1-Full/MotorControl/MCSDK/MCLib/Any/Src/ntc_temperature_sensor.c:127:13:NTC_Init	0	static
C:/Users/vnaik/OneDrive - Michigan State University/Documents/Solar Car/Git projects/motor_controller_schip/motor_controller/motor_controller/MCSDK_v6.3.1-Full/MotorControl/MCSDK/MCLib/Any/Src/ntc_temperature_sensor.c:186:17:NTC_CalcAvTemp	8	static
C:/Users/vnaik/OneDrive - Michigan State University/Documents/Solar Car/Git projects/motor_controller_schip/motor_controller/motor_controller/MCSDK_v6.3.1-Full/MotorControl/MCSDK/MCLib/Any/Src/ntc_temperature_sensor.c:237:17:NTC_GetAvTemp_d	0	static
C:/Users/vnaik/OneDrive - Michigan State University/Documents/Solar Car/Git projects/motor_controller_schip/motor_controller/motor_controller/MCSDK_v6.3.1-Full/MotorControl/MCSDK/MCLib/Any/Src/ntc_temperature_sensor.c:253:16:NTC_GetAvTemp_C	0	static
C:/Users/vnaik/OneDrive - Michigan State University/Documents/Solar Car/Git projects/motor_controller_schip/motor_controller/motor_controller/MCSDK_v6.3.1-Full/MotorControl/MCSDK/MCLib/Any/Src/ntc_temperature_sensor.c:299:17:NTC_CheckTemp	0	static
