C:/Users/vnaik/OneDrive - Michigan State University/Documents/Solar Car/Git projects/motor_controller_schip/motor_controller/motor_controller/MCSDK_v6.3.1-Full/MotorControl/MCSDK/MCLib/Any/Src/open_loop.c:50:13:OL_Init	0	static
C:/Users/vnaik/OneDrive - Michigan State University/Documents/Solar Car/Git projects/motor_controller_schip/motor_controller/motor_controller/MCSDK_v6.3.1-Full/MotorControl/MCSDK/MCLib/Any/Src/open_loop.c:73:13:OL_VqdConditioning	8	static
C:/Users/vnaik/OneDrive - Michigan State University/Documents/Solar Car/Git projects/motor_controller_schip/motor_controller/motor_controller/MCSDK_v6.3.1-Full/MotorControl/MCSDK/MCLib/Any/Src/open_loop.c:90:13:OL_Calc	0	static
C:/Users/vnaik/OneDrive - Michigan State University/Documents/Solar Car/Git projects/motor_controller_schip/motor_controller/motor_controller/MCSDK_v6.3.1-Full/MotorControl/MCSDK/MCLib/Any/Src/open_loop.c:126:13:OL_VF	0	static
