C:/Users/vnaik/OneDrive - Michigan State University/Documents/Solar Car/Git projects/motor_controller_schip/motor_controller/motor_controller/MCSDK_v6.3.1-Full/MotorControl/MCSDK/MCLib/F3xx/Src/r3_1_f30x_pwm_curr_fdbk.c:497:13:R3_1_GetPhaseCurrents	12	static
C:/Users/vnaik/OneDrive - Michigan State University/Documents/Solar Car/Git projects/motor_controller_schip/motor_controller/motor_controller/MCSDK_v6.3.1-Full/MotorControl/MCSDK/MCLib/F3xx/Src/r3_1_f30x_pwm_curr_fdbk.c:984:10:R3_1_SetADCSampPointPolarization	8	static
C:/Users/vnaik/OneDrive - Michigan State University/Documents/Solar Car/Git projects/motor_controller_schip/motor_controller/motor_controller/MCSDK_v6.3.1-Full/MotorControl/MCSDK/MCLib/F3xx/Src/r3_1_f30x_pwm_curr_fdbk.c:1205:13:R3_1_HFCurrentsPolarizationAB	8	static
C:/Users/vnaik/OneDrive - Michigan State University/Documents/Solar Car/Git projects/motor_controller_schip/motor_controller/motor_controller/MCSDK_v6.3.1-Full/MotorControl/MCSDK/MCLib/F3xx/Src/r3_1_f30x_pwm_curr_fdbk.c:1247:13:R3_1_HFCurrentsPolarizationC	4	static
C:/Users/vnaik/OneDrive - Michigan State University/Documents/Solar Car/Git projects/motor_controller_schip/motor_controller/motor_controller/MCSDK_v6.3.1-Full/MotorControl/MCSDK/MCLib/F3xx/Src/r3_1_f30x_pwm_curr_fdbk.c:1333:13:R3_1_SwitchOnPWM	16	static
C:/Users/vnaik/OneDrive - Michigan State University/Documents/Solar Car/Git projects/motor_controller_schip/motor_controller/motor_controller/MCSDK_v6.3.1-Full/MotorControl/MCSDK/MCLib/F3xx/Src/r3_1_f30x_pwm_curr_fdbk.c:1391:13:R3_1_SwitchOffPWM	8	static
C:/Users/vnaik/OneDrive - Michigan State University/Documents/Solar Car/Git projects/motor_controller_schip/motor_controller/motor_controller/MCSDK_v6.3.1-Full/MotorControl/MCSDK/MCLib/F3xx/Src/r3_1_f30x_pwm_curr_fdbk.c:1731:13:R3_1_RLGetPhaseCurrents	4	static
C:/Users/vnaik/OneDrive - Michigan State University/Documents/Solar Car/Git projects/motor_controller_schip/motor_controller/motor_controller/MCSDK_v6.3.1-Full/MotorControl/MCSDK/MCLib/F3xx/Src/r3_1_f30x_pwm_curr_fdbk.c:1823:13:R3_1_RLSwitchOnPWM	24	static
C:/Users/vnaik/OneDrive - Michigan State University/Documents/Solar Car/Git projects/motor_controller_schip/motor_controller/motor_controller/MCSDK_v6.3.1-Full/MotorControl/MCSDK/MCLib/F3xx/Src/r3_1_f30x_pwm_curr_fdbk.c:1288:13:R3_1_TurnOnLowSides	4	static
C:/Users/vnaik/OneDrive - Michigan State University/Documents/Solar Car/Git projects/motor_controller_schip/motor_controller/motor_controller/MCSDK_v6.3.1-Full/MotorControl/MCSDK/MCLib/F3xx/Src/r3_1_f30x_pwm_curr_fdbk.c:1780:13:R3_1_RLTurnOnLowSides	4	static
C:/Users/vnaik/OneDrive - Michigan State University/Documents/Solar Car/Git projects/motor_controller_schip/motor_controller/motor_controller/MCSDK_v6.3.1-Full/MotorControl/MCSDK/MCLib/F3xx/Src/r3_1_f30x_pwm_curr_fdbk.c:85:13:R3_1_Init	40	static,ignoring_inline_asm
C:/Users/vnaik/OneDrive - Michigan State University/Documents/Solar Car/Git projects/motor_controller_schip/motor_controller/motor_controller/MCSDK_v6.3.1-Full/MotorControl/MCSDK/MCLib/F3xx/Src/r3_1_f30x_pwm_curr_fdbk.c:337:13:R3_1_SetOffsetCalib	4	static
C:/Users/vnaik/OneDrive - Michigan State University/Documents/Solar Car/Git projects/motor_controller_schip/motor_controller/motor_controller/MCSDK_v6.3.1-Full/MotorControl/MCSDK/MCLib/F3xx/Src/r3_1_f30x_pwm_curr_fdbk.c:353:13:R3_1_GetOffsetCalib	0	static
C:/Users/vnaik/OneDrive - Michigan State University/Documents/Solar Car/Git projects/motor_controller_schip/motor_controller/motor_controller/MCSDK_v6.3.1-Full/MotorControl/MCSDK/MCLib/F3xx/Src/r3_1_f30x_pwm_curr_fdbk.c:370:6:R3_1_CurrentReadingPolarization	32	static
C:/Users/vnaik/OneDrive - Michigan State University/Documents/Solar Car/Git projects/motor_controller_schip/motor_controller/motor_controller/MCSDK_v6.3.1-Full/MotorControl/MCSDK/MCLib/F3xx/Src/r3_1_f30x_pwm_curr_fdbk.c:664:13:R3_1_GetPhaseCurrents_OVM	12	static
C:/Users/vnaik/OneDrive - Michigan State University/Documents/Solar Car/Git projects/motor_controller_schip/motor_controller/motor_controller/MCSDK_v6.3.1-Full/MotorControl/MCSDK/MCLib/F3xx/Src/r3_1_f30x_pwm_curr_fdbk.c:1015:10:R3_1_SetADCSampPointSectX	12	static
C:/Users/vnaik/OneDrive - Michigan State University/Documents/Solar Car/Git projects/motor_controller_schip/motor_controller/motor_controller/MCSDK_v6.3.1-Full/MotorControl/MCSDK/MCLib/F3xx/Src/r3_1_f30x_pwm_curr_fdbk.c:1089:10:R3_1_SetADCSampPointSectX_OVM	12	static
C:/Users/vnaik/OneDrive - Michigan State University/Documents/Solar Car/Git projects/motor_controller_schip/motor_controller/motor_controller/MCSDK_v6.3.1-Full/MotorControl/MCSDK/MCLib/F3xx/Src/r3_1_f30x_pwm_curr_fdbk.c:1445:15:R3_1_TIMx_UP_IRQHandler	4	static
C:/Users/vnaik/OneDrive - Michigan State University/Documents/Solar Car/Git projects/motor_controller_schip/motor_controller/motor_controller/MCSDK_v6.3.1-Full/MotorControl/MCSDK/MCLib/F3xx/Src/r3_1_f30x_pwm_curr_fdbk.c:1507:6:R3_1_RLDetectionModeEnable	4	static
C:/Users/vnaik/OneDrive - Michigan State University/Documents/Solar Car/Git projects/motor_controller_schip/motor_controller/motor_controller/MCSDK_v6.3.1-Full/MotorControl/MCSDK/MCLib/F3xx/Src/r3_1_f30x_pwm_curr_fdbk.c:1565:6:R3_1_RLDetectionModeDisable	8	static
C:/Users/vnaik/OneDrive - Michigan State University/Documents/Solar Car/Git projects/motor_controller_schip/motor_controller/motor_controller/MCSDK_v6.3.1-Full/MotorControl/MCSDK/MCLib/F3xx/Src/r3_1_f30x_pwm_curr_fdbk.c:1669:10:R3_1_RLDetectionModeSetDuty	4	static
C:/Users/vnaik/OneDrive - Michigan State University/Documents/Solar Car/Git projects/motor_controller_schip/motor_controller/motor_controller/MCSDK_v6.3.1-Full/MotorControl/MCSDK/MCLib/F3xx/Src/r3_1_f30x_pwm_curr_fdbk.c:1904:6:R3_1_RLTurnOnLowSidesAndStart	8	static
