C:/Users/vnaik/OneDrive - Michigan State University/Documents/Solar Car/Git projects/motor_controller_schip/motor_controller/motor_controller/Src/main.c:129:6:SystemClock_Config	4
C:/Users/vnaik/OneDrive - Michigan State University/Documents/Solar Car/Git projects/motor_controller_schip/motor_controller/motor_controller/Src/main.c:76:5:main	15
C:/Users/vnaik/OneDrive - Michigan State University/Documents/Solar Car/Git projects/motor_controller_schip/motor_controller/motor_controller/Src/main.c:479:6:Error_Handler	1
