C:/Users/vnaik/OneDrive - Michigan State University/Documents/Solar Car/Git projects/motor_controller_schip/motor_controller/motor_controller/Src/stm32f3xx_hal_msp.c:66:6:HAL_MspInit	8	static
C:/Users/vnaik/OneDrive - Michigan State University/Documents/Solar Car/Git projects/motor_controller_schip/motor_controller/motor_controller/Src/stm32f3xx_hal_msp.c:91:6:HAL_ADC_MspInit	48	static
C:/Users/vnaik/OneDrive - Michigan State University/Documents/Solar Car/Git projects/motor_controller_schip/motor_controller/motor_controller/Src/stm32f3xx_hal_msp.c:135:6:HAL_ADC_MspDeInit	8	static
C:/Users/vnaik/OneDrive - Michigan State University/Documents/Solar Car/Git projects/motor_controller_schip/motor_controller/motor_controller/Src/stm32f3xx_hal_msp.c:171:6:HAL_TIM_PWM_MspInit	40	static
C:/Users/vnaik/OneDrive - Michigan State University/Documents/Solar Car/Git projects/motor_controller_schip/motor_controller/motor_controller/Src/stm32f3xx_hal_msp.c:201:6:HAL_TIM_MspPostInit	40	static
C:/Users/vnaik/OneDrive - Michigan State University/Documents/Solar Car/Git projects/motor_controller_schip/motor_controller/motor_controller/Src/stm32f3xx_hal_msp.c:235:6:HAL_TIM_PWM_MspDeInit	8	static
C:/Users/vnaik/OneDrive - Michigan State University/Documents/Solar Car/Git projects/motor_controller_schip/motor_controller/motor_controller/Src/stm32f3xx_hal_msp.c:269:6:HAL_UART_MspInit	48	static
C:/Users/vnaik/OneDrive - Michigan State University/Documents/Solar Car/Git projects/motor_controller_schip/motor_controller/motor_controller/Src/stm32f3xx_hal_msp.c:309:6:HAL_UART_MspDeInit	8	static
