C:/Users/vnaik/OneDrive - Michigan State University/Documents/Solar Car/Git projects/motor_controller_schip/motor_controller/motor_controller/Src/stm32f3xx_hal_msp.c:69:6:HAL_MspInit	8	static
C:/Users/vnaik/OneDrive - Michigan State University/Documents/Solar Car/Git projects/motor_controller_schip/motor_controller/motor_controller/Src/stm32f3xx_hal_msp.c:94:6:HAL_ADC_MspInit	48	static
C:/Users/vnaik/OneDrive - Michigan State University/Documents/Solar Car/Git projects/motor_controller_schip/motor_controller/motor_controller/Src/stm32f3xx_hal_msp.c:138:6:HAL_ADC_MspDeInit	8	static
C:/Users/vnaik/OneDrive - Michigan State University/Documents/Solar Car/Git projects/motor_controller_schip/motor_controller/motor_controller/Src/stm32f3xx_hal_msp.c:174:6:HAL_TIM_PWM_MspInit	40	static
C:/Users/vnaik/OneDrive - Michigan State University/Documents/Solar Car/Git projects/motor_controller_schip/motor_controller/motor_controller/Src/stm32f3xx_hal_msp.c:204:6:HAL_TIM_MspPostInit	40	static
C:/Users/vnaik/OneDrive - Michigan State University/Documents/Solar Car/Git projects/motor_controller_schip/motor_controller/motor_controller/Src/stm32f3xx_hal_msp.c:238:6:HAL_TIM_PWM_MspDeInit	8	static
C:/Users/vnaik/OneDrive - Michigan State University/Documents/Solar Car/Git projects/motor_controller_schip/motor_controller/motor_controller/Src/stm32f3xx_hal_msp.c:272:6:HAL_UART_MspInit	48	static
C:/Users/vnaik/OneDrive - Michigan State University/Documents/Solar Car/Git projects/motor_controller_schip/motor_controller/motor_controller/Src/stm32f3xx_hal_msp.c:342:6:HAL_UART_MspDeInit	8	static
