C:/Users/vnaik/OneDrive - Michigan State University/Documents/Solar Car/Git projects/motor_controller_schip/motor_controller/motor_controller/Drivers/STM32F3xx_HAL_Driver/Src/stm32f3xx_hal_tim_ex.c:2468:13:TIM_DMAErrorCCxN	8	static
C:/Users/vnaik/OneDrive - Michigan State University/Documents/Solar Car/Git projects/motor_controller_schip/motor_controller/motor_controller/Drivers/STM32F3xx_HAL_Driver/Src/stm32f3xx_hal_tim_ex.c:2418:13:TIM_DMADelayPulseNCplt	8	static
C:/Users/vnaik/OneDrive - Michigan State University/Documents/Solar Car/Git projects/motor_controller_schip/motor_controller/motor_controller/Drivers/STM32F3xx_HAL_Driver/Src/stm32f3xx_hal_tim_ex.c:287:13:HAL_TIMEx_HallSensor_MspInit	0	static
C:/Users/vnaik/OneDrive - Michigan State University/Documents/Solar Car/Git projects/motor_controller_schip/motor_controller/motor_controller/Drivers/STM32F3xx_HAL_Driver/Src/stm32f3xx_hal_tim_ex.c:140:19:HAL_TIMEx_HallSensor_Init	48	static
C:/Users/vnaik/OneDrive - Michigan State University/Documents/Solar Car/Git projects/motor_controller_schip/motor_controller/motor_controller/Drivers/STM32F3xx_HAL_Driver/Src/stm32f3xx_hal_tim_ex.c:302:13:HAL_TIMEx_HallSensor_MspDeInit	0	static
C:/Users/vnaik/OneDrive - Michigan State University/Documents/Solar Car/Git projects/motor_controller_schip/motor_controller/motor_controller/Drivers/STM32F3xx_HAL_Driver/Src/stm32f3xx_hal_tim_ex.c:242:19:HAL_TIMEx_HallSensor_DeInit	8	static
C:/Users/vnaik/OneDrive - Michigan State University/Documents/Solar Car/Git projects/motor_controller_schip/motor_controller/motor_controller/Drivers/STM32F3xx_HAL_Driver/Src/stm32f3xx_hal_tim_ex.c:317:19:HAL_TIMEx_HallSensor_Start	8	static
C:/Users/vnaik/OneDrive - Michigan State University/Documents/Solar Car/Git projects/motor_controller_schip/motor_controller/motor_controller/Drivers/STM32F3xx_HAL_Driver/Src/stm32f3xx_hal_tim_ex.c:371:19:HAL_TIMEx_HallSensor_Stop	8	static
C:/Users/vnaik/OneDrive - Michigan State University/Documents/Solar Car/Git projects/motor_controller_schip/motor_controller/motor_controller/Drivers/STM32F3xx_HAL_Driver/Src/stm32f3xx_hal_tim_ex.c:399:19:HAL_TIMEx_HallSensor_Start_IT	8	static
C:/Users/vnaik/OneDrive - Michigan State University/Documents/Solar Car/Git projects/motor_controller_schip/motor_controller/motor_controller/Drivers/STM32F3xx_HAL_Driver/Src/stm32f3xx_hal_tim_ex.c:456:19:HAL_TIMEx_HallSensor_Stop_IT	8	static
C:/Users/vnaik/OneDrive - Michigan State University/Documents/Solar Car/Git projects/motor_controller_schip/motor_controller/motor_controller/Drivers/STM32F3xx_HAL_Driver/Src/stm32f3xx_hal_tim_ex.c:489:19:HAL_TIMEx_HallSensor_Start_DMA	16	static
C:/Users/vnaik/OneDrive - Michigan State University/Documents/Solar Car/Git projects/motor_controller_schip/motor_controller/motor_controller/Drivers/STM32F3xx_HAL_Driver/Src/stm32f3xx_hal_tim_ex.c:565:19:HAL_TIMEx_HallSensor_Stop_DMA	8	static
C:/Users/vnaik/OneDrive - Michigan State University/Documents/Solar Car/Git projects/motor_controller_schip/motor_controller/motor_controller/Drivers/STM32F3xx_HAL_Driver/Src/stm32f3xx_hal_tim_ex.c:627:19:HAL_TIMEx_OCN_Start	0	static
C:/Users/vnaik/OneDrive - Michigan State University/Documents/Solar Car/Git projects/motor_controller_schip/motor_controller/motor_controller/Drivers/STM32F3xx_HAL_Driver/Src/stm32f3xx_hal_tim_ex.c:678:19:HAL_TIMEx_OCN_Stop	4	static
C:/Users/vnaik/OneDrive - Michigan State University/Documents/Solar Car/Git projects/motor_controller_schip/motor_controller/motor_controller/Drivers/STM32F3xx_HAL_Driver/Src/stm32f3xx_hal_tim_ex.c:710:19:HAL_TIMEx_OCN_Start_IT	0	static
C:/Users/vnaik/OneDrive - Michigan State University/Documents/Solar Car/Git projects/motor_controller_schip/motor_controller/motor_controller/Drivers/STM32F3xx_HAL_Driver/Src/stm32f3xx_hal_tim_ex.c:797:19:HAL_TIMEx_OCN_Stop_IT	4	static
C:/Users/vnaik/OneDrive - Michigan State University/Documents/Solar Car/Git projects/motor_controller_schip/motor_controller/motor_controller/Drivers/STM32F3xx_HAL_Driver/Src/stm32f3xx_hal_tim_ex.c:872:19:HAL_TIMEx_OCN_Start_DMA	16	static
C:/Users/vnaik/OneDrive - Michigan State University/Documents/Solar Car/Git projects/motor_controller_schip/motor_controller/motor_controller/Drivers/STM32F3xx_HAL_Driver/Src/stm32f3xx_hal_tim_ex.c:1010:19:HAL_TIMEx_OCN_Stop_DMA	16	static
C:/Users/vnaik/OneDrive - Michigan State University/Documents/Solar Car/Git projects/motor_controller_schip/motor_controller/motor_controller/Drivers/STM32F3xx_HAL_Driver/Src/stm32f3xx_hal_tim_ex.c:1100:19:HAL_TIMEx_PWMN_Start	0	static
C:/Users/vnaik/OneDrive - Michigan State University/Documents/Solar Car/Git projects/motor_controller_schip/motor_controller/motor_controller/Drivers/STM32F3xx_HAL_Driver/Src/stm32f3xx_hal_tim_ex.c:1150:19:HAL_TIMEx_PWMN_Stop	4	static
C:/Users/vnaik/OneDrive - Michigan State University/Documents/Solar Car/Git projects/motor_controller_schip/motor_controller/motor_controller/Drivers/STM32F3xx_HAL_Driver/Src/stm32f3xx_hal_tim_ex.c:1182:19:HAL_TIMEx_PWMN_Start_IT	0	static
C:/Users/vnaik/OneDrive - Michigan State University/Documents/Solar Car/Git projects/motor_controller_schip/motor_controller/motor_controller/Drivers/STM32F3xx_HAL_Driver/Src/stm32f3xx_hal_tim_ex.c:1268:19:HAL_TIMEx_PWMN_Stop_IT	4	static
C:/Users/vnaik/OneDrive - Michigan State University/Documents/Solar Car/Git projects/motor_controller_schip/motor_controller/motor_controller/Drivers/STM32F3xx_HAL_Driver/Src/stm32f3xx_hal_tim_ex.c:1343:19:HAL_TIMEx_PWMN_Start_DMA	16	static
C:/Users/vnaik/OneDrive - Michigan State University/Documents/Solar Car/Git projects/motor_controller_schip/motor_controller/motor_controller/Drivers/STM32F3xx_HAL_Driver/Src/stm32f3xx_hal_tim_ex.c:1481:19:HAL_TIMEx_PWMN_Stop_DMA	16	static
C:/Users/vnaik/OneDrive - Michigan State University/Documents/Solar Car/Git projects/motor_controller_schip/motor_controller/motor_controller/Drivers/STM32F3xx_HAL_Driver/Src/stm32f3xx_hal_tim_ex.c:1572:19:HAL_TIMEx_OnePulseN_Start	16	static
C:/Users/vnaik/OneDrive - Michigan State University/Documents/Solar Car/Git projects/motor_controller_schip/motor_controller/motor_controller/Drivers/STM32F3xx_HAL_Driver/Src/stm32f3xx_hal_tim_ex.c:1621:19:HAL_TIMEx_OnePulseN_Stop	8	static
C:/Users/vnaik/OneDrive - Michigan State University/Documents/Solar Car/Git projects/motor_controller_schip/motor_controller/motor_controller/Drivers/STM32F3xx_HAL_Driver/Src/stm32f3xx_hal_tim_ex.c:1660:19:HAL_TIMEx_OnePulseN_Start_IT	16	static
C:/Users/vnaik/OneDrive - Michigan State University/Documents/Solar Car/Git projects/motor_controller_schip/motor_controller/motor_controller/Drivers/STM32F3xx_HAL_Driver/Src/stm32f3xx_hal_tim_ex.c:1715:19:HAL_TIMEx_OnePulseN_Stop_IT	8	static
C:/Users/vnaik/OneDrive - Michigan State University/Documents/Solar Car/Git projects/motor_controller_schip/motor_controller/motor_controller/Drivers/STM32F3xx_HAL_Driver/Src/stm32f3xx_hal_tim_ex.c:1795:19:HAL_TIMEx_ConfigCommutEvent	4	static
C:/Users/vnaik/OneDrive - Michigan State University/Documents/Solar Car/Git projects/motor_controller_schip/motor_controller/motor_controller/Drivers/STM32F3xx_HAL_Driver/Src/stm32f3xx_hal_tim_ex.c:1851:19:HAL_TIMEx_ConfigCommutEvent_IT	4	static
C:/Users/vnaik/OneDrive - Michigan State University/Documents/Solar Car/Git projects/motor_controller_schip/motor_controller/motor_controller/Drivers/STM32F3xx_HAL_Driver/Src/stm32f3xx_hal_tim_ex.c:1908:19:HAL_TIMEx_ConfigCommutEvent_DMA	0	static
C:/Users/vnaik/OneDrive - Michigan State University/Documents/Solar Car/Git projects/motor_controller_schip/motor_controller/motor_controller/Drivers/STM32F3xx_HAL_Driver/Src/stm32f3xx_hal_tim_ex.c:1957:19:HAL_TIMEx_MasterConfigSynchronization	12	static
C:/Users/vnaik/OneDrive - Michigan State University/Documents/Solar Car/Git projects/motor_controller_schip/motor_controller/motor_controller/Drivers/STM32F3xx_HAL_Driver/Src/stm32f3xx_hal_tim_ex.c:2032:19:HAL_TIMEx_ConfigBreakDeadTime	4	static
C:/Users/vnaik/OneDrive - Michigan State University/Documents/Solar Car/Git projects/motor_controller_schip/motor_controller/motor_controller/Drivers/STM32F3xx_HAL_Driver/Src/stm32f3xx_hal_tim_ex.c:2177:19:HAL_TIMEx_RemapConfig	0	static
C:/Users/vnaik/OneDrive - Michigan State University/Documents/Solar Car/Git projects/motor_controller_schip/motor_controller/motor_controller/Drivers/STM32F3xx_HAL_Driver/Src/stm32f3xx_hal_tim_ex.c:2205:19:HAL_TIMEx_GroupChannel5	4	static
C:/Users/vnaik/OneDrive - Michigan State University/Documents/Solar Car/Git projects/motor_controller_schip/motor_controller/motor_controller/Drivers/STM32F3xx_HAL_Driver/Src/stm32f3xx_hal_tim_ex.c:2256:13:HAL_TIMEx_CommutCallback	0	static
C:/Users/vnaik/OneDrive - Michigan State University/Documents/Solar Car/Git projects/motor_controller_schip/motor_controller/motor_controller/Drivers/STM32F3xx_HAL_Driver/Src/stm32f3xx_hal_tim_ex.c:2379:6:TIMEx_DMACommutationCplt	8	static
C:/Users/vnaik/OneDrive - Michigan State University/Documents/Solar Car/Git projects/motor_controller_schip/motor_controller/motor_controller/Drivers/STM32F3xx_HAL_Driver/Src/stm32f3xx_hal_tim_ex.c:2270:13:HAL_TIMEx_CommutHalfCpltCallback	0	static
C:/Users/vnaik/OneDrive - Michigan State University/Documents/Solar Car/Git projects/motor_controller_schip/motor_controller/motor_controller/Drivers/STM32F3xx_HAL_Driver/Src/stm32f3xx_hal_tim_ex.c:2398:6:TIMEx_DMACommutationHalfCplt	8	static
C:/Users/vnaik/OneDrive - Michigan State University/Documents/Solar Car/Git projects/motor_controller_schip/motor_controller/motor_controller/Drivers/STM32F3xx_HAL_Driver/Src/stm32f3xx_hal_tim_ex.c:2285:13:HAL_TIMEx_BreakCallback	0	static
C:/Users/vnaik/OneDrive - Michigan State University/Documents/Solar Car/Git projects/motor_controller_schip/motor_controller/motor_controller/Drivers/STM32F3xx_HAL_Driver/Src/stm32f3xx_hal_tim_ex.c:2301:13:HAL_TIMEx_Break2Callback	0	static
C:/Users/vnaik/OneDrive - Michigan State University/Documents/Solar Car/Git projects/motor_controller_schip/motor_controller/motor_controller/Drivers/STM32F3xx_HAL_Driver/Src/stm32f3xx_hal_tim_ex.c:2335:22:HAL_TIMEx_HallSensor_GetState	0	static
C:/Users/vnaik/OneDrive - Michigan State University/Documents/Solar Car/Git projects/motor_controller_schip/motor_controller/motor_controller/Drivers/STM32F3xx_HAL_Driver/Src/stm32f3xx_hal_tim_ex.c:2350:29:HAL_TIMEx_GetChannelNState	0	static
