C:/Users/vnaik/OneDrive - Michigan State University/Documents/Solar Car/Git projects/motor_controller_schip/motor_controller/motor_controller/Drivers/STM32F3xx_HAL_Driver/Src/stm32f3xx_hal_exti.c:143:19:HAL_EXTI_SetConfigLine	16	static
C:/Users/vnaik/OneDrive - Michigan State University/Documents/Solar Car/Git projects/motor_controller_schip/motor_controller/motor_controller/Drivers/STM32F3xx_HAL_Driver/Src/stm32f3xx_hal_exti.c:264:19:HAL_EXTI_GetConfigLine	8	static
C:/Users/vnaik/OneDrive - Michigan State University/Documents/Solar Car/Git projects/motor_controller_schip/motor_controller/motor_controller/Drivers/STM32F3xx_HAL_Driver/Src/stm32f3xx_hal_exti.c:357:19:HAL_EXTI_ClearConfigLine	12	static
C:/Users/vnaik/OneDrive - Michigan State University/Documents/Solar Car/Git projects/motor_controller_schip/motor_controller/motor_controller/Drivers/STM32F3xx_HAL_Driver/Src/stm32f3xx_hal_exti.c:422:19:HAL_EXTI_RegisterCallback	0	static
C:/Users/vnaik/OneDrive - Michigan State University/Documents/Solar Car/Git projects/motor_controller_schip/motor_controller/motor_controller/Drivers/STM32F3xx_HAL_Driver/Src/stm32f3xx_hal_exti.c:447:19:HAL_EXTI_GetHandle	0	static
C:/Users/vnaik/OneDrive - Michigan State University/Documents/Solar Car/Git projects/motor_controller_schip/motor_controller/motor_controller/Drivers/STM32F3xx_HAL_Driver/Src/stm32f3xx_hal_exti.c:487:6:HAL_EXTI_IRQHandler	4	static
C:/Users/vnaik/OneDrive - Michigan State University/Documents/Solar Car/Git projects/motor_controller_schip/motor_controller/motor_controller/Drivers/STM32F3xx_HAL_Driver/Src/stm32f3xx_hal_exti.c:524:10:HAL_EXTI_GetPending	0	static
C:/Users/vnaik/OneDrive - Michigan State University/Documents/Solar Car/Git projects/motor_controller_schip/motor_controller/motor_controller/Drivers/STM32F3xx_HAL_Driver/Src/stm32f3xx_hal_exti.c:558:6:HAL_EXTI_ClearPending	4	static
C:/Users/vnaik/OneDrive - Michigan State University/Documents/Solar Car/Git projects/motor_controller_schip/motor_controller/motor_controller/Drivers/STM32F3xx_HAL_Driver/Src/stm32f3xx_hal_exti.c:585:6:HAL_EXTI_GenerateSWI	4	static
