C:/Users/vnaik/OneDrive - Michigan State University/Documents/Solar Car/Git projects/motor_controller_schip/motor_controller/motor_controller/Drivers/STM32F3xx_HAL_Driver/Src/stm32f3xx_hal_uart.c:3771:13:UART_TxISR_16BIT	0	static,ignoring_inline_asm
C:/Users/vnaik/OneDrive - Michigan State University/Documents/Solar Car/Git projects/motor_controller_schip/motor_controller/motor_controller/Drivers/STM32F3xx_HAL_Driver/Src/stm32f3xx_hal_uart.c:3742:13:UART_TxISR_8BIT	0	static,ignoring_inline_asm
C:/Users/vnaik/OneDrive - Michigan State University/Documents/Solar Car/Git projects/motor_controller_schip/motor_controller/motor_controller/Drivers/STM32F3xx_HAL_Driver/Src/stm32f3xx_hal_uart.c:661:13:HAL_UART_MspInit	0	static
C:/Users/vnaik/OneDrive - Michigan State University/Documents/Solar Car/Git projects/motor_controller_schip/motor_controller/motor_controller/Drivers/STM32F3xx_HAL_Driver/Src/stm32f3xx_hal_uart.c:676:13:HAL_UART_MspDeInit	0	static
C:/Users/vnaik/OneDrive - Michigan State University/Documents/Solar Car/Git projects/motor_controller_schip/motor_controller/motor_controller/Drivers/STM32F3xx_HAL_Driver/Src/stm32f3xx_hal_uart.c:614:19:HAL_UART_DeInit	16	static
C:/Users/vnaik/OneDrive - Michigan State University/Documents/Solar Car/Git projects/motor_controller_schip/motor_controller/motor_controller/Drivers/STM32F3xx_HAL_Driver/Src/stm32f3xx_hal_uart.c:1076:19:HAL_UART_Transmit	32	static
C:/Users/vnaik/OneDrive - Michigan State University/Documents/Solar Car/Git projects/motor_controller_schip/motor_controller/motor_controller/Drivers/STM32F3xx_HAL_Driver/Src/stm32f3xx_hal_uart.c:1162:19:HAL_UART_Receive	32	static,ignoring_inline_asm
C:/Users/vnaik/OneDrive - Michigan State University/Documents/Solar Car/Git projects/motor_controller_schip/motor_controller/motor_controller/Drivers/STM32F3xx_HAL_Driver/Src/stm32f3xx_hal_uart.c:1246:19:HAL_UART_Transmit_IT	4	static,ignoring_inline_asm
C:/Users/vnaik/OneDrive - Michigan State University/Documents/Solar Car/Git projects/motor_controller_schip/motor_controller/motor_controller/Drivers/STM32F3xx_HAL_Driver/Src/stm32f3xx_hal_uart.c:1333:19:HAL_UART_Transmit_DMA	16	static,ignoring_inline_asm
C:/Users/vnaik/OneDrive - Michigan State University/Documents/Solar Car/Git projects/motor_controller_schip/motor_controller/motor_controller/Drivers/STM32F3xx_HAL_Driver/Src/stm32f3xx_hal_uart.c:1436:19:HAL_UART_DMAPause	0	static,ignoring_inline_asm
C:/Users/vnaik/OneDrive - Michigan State University/Documents/Solar Car/Git projects/motor_controller_schip/motor_controller/motor_controller/Drivers/STM32F3xx_HAL_Driver/Src/stm32f3xx_hal_uart.c:1466:19:HAL_UART_DMAResume	0	static,ignoring_inline_asm
C:/Users/vnaik/OneDrive - Michigan State University/Documents/Solar Car/Git projects/motor_controller_schip/motor_controller/motor_controller/Drivers/STM32F3xx_HAL_Driver/Src/stm32f3xx_hal_uart.c:1497:19:HAL_UART_DMAStop	16	static,ignoring_inline_asm
C:/Users/vnaik/OneDrive - Michigan State University/Documents/Solar Car/Git projects/motor_controller_schip/motor_controller/motor_controller/Drivers/STM32F3xx_HAL_Driver/Src/stm32f3xx_hal_uart.c:1572:19:HAL_UART_Abort	16	static,ignoring_inline_asm
C:/Users/vnaik/OneDrive - Michigan State University/Documents/Solar Car/Git projects/motor_controller_schip/motor_controller/motor_controller/Drivers/STM32F3xx_HAL_Driver/Src/stm32f3xx_hal_uart.c:1669:19:HAL_UART_AbortTransmit	8	static,ignoring_inline_asm
C:/Users/vnaik/OneDrive - Michigan State University/Documents/Solar Car/Git projects/motor_controller_schip/motor_controller/motor_controller/Drivers/STM32F3xx_HAL_Driver/Src/stm32f3xx_hal_uart.c:1722:19:HAL_UART_AbortReceive	16	static,ignoring_inline_asm
C:/Users/vnaik/OneDrive - Michigan State University/Documents/Solar Car/Git projects/motor_controller_schip/motor_controller/motor_controller/Drivers/STM32F3xx_HAL_Driver/Src/stm32f3xx_hal_uart.c:2417:13:HAL_UART_TxCpltCallback	0	static
C:/Users/vnaik/OneDrive - Michigan State University/Documents/Solar Car/Git projects/motor_controller_schip/motor_controller/motor_controller/Drivers/STM32F3xx_HAL_Driver/Src/stm32f3xx_hal_uart.c:3365:13:UART_DMATransmitCplt	8	static,ignoring_inline_asm
C:/Users/vnaik/OneDrive - Michigan State University/Documents/Solar Car/Git projects/motor_controller_schip/motor_controller/motor_controller/Drivers/STM32F3xx_HAL_Driver/Src/stm32f3xx_hal_uart.c:2432:13:HAL_UART_TxHalfCpltCallback	0	static
C:/Users/vnaik/OneDrive - Michigan State University/Documents/Solar Car/Git projects/motor_controller_schip/motor_controller/motor_controller/Drivers/STM32F3xx_HAL_Driver/Src/stm32f3xx_hal_uart.c:3399:13:UART_DMATxHalfCplt	8	static
C:/Users/vnaik/OneDrive - Michigan State University/Documents/Solar Car/Git projects/motor_controller_schip/motor_controller/motor_controller/Drivers/STM32F3xx_HAL_Driver/Src/stm32f3xx_hal_uart.c:2447:13:HAL_UART_RxCpltCallback	0	static
C:/Users/vnaik/OneDrive - Michigan State University/Documents/Solar Car/Git projects/motor_controller_schip/motor_controller/motor_controller/Drivers/STM32F3xx_HAL_Driver/Src/stm32f3xx_hal_uart.c:2462:13:HAL_UART_RxHalfCpltCallback	0	static
C:/Users/vnaik/OneDrive - Michigan State University/Documents/Solar Car/Git projects/motor_controller_schip/motor_controller/motor_controller/Drivers/STM32F3xx_HAL_Driver/Src/stm32f3xx_hal_uart.c:2477:13:HAL_UART_ErrorCallback	0	static
C:/Users/vnaik/OneDrive - Michigan State University/Documents/Solar Car/Git projects/motor_controller_schip/motor_controller/motor_controller/Drivers/STM32F3xx_HAL_Driver/Src/stm32f3xx_hal_uart.c:3516:13:UART_DMAError	8	static,ignoring_inline_asm
C:/Users/vnaik/OneDrive - Michigan State University/Documents/Solar Car/Git projects/motor_controller_schip/motor_controller/motor_controller/Drivers/STM32F3xx_HAL_Driver/Src/stm32f3xx_hal_uart.c:3556:13:UART_DMAAbortOnError	8	static
C:/Users/vnaik/OneDrive - Michigan State University/Documents/Solar Car/Git projects/motor_controller_schip/motor_controller/motor_controller/Drivers/STM32F3xx_HAL_Driver/Src/stm32f3xx_hal_uart.c:2492:13:HAL_UART_AbortCpltCallback	0	static
C:/Users/vnaik/OneDrive - Michigan State University/Documents/Solar Car/Git projects/motor_controller_schip/motor_controller/motor_controller/Drivers/STM32F3xx_HAL_Driver/Src/stm32f3xx_hal_uart.c:1790:19:HAL_UART_Abort_IT	16	static,ignoring_inline_asm
C:/Users/vnaik/OneDrive - Michigan State University/Documents/Solar Car/Git projects/motor_controller_schip/motor_controller/motor_controller/Drivers/STM32F3xx_HAL_Driver/Src/stm32f3xx_hal_uart.c:3629:13:UART_DMARxAbortCallback	8	static
C:/Users/vnaik/OneDrive - Michigan State University/Documents/Solar Car/Git projects/motor_controller_schip/motor_controller/motor_controller/Drivers/STM32F3xx_HAL_Driver/Src/stm32f3xx_hal_uart.c:3579:13:UART_DMATxAbortCallback	8	static
C:/Users/vnaik/OneDrive - Michigan State University/Documents/Solar Car/Git projects/motor_controller_schip/motor_controller/motor_controller/Drivers/STM32F3xx_HAL_Driver/Src/stm32f3xx_hal_uart.c:2507:13:HAL_UART_AbortTransmitCpltCallback	0	static
C:/Users/vnaik/OneDrive - Michigan State University/Documents/Solar Car/Git projects/motor_controller_schip/motor_controller/motor_controller/Drivers/STM32F3xx_HAL_Driver/Src/stm32f3xx_hal_uart.c:1937:19:HAL_UART_AbortTransmit_IT	8	static,ignoring_inline_asm
C:/Users/vnaik/OneDrive - Michigan State University/Documents/Solar Car/Git projects/motor_controller_schip/motor_controller/motor_controller/Drivers/STM32F3xx_HAL_Driver/Src/stm32f3xx_hal_uart.c:3681:13:UART_DMATxOnlyAbortCallback	8	static
C:/Users/vnaik/OneDrive - Michigan State University/Documents/Solar Car/Git projects/motor_controller_schip/motor_controller/motor_controller/Drivers/STM32F3xx_HAL_Driver/Src/stm32f3xx_hal_uart.c:2522:13:HAL_UART_AbortReceiveCpltCallback	0	static
C:/Users/vnaik/OneDrive - Michigan State University/Documents/Solar Car/Git projects/motor_controller_schip/motor_controller/motor_controller/Drivers/STM32F3xx_HAL_Driver/Src/stm32f3xx_hal_uart.c:2022:19:HAL_UART_AbortReceive_IT	16	static,ignoring_inline_asm
C:/Users/vnaik/OneDrive - Michigan State University/Documents/Solar Car/Git projects/motor_controller_schip/motor_controller/motor_controller/Drivers/STM32F3xx_HAL_Driver/Src/stm32f3xx_hal_uart.c:3709:13:UART_DMARxOnlyAbortCallback	8	static
C:/Users/vnaik/OneDrive - Michigan State University/Documents/Solar Car/Git projects/motor_controller_schip/motor_controller/motor_controller/Drivers/STM32F3xx_HAL_Driver/Src/stm32f3xx_hal_uart.c:2539:13:HAL_UARTEx_RxEventCallback	0	static
C:/Users/vnaik/OneDrive - Michigan State University/Documents/Solar Car/Git projects/motor_controller_schip/motor_controller/motor_controller/Drivers/STM32F3xx_HAL_Driver/Src/stm32f3xx_hal_uart.c:2115:6:HAL_UART_IRQHandler	16	static,ignoring_inline_asm
C:/Users/vnaik/OneDrive - Michigan State University/Documents/Solar Car/Git projects/motor_controller_schip/motor_controller/motor_controller/Drivers/STM32F3xx_HAL_Driver/Src/stm32f3xx_hal_uart.c:3828:13:UART_RxISR_8BIT.part.0	8	static,ignoring_inline_asm
C:/Users/vnaik/OneDrive - Michigan State University/Documents/Solar Car/Git projects/motor_controller_schip/motor_controller/motor_controller/Drivers/STM32F3xx_HAL_Driver/Src/stm32f3xx_hal_uart.c:3916:13:UART_RxISR_16BIT	4	static
C:/Users/vnaik/OneDrive - Michigan State University/Documents/Solar Car/Git projects/motor_controller_schip/motor_controller/motor_controller/Drivers/STM32F3xx_HAL_Driver/Src/stm32f3xx_hal_uart.c:3828:13:UART_RxISR_8BIT	4	static
C:/Users/vnaik/OneDrive - Michigan State University/Documents/Solar Car/Git projects/motor_controller_schip/motor_controller/motor_controller/Drivers/STM32F3xx_HAL_Driver/Src/stm32f3xx_hal_uart.c:3478:13:UART_DMARxHalfCplt	8	static
C:/Users/vnaik/OneDrive - Michigan State University/Documents/Solar Car/Git projects/motor_controller_schip/motor_controller/motor_controller/Drivers/STM32F3xx_HAL_Driver/Src/stm32f3xx_hal_uart.c:3417:13:UART_DMAReceiveCplt	8	static,ignoring_inline_asm
C:/Users/vnaik/OneDrive - Michigan State University/Documents/Solar Car/Git projects/motor_controller_schip/motor_controller/motor_controller/Drivers/STM32F3xx_HAL_Driver/Src/stm32f3xx_hal_uart.c:2587:6:HAL_UART_ReceiverTimeout_Config	0	static
C:/Users/vnaik/OneDrive - Michigan State University/Documents/Solar Car/Git projects/motor_controller_schip/motor_controller/motor_controller/Drivers/STM32F3xx_HAL_Driver/Src/stm32f3xx_hal_uart.c:2599:19:HAL_UART_EnableReceiverTimeout	0	static
C:/Users/vnaik/OneDrive - Michigan State University/Documents/Solar Car/Git projects/motor_controller_schip/motor_controller/motor_controller/Drivers/STM32F3xx_HAL_Driver/Src/stm32f3xx_hal_uart.c:2630:19:HAL_UART_DisableReceiverTimeout	0	static
C:/Users/vnaik/OneDrive - Michigan State University/Documents/Solar Car/Git projects/motor_controller_schip/motor_controller/motor_controller/Drivers/STM32F3xx_HAL_Driver/Src/stm32f3xx_hal_uart.c:2701:6:HAL_MultiProcessor_EnterMuteMode	0	static
C:/Users/vnaik/OneDrive - Michigan State University/Documents/Solar Car/Git projects/motor_controller_schip/motor_controller/motor_controller/Drivers/STM32F3xx_HAL_Driver/Src/stm32f3xx_hal_uart.c:2711:19:HAL_HalfDuplex_EnableTransmitter	0	static,ignoring_inline_asm
C:/Users/vnaik/OneDrive - Michigan State University/Documents/Solar Car/Git projects/motor_controller_schip/motor_controller/motor_controller/Drivers/STM32F3xx_HAL_Driver/Src/stm32f3xx_hal_uart.c:2734:19:HAL_HalfDuplex_EnableReceiver	0	static,ignoring_inline_asm
C:/Users/vnaik/OneDrive - Michigan State University/Documents/Solar Car/Git projects/motor_controller_schip/motor_controller/motor_controller/Drivers/STM32F3xx_HAL_Driver/Src/stm32f3xx_hal_uart.c:2758:19:HAL_LIN_SendBreak	4	static
C:/Users/vnaik/OneDrive - Michigan State University/Documents/Solar Car/Git projects/motor_controller_schip/motor_controller/motor_controller/Drivers/STM32F3xx_HAL_Driver/Src/stm32f3xx_hal_uart.c:2803:23:HAL_UART_GetState	0	static
C:/Users/vnaik/OneDrive - Michigan State University/Documents/Solar Car/Git projects/motor_controller_schip/motor_controller/motor_controller/Drivers/STM32F3xx_HAL_Driver/Src/stm32f3xx_hal_uart.c:2819:10:HAL_UART_GetError	0	static
C:/Users/vnaik/OneDrive - Michigan State University/Documents/Solar Car/Git projects/motor_controller_schip/motor_controller/motor_controller/Drivers/STM32F3xx_HAL_Driver/Src/stm32f3xx_hal_uart.c:2863:19:UART_SetConfig	16	static
C:/Users/vnaik/OneDrive - Michigan State University/Documents/Solar Car/Git projects/motor_controller_schip/motor_controller/motor_controller/Drivers/STM32F3xx_HAL_Driver/Src/stm32f3xx_hal_uart.c:3007:6:UART_AdvFeatureConfig	4	static
C:/Users/vnaik/OneDrive - Michigan State University/Documents/Solar Car/Git projects/motor_controller_schip/motor_controller/motor_controller/Drivers/STM32F3xx_HAL_Driver/Src/stm32f3xx_hal_uart.c:3081:19:UART_CheckIdleState	16	static,ignoring_inline_asm
C:/Users/vnaik/OneDrive - Michigan State University/Documents/Solar Car/Git projects/motor_controller_schip/motor_controller/motor_controller/Drivers/STM32F3xx_HAL_Driver/Src/stm32f3xx_hal_uart.c:289:19:HAL_UART_Init	16	static
C:/Users/vnaik/OneDrive - Michigan State University/Documents/Solar Car/Git projects/motor_controller_schip/motor_controller/motor_controller/Drivers/STM32F3xx_HAL_Driver/Src/stm32f3xx_hal_uart.c:364:19:HAL_HalfDuplex_Init	16	static
C:/Users/vnaik/OneDrive - Michigan State University/Documents/Solar Car/Git projects/motor_controller_schip/motor_controller/motor_controller/Drivers/STM32F3xx_HAL_Driver/Src/stm32f3xx_hal_uart.c:439:19:HAL_LIN_Init	16	static
C:/Users/vnaik/OneDrive - Michigan State University/Documents/Solar Car/Git projects/motor_controller_schip/motor_controller/motor_controller/Drivers/STM32F3xx_HAL_Driver/Src/stm32f3xx_hal_uart.c:538:19:HAL_MultiProcessor_Init	24	static
C:/Users/vnaik/OneDrive - Michigan State University/Documents/Solar Car/Git projects/motor_controller_schip/motor_controller/motor_controller/Drivers/STM32F3xx_HAL_Driver/Src/stm32f3xx_hal_uart.c:2661:19:HAL_MultiProcessor_EnableMuteMode	0	static,ignoring_inline_asm
C:/Users/vnaik/OneDrive - Michigan State University/Documents/Solar Car/Git projects/motor_controller_schip/motor_controller/motor_controller/Drivers/STM32F3xx_HAL_Driver/Src/stm32f3xx_hal_uart.c:2681:19:HAL_MultiProcessor_DisableMuteMode	0	static,ignoring_inline_asm
C:/Users/vnaik/OneDrive - Michigan State University/Documents/Solar Car/Git projects/motor_controller_schip/motor_controller/motor_controller/Drivers/STM32F3xx_HAL_Driver/Src/stm32f3xx_hal_uart.c:3150:19:UART_WaitOnFlagUntilTimeout	24	static,ignoring_inline_asm
C:/Users/vnaik/OneDrive - Michigan State University/Documents/Solar Car/Git projects/motor_controller_schip/motor_controller/motor_controller/Drivers/STM32F3xx_HAL_Driver/Src/stm32f3xx_hal_uart.c:3218:19:UART_Start_Receive_IT	4	static,ignoring_inline_asm
C:/Users/vnaik/OneDrive - Michigan State University/Documents/Solar Car/Git projects/motor_controller_schip/motor_controller/motor_controller/Drivers/STM32F3xx_HAL_Driver/Src/stm32f3xx_hal_uart.c:1295:19:HAL_UART_Receive_IT	8	static,ignoring_inline_asm
C:/Users/vnaik/OneDrive - Michigan State University/Documents/Solar Car/Git projects/motor_controller_schip/motor_controller/motor_controller/Drivers/STM32F3xx_HAL_Driver/Src/stm32f3xx_hal_uart.c:3267:19:UART_Start_Receive_DMA	16	static,ignoring_inline_asm
C:/Users/vnaik/OneDrive - Michigan State University/Documents/Solar Car/Git projects/motor_controller_schip/motor_controller/motor_controller/Drivers/STM32F3xx_HAL_Driver/Src/stm32f3xx_hal_uart.c:1403:19:HAL_UART_Receive_DMA	8	static,ignoring_inline_asm
