Archive member included to satisfy reference by file (symbol)

C:/ST/STM32CubeIDE_1.16.1/STM32CubeIDE/plugins/com.st.stm32cube.ide.mcu.externaltools.gnu-tools-for-stm32.12.3.rel1.win32_1.0.200.202406191623/tools/bin/../lib/gcc/arm-none-eabi/12.3.1/../../../../arm-none-eabi/lib/thumb/v7e-m+fp/hard\libc_nano.a(libc_a-exit.o)
                              C:/ST/STM32CubeIDE_1.16.1/STM32CubeIDE/plugins/com.st.stm32cube.ide.mcu.externaltools.gnu-tools-for-stm32.12.3.rel1.win32_1.0.200.202406191623/tools/bin/../lib/gcc/arm-none-eabi/12.3.1/../../../../arm-none-eabi/lib/thumb/v7e-m+fp/hard/crt0.o (exit)
C:/ST/STM32CubeIDE_1.16.1/STM32CubeIDE/plugins/com.st.stm32cube.ide.mcu.externaltools.gnu-tools-for-stm32.12.3.rel1.win32_1.0.200.202406191623/tools/bin/../lib/gcc/arm-none-eabi/12.3.1/../../../../arm-none-eabi/lib/thumb/v7e-m+fp/hard\libc_nano.a(libc_a-findfp.o)
                              C:/ST/STM32CubeIDE_1.16.1/STM32CubeIDE/plugins/com.st.stm32cube.ide.mcu.externaltools.gnu-tools-for-stm32.12.3.rel1.win32_1.0.200.202406191623/tools/bin/../lib/gcc/arm-none-eabi/12.3.1/../../../../arm-none-eabi/lib/thumb/v7e-m+fp/hard\libc_nano.a(libc_a-exit.o) (__stdio_exit_handler)
C:/ST/STM32CubeIDE_1.16.1/STM32CubeIDE/plugins/com.st.stm32cube.ide.mcu.externaltools.gnu-tools-for-stm32.12.3.rel1.win32_1.0.200.202406191623/tools/bin/../lib/gcc/arm-none-eabi/12.3.1/../../../../arm-none-eabi/lib/thumb/v7e-m+fp/hard\libc_nano.a(libc_a-fwalk.o)
                              C:/ST/STM32CubeIDE_1.16.1/STM32CubeIDE/plugins/com.st.stm32cube.ide.mcu.externaltools.gnu-tools-for-stm32.12.3.rel1.win32_1.0.200.202406191623/tools/bin/../lib/gcc/arm-none-eabi/12.3.1/../../../../arm-none-eabi/lib/thumb/v7e-m+fp/hard\libc_nano.a(libc_a-findfp.o) (_fwalk_sglue)
C:/ST/STM32CubeIDE_1.16.1/STM32CubeIDE/plugins/com.st.stm32cube.ide.mcu.externaltools.gnu-tools-for-stm32.12.3.rel1.win32_1.0.200.202406191623/tools/bin/../lib/gcc/arm-none-eabi/12.3.1/../../../../arm-none-eabi/lib/thumb/v7e-m+fp/hard\libc_nano.a(libc_a-stdio.o)
                              C:/ST/STM32CubeIDE_1.16.1/STM32CubeIDE/plugins/com.st.stm32cube.ide.mcu.externaltools.gnu-tools-for-stm32.12.3.rel1.win32_1.0.200.202406191623/tools/bin/../lib/gcc/arm-none-eabi/12.3.1/../../../../arm-none-eabi/lib/thumb/v7e-m+fp/hard\libc_nano.a(libc_a-findfp.o) (__sread)
C:/ST/STM32CubeIDE_1.16.1/STM32CubeIDE/plugins/com.st.stm32cube.ide.mcu.externaltools.gnu-tools-for-stm32.12.3.rel1.win32_1.0.200.202406191623/tools/bin/../lib/gcc/arm-none-eabi/12.3.1/../../../../arm-none-eabi/lib/thumb/v7e-m+fp/hard\libc_nano.a(libc_a-memset.o)
                              C:/ST/STM32CubeIDE_1.16.1/STM32CubeIDE/plugins/com.st.stm32cube.ide.mcu.externaltools.gnu-tools-for-stm32.12.3.rel1.win32_1.0.200.202406191623/tools/bin/../lib/gcc/arm-none-eabi/12.3.1/../../../../arm-none-eabi/lib/thumb/v7e-m+fp/hard/crt0.o (memset)
C:/ST/STM32CubeIDE_1.16.1/STM32CubeIDE/plugins/com.st.stm32cube.ide.mcu.externaltools.gnu-tools-for-stm32.12.3.rel1.win32_1.0.200.202406191623/tools/bin/../lib/gcc/arm-none-eabi/12.3.1/../../../../arm-none-eabi/lib/thumb/v7e-m+fp/hard\libc_nano.a(libc_a-closer.o)
                              C:/ST/STM32CubeIDE_1.16.1/STM32CubeIDE/plugins/com.st.stm32cube.ide.mcu.externaltools.gnu-tools-for-stm32.12.3.rel1.win32_1.0.200.202406191623/tools/bin/../lib/gcc/arm-none-eabi/12.3.1/../../../../arm-none-eabi/lib/thumb/v7e-m+fp/hard\libc_nano.a(libc_a-stdio.o) (_close_r)
C:/ST/STM32CubeIDE_1.16.1/STM32CubeIDE/plugins/com.st.stm32cube.ide.mcu.externaltools.gnu-tools-for-stm32.12.3.rel1.win32_1.0.200.202406191623/tools/bin/../lib/gcc/arm-none-eabi/12.3.1/../../../../arm-none-eabi/lib/thumb/v7e-m+fp/hard\libc_nano.a(libc_a-reent.o)
                              C:/ST/STM32CubeIDE_1.16.1/STM32CubeIDE/plugins/com.st.stm32cube.ide.mcu.externaltools.gnu-tools-for-stm32.12.3.rel1.win32_1.0.200.202406191623/tools/bin/../lib/gcc/arm-none-eabi/12.3.1/../../../../arm-none-eabi/lib/thumb/v7e-m+fp/hard\libc_nano.a(libc_a-closer.o) (errno)
C:/ST/STM32CubeIDE_1.16.1/STM32CubeIDE/plugins/com.st.stm32cube.ide.mcu.externaltools.gnu-tools-for-stm32.12.3.rel1.win32_1.0.200.202406191623/tools/bin/../lib/gcc/arm-none-eabi/12.3.1/../../../../arm-none-eabi/lib/thumb/v7e-m+fp/hard\libc_nano.a(libc_a-impure.o)
                              C:/ST/STM32CubeIDE_1.16.1/STM32CubeIDE/plugins/com.st.stm32cube.ide.mcu.externaltools.gnu-tools-for-stm32.12.3.rel1.win32_1.0.200.202406191623/tools/bin/../lib/gcc/arm-none-eabi/12.3.1/../../../../arm-none-eabi/lib/thumb/v7e-m+fp/hard\libc_nano.a(libc_a-reent.o) (_impure_ptr)
C:/ST/STM32CubeIDE_1.16.1/STM32CubeIDE/plugins/com.st.stm32cube.ide.mcu.externaltools.gnu-tools-for-stm32.12.3.rel1.win32_1.0.200.202406191623/tools/bin/../lib/gcc/arm-none-eabi/12.3.1/../../../../arm-none-eabi/lib/thumb/v7e-m+fp/hard\libc_nano.a(libc_a-lseekr.o)
[...]
Memory Configuration

Name             Origin             Length             Attributes
RAM              0x20000000         0x00004000         xrw
FLASH            0x08000000         0x00010000         xr
*default*        0x00000000         0xffffffff

Linker script and memory map

LOAD C:/ST/STM32CubeIDE_1.16.1/STM32CubeIDE/plugins/com.st.stm32cube.ide.mcu.externaltools.gnu-tools-for-stm32.12.3.rel1.win32_1.0.200.202406191623/tools/bin/../lib/gcc/arm-none-eabi/12.3.1/thumb/v7e-m+fp/hard/crti.o
LOAD C:/ST/STM32CubeIDE_1.16.1/STM32CubeIDE/plugins/com.st.stm32cube.ide.mcu.externaltools.gnu-tools-for-stm32.12.3.rel1.win32_1.0.200.202406191623/tools/bin/../lib/gcc/arm-none-eabi/12.3.1/thumb/v7e-m+fp/hard/crtbegin.o
LOAD C:/ST/STM32CubeIDE_1.16.1/STM32CubeIDE/plugins/com.st.stm32cube.ide.mcu.externaltools.gnu-tools-for-stm32.12.3.rel1.win32_1.0.200.202406191623/tools/bin/../lib/gcc/arm-none-eabi/12.3.1/../../../../arm-none-eabi/lib/thumb/v7e-m+fp/hard/crt0.o
LOAD ./Application/Startup/startup_stm32f302r8tx.o
LOAD ./Application/User/aspep.o
LOAD ./Application/User/main.o
LOAD ./Application/User/mc_api.o
LOAD ./Application/User/mc_app_hooks.o
LOAD ./Application/User/mc_config.o
LOAD ./Application/User/mc_config_common.o
LOAD ./Application/User/mc_configuration_registers.o
LOAD ./Application/User/mc_interface.o
LOAD ./Application/User/mc_math.o
LOAD ./Application/User/mc_parameters.o
LOAD ./Application/User/mc_perf.o
LOAD ./Application/User/mc_tasks.o
LOAD ./Application/User/mc_tasks_foc.o
LOAD ./Application/User/mcp.o
LOAD ./Application/User/mcp_config.o
LOAD ./Application/User/motorcontrol.o
LOAD ./Application/User/pwm_common.o
LOAD ./Application/User/pwm_curr_fdbk.o
LOAD ./Application/User/register_interface.o
LOAD ./Application/User/regular_conversion_manager.o
LOAD ./Application/User/stm32_mc_common_it.o
LOAD ./Application/User/stm32f30x_mc_it.o
LOAD ./Application/User/stm32f3xx_hal_msp.o
LOAD ./Application/User/stm32f3xx_it.o
LOAD ./Application/User/syscalls.o
LOAD ./Application/User/sysmem.o
LOAD ./Application/User/usart_aspep_driver.o
LOAD ./Drivers/CMSIS/system_stm32f3xx.o
LOAD ./Drivers/STM32F3xx_HAL_Driver/stm32f3xx_hal.o
LOAD ./Drivers/STM32F3xx_HAL_Driver/stm32f3xx_hal_adc.o
LOAD ./Drivers/STM32F3xx_HAL_Driver/stm32f3xx_hal_adc_ex.o
LOAD ./Drivers/STM32F3xx_HAL_Driver/stm32f3xx_hal_cortex.o
LOAD ./Drivers/STM32F3xx_HAL_Driver/stm32f3xx_hal_dma.o
LOAD ./Drivers/STM32F3xx_HAL_Driver/stm32f3xx_hal_exti.o
LOAD ./Drivers/STM32F3xx_HAL_Driver/stm32f3xx_hal_flash.o
LOAD ./Drivers/STM32F3xx_HAL_Driver/stm32f3xx_hal_flash_ex.o
LOAD ./Drivers/STM32F3xx_HAL_Driver/stm32f3xx_hal_gpio.o
LOAD ./Drivers/STM32F3xx_HAL_Driver/stm32f3xx_hal_i2c.o
LOAD ./Drivers/STM32F3xx_HAL_Driver/stm32f3xx_hal_i2c_ex.o
LOAD ./Drivers/STM32F3xx_HAL_Driver/stm32f3xx_hal_pwr.o
LOAD ./Drivers/STM32F3xx_HAL_Driver/stm32f3xx_hal_pwr_ex.o
LOAD ./Drivers/STM32F3xx_HAL_Driver/stm32f3xx_hal_rcc.o
LOAD ./Drivers/STM32F3xx_HAL_Driver/stm32f3xx_hal_rcc_ex.o
LOAD ./Drivers/STM32F3xx_HAL_Driver/stm32f3xx_hal_tim.o
LOAD ./Drivers/STM32F3xx_HAL_Driver/stm32f3xx_hal_tim_ex.o
LOAD ./Drivers/STM32F3xx_HAL_Driver/stm32f3xx_hal_uart.o
LOAD ./Drivers/STM32F3xx_HAL_Driver/stm32f3xx_hal_uart_ex.o
LOAD ./Middlewares/MotorControl/bus_voltage_sensor.o
LOAD ./Middlewares/MotorControl/circle_limitation.o
LOAD ./Middlewares/MotorControl/digital_output.o
LOAD ./Middlewares/MotorControl/mcpa.o
LOAD ./Middlewares/MotorControl/ntc_temperature_sensor.o
LOAD ./Middlewares/MotorControl/open_loop.o
LOAD ./Middlewares/MotorControl/pid_regulator.o
LOAD ./Middlewares/MotorControl/pqd_motor_power_measurement.o
LOAD ./Middlewares/MotorControl/r3_1_f30x_pwm_curr_fdbk.o
LOAD ./Middlewares/MotorControl/r_divider_bus_voltage_sensor.o
LOAD ./Middlewares/MotorControl/ramp_ext_mngr.o
LOAD ./Middlewares/MotorControl/revup_ctrl.o
LOAD ./Middlewares/MotorControl/speed_pos_fdbk.o
LOAD ./Middlewares/MotorControl/speed_torq_ctrl.o
LOAD ./Middlewares/MotorControl/sto_pll_speed_pos_fdbk.o
LOAD ./Middlewares/MotorControl/virtual_speed_sensor.o
START GROUP
LOAD C:/ST/STM32CubeIDE_1.16.1/STM32CubeIDE/plugins/com.st.stm32cube.ide.mcu.externaltools.gnu-tools-for-stm32.12.3.rel1.win32_1.0.200.202406191623/tools/bin/../lib/gcc/arm-none-eabi/12.3.1/../../../../arm-none-eabi/lib/thumb/v7e-m+fp/hard\libc_nano.a
LOAD C:/ST/STM32CubeIDE_1.16.1/STM32CubeIDE/plugins/com.st.stm32cube.ide.mcu.externaltools.gnu-tools-for-stm32.12.3.rel1.win32_1.0.200.202406191623/tools/bin/../lib/gcc/arm-none-eabi/12.3.1/../../../../arm-none-eabi/lib/thumb/v7e-m+fp/hard\libm.a
END GROUP
START GROUP
LOAD C:/ST/STM32CubeIDE_1.16.1/STM32CubeIDE/plugins/com.st.stm32cube.ide.mcu.externaltools.gnu-tools-for-stm32.12.3.rel1.win32_1.0.200.202406191623/tools/bin/../lib/gcc/arm-none-eabi/12.3.1/thumb/v7e-m+fp/hard\libgcc.a
LOAD C:/ST/STM32CubeIDE_1.16.1/STM32CubeIDE/plugins/com.st.stm32cube.ide.mcu.externaltools.gnu-tools-for-stm32.12.3.rel1.win32_1.0.200.202406191623/tools/bin/../lib/gcc/arm-none-eabi/12.3.1/../../../../arm-none-eabi/lib/thumb/v7e-m+fp/hard\libc_nano.a
END GROUP
START GROUP
LOAD C:/ST/STM32CubeIDE_1.16.1/STM32CubeIDE/plugins/com.st.stm32cube.ide.mcu.externaltools.gnu-tools-for-stm32.12.3.rel1.win32_1.0.200.202406191623/tools/bin/../lib/gcc/arm-none-eabi/12.3.1/thumb/v7e-m+fp/hard\libgcc.a
LOAD C:/ST/STM32CubeIDE_1.16.1/STM32CubeIDE/plugins/com.st.stm32cube.ide.mcu.externaltools.gnu-tools-for-stm32.12.3.rel1.win32_1.0.200.202406191623/tools/bin/../lib/gcc/arm-none-eabi/12.3.1/../../../../arm-none-eabi/lib/thumb/v7e-m+fp/hard\libc_nano.a
LOAD C:/ST/STM32CubeIDE_1.16.1/STM32CubeIDE/plugins/com.st.stm32cube.ide.mcu.externaltools.gnu-tools-for-stm32.12.3.rel1.win32_1.0.200.202406191623/tools/bin/../lib/gcc/arm-none-eabi/12.3.1/../../../../arm-none-eabi/lib/thumb/v7e-m+fp/hard\libnosys.a
END GROUP
START GROUP
LOAD C:/ST/STM32CubeIDE_1.16.1/STM32CubeIDE/plugins/com.st.stm32cube.ide.mcu.externaltools.gnu-tools-for-stm32.12.3.rel1.win32_1.0.200.202406191623/tools/bin/../lib/gcc/arm-none-eabi/12.3.1/thumb/v7e-m+fp/hard\libgcc.a
LOAD C:/ST/STM32CubeIDE_1.16.1/STM32CubeIDE/plugins/com.st.stm32cube.ide.mcu.externaltools.gnu-tools-for-stm32.12.3.rel1.win32_1.0.200.202406191623/tools/bin/../lib/gcc/arm-none-eabi/12.3.1/../../../../arm-none-eabi/lib/thumb/v7e-m+fp/hard\libc_nano.a
LOAD C:/ST/STM32CubeIDE_1.16.1/STM32CubeIDE/plugins/com.st.stm32cube.ide.mcu.externaltools.gnu-tools-for-stm32.12.3.rel1.win32_1.0.200.202406191623/tools/bin/../lib/gcc/arm-none-eabi/12.3.1/../../../../arm-none-eabi/lib/thumb/v7e-m+fp/hard\libnosys.a
END GROUP
LOAD C:/ST/STM32CubeIDE_1.16.1/STM32CubeIDE/plugins/com.st.stm32cube.ide.mcu.externaltools.gnu-tools-for-stm32.12.3.rel1.win32_1.0.200.202406191623/tools/bin/../lib/gcc/arm-none-eabi/12.3.1/thumb/v7e-m+fp/hard/crtend.o
LOAD C:/ST/STM32CubeIDE_1.16.1/STM32CubeIDE/plugins/com.st.stm32cube.ide.mcu.externaltools.gnu-tools-for-stm32.12.3.rel1.win32_1.0.200.202406191623/tools/bin/../lib/gcc/arm-none-eabi/12.3.1/thumb/v7e-m+fp/hard/crtn.o
                0x20004000                        _estack = (ORIGIN (RAM) + LENGTH (RAM))
                0x00000200                        _Min_Heap_Size = 0x200
                0x00000400                        _Min_Stack_Size = 0x400

.isr_vector     0x08000000      0x188
                0x08000000                        . = ALIGN (0x4)
 *(.isr_vector)
 .isr_vector    0x08000000      0x188 ./Application/Startup/startup_stm32f302r8tx.o
                0x08000000                g_pfnVectors
                0x08000188                        . = ALIGN (0x4)

.text           0x08000188     0x7a94
                0x08000188                        . = ALIGN (0x4)
 *(.text)
 .text          0x08000188       0x40 C:/ST/STM32CubeIDE_1.16.1/STM32CubeIDE/plugins/com.st.stm32cube.ide.mcu.externaltools.gnu-tools-for-stm32.12.3.rel1.win32_1.0.200.202406191623/tools/bin/../lib/gcc/arm-none-eabi/12.3.1/thumb/v7e-m+fp/hard/crtbegin.o
 *(.text*)
 .text.Reset_Handler
                0x080001c8       0x50 ./Application/Startup/startup_stm32f302r8tx.o
                0x080001c8                Reset_Handler
 .text.Default_Handler
                0x08000218        0x2 ./Application/Startup/startup_stm32f302r8tx.o
                0x08000218                RTC_Alarm_IRQHandler
                0x08000218                DebugMon_Handler
                0x08000218                TIM1_CC_IRQHandler
                0x08000218                USB_HP_IRQHandler
                0x08000218                PVD_IRQHandler
                0x08000218                TAMP_STAMP_IRQHandler
                0x08000218                PendSV_Handler
                0x08000218                NMI_Handler
                0x08000218                EXTI3_IRQHandler
                0x08000218                I2C3_ER_IRQHandler
                0x08000218                USB_HP_CAN_TX_IRQHandler
                0x08000218                EXTI0_IRQHandler
                0x08000218                I2C2_EV_IRQHandler
                0x08000218                FPU_IRQHandler
                0x08000218                UsageFault_Handler
                0x08000218                CAN_SCE_IRQHandler
                0x08000218                TIM6_DAC_IRQHandler
                0x08000218                DMA1_Channel4_IRQHandler
                0x08000218                USART3_IRQHandler
                0x08000218                DMA1_Channel7_IRQHandler
                0x08000218                CAN_RX1_IRQHandler
                0x08000218                I2C1_EV_IRQHandler
                0x08000218                DMA1_Channel6_IRQHandler
                0x08000218                RCC_IRQHandler
                0x08000218                DMA1_Channel1_IRQHandler
                0x08000218                Default_Handler
                0x08000218                USBWakeUp_RMP_IRQHandler
                0x08000218                COMP2_IRQHandler
                0x08000218                I2C3_EV_IRQHandler
                0x08000218                EXTI9_5_IRQHandler
                0x08000218                RTC_WKUP_IRQHandler
                0x08000218                SPI2_IRQHandler
                0x08000218                USB_LP_CAN_RX0_IRQHandler
                0x08000218                MemManage_Handler
                0x08000218                SVC_Handler
                0x08000218                DMA1_Channel5_IRQHandler
                0x08000218                USB_LP_IRQHandler
                0x08000218                EXTI4_IRQHandler
                0x08000218                TIM1_TRG_COM_TIM17_IRQHandler
                0x08000218                DMA1_Channel3_IRQHandler
                0x08000218                WWDG_IRQHandler
                0x08000218                TIM2_IRQHandler
                0x08000218                EXTI1_IRQHandler
                0x08000218                COMP4_6_IRQHandler
                0x08000218                I2C2_ER_IRQHandler
                0x08000218                DMA1_Channel2_IRQHandler
                0x08000218                FLASH_IRQHandler
                0x08000218                BusFault_Handler
                0x08000218                USART1_IRQHandler
                0x08000218                SPI3_IRQHandler
                0x08000218                I2C1_ER_IRQHandler
                0x08000218                USBWakeUp_IRQHandler
                0x08000218                EXTI2_TSC_IRQHandler
 *fill*         0x0800021a        0x2 
 .text.ASPEP_start
                0x0800021c       0x28 ./Application/User/aspep.o
                0x0800021c                ASPEP_start
 .text.ASPEP_sendBeacon
                0x08000244       0x8c ./Application/User/aspep.o
                0x08000244                ASPEP_sendBeacon
 .text.ASPEP_sendPing
                0x080002d0       0x8c ./Application/User/aspep.o
                0x080002d0                ASPEP_sendPing
 .text.ASPEP_getBuffer
                0x0800035c       0x60 ./Application/User/aspep.o
                0x0800035c                ASPEP_getBuffer
 .text.ASPEP_sendPacket
                0x080003bc      0x118 ./Application/User/aspep.o
                0x080003bc                ASPEP_sendPacket
 .text.ASPEP_HWDataTransmittedIT
                0x080004d4       0x98 ./Application/User/aspep.o
                0x080004d4                ASPEP_HWDataTransmittedIT
 .text.ASPEP_RXframeProcess
                0x0800056c      0x2c0 ./Application/User/aspep.o
                0x0800056c                ASPEP_RXframeProcess
 .text.ASPEP_HWDataReceivedIT
                0x0800082c       0x9c ./Application/User/aspep.o
                0x0800082c                ASPEP_HWDataReceivedIT
 .text.ASPEP_HWReset
                0x080008c8       0x14 ./Application/User/aspep.o
                0x080008c8                ASPEP_HWReset
 .text.SystemClock_Config
                0x080008dc       0x8c ./Application/User/main.o
                0x080008dc                SystemClock_Config
 .text.startup.main
                0x08000968      0x32c ./Application/User/main.o
                0x08000968                main
 .text.Error_Handler
                0x08000c94        0x4 ./Application/User/main.o
                0x08000c94                Error_Handler
 .text.MC_StartMotor1
                0x08000c98        0xc ./Application/User/mc_api.o
                0x08000c98                MC_StartMotor1
 .text.MC_StopMotor1
                0x08000ca4        0xc ./Application/User/mc_api.o
                0x08000ca4                MC_StopMotor1
 .text.MC_GetSTMStateMotor1
                0x08000cb0        0xc ./Application/User/mc_api.o
                0x08000cb0                MC_GetSTMStateMotor1
 .text.MC_ProfilerCommand
                0x08000cbc        0x4 ./Application/User/mc_api.o
                0x08000cbc                MC_ProfilerCommand
 .text.MC_APP_BootHook
                0x08000cc0        0x4 ./Application/User/mc_app_hooks.o
                0x08000cc0                MC_APP_BootHook
 .text.MC_APP_PostMediumFrequencyHook_M1
                0x08000cc4        0x4 ./Application/User/mc_app_hooks.o
                0x08000cc4                MC_APP_PostMediumFrequencyHook_M1
 .text.MCI_ExecSpeedRamp
                0x08000cc8       0x14 ./Application/User/mc_interface.o
                0x08000cc8                MCI_ExecSpeedRamp
 .text.MCI_ExecTorqueRamp
                0x08000cdc       0x14 ./Application/User/mc_interface.o
                0x08000cdc                MCI_ExecTorqueRamp
 .text.MCI_SetCurrentReferences
                0x08000cf0       0x14 ./Application/User/mc_interface.o
                0x08000cf0                MCI_SetCurrentReferences
 .text.MCI_FaultProcessing
                0x08000d04       0x18 ./Application/User/mc_interface.o
                0x08000d04                MCI_FaultProcessing
 .text.MCI_ExecBufferedCommands
                0x08000d1c       0x78 ./Application/User/mc_interface.o
                0x08000d1c                MCI_ExecBufferedCommands
 .text.MCI_GetSTMState
                0x08000d94        0x4 ./Application/User/mc_interface.o
                0x08000d94                MCI_GetSTMState
 .text.MCI_GetOccurredFaults
                0x08000d98        0x4 ./Application/User/mc_interface.o
                0x08000d98                MCI_GetOccurredFaults
 .text.MCI_GetCurrentFaults
                0x08000d9c        0x4 ./Application/User/mc_interface.o
                0x08000d9c                MCI_GetCurrentFaults
 .text.MCI_StartMotor
                0x08000da0       0x2c ./Application/User/mc_interface.o
                0x08000da0                MCI_StartMotor
 .text.MCI_StopMotor
                0x08000dcc       0x38 ./Application/User/mc_interface.o
                0x08000dcc                MCI_StopMotor
 .text.MCI_FaultAcknowledged
                0x08000e04       0x24 ./Application/User/mc_interface.o
                0x08000e04                MCI_FaultAcknowledged
 .text.MCI_GetFaultState
                0x08000e28        0xc ./Application/User/mc_interface.o
                0x08000e28                MCI_GetFaultState
 .text.MCI_GetControlMode
                0x08000e34        0x8 ./Application/User/mc_interface.o
                0x08000e34                MCI_GetControlMode
 .text.MCI_GetImposedMotorDirection
                0x08000e3c       0x44 ./Application/User/mc_interface.o
                0x08000e3c                MCI_GetImposedMotorDirection
 .text.MCI_GetLastRampFinalSpeed
                0x08000e80        0x8 ./Application/User/mc_interface.o
                0x08000e80                MCI_GetLastRampFinalSpeed
 .text.MCI_GetLastRampFinalTorque
                0x08000e88        0x8 ./Application/User/mc_interface.o
                0x08000e88                MCI_GetLastRampFinalTorque
 .text.MCI_GetLastRampFinalDuration
                0x08000e90        0x4 ./Application/User/mc_interface.o
                0x08000e90                MCI_GetLastRampFinalDuration
 .text.MCI_StopRamp
                0x08000e94        0xc ./Application/User/mc_interface.o
                0x08000e94                MCI_StopRamp
 .text.MCI_GetAvrgMecSpeedUnit
                0x08000ea0        0x8 ./Application/User/mc_interface.o
                0x08000ea0                MCI_GetAvrgMecSpeedUnit
 .text.MCI_GetMecSpeedRefUnit
                0x08000ea8        0x8 ./Application/User/mc_interface.o
                0x08000ea8                MCI_GetMecSpeedRefUnit
 .text.MCI_GetIab
                0x08000eb0       0x1c ./Application/User/mc_interface.o
                0x08000eb0                MCI_GetIab
 .text.MCI_GetIalphabeta
                0x08000ecc       0x1c ./Application/User/mc_interface.o
                0x08000ecc                MCI_GetIalphabeta
 .text.MCI_GetIqd
                0x08000ee8       0x1c ./Application/User/mc_interface.o
                0x08000ee8                MCI_GetIqd
 .text.MCI_GetIqdref
                0x08000f04       0x1c ./Application/User/mc_interface.o
                0x08000f04                MCI_GetIqdref
 .text.MCI_GetVqd
                0x08000f20       0x1c ./Application/User/mc_interface.o
                0x08000f20                MCI_GetVqd
 .text.MCI_GetValphabeta
                0x08000f3c       0x1c ./Application/User/mc_interface.o
                0x08000f3c                MCI_GetValphabeta
 .text.MCI_GetTeref
                0x08000f58        0x8 ./Application/User/mc_interface.o
                0x08000f58                MCI_GetTeref
 .text.MCI_Clear_Iqdref
                0x08000f60       0x14 ./Application/User/mc_interface.o
                0x08000f60                MCI_Clear_Iqdref
 .text.MCM_Clarke
                0x08000f74       0x54 ./Application/User/mc_math.o
                0x08000f74                MCM_Clarke
 .text.MCM_Trig_Functions
                0x08000fc8       0x98 ./Application/User/mc_math.o
                0x08000fc8                MCM_Trig_Functions
 .text.MCM_Park
                0x08001060       0x84 ./Application/User/mc_math.o
                0x08001060                MCM_Park
 .text.MCM_Rev_Park
                0x080010e4       0x3c ./Application/User/mc_math.o
                0x080010e4                MCM_Rev_Park
 .text.MCM_Sqrt
                0x08001120       0x70 ./Application/User/mc_math.o
                0x08001120                MCM_Sqrt
 .text.MCboot   0x08001190       0x6c ./Application/User/mc_tasks.o
                0x08001190                MCboot
 .text.TSK_SetChargeBootCapDelayM1
                0x080011fc        0xc ./Application/User/mc_tasks.o
                0x080011fc                TSK_SetChargeBootCapDelayM1
 .text.TSK_ChargeBootCapDelayHasElapsedM1
                0x08001208       0x14 ./Application/User/mc_tasks.o
                0x08001208                TSK_ChargeBootCapDelayHasElapsedM1
 .text.TSK_SetStopPermanencyTimeM1
                0x0800121c        0xc ./Application/User/mc_tasks.o
                0x0800121c                TSK_SetStopPermanencyTimeM1
 .text.TSK_StopPermanencyTimeHasElapsedM1
                0x08001228       0x14 ./Application/User/mc_tasks.o
                0x08001228                TSK_StopPermanencyTimeHasElapsedM1
 .text.TSK_HighFrequencyTask
                0x0800123c       0x2c ./Application/User/mc_tasks.o
                0x0800123c                TSK_HighFrequencyTask
 .text.TSK_SafetyTask_PWMOFF
                0x08001268       0xa8 ./Application/User/mc_tasks.o
                0x08001268                TSK_SafetyTask_PWMOFF
 .text.TSK_SafetyTask
                0x08001310       0x20 ./Application/User/mc_tasks.o
                0x08001310                TSK_SafetyTask
 .text.MC_RunMotorControlTasks
                0x08001330       0x90 ./Application/User/mc_tasks.o
                0x08001330                MC_RunMotorControlTasks
 .text.TSK_HardwareFaultTask
                0x080013c0       0x1c ./Application/User/mc_tasks.o
                0x080013c0                TSK_HardwareFaultTask
 .text.UI_HandleStartStopButton_cb
                0x080013dc       0x18 ./Application/User/mc_tasks.o
                0x080013dc                UI_HandleStartStopButton_cb
 .text.mc_lock_pins
                0x080013f4       0xec ./Application/User/mc_tasks.o
                0x080013f4                mc_lock_pins
 .text.FOC_Clear
                0x080014e0       0x74 ./Application/User/mc_tasks_foc.o
                0x080014e0                FOC_Clear
 .text.FOC_Init
                0x08001554       0xe0 ./Application/User/mc_tasks_foc.o
                0x08001554                FOC_Init
 .text.FOC_InitAdditionalMethods
                0x08001634        0x4 ./Application/User/mc_tasks_foc.o
                0x08001634                FOC_InitAdditionalMethods
 .text.FOC_CalcCurrRef
                0x08001638       0x44 ./Application/User/mc_tasks_foc.o
                0x08001638                FOC_CalcCurrRef
 .text.TSK_MediumFrequencyTaskM1
                0x0800167c      0x30c ./Application/User/mc_tasks_foc.o
                0x0800167c                TSK_MediumFrequencyTaskM1
 .text.FOC_HighFrequencyTask
                0x08001988      0x160 ./Application/User/mc_tasks_foc.o
                0x08001988                FOC_HighFrequencyTask
 .text.RI_SetRegCommandParser
                0x08001ae8       0xd8 ./Application/User/mcp.o
                0x08001ae8                RI_SetRegCommandParser
 .text.RI_GetRegCommandParser
                0x08001bc0       0x90 ./Application/User/mcp.o
                0x08001bc0                RI_GetRegCommandParser
 .text.MCP_ReceivedPacket
                0x08001c50      0x184 ./Application/User/mcp.o
                0x08001c50                MCP_ReceivedPacket
 .text.MX_MotorControl_Init
                0x08001dd4       0x3c ./Application/User/motorcontrol.o
                0x08001dd4                MX_MotorControl_Init
 .text.startTimers
                0x08001e10       0x84 ./Application/User/pwm_common.o
                0x08001e10                startTimers
 .text.waitForPolarizationEnd
                0x08001e94       0x3c ./Application/User/pwm_common.o
                0x08001e94                waitForPolarizationEnd
 .text.PWMC_SetPhaseVoltage
                0x08001ed0      0x290 ./Application/User/pwm_curr_fdbk.o
                0x08001ed0                PWMC_SetPhaseVoltage
 .text.PWMC_SwitchOffPWM
                0x08002160        0x4 ./Application/User/pwm_curr_fdbk.o
                0x08002160                PWMC_SwitchOffPWM
 .text.PWMC_SwitchOnPWM
                0x08002164        0x4 ./Application/User/pwm_curr_fdbk.o
                0x08002164                PWMC_SwitchOnPWM
 .text.PWMC_CurrentReadingCalibr
                0x08002168       0x34 ./Application/User/pwm_curr_fdbk.o
                0x08002168                PWMC_CurrentReadingCalibr
 .text.PWMC_DP_Handler
                0x0800219c       0x40 ./Application/User/pwm_curr_fdbk.o
                0x0800219c                PWMC_DP_Handler
 .text.PWMC_OVP_Handler
                0x080021dc       0x1c ./Application/User/pwm_curr_fdbk.o
                0x080021dc                PWMC_OVP_Handler
 .text.PWMC_IsFaultOccurred
                0x080021f8       0x38 ./Application/User/pwm_curr_fdbk.o
                0x080021f8                PWMC_IsFaultOccurred
 .text.RI_SetRegisterGlobal
                0x08002230      0x104 ./Application/User/register_interface.o
                0x08002230                RI_SetRegisterGlobal
 .text.RI_SetRegisterMotor1
                0x08002334      0x5c4 ./Application/User/register_interface.o
                0x08002334                RI_SetRegisterMotor1
 .text.RI_GetRegisterGlobal
                0x080028f8      0x134 ./Application/User/register_interface.o
                0x080028f8                RI_GetRegisterGlobal
 .text.RI_GetRegisterMotor1
                0x08002a2c      0x7ac ./Application/User/register_interface.o
                0x08002a2c                RI_GetRegisterMotor1
 .text.RI_GetIDSize
                0x080031d8       0x18 ./Application/User/register_interface.o
                0x080031d8                RI_GetIDSize
 .text.RI_GetPtrReg
                0x080031f0      0x130 ./Application/User/register_interface.o
                0x080031f0                RI_GetPtrReg
 .text.RCM_RegisterRegConv
                0x08003320      0x1f4 ./Application/User/regular_conversion_manager.o
                0x08003320                RCM_RegisterRegConv
 .text.RCM_ExecRegularConv
                0x08003514       0x6c ./Application/User/regular_conversion_manager.o
                0x08003514                RCM_ExecRegularConv
 .text.RCM_ExecUserConv
                0x08003580       0x58 ./Application/User/regular_conversion_manager.o
                0x08003580                RCM_ExecUserConv
 .text.USART2_IRQHandler
                0x080035d8      0x120 ./Application/User/stm32_mc_common_it.o
                0x080035d8                USART2_IRQHandler
 .text.HardFault_Handler
                0x080036f8        0x8 ./Application/User/stm32_mc_common_it.o
                0x080036f8                HardFault_Handler
 .text.SysTick_Handler
                0x08003700       0x44 ./Application/User/stm32_mc_common_it.o
                0x08003700                SysTick_Handler
 .text.EXTI15_10_IRQHandler
                0x08003744       0x18 ./Application/User/stm32_mc_common_it.o
                0x08003744                EXTI15_10_IRQHandler
 .text.ADC1_IRQHandler
                0x0800375c        0xc ./Application/User/stm32f30x_mc_it.o
                0x0800375c                ADC1_IRQHandler
 .text.TIM1_UP_TIM16_IRQHandler
                0x08003768       0x18 ./Application/User/stm32f30x_mc_it.o
                0x08003768                TIM1_UP_TIM16_IRQHandler
 .text.TIM1_BRK_TIM15_IRQHandler
                0x08003780       0x3c ./Application/User/stm32f30x_mc_it.o
                0x08003780                TIM1_BRK_TIM15_IRQHandler
 .text.HAL_MspInit
                0x080037bc       0x34 ./Application/User/stm32f3xx_hal_msp.o
                0x080037bc                HAL_MspInit
 .text.HAL_ADC_MspInit
                0x080037f0       0x88 ./Application/User/stm32f3xx_hal_msp.o
                0x080037f0                HAL_ADC_MspInit
 .text.HAL_TIM_PWM_MspInit
                0x08003878       0x74 ./Application/User/stm32f3xx_hal_msp.o
                0x08003878                HAL_TIM_PWM_MspInit
 *fill*         0x080038ec        0x4 
 .text.HAL_TIM_MspPostInit
                0x080038f0       0x74 ./Application/User/stm32f3xx_hal_msp.o
                0x080038f0                HAL_TIM_MspPostInit
 .text.HAL_UART_MspInit
                0x08003964       0xc8 ./Application/User/stm32f3xx_hal_msp.o
                0x08003964                HAL_UART_MspInit
 .text.UASPEP_INIT
                0x08003a2c       0x8c ./Application/User/usart_aspep_driver.o
                0x08003a2c                UASPEP_INIT
 .text.UASPEP_CFG_TRANSMISSION
                0x08003ab8       0x3c ./Application/User/usart_aspep_driver.o
                0x08003ab8                UASPEP_CFG_TRANSMISSION
 .text.UASPEP_CFG_RECEPTION
                0x08003af4       0x3c ./Application/User/usart_aspep_driver.o
                0x08003af4                UASPEP_CFG_RECEPTION
 .text.UASPEP_IDLE_ENABLE
                0x08003b30       0x18 ./Application/User/usart_aspep_driver.o
                0x08003b30                UASPEP_IDLE_ENABLE
 .text.SystemInit
                0x08003b48       0x14 ./Drivers/CMSIS/system_stm32f3xx.o
                0x08003b48                SystemInit
 .text.HAL_InitTick
                0x08003b5c       0x48 ./Drivers/STM32F3xx_HAL_Driver/stm32f3xx_hal.o
                0x08003b5c                HAL_InitTick
 .text.HAL_Init
                0x08003ba4       0x24 ./Drivers/STM32F3xx_HAL_Driver/stm32f3xx_hal.o
                0x08003ba4                HAL_Init
 .text.HAL_IncTick
                0x08003bc8       0x18 ./Drivers/STM32F3xx_HAL_Driver/stm32f3xx_hal.o
                0x08003bc8                HAL_IncTick
 .text.HAL_GetTick
                0x08003be0        0xc ./Drivers/STM32F3xx_HAL_Driver/stm32f3xx_hal.o
                0x08003be0                HAL_GetTick
 .text.ADC_Disable
                0x08003bec       0x6c ./Drivers/STM32F3xx_HAL_Driver/stm32f3xx_hal_adc_ex.o
 .text.HAL_ADC_Init
                0x08003c58      0x1e4 ./Drivers/STM32F3xx_HAL_Driver/stm32f3xx_hal_adc_ex.o
                0x08003c58                HAL_ADC_Init
 .text.HAL_ADC_ConfigChannel
                0x08003e3c      0x2f4 ./Drivers/STM32F3xx_HAL_Driver/stm32f3xx_hal_adc_ex.o
                0x08003e3c                HAL_ADC_ConfigChannel
 .text.HAL_ADCEx_InjectedConfigChannel
                0x08004130      0x3c0 ./Drivers/STM32F3xx_HAL_Driver/stm32f3xx_hal_adc_ex.o
                0x08004130                HAL_ADCEx_InjectedConfigChannel
 .text.HAL_NVIC_SetPriorityGrouping
                0x080044f0       0x24 ./Drivers/STM32F3xx_HAL_Driver/stm32f3xx_hal_cortex.o
                0x080044f0                HAL_NVIC_SetPriorityGrouping
 .text.HAL_NVIC_SetPriority
                0x08004514       0x78 ./Drivers/STM32F3xx_HAL_Driver/stm32f3xx_hal_cortex.o
                0x08004514                HAL_NVIC_SetPriority
 .text.HAL_NVIC_EnableIRQ
                0x0800458c       0x1c ./Drivers/STM32F3xx_HAL_Driver/stm32f3xx_hal_cortex.o
                0x0800458c                HAL_NVIC_EnableIRQ
 .text.HAL_NVIC_SystemReset
                0x080045a8       0x24 ./Drivers/STM32F3xx_HAL_Driver/stm32f3xx_hal_cortex.o
                0x080045a8                HAL_NVIC_SystemReset
 .text.HAL_SYSTICK_Config
                0x080045cc       0x34 ./Drivers/STM32F3xx_HAL_Driver/stm32f3xx_hal_cortex.o
                0x080045cc                HAL_SYSTICK_Config
 .text.HAL_SYSTICK_Callback
                0x08004600        0x4 ./Drivers/STM32F3xx_HAL_Driver/stm32f3xx_hal_cortex.o
                0x08004600                HAL_SYSTICK_Callback
 .text.HAL_SYSTICK_IRQHandler
                0x08004604        0x8 ./Drivers/STM32F3xx_HAL_Driver/stm32f3xx_hal_cortex.o
                0x08004604                HAL_SYSTICK_IRQHandler
 .text.HAL_DMA_Init
                0x0800460c       0x64 ./Drivers/STM32F3xx_HAL_Driver/stm32f3xx_hal_dma.o
                0x0800460c                HAL_DMA_Init
 .text.HAL_GPIO_Init
                0x08004670      0x1d8 ./Drivers/STM32F3xx_HAL_Driver/stm32f3xx_hal_gpio.o
                0x08004670                HAL_GPIO_Init
 .text.HAL_GPIO_WritePin
                0x08004848        0xc ./Drivers/STM32F3xx_HAL_Driver/stm32f3xx_hal_gpio.o
                0x08004848                HAL_GPIO_WritePin
 .text.HAL_RCC_OscConfig
                0x08004854      0x584 ./Drivers/STM32F3xx_HAL_Driver/stm32f3xx_hal_rcc.o
                0x08004854                HAL_RCC_OscConfig
 .text.HAL_RCC_ClockConfig
                0x08004dd8      0x1a0 ./Drivers/STM32F3xx_HAL_Driver/stm32f3xx_hal_rcc.o
                0x08004dd8                HAL_RCC_ClockConfig
 .text.HAL_RCC_EnableCSS
                0x08004f78       0x1c ./Drivers/STM32F3xx_HAL_Driver/stm32f3xx_hal_rcc.o
                0x08004f78                HAL_RCC_EnableCSS
 .text.HAL_RCC_GetSysClockFreq
                0x08004f94       0x50 ./Drivers/STM32F3xx_HAL_Driver/stm32f3xx_hal_rcc.o
                0x08004f94                HAL_RCC_GetSysClockFreq
 .text.HAL_RCC_GetHCLKFreq
                0x08004fe4        0xc ./Drivers/STM32F3xx_HAL_Driver/stm32f3xx_hal_rcc.o
                0x08004fe4                HAL_RCC_GetHCLKFreq
 .text.HAL_RCC_GetPCLK1Freq
                0x08004ff0       0x30 ./Drivers/STM32F3xx_HAL_Driver/stm32f3xx_hal_rcc.o
                0x08004ff0                HAL_RCC_GetPCLK1Freq
 .text.HAL_RCC_GetPCLK2Freq
                0x08005020       0x30 ./Drivers/STM32F3xx_HAL_Driver/stm32f3xx_hal_rcc.o
                0x08005020                HAL_RCC_GetPCLK2Freq
 .text.HAL_RCCEx_PeriphCLKConfig
                0x08005050      0x1ec ./Drivers/STM32F3xx_HAL_Driver/stm32f3xx_hal_rcc_ex.o
                0x08005050                HAL_RCCEx_PeriphCLKConfig
 .text.TIM_OC1_SetConfig
                0x0800523c       0x74 ./Drivers/STM32F3xx_HAL_Driver/stm32f3xx_hal_tim.o
 .text.HAL_TIM_PWM_Init
                0x080052b0       0xfc ./Drivers/STM32F3xx_HAL_Driver/stm32f3xx_hal_tim.o
                0x080052b0                HAL_TIM_PWM_Init
 .text.HAL_TIM_PWM_ConfigChannel
                0x080053ac      0x2e8 ./Drivers/STM32F3xx_HAL_Driver/stm32f3xx_hal_tim.o
                0x080053ac                HAL_TIM_PWM_ConfigChannel
 .text.HAL_TIMEx_MasterConfigSynchronization
                0x08005694       0x6c ./Drivers/STM32F3xx_HAL_Driver/stm32f3xx_hal_tim_ex.o
                0x08005694                HAL_TIMEx_MasterConfigSynchronization
 .text.HAL_TIMEx_ConfigBreakDeadTime
                0x08005700       0x84 ./Drivers/STM32F3xx_HAL_Driver/stm32f3xx_hal_tim_ex.o
                0x08005700                HAL_TIMEx_ConfigBreakDeadTime
 .text.UART_AdvFeatureConfig
                0x08005784       0xb0 ./Drivers/STM32F3xx_HAL_Driver/stm32f3xx_hal_uart.o
                0x08005784                UART_AdvFeatureConfig
 .text.UART_CheckIdleState
                0x08005834      0x250 ./Drivers/STM32F3xx_HAL_Driver/stm32f3xx_hal_uart.o
                0x08005834                UART_CheckIdleState
 .text.HAL_UART_Init
                0x08005a84      0x1e4 ./Drivers/STM32F3xx_HAL_Driver/stm32f3xx_hal_uart.o
                0x08005a84                HAL_UART_Init
 .text.VBS_GetAvBusVoltage_V
                0x08005c68        0xc ./Middlewares/MotorControl/bus_voltage_sensor.o
                0x08005c68                VBS_GetAvBusVoltage_V
 .text.Circle_Limitation
                0x08005c74       0x5c ./Middlewares/MotorControl/circle_limitation.o
                0x08005c74                Circle_Limitation
 .text.MCPA_dataLog
                0x08005cd0      0x180 ./Middlewares/MotorControl/mcpa.o
                0x08005cd0                MCPA_dataLog
 .text.MCPA_flushDataLog
                0x08005e50       0x5c ./Middlewares/MotorControl/mcpa.o
                0x08005e50                MCPA_flushDataLog
 .text.MCPA_cfgLog
                0x08005eac       0xf4 ./Middlewares/MotorControl/mcpa.o
                0x08005eac                MCPA_cfgLog
 .text.NTC_SetFaultState
                0x08005fa0       0x2c ./Middlewares/MotorControl/ntc_temperature_sensor.o
                0x08005fa0                NTC_SetFaultState
 .text.NTC_Init
                0x08005fcc       0x24 ./Middlewares/MotorControl/ntc_temperature_sensor.o
                0x08005fcc                NTC_Init
 .text.NTC_CalcAvTemp
                0x08005ff0       0x30 ./Middlewares/MotorControl/ntc_temperature_sensor.o
                0x08005ff0                NTC_CalcAvTemp
 .text.NTC_GetAvTemp_C
                0x08006020       0x24 ./Middlewares/MotorControl/ntc_temperature_sensor.o
                0x08006020                NTC_GetAvTemp_C
 .text.PID_HandleInit
                0x08006044       0x10 ./Middlewares/MotorControl/pid_regulator.o
                0x08006044                PID_HandleInit
 .text.PID_SetKP
                0x08006054        0x4 ./Middlewares/MotorControl/pid_regulator.o
                0x08006054                PID_SetKP
 .text.PID_SetKI
                0x08006058        0x4 ./Middlewares/MotorControl/pid_regulator.o
                0x08006058                PID_SetKI
 .text.PID_GetKP
                0x0800605c        0x8 ./Middlewares/MotorControl/pid_regulator.o
                0x0800605c                PID_GetKP
 .text.PID_GetKI
                0x08006064        0x8 ./Middlewares/MotorControl/pid_regulator.o
                0x08006064                PID_GetKI
 .text.PID_SetIntegralTerm
                0x0800606c        0x4 ./Middlewares/MotorControl/pid_regulator.o
                0x0800606c                PID_SetIntegralTerm
 .text.PID_GetKPDivisorPOW2
                0x08006070        0x4 ./Middlewares/MotorControl/pid_regulator.o
                0x08006070                PID_GetKPDivisorPOW2
 .text.PID_SetKPDivisorPOW2
                0x08006074        0xc ./Middlewares/MotorControl/pid_regulator.o
                0x08006074                PID_SetKPDivisorPOW2
 .text.PID_GetKIDivisor
                0x08006080        0x4 ./Middlewares/MotorControl/pid_regulator.o
                0x08006080                PID_GetKIDivisor
 .text.PID_GetKIDivisorPOW2
                0x08006084        0x4 ./Middlewares/MotorControl/pid_regulator.o
                0x08006084                PID_GetKIDivisorPOW2
 .text.PID_SetLowerIntegralTermLimit
                0x08006088        0x4 ./Middlewares/MotorControl/pid_regulator.o
                0x08006088                PID_SetLowerIntegralTermLimit
 .text.PID_SetUpperIntegralTermLimit
                0x0800608c        0x4 ./Middlewares/MotorControl/pid_regulator.o
                0x0800608c                PID_SetUpperIntegralTermLimit
 .text.PID_SetKIDivisorPOW2
                0x08006090       0x28 ./Middlewares/MotorControl/pid_regulator.o
                0x08006090                PID_SetKIDivisorPOW2
 .text.PID_SetKD
                0x080060b8        0x4 ./Middlewares/MotorControl/pid_regulator.o
                0x080060b8                PID_SetKD
 .text.PID_GetKD
                0x080060bc        0x8 ./Middlewares/MotorControl/pid_regulator.o
                0x080060bc                PID_GetKD
 .text.PID_GetKDDivisorPOW2
                0x080060c4        0x4 ./Middlewares/MotorControl/pid_regulator.o
                0x080060c4                PID_GetKDDivisorPOW2
 .text.PID_SetKDDivisorPOW2
                0x080060c8        0xc ./Middlewares/MotorControl/pid_regulator.o
                0x080060c8                PID_SetKDDivisorPOW2
 .text.PI_Controller
                0x080060d4       0x80 ./Middlewares/MotorControl/pid_regulator.o
                0x080060d4                PI_Controller
 .text.PQD_CalcElMotorPower
                0x08006154       0x38 ./Middlewares/MotorControl/pqd_motor_power_measurement.o
                0x08006154                PQD_CalcElMotorPower
 .text.PQD_GetAvrgElMotorPowerW
                0x0800618c       0x34 ./Middlewares/MotorControl/pqd_motor_power_measurement.o
                0x0800618c                PQD_GetAvrgElMotorPowerW
 .text.R3_1_GetPhaseCurrents
                0x080061c0      0x170 ./Middlewares/MotorControl/r3_1_f30x_pwm_curr_fdbk.o
                0x080061c0                R3_1_GetPhaseCurrents
 .text.R3_1_SetADCSampPointPolarization
                0x08006330       0x3c ./Middlewares/MotorControl/r3_1_f30x_pwm_curr_fdbk.o
                0x08006330                R3_1_SetADCSampPointPolarization
 .text.R3_1_HFCurrentsPolarizationAB
                0x0800636c       0x48 ./Middlewares/MotorControl/r3_1_f30x_pwm_curr_fdbk.o
 .text.R3_1_HFCurrentsPolarizationC
                0x080063b4       0x40 ./Middlewares/MotorControl/r3_1_f30x_pwm_curr_fdbk.o
 .text.R3_1_SwitchOnPWM
                0x080063f4       0x8c ./Middlewares/MotorControl/r3_1_f30x_pwm_curr_fdbk.o
                0x080063f4                R3_1_SwitchOnPWM
 .text.R3_1_SwitchOffPWM
                0x08006480       0x70 ./Middlewares/MotorControl/r3_1_f30x_pwm_curr_fdbk.o
                0x08006480                R3_1_SwitchOffPWM
 .text.R3_1_RLGetPhaseCurrents
                0x080064f0       0x48 ./Middlewares/MotorControl/r3_1_f30x_pwm_curr_fdbk.o
 .text.R3_1_RLSwitchOnPWM
                0x08006538       0xa8 ./Middlewares/MotorControl/r3_1_f30x_pwm_curr_fdbk.o
 .text.R3_1_TurnOnLowSides
                0x080065e0       0x54 ./Middlewares/MotorControl/r3_1_f30x_pwm_curr_fdbk.o
                0x080065e0                R3_1_TurnOnLowSides
 .text.R3_1_RLTurnOnLowSides
                0x08006634       0x50 ./Middlewares/MotorControl/r3_1_f30x_pwm_curr_fdbk.o
 .text.R3_1_Init
                0x08006684      0x2f0 ./Middlewares/MotorControl/r3_1_f30x_pwm_curr_fdbk.o
                0x08006684                R3_1_Init
 .text.R3_1_SetOffsetCalib
                0x08006974       0x1c ./Middlewares/MotorControl/r3_1_f30x_pwm_curr_fdbk.o
                0x08006974                R3_1_SetOffsetCalib
 .text.R3_1_GetOffsetCalib
                0x08006990       0x10 ./Middlewares/MotorControl/r3_1_f30x_pwm_curr_fdbk.o
                0x08006990                R3_1_GetOffsetCalib
 .text.R3_1_CurrentReadingPolarization
                0x080069a0      0x124 ./Middlewares/MotorControl/r3_1_f30x_pwm_curr_fdbk.o
                0x080069a0                R3_1_CurrentReadingPolarization
 .text.R3_1_SetADCSampPointSectX
                0x08006ac4       0x7c ./Middlewares/MotorControl/r3_1_f30x_pwm_curr_fdbk.o
                0x08006ac4                R3_1_SetADCSampPointSectX
 .text.R3_1_TIMx_UP_IRQHandler
                0x08006b40       0x38 ./Middlewares/MotorControl/r3_1_f30x_pwm_curr_fdbk.o
                0x08006b40                R3_1_TIMx_UP_IRQHandler
 .text.R3_1_RLDetectionModeEnable
                0x08006b78       0xd0 ./Middlewares/MotorControl/r3_1_f30x_pwm_curr_fdbk.o
                0x08006b78                R3_1_RLDetectionModeEnable
 .text.R3_1_RLDetectionModeDisable
                0x08006c48      0x140 ./Middlewares/MotorControl/r3_1_f30x_pwm_curr_fdbk.o
                0x08006c48                R3_1_RLDetectionModeDisable
 .text.R3_1_RLDetectionModeSetDuty
                0x08006d88       0x48 ./Middlewares/MotorControl/r3_1_f30x_pwm_curr_fdbk.o
                0x08006d88                R3_1_RLDetectionModeSetDuty
 .text.R3_1_RLTurnOnLowSidesAndStart
                0x08006dd0       0x78 ./Middlewares/MotorControl/r3_1_f30x_pwm_curr_fdbk.o
                0x08006dd0                R3_1_RLTurnOnLowSidesAndStart
 .text.RVBS_Clear
                0x08006e48       0x3c ./Middlewares/MotorControl/r_divider_bus_voltage_sensor.o
                0x08006e48                RVBS_Clear
 .text.RVBS_Init
                0x08006e84        0x8 ./Middlewares/MotorControl/r_divider_bus_voltage_sensor.o
                0x08006e84                RVBS_Init
 .text.RVBS_CheckFaultState
                0x08006e8c       0x50 ./Middlewares/MotorControl/r_divider_bus_voltage_sensor.o
                0x08006e8c                RVBS_CheckFaultState
 .text.RVBS_CalcAvVbus
                0x08006edc       0x5c ./Middlewares/MotorControl/r_divider_bus_voltage_sensor.o
                0x08006edc                RVBS_CalcAvVbus
 .text.REMNG_Init
                0x08006f38       0x10 ./Middlewares/MotorControl/ramp_ext_mngr.o
                0x08006f38                REMNG_Init
 .text.REMNG_Calc
                0x08006f48       0x44 ./Middlewares/MotorControl/ramp_ext_mngr.o
                0x08006f48                REMNG_Calc
 .text.REMNG_RampCompleted
                0x08006f8c        0xc ./Middlewares/MotorControl/ramp_ext_mngr.o
                0x08006f8c                REMNG_RampCompleted
 .text.getScalingFactor
                0x08006f98       0x38 ./Middlewares/MotorControl/ramp_ext_mngr.o
                0x08006f98                getScalingFactor
 .text.REMNG_ExecRamp
                0x08006fd0       0x8c ./Middlewares/MotorControl/ramp_ext_mngr.o
                0x08006fd0                REMNG_ExecRamp
 .text.RUC_Init
                0x0800705c       0x7c ./Middlewares/MotorControl/revup_ctrl.o
                0x0800705c                RUC_Init
 .text.RUC_Clear
                0x080070d8       0x98 ./Middlewares/MotorControl/revup_ctrl.o
                0x080070d8                RUC_Clear
 .text.RUC_Exec
                0x08007170       0x6c ./Middlewares/MotorControl/revup_ctrl.o
                0x08007170                RUC_Exec
 .text.RUC_FirstAccelerationStageReached
                0x080071dc       0x14 ./Middlewares/MotorControl/revup_ctrl.o
                0x080071dc                RUC_FirstAccelerationStageReached
 .text.SPD_GetAvrgMecSpeedUnit
                0x080071f0        0x8 ./Middlewares/MotorControl/speed_pos_fdbk.o
                0x080071f0                SPD_GetAvrgMecSpeedUnit
 .text.SPD_IsMecSpeedReliable
                0x080071f8       0x6c ./Middlewares/MotorControl/speed_pos_fdbk.o
                0x080071f8                SPD_IsMecSpeedReliable
 .text.SPD_GetS16Speed
                0x08007264       0x14 ./Middlewares/MotorControl/speed_pos_fdbk.o
                0x08007264                SPD_GetS16Speed
 .text.STC_Init
                0x08007278       0x2c ./Middlewares/MotorControl/speed_torq_ctrl.o
                0x08007278                STC_Init
 .text.STC_SetSpeedSensor
                0x080072a4        0x4 ./Middlewares/MotorControl/speed_torq_ctrl.o
                0x080072a4                STC_SetSpeedSensor
 .text.STC_Clear
                0x080072a8       0x10 ./Middlewares/MotorControl/speed_torq_ctrl.o
                0x080072a8                STC_Clear
 .text.STC_GetMecSpeedRefUnit
                0x080072b8        0x8 ./Middlewares/MotorControl/speed_torq_ctrl.o
                0x080072b8                STC_GetMecSpeedRefUnit
 .text.STC_SetControlMode
                0x080072c0        0x8 ./Middlewares/MotorControl/speed_torq_ctrl.o
                0x080072c0                STC_SetControlMode
 .text.STC_ExecRamp
                0x080072c8       0x90 ./Middlewares/MotorControl/speed_torq_ctrl.o
                0x080072c8                STC_ExecRamp
 .text.STC_CalcTorqueReference
                0x08007358       0x6c ./Middlewares/MotorControl/speed_torq_ctrl.o
                0x08007358                STC_CalcTorqueReference
 .text.STC_GetMecSpeedRefUnitDefault
                0x080073c4        0x8 ./Middlewares/MotorControl/speed_torq_ctrl.o
                0x080073c4                STC_GetMecSpeedRefUnitDefault
 .text.STC_GetDefaultIqdref
                0x080073cc       0x1c ./Middlewares/MotorControl/speed_torq_ctrl.o
                0x080073cc                STC_GetDefaultIqdref
 .text.STC_ForceSpeedReferenceToCurrentSpeed
                0x080073e8       0x10 ./Middlewares/MotorControl/speed_torq_ctrl.o
                0x080073e8                STC_ForceSpeedReferenceToCurrentSpeed
 .text.STO_PLL_CalcElAngle
                0x080073f8      0x1e4 ./Middlewares/MotorControl/sto_pll_speed_pos_fdbk.o
                0x080073f8                STO_PLL_CalcElAngle
 .text.STO_PLL_CalcAvrgMecSpeedUnit
                0x080075dc      0x140 ./Middlewares/MotorControl/sto_pll_speed_pos_fdbk.o
                0x080075dc                STO_PLL_CalcAvrgMecSpeedUnit
 .text.STO_PLL_CalcAvrgElSpeedDpp
                0x0800771c       0x58 ./Middlewares/MotorControl/sto_pll_speed_pos_fdbk.o
                0x0800771c                STO_PLL_CalcAvrgElSpeedDpp
 .text.STO_PLL_Clear
                0x08007774       0x4c ./Middlewares/MotorControl/sto_pll_speed_pos_fdbk.o
                0x08007774                STO_PLL_Clear
 .text.STO_PLL_Init
                0x080077c0       0x74 ./Middlewares/MotorControl/sto_pll_speed_pos_fdbk.o
                0x080077c0                STO_PLL_Init
 .text.STO_PLL_IsObserverConverged
                0x08007834       0xcc ./Middlewares/MotorControl/sto_pll_speed_pos_fdbk.o
                0x08007834                STO_PLL_IsObserverConverged
 .text.STO_PLL_GetEstimatedBemf
                0x08007900       0x18 ./Middlewares/MotorControl/sto_pll_speed_pos_fdbk.o
                0x08007900                STO_PLL_GetEstimatedBemf
 .text.STO_PLL_GetEstimatedCurrent
                0x08007918       0x24 ./Middlewares/MotorControl/sto_pll_speed_pos_fdbk.o
                0x08007918                STO_PLL_GetEstimatedCurrent
 .text.STO_PLL_GetObserverGains
                0x0800793c       0x10 ./Middlewares/MotorControl/sto_pll_speed_pos_fdbk.o
                0x0800793c                STO_PLL_GetObserverGains
 .text.STO_PLL_SetObserverGains
                0x0800794c        0x8 ./Middlewares/MotorControl/sto_pll_speed_pos_fdbk.o
                0x0800794c                STO_PLL_SetObserverGains
 .text.STO_OTF_ResetPLL
                0x08007954        0xc ./Middlewares/MotorControl/sto_pll_speed_pos_fdbk.o
                0x08007954                STO_OTF_ResetPLL
 .text.STO_PLL_IsVarianceTight
                0x08007960        0x8 ./Middlewares/MotorControl/sto_pll_speed_pos_fdbk.o
                0x08007960                STO_PLL_IsVarianceTight
 .text.STO_PLL_ForceConvergency1
                0x08007968        0xc ./Middlewares/MotorControl/sto_pll_speed_pos_fdbk.o
                0x08007968                STO_PLL_ForceConvergency1
 .text.STO_PLL_ForceConvergency2
                0x08007974        0xc ./Middlewares/MotorControl/sto_pll_speed_pos_fdbk.o
                0x08007974                STO_PLL_ForceConvergency2
 .text.STO_SetDirection
                0x08007980        0x8 ./Middlewares/MotorControl/sto_pll_speed_pos_fdbk.o
                0x08007980                STO_SetDirection
 .text.VSS_Clear
                0x08007988       0x1c ./Middlewares/MotorControl/virtual_speed_sensor.o
                0x08007988                VSS_Clear
 .text.VSS_Init
                0x080079a4        0x8 ./Middlewares/MotorControl/virtual_speed_sensor.o
                0x080079a4                VSS_Init
 .text.VSS_CalcElAngle
                0x080079ac       0xa4 ./Middlewares/MotorControl/virtual_speed_sensor.o
                0x080079ac                VSS_CalcElAngle
 .text.VSS_CalcAvrgMecSpeedUnit
                0x08007a50       0xa4 ./Middlewares/MotorControl/virtual_speed_sensor.o
                0x08007a50                VSS_CalcAvrgMecSpeedUnit
 .text.VSS_SetMecAcceleration
                0x08007af4       0x78 ./Middlewares/MotorControl/virtual_speed_sensor.o
                0x08007af4                VSS_SetMecAcceleration
 .text.VSS_SetStartTransition
                0x08007b6c       0x1c ./Middlewares/MotorControl/virtual_speed_sensor.o
                0x08007b6c                VSS_SetStartTransition
 .text.VSS_TransitionEnded
                0x08007b88        0x8 ./Middlewares/MotorControl/virtual_speed_sensor.o
                0x08007b88                VSS_TransitionEnded
 .text.memset   0x08007b90       0x10 C:/ST/STM32CubeIDE_1.16.1/STM32CubeIDE/plugins/com.st.stm32cube.ide.mcu.externaltools.gnu-tools-for-stm32.12.3.rel1.win32_1.0.200.202406191623/tools/bin/../lib/gcc/arm-none-eabi/12.3.1/../../../../arm-none-eabi/lib/thumb/v7e-m+fp/hard\libc_nano.a(libc_a-memset.o)
                0x08007b90                memset
 .text.__libc_init_array
                0x08007ba0       0x48 C:/ST/STM32CubeIDE_1.16.1/STM32CubeIDE/plugins/com.st.stm32cube.ide.mcu.externaltools.gnu-tools-for-stm32.12.3.rel1.win32_1.0.200.202406191623/tools/bin/../lib/gcc/arm-none-eabi/12.3.1/../../../../arm-none-eabi/lib/thumb/v7e-m+fp/hard\libc_nano.a(libc_a-init.o)
                0x08007ba0                __libc_init_array
 .text.memcpy   0x08007be8       0x1c C:/ST/STM32CubeIDE_1.16.1/STM32CubeIDE/plugins/com.st.stm32cube.ide.mcu.externaltools.gnu-tools-for-stm32.12.3.rel1.win32_1.0.200.202406191623/tools/bin/../lib/gcc/arm-none-eabi/12.3.1/../../../../arm-none-eabi/lib/thumb/v7e-m+fp/hard\libc_nano.a(libc_a-memcpy-stub.o)
                0x08007be8                memcpy
 *(.glue_7)
 .glue_7        0x08007c04        0x0 linker stubs
 *(.glue_7t)
 .glue_7t       0x08007c04        0x0 linker stubs
 *(.eh_frame)
 .eh_frame      0x08007c04        0x0 C:/ST/STM32CubeIDE_1.16.1/STM32CubeIDE/plugins/com.st.stm32cube.ide.mcu.externaltools.gnu-tools-for-stm32.12.3.rel1.win32_1.0.200.202406191623/tools/bin/../lib/gcc/arm-none-eabi/12.3.1/thumb/v7e-m+fp/hard/crtbegin.o
 *(.init)
 .init          0x08007c04        0x4 C:/ST/STM32CubeIDE_1.16.1/STM32CubeIDE/plugins/com.st.stm32cube.ide.mcu.externaltools.gnu-tools-for-stm32.12.3.rel1.win32_1.0.200.202406191623/tools/bin/../lib/gcc/arm-none-eabi/12.3.1/thumb/v7e-m+fp/hard/crti.o
                0x08007c04                _init
 .init          0x08007c08        0x8 C:/ST/STM32CubeIDE_1.16.1/STM32CubeIDE/plugins/com.st.stm32cube.ide.mcu.externaltools.gnu-tools-for-stm32.12.3.rel1.win32_1.0.200.202406191623/tools/bin/../lib/gcc/arm-none-eabi/12.3.1/thumb/v7e-m+fp/hard/crtn.o
 *(.fini)
 .fini          0x08007c10        0x4 C:/ST/STM32CubeIDE_1.16.1/STM32CubeIDE/plugins/com.st.stm32cube.ide.mcu.externaltools.gnu-tools-for-stm32.12.3.rel1.win32_1.0.200.202406191623/tools/bin/../lib/gcc/arm-none-eabi/12.3.1/thumb/v7e-m+fp/hard/crti.o
                0x08007c10                _fini
 .fini          0x08007c14        0x8 C:/ST/STM32CubeIDE_1.16.1/STM32CubeIDE/plugins/com.st.stm32cube.ide.mcu.externaltools.gnu-tools-for-stm32.12.3.rel1.win32_1.0.200.202406191623/tools/bin/../lib/gcc/arm-none-eabi/12.3.1/thumb/v7e-m+fp/hard/crtn.o
                0x08007c1c                        . = ALIGN (0x4)
                0x08007c1c                        _etext = .

.vfp11_veneer   0x08007c1c        0x0
 .vfp11_veneer  0x08007c1c        0x0 linker stubs

.v4_bx          0x08007c1c        0x0
 .v4_bx         0x08007c1c        0x0 linker stubs

.iplt           0x08007c1c        0x0
 .iplt          0x08007c1c        0x0 C:/ST/STM32CubeIDE_1.16.1/STM32CubeIDE/plugins/com.st.stm32cube.ide.mcu.externaltools.gnu-tools-for-stm32.12.3.rel1.win32_1.0.200.202406191623/tools/bin/../lib/gcc/arm-none-eabi/12.3.1/thumb/v7e-m+fp/hard/crtbegin.o

.rodata         0x08007c1c      0x450
                0x08007c1c                        . = ALIGN (0x4)
 *(.rodata)
 *(.rodata*)
 .rodata.CRC4_Lookup4
                0x08007c1c       0x10 ./Application/User/aspep.o
 .rodata.CRC4_Lookup8
                0x08007c2c      0x100 ./Application/User/aspep.o
 .rodata.M1_FOCConfig_reg
                0x08007d2c        0xe ./Application/User/mc_configuration_registers.o
 *fill*         0x08007d3a        0x2 
 .rodata.M1_MotorConfig_reg
                0x08007d3c       0x3c ./Application/User/mc_configuration_registers.o
 .rodata.M1_ApplicationConfig_reg
                0x08007d78       0x10 ./Application/User/mc_configuration_registers.o
 .rodata.globalConfig_reg
                0x08007d88        0xa ./Application/User/mc_configuration_registers.o
                0x08007d88                globalConfig_reg
 *fill*         0x08007d92        0x2 
 .rodata.FIRMWARE_NAME
                0x08007d94       0x14 ./Application/User/mc_configuration_registers.o
                0x08007d94                FIRMWARE_NAME
 .rodata.M1_PWR_BOARD
                0x08007da8       0x11 ./Application/User/mc_configuration_registers.o
 *fill*         0x08007db9        0x3 
 .rodata.CTL_BOARD
                0x08007dbc        0xe ./Application/User/mc_configuration_registers.o
                0x08007dbc                CTL_BOARD
 *fill*         0x08007dca        0x2 
 .rodata.hSin_Cos_Table
                0x08007dcc      0x200 ./Application/User/mc_math.o
                0x08007dcc                hSin_Cos_Table
 .rodata.R3_1_ParamsM1
                0x08007fcc       0x48 ./Application/User/mc_parameters.o
                0x08007fcc                R3_1_ParamsM1
 .rodata.CSWTCH.49
                0x08008014       0x11 ./Application/User/register_interface.o
 *fill*         0x08008025        0x3 
 .rodata.CHANNEL_OFFSET_TAB
                0x08008028        0x7 ./Application/User/usart_aspep_driver.o
 *fill*         0x0800802f        0x1 
 .rodata.APBPrescTable
                0x08008030        0x8 ./Drivers/CMSIS/system_stm32f3xx.o
                0x08008030                APBPrescTable
 .rodata.AHBPrescTable
                0x08008038       0x10 ./Drivers/CMSIS/system_stm32f3xx.o
                0x08008038                AHBPrescTable
 .rodata.aPredivFactorTable
                0x08008048       0x10 ./Drivers/STM32F3xx_HAL_Driver/stm32f3xx_hal_rcc.o
 .rodata.aPLLMULFactorTable
                0x08008058       0x10 ./Drivers/STM32F3xx_HAL_Driver/stm32f3xx_hal_rcc.o
 .rodata.CSWTCH.53
                0x08008068        0x3 ./Drivers/STM32F3xx_HAL_Driver/stm32f3xx_hal_uart.o
                0x0800806c                        . = ALIGN (0x4)
 *fill*         0x0800806b        0x1 

.ARM.extab      0x0800806c        0x0
                0x0800806c                        . = ALIGN (0x4)
 *(.ARM.extab* .gnu.linkonce.armextab.*)
                0x0800806c                        . = ALIGN (0x4)

.ARM            0x0800806c        0x0
                0x0800806c                        . = ALIGN (0x4)
                0x0800806c                        __exidx_start = .
 *(.ARM.exidx*)
                0x0800806c                        __exidx_end = .
                0x0800806c                        . = ALIGN (0x4)

.preinit_array  0x0800806c        0x0
                0x0800806c                        . = ALIGN (0x4)
                0x0800806c                        PROVIDE (__preinit_array_start = .)
 *(.preinit_array*)
                0x0800806c                        PROVIDE (__preinit_array_end = .)
                0x0800806c                        . = ALIGN (0x4)

.init_array     0x0800806c        0x4
                0x0800806c                        . = ALIGN (0x4)
                0x0800806c                        PROVIDE (__init_array_start = .)
 *(SORT_BY_NAME(.init_array.*))
 *(.init_array*)
 .init_array    0x0800806c        0x4 C:/ST/STM32CubeIDE_1.16.1/STM32CubeIDE/plugins/com.st.stm32cube.ide.mcu.externaltools.gnu-tools-for-stm32.12.3.rel1.win32_1.0.200.202406191623/tools/bin/../lib/gcc/arm-none-eabi/12.3.1/thumb/v7e-m+fp/hard/crtbegin.o
                0x08008070                        PROVIDE (__init_array_end = .)
                0x08008070                        . = ALIGN (0x4)

.fini_array     0x08008070        0x4
                0x08008070                        . = ALIGN (0x4)
                [!provide]                        PROVIDE (__fini_array_start = .)
 *(SORT_BY_NAME(.fini_array.*))
 *(.fini_array*)
 .fini_array    0x08008070        0x4 C:/ST/STM32CubeIDE_1.16.1/STM32CubeIDE/plugins/com.st.stm32cube.ide.mcu.externaltools.gnu-tools-for-stm32.12.3.rel1.win32_1.0.200.202406191623/tools/bin/../lib/gcc/arm-none-eabi/12.3.1/thumb/v7e-m+fp/hard/crtbegin.o
                [!provide]                        PROVIDE (__fini_array_end = .)
                0x08008074                        . = ALIGN (0x4)
                0x08008074                        _sidata = LOADADDR (.data)

.rel.dyn        0x08008074        0x0
 .rel.iplt      0x08008074        0x0 C:/ST/STM32CubeIDE_1.16.1/STM32CubeIDE/plugins/com.st.stm32cube.ide.mcu.externaltools.gnu-tools-for-stm32.12.3.rel1.win32_1.0.200.202406191623/tools/bin/../lib/gcc/arm-none-eabi/12.3.1/thumb/v7e-m+fp/hard/crtbegin.o

.data           0x20000000      0x4f4 load address 0x08008074
                0x20000000                        . = ALIGN (0x4)
                0x20000000                        _sdata = .
 *(.data)
 *(.data*)
 .data.Mci      0x20000000       0x28 ./Application/User/mc_config.o
                0x20000000                Mci
 .data.pMPM     0x20000028        0x4 ./Application/User/mc_config.o
                0x20000028                pMPM
 .data.pPIDId   0x2000002c        0x4 ./Application/User/mc_config.o
                0x2000002c                pPIDId
 .data.pPIDIq   0x20000030        0x4 ./Application/User/mc_config.o
                0x20000030                pPIDIq
 .data.pSTC     0x20000034        0x4 ./Application/User/mc_config.o
                0x20000034                pSTC
 .data.CircleLimitationM1
                0x20000038        0x4 ./Application/User/mc_config.o
                0x20000038                CircleLimitationM1
 .data.RampExtMngrHFParamsM1
                0x2000003c       0x18 ./Application/User/mc_config.o
                0x2000003c                RampExtMngrHFParamsM1
 .data.STO_M1   0x20000054       0x14 ./Application/User/mc_config.o
                0x20000054                STO_M1
 .data.STO_PLL_M1
                0x20000068      0x128 ./Application/User/mc_config.o
                0x20000068                STO_PLL_M1
 .data.PWM_Handle_M1
                0x20000190       0xa0 ./Application/User/mc_config.o
                0x20000190                PWM_Handle_M1
 .data.RevUpControlM1
                0x20000230       0x78 ./Application/User/mc_config.o
                0x20000230                RevUpControlM1
 .data.SpeednTorqCtrlM1
                0x200002a8       0x34 ./Application/User/mc_config.o
                0x200002a8                SpeednTorqCtrlM1
 .data.PIDIdHandle_M1
                0x200002dc       0x2c ./Application/User/mc_config.o
                0x200002dc                PIDIdHandle_M1
 .data.PIDIqHandle_M1
                0x20000308       0x2c ./Application/User/mc_config.o
                0x20000308                PIDIqHandle_M1
 .data.PIDSpeedHandle_M1
                0x20000334       0x2c ./Application/User/mc_config.o
                0x20000334                PIDSpeedHandle_M1
 .data.PQD_MotorPowMeasM1
                0x20000360       0x10 ./Application/User/mc_config.o
                0x20000360                PQD_MotorPowMeasM1
 .data.BusVoltageSensor_M1
                0x20000370       0x1c ./Application/User/mc_config_common.o
                0x20000370                BusVoltageSensor_M1
 .data.VbusRegConv_M1
                0x2000038c       0x10 ./Application/User/mc_config_common.o
                0x2000038c                VbusRegConv_M1
 .data.TempSensor_M1
                0x2000039c       0x1c ./Application/User/mc_config_common.o
                0x2000039c                TempSensor_M1
 .data.TempRegConv_M1
                0x200003b8       0x10 ./Application/User/mc_config_common.o
                0x200003b8                TempRegConv_M1
 .data.VirtualSpeedSensorM1
                0x200003c8       0x38 ./Application/User/mc_config_common.o
                0x200003c8                VirtualSpeedSensorM1
 .data.ApplicationConfig_reg
                0x20000400        0x4 ./Application/User/mc_configuration_registers.o
                0x20000400                ApplicationConfig_reg
 .data.MotorConfig_reg
                0x20000404        0x4 ./Application/User/mc_configuration_registers.o
                0x20000404                MotorConfig_reg
 .data.FOCConfig_reg
                0x20000408        0x4 ./Application/User/mc_configuration_registers.o
                0x20000408                FOCConfig_reg
 .data.PWR_BOARD_NAME
                0x2000040c        0x4 ./Application/User/mc_configuration_registers.o
                0x2000040c                PWR_BOARD_NAME
 .data.scaleParams_M1
                0x20000410       0x10 ./Application/User/mc_parameters.o
                0x20000410                scaleParams_M1
 .data.MCPA_UART_A
                0x20000420       0x2c ./Application/User/mcp_config.o
                0x20000420                MCPA_UART_A
 .data.MCP_Over_UartA
                0x2000044c       0x10 ./Application/User/mcp_config.o
                0x2000044c                MCP_Over_UartA
 .data.aspepOverUartA
                0x2000045c       0x74 ./Application/User/mcp_config.o
                0x2000045c                aspepOverUartA
 .data.UASPEP_A
                0x200004d0       0x14 ./Application/User/mcp_config.o
 .data.SystickDividerCounter.0
                0x200004e4        0x1 ./Application/User/stm32_mc_common_it.o
 *fill*         0x200004e5        0x3 
 .data.SystemCoreClock
                0x200004e8        0x4 ./Drivers/CMSIS/system_stm32f3xx.o
                0x200004e8                SystemCoreClock
 .data.uwTickFreq
                0x200004ec        0x1 ./Drivers/STM32F3xx_HAL_Driver/stm32f3xx_hal.o
                0x200004ec                uwTickFreq
 *fill*         0x200004ed        0x3 
 .data.uwTickPrio
                0x200004f0        0x4 ./Drivers/STM32F3xx_HAL_Driver/stm32f3xx_hal.o
                0x200004f0                uwTickPrio
 *(.RamFunc)
 *(.RamFunc*)
                0x200004f4                        . = ALIGN (0x4)
                0x200004f4                        _edata = .

.igot.plt       0x200004f4        0x0 load address 0x08008568
 .igot.plt      0x200004f4        0x0 C:/ST/STM32CubeIDE_1.16.1/STM32CubeIDE/plugins/com.st.stm32cube.ide.mcu.externaltools.gnu-tools-for-stm32.12.3.rel1.win32_1.0.200.202406191623/tools/bin/../lib/gcc/arm-none-eabi/12.3.1/thumb/v7e-m+fp/hard/crtbegin.o
                0x200004f4                        . = ALIGN (0x4)

.bss            0x200004f4     0x13e0 load address 0x08008568
                0x200004f4                        _sbss = .
                0x200004f4                        __bss_start__ = _sbss
 *(.bss)
 .bss           0x200004f4       0x1c C:/ST/STM32CubeIDE_1.16.1/STM32CubeIDE/plugins/com.st.stm32cube.ide.mcu.externaltools.gnu-tools-for-stm32.12.3.rel1.win32_1.0.200.202406191623/tools/bin/../lib/gcc/arm-none-eabi/12.3.1/thumb/v7e-m+fp/hard/crtbegin.o
 *(.bss*)
 .bss.hdma_usart2_tx
                0x20000510       0x44 ./Application/User/main.o
                0x20000510                hdma_usart2_tx
 .bss.hdma_usart2_rx
                0x20000554       0x44 ./Application/User/main.o
                0x20000554                hdma_usart2_rx
 .bss.huart2    0x20000598       0x88 ./Application/User/main.o
                0x20000598                huart2
 .bss.htim1     0x20000620       0x4c ./Application/User/main.o
                0x20000620                htim1
 .bss.hadc1     0x2000066c       0x50 ./Application/User/main.o
                0x2000066c                hadc1
 .bss.pREMNG    0x200006bc        0x4 ./Application/User/mc_config.o
                0x200006bc                pREMNG
 .bss.FOCVars   0x200006c0       0x26 ./Application/User/mc_config.o
                0x200006c0                FOCVars
 *fill*         0x200006e6        0x2 
 .bss.pwmcHandle
                0x200006e8        0x4 ./Application/User/mc_config_common.o
                0x200006e8                pwmcHandle
 .bss.RealBusVoltageSensorFilterBufferM1
                0x200006ec        0xc ./Application/User/mc_config_common.o
 .bss.bMCBootCompleted
                0x200006f8        0x1 ./Application/User/mc_tasks.o
 *fill*         0x200006f9        0x1 
 .bss.hStopPermanencyCounterM1
                0x200006fa        0x2 ./Application/User/mc_tasks.o
 .bss.hBootCapDelayCounterM1
                0x200006fc        0x2 ./Application/User/mc_tasks.o
 .bss.hMFTaskCounterM1
                0x200006fe        0x2 ./Application/User/mc_tasks.o
 .bss.MCP_UserCallBack
                0x20000700        0x8 ./Application/User/mcp_config.o
                0x20000700                MCP_UserCallBack
 .bss.dataSizeTableBuffA
                0x20000708        0xa ./Application/User/mcp_config.o
 *fill*         0x20000712        0x2 
 .bss.dataSizeTableA
                0x20000714        0xa ./Application/User/mcp_config.o
 *fill*         0x2000071e        0x2 
 .bss.dataPtrTableBuffA
                0x20000720       0x28 ./Application/User/mcp_config.o
 .bss.dataPtrTableA
                0x20000748       0x28 ./Application/User/mcp_config.o
 .bss.MCPAsyncBuffUARTA_B
                0x20000770      0x806 ./Application/User/mcp_config.o
 *fill*         0x20000f76        0x2 
 .bss.MCPAsyncBuffUARTA_A
                0x20000f78      0x806 ./Application/User/mcp_config.o
 *fill*         0x2000177e        0x2 
 .bss.MCPSyncRXBuff
                0x20001780       0x82 ./Application/User/mcp_config.o
 *fill*         0x20001802        0x2 
 .bss.MCPSyncTxBuff
                0x20001804       0x86 ./Application/User/mcp_config.o
 *fill*         0x2000188a        0x2 
 .bss.pMCI      0x2000188c        0x4 ./Application/User/motorcontrol.o
                0x2000188c                pMCI
 .bss.nullData16.0
                0x20001890        0x2 ./Application/User/register_interface.o
 *fill*         0x20001892        0x2 
 .bss.RCM_UserConvHandle
                0x20001894        0x4 ./Application/User/regular_conversion_manager.o
 .bss.RCM_UserConvState
                0x20001898        0x1 ./Application/User/regular_conversion_manager.o
 *fill*         0x20001899        0x1 
 .bss.RCM_UserConvValue
                0x2000189a        0x2 ./Application/User/regular_conversion_manager.o
 .bss.RCM_CB_array
                0x2000189c       0x20 ./Application/User/regular_conversion_manager.o
 .bss.RCM_handle_array
                0x200018bc       0x10 ./Application/User/regular_conversion_manager.o
 .bss.uwTick    0x200018cc        0x4 ./Drivers/STM32F3xx_HAL_Driver/stm32f3xx_hal.o
                0x200018cc                uwTick
 .bss.GLOBAL_TIMESTAMP
                0x200018d0        0x4 ./Middlewares/MotorControl/mcpa.o
                0x200018d0                GLOBAL_TIMESTAMP
 *(COMMON)
                0x200018d4                        . = ALIGN (0x4)
                0x200018d4                        _ebss = .
                0x200018d4                        __bss_end__ = _ebss

._user_heap_stack
                0x200018d4      0x604 load address 0x08008568
                0x200018d8                        . = ALIGN (0x8)
 *fill*         0x200018d4        0x4 
                [!provide]                        PROVIDE (end = .)
                0x200018d8                        PROVIDE (_end = .)
                0x20001ad8                        . = (. + _Min_Heap_Size)
 *fill*         0x200018d8      0x200 
                0x20001ed8                        . = (. + _Min_Stack_Size)
 *fill*         0x20001ad8      0x400 
                0x20001ed8                        . = ALIGN (0x8)

/DISCARD/
 libc.a(*)
 libm.a(*)
 libgcc.a(*)

.ARM.attributes
                0x00000000       0x30
 *(.ARM.attributes)
 .ARM.attributes
                0x00000000       0x22 C:/ST/STM32CubeIDE_1.16.1/STM32CubeIDE/plugins/com.st.stm32cube.ide.mcu.externaltools.gnu-tools-for-stm32.12.3.rel1.win32_1.0.200.202406191623/tools/bin/../lib/gcc/arm-none-eabi/12.3.1/thumb/v7e-m+fp/hard/crti.o
 .ARM.attributes
                0x00000022       0x34 C:/ST/STM32CubeIDE_1.16.1/STM32CubeIDE/plugins/com.st.stm32cube.ide.mcu.externaltools.gnu-tools-for-stm32.12.3.rel1.win32_1.0.200.202406191623/tools/bin/../lib/gcc/arm-none-eabi/12.3.1/thumb/v7e-m+fp/hard/crtbegin.o
 .ARM.attributes
                0x00000056       0x21 ./Application/Startup/startup_stm32f302r8tx.o
 .ARM.attributes
                0x00000077       0x30 ./Application/User/aspep.o
 .ARM.attributes
                0x000000a7       0x30 ./Application/User/main.o
 .ARM.attributes
                0x000000d7       0x30 ./Application/User/mc_api.o
 .ARM.attributes
                0x00000107       0x30 ./Application/User/mc_app_hooks.o
 .ARM.attributes
                0x00000137       0x30 ./Application/User/mc_config.o
 .ARM.attributes
                0x00000167       0x30 ./Application/User/mc_config_common.o
 .ARM.attributes
                0x00000197       0x30 ./Application/User/mc_configuration_registers.o
 .ARM.attributes
                0x000001c7       0x30 ./Application/User/mc_interface.o
 .ARM.attributes
                0x000001f7       0x30 ./Application/User/mc_math.o
 .ARM.attributes
                0x00000227       0x30 ./Application/User/mc_parameters.o
 .ARM.attributes
                0x00000257       0x30 ./Application/User/mc_tasks.o
 .ARM.attributes
                0x00000287       0x30 ./Application/User/mc_tasks_foc.o
 .ARM.attributes
                0x000002b7       0x30 ./Application/User/mcp.o
 .ARM.attributes
                0x000002e7       0x30 ./Application/User/mcp_config.o
 .ARM.attributes
                0x00000317       0x30 ./Application/User/motorcontrol.o
 .ARM.attributes
                0x00000347       0x30 ./Application/User/pwm_common.o
 .ARM.attributes
                0x00000377       0x30 ./Application/User/pwm_curr_fdbk.o
 .ARM.attributes
                0x000003a7       0x30 ./Application/User/register_interface.o
 .ARM.attributes
                0x000003d7       0x30 ./Application/User/regular_conversion_manager.o
 .ARM.attributes
                0x00000407       0x30 ./Application/User/stm32_mc_common_it.o
 .ARM.attributes
                0x00000437       0x30 ./Application/User/stm32f30x_mc_it.o
 .ARM.attributes
                0x00000467       0x30 ./Application/User/stm32f3xx_hal_msp.o
 .ARM.attributes
                0x00000497       0x30 ./Application/User/usart_aspep_driver.o
 .ARM.attributes
                0x000004c7       0x30 ./Drivers/CMSIS/system_stm32f3xx.o
 .ARM.attributes
                0x000004f7       0x30 ./Drivers/STM32F3xx_HAL_Driver/stm32f3xx_hal.o
 .ARM.attributes
                0x00000527       0x30 ./Drivers/STM32F3xx_HAL_Driver/stm32f3xx_hal_adc_ex.o
 .ARM.attributes
                0x00000557       0x30 ./Drivers/STM32F3xx_HAL_Driver/stm32f3xx_hal_cortex.o
 .ARM.attributes
                0x00000587       0x30 ./Drivers/STM32F3xx_HAL_Driver/stm32f3xx_hal_dma.o
 .ARM.attributes
                0x000005b7       0x30 ./Drivers/STM32F3xx_HAL_Driver/stm32f3xx_hal_gpio.o
 .ARM.attributes
                0x000005e7       0x30 ./Drivers/STM32F3xx_HAL_Driver/stm32f3xx_hal_rcc.o
 .ARM.attributes
                0x00000617       0x30 ./Drivers/STM32F3xx_HAL_Driver/stm32f3xx_hal_rcc_ex.o
 .ARM.attributes
                0x00000647       0x30 ./Drivers/STM32F3xx_HAL_Driver/stm32f3xx_hal_tim.o
 .ARM.attributes
                0x00000677       0x30 ./Drivers/STM32F3xx_HAL_Driver/stm32f3xx_hal_tim_ex.o
 .ARM.attributes
                0x000006a7       0x30 ./Drivers/STM32F3xx_HAL_Driver/stm32f3xx_hal_uart.o
 .ARM.attributes
                0x000006d7       0x30 ./Middlewares/MotorControl/bus_voltage_sensor.o
 .ARM.attributes
                0x00000707       0x30 ./Middlewares/MotorControl/circle_limitation.o
 .ARM.attributes
                0x00000737       0x30 ./Middlewares/MotorControl/mcpa.o
 .ARM.attributes
                0x00000767       0x30 ./Middlewares/MotorControl/ntc_temperature_sensor.o
 .ARM.attributes
                0x00000797       0x30 ./Middlewares/MotorControl/pid_regulator.o
 .ARM.attributes
                0x000007c7       0x30 ./Middlewares/MotorControl/pqd_motor_power_measurement.o
 .ARM.attributes
                0x000007f7       0x30 ./Middlewares/MotorControl/r3_1_f30x_pwm_curr_fdbk.o
 .ARM.attributes
                0x00000827       0x30 ./Middlewares/MotorControl/r_divider_bus_voltage_sensor.o
 .ARM.attributes
                0x00000857       0x30 ./Middlewares/MotorControl/ramp_ext_mngr.o
 .ARM.attributes
                0x00000887       0x30 ./Middlewares/MotorControl/revup_ctrl.o
 .ARM.attributes
                0x000008b7       0x30 ./Middlewares/MotorControl/speed_pos_fdbk.o
 .ARM.attributes
                0x000008e7       0x30 ./Middlewares/MotorControl/speed_torq_ctrl.o
 .ARM.attributes
                0x00000917       0x30 ./Middlewares/MotorControl/sto_pll_speed_pos_fdbk.o
 .ARM.attributes
                0x00000947       0x30 ./Middlewares/MotorControl/virtual_speed_sensor.o
 .ARM.attributes
                0x00000977       0x34 C:/ST/STM32CubeIDE_1.16.1/STM32CubeIDE/plugins/com.st.stm32cube.ide.mcu.externaltools.gnu-tools-for-stm32.12.3.rel1.win32_1.0.200.202406191623/tools/bin/../lib/gcc/arm-none-eabi/12.3.1/../../../../arm-none-eabi/lib/thumb/v7e-m+fp/hard\libc_nano.a(libc_a-memset.o)
 .ARM.attributes
                0x000009ab       0x34 C:/ST/STM32CubeIDE_1.16.1/STM32CubeIDE/plugins/com.st.stm32cube.ide.mcu.externaltools.gnu-tools-for-stm32.12.3.rel1.win32_1.0.200.202406191623/tools/bin/../lib/gcc/arm-none-eabi/12.3.1/../../../../arm-none-eabi/lib/thumb/v7e-m+fp/hard\libc_nano.a(libc_a-init.o)
 .ARM.attributes
                0x000009df       0x34 C:/ST/STM32CubeIDE_1.16.1/STM32CubeIDE/plugins/com.st.stm32cube.ide.mcu.externaltools.gnu-tools-for-stm32.12.3.rel1.win32_1.0.200.202406191623/tools/bin/../lib/gcc/arm-none-eabi/12.3.1/../../../../arm-none-eabi/lib/thumb/v7e-m+fp/hard\libc_nano.a(libc_a-memcpy-stub.o)
 .ARM.attributes
                0x00000a13       0x22 C:/ST/STM32CubeIDE_1.16.1/STM32CubeIDE/plugins/com.st.stm32cube.ide.mcu.externaltools.gnu-tools-for-stm32.12.3.rel1.win32_1.0.200.202406191623/tools/bin/../lib/gcc/arm-none-eabi/12.3.1/thumb/v7e-m+fp/hard/crtn.o
OUTPUT(motor_controller.elf elf32-littlearm)
LOAD linker stubs
LOAD C:/ST/STM32CubeIDE_1.16.1/STM32CubeIDE/plugins/com.st.stm32cube.ide.mcu.externaltools.gnu-tools-for-stm32.12.3.rel1.win32_1.0.200.202406191623/tools/bin/../lib/gcc/arm-none-eabi/12.3.1/../../../../arm-none-eabi/lib/thumb/v7e-m+fp/hard\libc.a
LOAD C:/ST/STM32CubeIDE_1.16.1/STM32CubeIDE/plugins/com.st.stm32cube.ide.mcu.externaltools.gnu-tools-for-stm32.12.3.rel1.win32_1.0.200.202406191623/tools/bin/../lib/gcc/arm-none-eabi/12.3.1/../../../../arm-none-eabi/lib/thumb/v7e-m+fp/hard\libm.a
LOAD C:/ST/STM32CubeIDE_1.16.1/STM32CubeIDE/plugins/com.st.stm32cube.ide.mcu.externaltools.gnu-tools-for-stm32.12.3.rel1.win32_1.0.200.202406191623/tools/bin/../lib/gcc/arm-none-eabi/12.3.1/thumb/v7e-m+fp/hard\libgcc.a

.debug_line     0x00000000    0x3d99a
 .debug_line    0x00000000       0x7a ./Application/Startup/startup_stm32f302r8tx.o
 .debug_line    0x0000007a     0x1640 ./Application/User/aspep.o
 .debug_line    0x000016ba     0x1414 ./Application/User/main.o
 .debug_line    0x00002ace     0x10e4 ./Application/User/mc_api.o
 .debug_line    0x00003bb2      0x979 ./Application/User/mc_app_hooks.o
 .debug_line    0x0000452b      0xc83 ./Application/User/mc_config.o
 .debug_line    0x000051ae      0xc8a ./Application/User/mc_config_common.o
 .debug_line    0x00005e38      0xb34 ./Application/User/mc_configuration_registers.o
 .debug_line    0x0000696c     0x184f ./Application/User/mc_interface.o
 .debug_line    0x000081bb      0xc7d ./Application/User/mc_math.o
 .debug_line    0x00008e38      0xc74 ./Application/User/mc_parameters.o
 .debug_line    0x00009aac     0x122f ./Application/User/mc_tasks.o
 .debug_line    0x0000acdb     0x1415 ./Application/User/mc_tasks_foc.o
 .debug_line    0x0000c0f0     0x1196 ./Application/User/mcp.o
 .debug_line    0x0000d286      0xa5e ./Application/User/mcp_config.o
 .debug_line    0x0000dce4      0xcbf ./Application/User/motorcontrol.o
 .debug_line    0x0000e9a3      0xb59 ./Application/User/pwm_common.o
 .debug_line    0x0000f4fc     0x127b ./Application/User/pwm_curr_fdbk.o
 .debug_line    0x00010777     0x236f ./Application/User/register_interface.o
 .debug_line    0x00012ae6     0x12c2 ./Application/User/regular_conversion_manager.o
 .debug_line    0x00013da8     0x1180 ./Application/User/stm32_mc_common_it.o
 .debug_line    0x00014f28      0xdaa ./Application/User/stm32f30x_mc_it.o
 .debug_line    0x00015cd2      0xfad ./Application/User/stm32f3xx_hal_msp.o
 .debug_line    0x00016c7f     0x1020 ./Application/User/usart_aspep_driver.o
 .debug_line    0x00017c9f      0x8c2 ./Drivers/CMSIS/system_stm32f3xx.o
 .debug_line    0x00018561      0xb9d ./Drivers/STM32F3xx_HAL_Driver/stm32f3xx_hal.o
 .debug_line    0x000190fe     0x283a ./Drivers/STM32F3xx_HAL_Driver/stm32f3xx_hal_adc_ex.o
 .debug_line    0x0001b938      0xd47 ./Drivers/STM32F3xx_HAL_Driver/stm32f3xx_hal_cortex.o
 .debug_line    0x0001c67f     0x1166 ./Drivers/STM32F3xx_HAL_Driver/stm32f3xx_hal_dma.o
 .debug_line    0x0001d7e5      0xdd0 ./Drivers/STM32F3xx_HAL_Driver/stm32f3xx_hal_gpio.o
 .debug_line    0x0001e5b5     0x19be ./Drivers/STM32F3xx_HAL_Driver/stm32f3xx_hal_rcc.o
 .debug_line    0x0001ff73      0xe8f ./Drivers/STM32F3xx_HAL_Driver/stm32f3xx_hal_rcc_ex.o
 .debug_line    0x00020e02     0x6a04 ./Drivers/STM32F3xx_HAL_Driver/stm32f3xx_hal_tim.o
 .debug_line    0x00027806     0x201a ./Drivers/STM32F3xx_HAL_Driver/stm32f3xx_hal_tim_ex.o
 .debug_line    0x00029820     0x5fc4 ./Drivers/STM32F3xx_HAL_Driver/stm32f3xx_hal_uart.o
 .debug_line    0x0002f7e4      0xa17 ./Middlewares/MotorControl/bus_voltage_sensor.o
 .debug_line    0x000301fb      0xaad ./Middlewares/MotorControl/circle_limitation.o
 .debug_line    0x00030ca8     0x11ea ./Middlewares/MotorControl/mcpa.o
 .debug_line    0x00031e92      0xbaa ./Middlewares/MotorControl/ntc_temperature_sensor.o
 .debug_line    0x00032a3c      0xe46 ./Middlewares/MotorControl/pid_regulator.o
 .debug_line    0x00033882      0xaa4 ./Middlewares/MotorControl/pqd_motor_power_measurement.o
 .debug_line    0x00034326     0x2e65 ./Middlewares/MotorControl/r3_1_f30x_pwm_curr_fdbk.o
 .debug_line    0x0003718b      0xc27 ./Middlewares/MotorControl/r_divider_bus_voltage_sensor.o
 .debug_line    0x00037db2      0xc73 ./Middlewares/MotorControl/ramp_ext_mngr.o
 .debug_line    0x00038a25     0x11cb ./Middlewares/MotorControl/revup_ctrl.o
 .debug_line    0x00039bf0      0xb6d ./Middlewares/MotorControl/speed_pos_fdbk.o
 .debug_line    0x0003a75d      0xe13 ./Middlewares/MotorControl/speed_torq_ctrl.o
 .debug_line    0x0003b570     0x151c ./Middlewares/MotorControl/sto_pll_speed_pos_fdbk.o
 .debug_line    0x0003ca8c      0xf0e ./Middlewares/MotorControl/virtual_speed_sensor.o

.debug_line_str
                0x00000000       0xd0
 .debug_line_str
                0x00000000       0xd0 ./Application/Startup/startup_stm32f302r8tx.o

.debug_info     0x00000000    0x3ad9c
 .debug_info    0x00000000       0x30 ./Application/Startup/startup_stm32f302r8tx.o
 .debug_info    0x00000030     0x1095 ./Application/User/aspep.o
 .debug_info    0x000010c5     0x2db3 ./Application/User/main.o
 .debug_info    0x00003e78     0x1afe ./Application/User/mc_api.o
 .debug_info    0x00005976      0x162 ./Application/User/mc_app_hooks.o
 .debug_info    0x00005ad8     0x1eef ./Application/User/mc_config.o
 .debug_info    0x000079c7      0xd6f ./Application/User/mc_config_common.o
 .debug_info    0x00008736      0x521 ./Application/User/mc_configuration_registers.o
 .debug_info    0x00008c57     0x1fbf ./Application/User/mc_interface.o
 .debug_info    0x0000ac16      0x5ce ./Application/User/mc_math.o
 .debug_info    0x0000b1e4      0x686 ./Application/User/mc_parameters.o
 .debug_info    0x0000b86a     0x21de ./Application/User/mc_tasks.o
 .debug_info    0x0000da48     0x2c9f ./Application/User/mc_tasks_foc.o
 .debug_info    0x000106e7     0x155e ./Application/User/mcp.o
 .debug_info    0x00011c45      0xaa5 ./Application/User/mcp_config.o
 .debug_info    0x000126ea     0x1041 ./Application/User/motorcontrol.o
 .debug_info    0x0001372b      0x74f ./Application/User/pwm_common.o
 .debug_info    0x00013e7a     0x1362 ./Application/User/pwm_curr_fdbk.o
 .debug_info    0x000151dc     0x327e ./Application/User/register_interface.o
 .debug_info    0x0001845a      0xc21 ./Application/User/regular_conversion_manager.o
 .debug_info    0x0001907b     0x1252 ./Application/User/stm32_mc_common_it.o
 .debug_info    0x0001a2cd      0xebb ./Application/User/stm32f30x_mc_it.o
 .debug_info    0x0001b188     0x1601 ./Application/User/stm32f3xx_hal_msp.o
 .debug_info    0x0001c789     0x10dd ./Application/User/usart_aspep_driver.o
 .debug_info    0x0001d866      0x41b ./Drivers/CMSIS/system_stm32f3xx.o
 .debug_info    0x0001dc81      0x84c ./Drivers/STM32F3xx_HAL_Driver/stm32f3xx_hal.o
 .debug_info    0x0001e4cd     0x1911 ./Drivers/STM32F3xx_HAL_Driver/stm32f3xx_hal_adc_ex.o
 .debug_info    0x0001fdde      0xd40 ./Drivers/STM32F3xx_HAL_Driver/stm32f3xx_hal_cortex.o
 .debug_info    0x00020b1e      0x833 ./Drivers/STM32F3xx_HAL_Driver/stm32f3xx_hal_dma.o
 .debug_info    0x00021351      0x634 ./Drivers/STM32F3xx_HAL_Driver/stm32f3xx_hal_gpio.o
 .debug_info    0x00021985     0x154b ./Drivers/STM32F3xx_HAL_Driver/stm32f3xx_hal_rcc.o
 .debug_info    0x00022ed0      0x712 ./Drivers/STM32F3xx_HAL_Driver/stm32f3xx_hal_rcc_ex.o
 .debug_info    0x000235e2     0x4fbd ./Drivers/STM32F3xx_HAL_Driver/stm32f3xx_hal_tim.o
 .debug_info    0x0002859f     0x1c68 ./Drivers/STM32F3xx_HAL_Driver/stm32f3xx_hal_tim_ex.o
 .debug_info    0x0002a207     0x636f ./Drivers/STM32F3xx_HAL_Driver/stm32f3xx_hal_uart.o
 .debug_info    0x00030576      0x262 ./Middlewares/MotorControl/bus_voltage_sensor.o
 .debug_info    0x000307d8      0x30e ./Middlewares/MotorControl/circle_limitation.o
 .debug_info    0x00030ae6      0x6b4 ./Middlewares/MotorControl/mcpa.o
 .debug_info    0x0003119a      0x4a4 ./Middlewares/MotorControl/ntc_temperature_sensor.o
 .debug_info    0x0003163e      0x877 ./Middlewares/MotorControl/pid_regulator.o
 .debug_info    0x00031eb5      0x4b0 ./Middlewares/MotorControl/pqd_motor_power_measurement.o
 .debug_info    0x00032365     0x44e6 ./Middlewares/MotorControl/r3_1_f30x_pwm_curr_fdbk.o
 .debug_info    0x0003684b      0x3f1 ./Middlewares/MotorControl/r_divider_bus_voltage_sensor.o
 .debug_info    0x00036c3c      0x4a1 ./Middlewares/MotorControl/ramp_ext_mngr.o
 .debug_info    0x000370dd     0x14b8 ./Middlewares/MotorControl/revup_ctrl.o
 .debug_info    0x00038595      0x49d ./Middlewares/MotorControl/speed_pos_fdbk.o
 .debug_info    0x00038a32      0x943 ./Middlewares/MotorControl/speed_torq_ctrl.o
 .debug_info    0x00039375     0x130a ./Middlewares/MotorControl/sto_pll_speed_pos_fdbk.o
 .debug_info    0x0003a67f      0x71d ./Middlewares/MotorControl/virtual_speed_sensor.o

.debug_abbrev   0x00000000     0x7cac
 .debug_abbrev  0x00000000       0x24 ./Application/Startup/startup_stm32f302r8tx.o
 .debug_abbrev  0x00000024      0x3a5 ./Application/User/aspep.o
 .debug_abbrev  0x000003c9      0x3cf ./Application/User/main.o
 .debug_abbrev  0x00000798      0x284 ./Application/User/mc_api.o
 .debug_abbrev  0x00000a1c       0x99 ./Application/User/mc_app_hooks.o
 .debug_abbrev  0x00000ab5      0x1ff ./Application/User/mc_config.o
 .debug_abbrev  0x00000cb4      0x177 ./Application/User/mc_config_common.o
 .debug_abbrev  0x00000e2b       0xef ./Application/User/mc_configuration_registers.o
 .debug_abbrev  0x00000f1a      0x3b9 ./Application/User/mc_interface.o
 .debug_abbrev  0x000012d3      0x194 ./Application/User/mc_math.o
 .debug_abbrev  0x00001467      0x102 ./Application/User/mc_parameters.o
 .debug_abbrev  0x00001569      0x3d8 ./Application/User/mc_tasks.o
 .debug_abbrev  0x00001941      0x495 ./Application/User/mc_tasks_foc.o
 .debug_abbrev  0x00001dd6      0x2fc ./Application/User/mcp.o
 .debug_abbrev  0x000020d2      0x1c7 ./Application/User/mcp_config.o
 .debug_abbrev  0x00002299      0x23d ./Application/User/motorcontrol.o
 .debug_abbrev  0x000024d6      0x203 ./Application/User/pwm_common.o
 .debug_abbrev  0x000026d9      0x382 ./Application/User/pwm_curr_fdbk.o
 .debug_abbrev  0x00002a5b      0x455 ./Application/User/register_interface.o
 .debug_abbrev  0x00002eb0      0x31a ./Application/User/regular_conversion_manager.o
 .debug_abbrev  0x000031ca      0x34c ./Application/User/stm32_mc_common_it.o
 .debug_abbrev  0x00003516      0x276 ./Application/User/stm32f30x_mc_it.o
 .debug_abbrev  0x0000378c      0x290 ./Application/User/stm32f3xx_hal_msp.o
 .debug_abbrev  0x00003a1c      0x2bc ./Application/User/usart_aspep_driver.o
 .debug_abbrev  0x00003cd8      0x120 ./Drivers/CMSIS/system_stm32f3xx.o
 .debug_abbrev  0x00003df8      0x286 ./Drivers/STM32F3xx_HAL_Driver/stm32f3xx_hal.o
 .debug_abbrev  0x0000407e      0x39f ./Drivers/STM32F3xx_HAL_Driver/stm32f3xx_hal_adc_ex.o
 .debug_abbrev  0x0000441d      0x363 ./Drivers/STM32F3xx_HAL_Driver/stm32f3xx_hal_cortex.o
 .debug_abbrev  0x00004780      0x270 ./Drivers/STM32F3xx_HAL_Driver/stm32f3xx_hal_dma.o
 .debug_abbrev  0x000049f0      0x1fa ./Drivers/STM32F3xx_HAL_Driver/stm32f3xx_hal_gpio.o
 .debug_abbrev  0x00004bea      0x39d ./Drivers/STM32F3xx_HAL_Driver/stm32f3xx_hal_rcc.o
 .debug_abbrev  0x00004f87      0x2bd ./Drivers/STM32F3xx_HAL_Driver/stm32f3xx_hal_rcc_ex.o
 .debug_abbrev  0x00005244      0x3a3 ./Drivers/STM32F3xx_HAL_Driver/stm32f3xx_hal_tim.o
 .debug_abbrev  0x000055e7      0x38e ./Drivers/STM32F3xx_HAL_Driver/stm32f3xx_hal_tim_ex.o
 .debug_abbrev  0x00005975      0x47d ./Drivers/STM32F3xx_HAL_Driver/stm32f3xx_hal_uart.o
 .debug_abbrev  0x00005df2      0x10d ./Middlewares/MotorControl/bus_voltage_sensor.o
 .debug_abbrev  0x00005eff      0x127 ./Middlewares/MotorControl/circle_limitation.o
 .debug_abbrev  0x00006026      0x2a5 ./Middlewares/MotorControl/mcpa.o
 .debug_abbrev  0x000062cb      0x23e ./Middlewares/MotorControl/ntc_temperature_sensor.o
 .debug_abbrev  0x00006509      0x1b2 ./Middlewares/MotorControl/pid_regulator.o
 .debug_abbrev  0x000066bb      0x1e0 ./Middlewares/MotorControl/pqd_motor_power_measurement.o
 .debug_abbrev  0x0000689b      0x482 ./Middlewares/MotorControl/r3_1_f30x_pwm_curr_fdbk.o
 .debug_abbrev  0x00006d1d      0x162 ./Middlewares/MotorControl/r_divider_bus_voltage_sensor.o
 .debug_abbrev  0x00006e7f      0x1fc ./Middlewares/MotorControl/ramp_ext_mngr.o
 .debug_abbrev  0x0000707b      0x329 ./Middlewares/MotorControl/revup_ctrl.o
 .debug_abbrev  0x000073a4      0x176 ./Middlewares/MotorControl/speed_pos_fdbk.o
 .debug_abbrev  0x0000751a      0x254 ./Middlewares/MotorControl/speed_torq_ctrl.o
 .debug_abbrev  0x0000776e      0x32b ./Middlewares/MotorControl/sto_pll_speed_pos_fdbk.o
 .debug_abbrev  0x00007a99      0x213 ./Middlewares/MotorControl/virtual_speed_sensor.o

.debug_aranges  0x00000000     0x19d8
 .debug_aranges
                0x00000000       0x28 ./Application/Startup/startup_stm32f302r8tx.o
 .debug_aranges
                0x00000028       0x60 ./Application/User/aspep.o
 .debug_aranges
                0x00000088       0x30 ./Application/User/main.o
 .debug_aranges
                0x000000b8      0x190 ./Application/User/mc_api.o
 .debug_aranges
                0x00000248       0x28 ./Application/User/mc_app_hooks.o
 .debug_aranges
                0x00000270       0x18 ./Application/User/mc_config.o
 .debug_aranges
                0x00000288       0x18 ./Application/User/mc_config_common.o
 .debug_aranges
                0x000002a0       0x18 ./Application/User/mc_configuration_registers.o
 .debug_aranges
                0x000002b8      0x1b0 ./Application/User/mc_interface.o
 .debug_aranges
                0x00000468       0x48 ./Application/User/mc_math.o
 .debug_aranges
                0x000004b0       0x18 ./Application/User/mc_parameters.o
 .debug_aranges
                0x000004c8       0x78 ./Application/User/mc_tasks.o
 .debug_aranges
                0x00000540       0x50 ./Application/User/mc_tasks_foc.o
 .debug_aranges
                0x00000590       0x38 ./Application/User/mcp.o
 .debug_aranges
                0x000005c8       0x18 ./Application/User/mcp_config.o
 .debug_aranges
                0x000005e0       0x20 ./Application/User/motorcontrol.o
 .debug_aranges
                0x00000600       0x28 ./Application/User/pwm_common.o
 .debug_aranges
                0x00000628      0x110 ./Application/User/pwm_curr_fdbk.o
 .debug_aranges
                0x00000738       0x50 ./Application/User/register_interface.o
 .debug_aranges
                0x00000788       0x50 ./Application/User/regular_conversion_manager.o
 .debug_aranges
                0x000007d8       0x38 ./Application/User/stm32_mc_common_it.o
 .debug_aranges
                0x00000810       0x30 ./Application/User/stm32f30x_mc_it.o
 .debug_aranges
                0x00000840       0x58 ./Application/User/stm32f3xx_hal_msp.o
 .debug_aranges
                0x00000898       0x48 ./Application/User/usart_aspep_driver.o
 .debug_aranges
                0x000008e0       0x28 ./Drivers/CMSIS/system_stm32f3xx.o
 .debug_aranges
                0x00000908       0xe0 ./Drivers/STM32F3xx_HAL_Driver/stm32f3xx_hal.o
 .debug_aranges
                0x000009e8      0x140 ./Drivers/STM32F3xx_HAL_Driver/stm32f3xx_hal_adc_ex.o
 .debug_aranges
                0x00000b28       0x90 ./Drivers/STM32F3xx_HAL_Driver/stm32f3xx_hal_cortex.o
 .debug_aranges
                0x00000bb8       0x78 ./Drivers/STM32F3xx_HAL_Driver/stm32f3xx_hal_dma.o
 .debug_aranges
                0x00000c30       0x58 ./Drivers/STM32F3xx_HAL_Driver/stm32f3xx_hal_gpio.o
 .debug_aranges
                0x00000c88       0x88 ./Drivers/STM32F3xx_HAL_Driver/stm32f3xx_hal_rcc.o
 .debug_aranges
                0x00000d10       0x30 ./Drivers/STM32F3xx_HAL_Driver/stm32f3xx_hal_rcc_ex.o
 .debug_aranges
                0x00000d40      0x388 ./Drivers/STM32F3xx_HAL_Driver/stm32f3xx_hal_tim.o
 .debug_aranges
                0x000010c8      0x170 ./Drivers/STM32F3xx_HAL_Driver/stm32f3xx_hal_tim_ex.o
 .debug_aranges
                0x00001238      0x218 ./Drivers/STM32F3xx_HAL_Driver/stm32f3xx_hal_uart.o
 .debug_aranges
                0x00001450       0x28 ./Middlewares/MotorControl/bus_voltage_sensor.o
 .debug_aranges
                0x00001478       0x20 ./Middlewares/MotorControl/circle_limitation.o
 .debug_aranges
                0x00001498       0x30 ./Middlewares/MotorControl/mcpa.o
 .debug_aranges
                0x000014c8       0x48 ./Middlewares/MotorControl/ntc_temperature_sensor.o
 .debug_aranges
                0x00001510       0xd8 ./Middlewares/MotorControl/pid_regulator.o
 .debug_aranges
                0x000015e8       0x30 ./Middlewares/MotorControl/pqd_motor_power_measurement.o
 .debug_aranges
                0x00001618       0xc8 ./Middlewares/MotorControl/r3_1_f30x_pwm_curr_fdbk.o
 .debug_aranges
                0x000016e0       0x38 ./Middlewares/MotorControl/r_divider_bus_voltage_sensor.o
 .debug_aranges
                0x00001718       0x50 ./Middlewares/MotorControl/ramp_ext_mngr.o
 .debug_aranges
                0x00001768       0x78 ./Middlewares/MotorControl/revup_ctrl.o
 .debug_aranges
                0x000017e0       0x50 ./Middlewares/MotorControl/speed_pos_fdbk.o
 .debug_aranges
                0x00001830       0x80 ./Middlewares/MotorControl/speed_torq_ctrl.o
 .debug_aranges
                0x000018b0       0xb8 ./Middlewares/MotorControl/sto_pll_speed_pos_fdbk.o
 .debug_aranges
                0x00001968       0x70 ./Middlewares/MotorControl/virtual_speed_sensor.o

.debug_str      0x00000000    0xd43ef
 .debug_str     0x00000000       0xec ./Application/Startup/startup_stm32f302r8tx.o
 .debug_str     0x000000ec    0xc0da4 ./Application/User/aspep.o
                              0xc1d74 (size before relaxing)