Archive member included to satisfy reference by file (symbol)

C:/ST/STM32CubeIDE_1.16.1/STM32CubeIDE/plugins/com.st.stm32cube.ide.mcu.externaltools.gnu-tools-for-stm32.12.3.rel1.win32_1.0.200.202406191623/tools/bin/../lib/gcc/arm-none-eabi/12.3.1/../../../../arm-none-eabi/lib/thumb/v7e-m+fp/hard\libc_nano.a(libc_a-exit.o)
                              C:/ST/STM32CubeIDE_1.16.1/STM32CubeIDE/plugins/com.st.stm32cube.ide.mcu.externaltools.gnu-tools-for-stm32.12.3.rel1.win32_1.0.200.202406191623/tools/bin/../lib/gcc/arm-none-eabi/12.3.1/../../../../arm-none-eabi/lib/thumb/v7e-m+fp/hard/crt0.o (exit)
C:/ST/STM32CubeIDE_1.16.1/STM32CubeIDE/plugins/com.st.stm32cube.ide.mcu.externaltools.gnu-tools-for-stm32.12.3.rel1.win32_1.0.200.202406191623/tools/bin/../lib/gcc/arm-none-eabi/12.3.1/../../../../arm-none-eabi/lib/thumb/v7e-m+fp/hard\libc_nano.a(libc_a-findfp.o)
                              C:/ST/STM32CubeIDE_1.16.1/STM32CubeIDE/plugins/com.st.stm32cube.ide.mcu.externaltools.gnu-tools-for-stm32.12.3.rel1.win32_1.0.200.202406191623/tools/bin/../lib/gcc/arm-none-eabi/12.3.1/../../../../arm-none-eabi/lib/thumb/v7e-m+fp/hard\libc_nano.a(libc_a-exit.o) (__stdio_exit_handler)
C:/ST/STM32CubeIDE_1.16.1/STM32CubeIDE/plugins/com.st.stm32cube.ide.mcu.externaltools.gnu-tools-for-stm32.12.3.rel1.win32_1.0.200.202406191623/tools/bin/../lib/gcc/arm-none-eabi/12.3.1/../../../../arm-none-eabi/lib/thumb/v7e-m+fp/hard\libc_nano.a(libc_a-fwalk.o)
                              C:/ST/STM32CubeIDE_1.16.1/STM32CubeIDE/plugins/com.st.stm32cube.ide.mcu.externaltools.gnu-tools-for-stm32.12.3.rel1.win32_1.0.200.202406191623/tools/bin/../lib/gcc/arm-none-eabi/12.3.1/../../../../arm-none-eabi/lib/thumb/v7e-m+fp/hard\libc_nano.a(libc_a-findfp.o) (_fwalk_sglue)
C:/ST/STM32CubeIDE_1.16.1/STM32CubeIDE/plugins/com.st.stm32cube.ide.mcu.externaltools.gnu-tools-for-stm32.12.3.rel1.win32_1.0.200.202406191623/tools/bin/../lib/gcc/arm-none-eabi/12.3.1/../../../../arm-none-eabi/lib/thumb/v7e-m+fp/hard\libc_nano.a(libc_a-snprintf.o)
                              ./Application/User/dassert.o (snprintf)
C:/ST/STM32CubeIDE_1.16.1/STM32CubeIDE/plugins/com.st.stm32cube.ide.mcu.externaltools.gnu-tools-for-stm32.12.3.rel1.win32_1.0.200.202406191623/tools/bin/../lib/gcc/arm-none-eabi/12.3.1/../../../../arm-none-eabi/lib/thumb/v7e-m+fp/hard\libc_nano.a(libc_a-stdio.o)
                              C:/ST/STM32CubeIDE_1.16.1/STM32CubeIDE/plugins/com.st.stm32cube.ide.mcu.externaltools.gnu-tools-for-stm32.12.3.rel1.win32_1.0.200.202406191623/tools/bin/../lib/gcc/arm-none-eabi/12.3.1/../../../../arm-none-eabi/lib/thumb/v7e-m+fp/hard\libc_nano.a(libc_a-findfp.o) (__sread)
C:/ST/STM32CubeIDE_1.16.1/STM32CubeIDE/plugins/com.st.stm32cube.ide.mcu.externaltools.gnu-tools-for-stm32.12.3.rel1.win32_1.0.200.202406191623/tools/bin/../lib/gcc/arm-none-eabi/12.3.1/../../../../arm-none-eabi/lib/thumb/v7e-m+fp/hard\libc_nano.a(libc_a-vsnprintf.o)
                              ./Application/User/dassert.o (vsnprintf)
C:/ST/STM32CubeIDE_1.16.1/STM32CubeIDE/plugins/com.st.stm32cube.ide.mcu.externaltools.gnu-tools-for-stm32.12.3.rel1.win32_1.0.200.202406191623/tools/bin/../lib/gcc/arm-none-eabi/12.3.1/../../../../arm-none-eabi/lib/thumb/v7e-m+fp/hard\libc_nano.a(libc_a-memset.o)
                              C:/ST/STM32CubeIDE_1.16.1/STM32CubeIDE/plugins/com.st.stm32cube.ide.mcu.externaltools.gnu-tools-for-stm32.12.3.rel1.win32_1.0.200.202406191623/tools/bin/../lib/gcc/arm-none-eabi/12.3.1/../../../../arm-none-eabi/lib/thumb/v7e-m+fp/hard/crt0.o (memset)
C:/ST/STM32CubeIDE_1.16.1/STM32CubeIDE/plugins/com.st.stm32cube.ide.mcu.externaltools.gnu-tools-for-stm32.12.3.rel1.win32_1.0.200.202406191623/tools/bin/../lib/gcc/arm-none-eabi/12.3.1/../../../../arm-none-eabi/lib/thumb/v7e-m+fp/hard\libc_nano.a(libc_a-closer.o)
                              C:/ST/STM32CubeIDE_1.16.1/STM32CubeIDE/plugins/com.st.stm32cube.ide.mcu.externaltools.gnu-tools-for-stm32.12.3.rel1.win32_1.0.200.202406191623/tools/bin/../lib/gcc/arm-none-eabi/12.3.1/../../../../arm-none-eabi/lib/thumb/v7e-m+fp/hard\libc_nano.a(libc_a-stdio.o) (_close_r)
C:/ST/STM32CubeIDE_1.16.1/STM32CubeIDE/plugins/com.st.stm32cube.ide.mcu.externaltools.gnu-tools-for-stm32.12.3.rel1.win32_1.0.200.202406191623/tools/bin/../lib/gcc/arm-none-eabi/12.3.1/../../../../arm-none-eabi/lib/thumb/v7e-m+fp/hard\libc_nano.a(libc_a-reent.o)
                              C:/ST/STM32CubeIDE_1.16.1/STM32CubeIDE/plugins/com.st.stm32cube.ide.mcu.externaltools.gnu-tools-for-stm32.12.3.rel1.win32_1.0.200.202406191623/tools/bin/../lib/gcc/arm-none-eabi/12.3.1/../../../../arm-none-eabi/lib/thumb/v7e-m+fp/hard\libc_nano.a(libc_a-closer.o) (errno)
C:/ST/STM32CubeIDE_1.16.1/STM32CubeIDE/plugins/com.st.stm32cube.ide.mcu.externaltools.gnu-tools-for-stm32.12.3.rel1.win32_1.0.200.202406191623/tools/bin/../lib/gcc/arm-none-eabi/12.3.1/../../../../arm-none-eabi/lib/thumb/v7e-m+fp/hard\libc_nano.a(libc_a-impure.o)
[...]
Memory Configuration

Name             Origin             Length             Attributes
RAM              0x20000000         0x00004000         xrw
FLASH            0x08000000         0x00010000         xr
*default*        0x00000000         0xffffffff

Linker script and memory map

LOAD C:/ST/STM32CubeIDE_1.16.1/STM32CubeIDE/plugins/com.st.stm32cube.ide.mcu.externaltools.gnu-tools-for-stm32.12.3.rel1.win32_1.0.200.202406191623/tools/bin/../lib/gcc/arm-none-eabi/12.3.1/thumb/v7e-m+fp/hard/crti.o
LOAD C:/ST/STM32CubeIDE_1.16.1/STM32CubeIDE/plugins/com.st.stm32cube.ide.mcu.externaltools.gnu-tools-for-stm32.12.3.rel1.win32_1.0.200.202406191623/tools/bin/../lib/gcc/arm-none-eabi/12.3.1/thumb/v7e-m+fp/hard/crtbegin.o
LOAD C:/ST/STM32CubeIDE_1.16.1/STM32CubeIDE/plugins/com.st.stm32cube.ide.mcu.externaltools.gnu-tools-for-stm32.12.3.rel1.win32_1.0.200.202406191623/tools/bin/../lib/gcc/arm-none-eabi/12.3.1/../../../../arm-none-eabi/lib/thumb/v7e-m+fp/hard/crt0.o
LOAD ./Application/Startup/startup_stm32f302r8tx.o
LOAD ./Application/User/aspep.o
LOAD ./Application/User/dassert.o
LOAD ./Application/User/main.o
LOAD ./Application/User/mc_api.o
LOAD ./Application/User/mc_app_hooks.o
LOAD ./Application/User/mc_config.o
LOAD ./Application/User/mc_config_common.o
LOAD ./Application/User/mc_configuration_registers.o
LOAD ./Application/User/mc_interface.o
LOAD ./Application/User/mc_math.o
LOAD ./Application/User/mc_parameters.o
LOAD ./Application/User/mc_perf.o
LOAD ./Application/User/mc_tasks.o
LOAD ./Application/User/mc_tasks_foc.o
LOAD ./Application/User/mcp.o
LOAD ./Application/User/mcp_config.o
LOAD ./Application/User/motorcontrol.o
LOAD ./Application/User/pwm_common.o
LOAD ./Application/User/pwm_curr_fdbk.o
LOAD ./Application/User/register_interface.o
LOAD ./Application/User/regular_conversion_manager.o
LOAD ./Application/User/stm32_mc_common_it.o
LOAD ./Application/User/stm32f30x_mc_it.o
LOAD ./Application/User/stm32f3xx_hal_msp.o
LOAD ./Application/User/stm32f3xx_it.o
LOAD ./Application/User/syscalls.o
LOAD ./Application/User/sysmem.o
LOAD ./Application/User/usart_aspep_driver.o
LOAD ./Drivers/CMSIS/system_stm32f3xx.o
LOAD ./Drivers/STM32F3xx_HAL_Driver/stm32f3xx_hal.o
LOAD ./Drivers/STM32F3xx_HAL_Driver/stm32f3xx_hal_adc.o
LOAD ./Drivers/STM32F3xx_HAL_Driver/stm32f3xx_hal_adc_ex.o
LOAD ./Drivers/STM32F3xx_HAL_Driver/stm32f3xx_hal_cortex.o
LOAD ./Drivers/STM32F3xx_HAL_Driver/stm32f3xx_hal_dma.o
LOAD ./Drivers/STM32F3xx_HAL_Driver/stm32f3xx_hal_exti.o
LOAD ./Drivers/STM32F3xx_HAL_Driver/stm32f3xx_hal_flash.o
LOAD ./Drivers/STM32F3xx_HAL_Driver/stm32f3xx_hal_flash_ex.o
LOAD ./Drivers/STM32F3xx_HAL_Driver/stm32f3xx_hal_gpio.o
LOAD ./Drivers/STM32F3xx_HAL_Driver/stm32f3xx_hal_i2c.o
LOAD ./Drivers/STM32F3xx_HAL_Driver/stm32f3xx_hal_i2c_ex.o
LOAD ./Drivers/STM32F3xx_HAL_Driver/stm32f3xx_hal_pwr.o
LOAD ./Drivers/STM32F3xx_HAL_Driver/stm32f3xx_hal_pwr_ex.o
LOAD ./Drivers/STM32F3xx_HAL_Driver/stm32f3xx_hal_rcc.o
LOAD ./Drivers/STM32F3xx_HAL_Driver/stm32f3xx_hal_rcc_ex.o
LOAD ./Drivers/STM32F3xx_HAL_Driver/stm32f3xx_hal_tim.o
LOAD ./Drivers/STM32F3xx_HAL_Driver/stm32f3xx_hal_tim_ex.o
LOAD ./Drivers/STM32F3xx_HAL_Driver/stm32f3xx_hal_uart.o
LOAD ./Drivers/STM32F3xx_HAL_Driver/stm32f3xx_hal_uart_ex.o
LOAD ./Middlewares/MotorControl/bus_voltage_sensor.o
LOAD ./Middlewares/MotorControl/circle_limitation.o
LOAD ./Middlewares/MotorControl/digital_output.o
LOAD ./Middlewares/MotorControl/mcpa.o
LOAD ./Middlewares/MotorControl/ntc_temperature_sensor.o
LOAD ./Middlewares/MotorControl/open_loop.o
LOAD ./Middlewares/MotorControl/pid_regulator.o
LOAD ./Middlewares/MotorControl/pqd_motor_power_measurement.o
LOAD ./Middlewares/MotorControl/r3_1_f30x_pwm_curr_fdbk.o
LOAD ./Middlewares/MotorControl/r_divider_bus_voltage_sensor.o
LOAD ./Middlewares/MotorControl/ramp_ext_mngr.o
LOAD ./Middlewares/MotorControl/revup_ctrl.o
LOAD ./Middlewares/MotorControl/speed_pos_fdbk.o
LOAD ./Middlewares/MotorControl/speed_torq_ctrl.o
LOAD ./Middlewares/MotorControl/sto_pll_speed_pos_fdbk.o
LOAD ./Middlewares/MotorControl/virtual_speed_sensor.o
START GROUP
LOAD C:/ST/STM32CubeIDE_1.16.1/STM32CubeIDE/plugins/com.st.stm32cube.ide.mcu.externaltools.gnu-tools-for-stm32.12.3.rel1.win32_1.0.200.202406191623/tools/bin/../lib/gcc/arm-none-eabi/12.3.1/../../../../arm-none-eabi/lib/thumb/v7e-m+fp/hard\libc_nano.a
LOAD C:/ST/STM32CubeIDE_1.16.1/STM32CubeIDE/plugins/com.st.stm32cube.ide.mcu.externaltools.gnu-tools-for-stm32.12.3.rel1.win32_1.0.200.202406191623/tools/bin/../lib/gcc/arm-none-eabi/12.3.1/../../../../arm-none-eabi/lib/thumb/v7e-m+fp/hard\libm.a
END GROUP
START GROUP
LOAD C:/ST/STM32CubeIDE_1.16.1/STM32CubeIDE/plugins/com.st.stm32cube.ide.mcu.externaltools.gnu-tools-for-stm32.12.3.rel1.win32_1.0.200.202406191623/tools/bin/../lib/gcc/arm-none-eabi/12.3.1/thumb/v7e-m+fp/hard\libgcc.a
LOAD C:/ST/STM32CubeIDE_1.16.1/STM32CubeIDE/plugins/com.st.stm32cube.ide.mcu.externaltools.gnu-tools-for-stm32.12.3.rel1.win32_1.0.200.202406191623/tools/bin/../lib/gcc/arm-none-eabi/12.3.1/../../../../arm-none-eabi/lib/thumb/v7e-m+fp/hard\libc_nano.a
END GROUP
START GROUP
LOAD C:/ST/STM32CubeIDE_1.16.1/STM32CubeIDE/plugins/com.st.stm32cube.ide.mcu.externaltools.gnu-tools-for-stm32.12.3.rel1.win32_1.0.200.202406191623/tools/bin/../lib/gcc/arm-none-eabi/12.3.1/thumb/v7e-m+fp/hard\libgcc.a
LOAD C:/ST/STM32CubeIDE_1.16.1/STM32CubeIDE/plugins/com.st.stm32cube.ide.mcu.externaltools.gnu-tools-for-stm32.12.3.rel1.win32_1.0.200.202406191623/tools/bin/../lib/gcc/arm-none-eabi/12.3.1/../../../../arm-none-eabi/lib/thumb/v7e-m+fp/hard\libc_nano.a
LOAD C:/ST/STM32CubeIDE_1.16.1/STM32CubeIDE/plugins/com.st.stm32cube.ide.mcu.externaltools.gnu-tools-for-stm32.12.3.rel1.win32_1.0.200.202406191623/tools/bin/../lib/gcc/arm-none-eabi/12.3.1/../../../../arm-none-eabi/lib/thumb/v7e-m+fp/hard\libnosys.a
END GROUP
START GROUP
LOAD C:/ST/STM32CubeIDE_1.16.1/STM32CubeIDE/plugins/com.st.stm32cube.ide.mcu.externaltools.gnu-tools-for-stm32.12.3.rel1.win32_1.0.200.202406191623/tools/bin/../lib/gcc/arm-none-eabi/12.3.1/thumb/v7e-m+fp/hard\libgcc.a
LOAD C:/ST/STM32CubeIDE_1.16.1/STM32CubeIDE/plugins/com.st.stm32cube.ide.mcu.externaltools.gnu-tools-for-stm32.12.3.rel1.win32_1.0.200.202406191623/tools/bin/../lib/gcc/arm-none-eabi/12.3.1/../../../../arm-none-eabi/lib/thumb/v7e-m+fp/hard\libc_nano.a
LOAD C:/ST/STM32CubeIDE_1.16.1/STM32CubeIDE/plugins/com.st.stm32cube.ide.mcu.externaltools.gnu-tools-for-stm32.12.3.rel1.win32_1.0.200.202406191623/tools/bin/../lib/gcc/arm-none-eabi/12.3.1/../../../../arm-none-eabi/lib/thumb/v7e-m+fp/hard\libnosys.a
END GROUP
LOAD C:/ST/STM32CubeIDE_1.16.1/STM32CubeIDE/plugins/com.st.stm32cube.ide.mcu.externaltools.gnu-tools-for-stm32.12.3.rel1.win32_1.0.200.202406191623/tools/bin/../lib/gcc/arm-none-eabi/12.3.1/thumb/v7e-m+fp/hard/crtend.o
LOAD C:/ST/STM32CubeIDE_1.16.1/STM32CubeIDE/plugins/com.st.stm32cube.ide.mcu.externaltools.gnu-tools-for-stm32.12.3.rel1.win32_1.0.200.202406191623/tools/bin/../lib/gcc/arm-none-eabi/12.3.1/thumb/v7e-m+fp/hard/crtn.o
                0x20004000                        _estack = (ORIGIN (RAM) + LENGTH (RAM))
                0x00000200                        _Min_Heap_Size = 0x200
                0x00000400                        _Min_Stack_Size = 0x400

.isr_vector     0x08000000      0x188
                0x08000000                        . = ALIGN (0x4)
 *(.isr_vector)
 .isr_vector    0x08000000      0x188 ./Application/Startup/startup_stm32f302r8tx.o
                0x08000000                g_pfnVectors
                0x08000188                        . = ALIGN (0x4)

.text           0x08000190     0x8718
                0x08000190                        . = ALIGN (0x4)
 *(.text)
 .text          0x08000190       0x40 C:/ST/STM32CubeIDE_1.16.1/STM32CubeIDE/plugins/com.st.stm32cube.ide.mcu.externaltools.gnu-tools-for-stm32.12.3.rel1.win32_1.0.200.202406191623/tools/bin/../lib/gcc/arm-none-eabi/12.3.1/thumb/v7e-m+fp/hard/crtbegin.o
 .text          0x080001d0       0x10 C:/ST/STM32CubeIDE_1.16.1/STM32CubeIDE/plugins/com.st.stm32cube.ide.mcu.externaltools.gnu-tools-for-stm32.12.3.rel1.win32_1.0.200.202406191623/tools/bin/../lib/gcc/arm-none-eabi/12.3.1/../../../../arm-none-eabi/lib/thumb/v7e-m+fp/hard\libc_nano.a(libc_a-strlen.o)
                0x080001d0                strlen
 .text          0x080001e0       0xa0 C:/ST/STM32CubeIDE_1.16.1/STM32CubeIDE/plugins/com.st.stm32cube.ide.mcu.externaltools.gnu-tools-for-stm32.12.3.rel1.win32_1.0.200.202406191623/tools/bin/../lib/gcc/arm-none-eabi/12.3.1/../../../../arm-none-eabi/lib/thumb/v7e-m+fp/hard\libc_nano.a(libc_a-memchr.o)
                0x080001e0                memchr
 *(.text*)
 .text.Reset_Handler
                0x08000280       0x50 ./Application/Startup/startup_stm32f302r8tx.o
                0x08000280                Reset_Handler
 .text.Default_Handler
                0x080002d0        0x2 ./Application/Startup/startup_stm32f302r8tx.o
                0x080002d0                RTC_Alarm_IRQHandler
                0x080002d0                DebugMon_Handler
                0x080002d0                TIM1_CC_IRQHandler
                0x080002d0                USB_HP_IRQHandler
                0x080002d0                PVD_IRQHandler
                0x080002d0                TAMP_STAMP_IRQHandler
                0x080002d0                PendSV_Handler
                0x080002d0                NMI_Handler
                0x080002d0                EXTI3_IRQHandler
                0x080002d0                I2C3_ER_IRQHandler
                0x080002d0                USB_HP_CAN_TX_IRQHandler
                0x080002d0                EXTI0_IRQHandler
                0x080002d0                I2C2_EV_IRQHandler
                0x080002d0                FPU_IRQHandler
                0x080002d0                UsageFault_Handler
                0x080002d0                CAN_SCE_IRQHandler
                0x080002d0                TIM6_DAC_IRQHandler
                0x080002d0                DMA1_Channel4_IRQHandler
                0x080002d0                USART3_IRQHandler
                0x080002d0                DMA1_Channel7_IRQHandler
                0x080002d0                CAN_RX1_IRQHandler
                0x080002d0                I2C1_EV_IRQHandler
                0x080002d0                DMA1_Channel6_IRQHandler
                0x080002d0                RCC_IRQHandler
                0x080002d0                DMA1_Channel1_IRQHandler
                0x080002d0                Default_Handler
                0x080002d0                USBWakeUp_RMP_IRQHandler
                0x080002d0                COMP2_IRQHandler
                0x080002d0                I2C3_EV_IRQHandler
                0x080002d0                EXTI9_5_IRQHandler
                0x080002d0                RTC_WKUP_IRQHandler
                0x080002d0                SPI2_IRQHandler
                0x080002d0                USB_LP_CAN_RX0_IRQHandler
                0x080002d0                MemManage_Handler
                0x080002d0                SVC_Handler
                0x080002d0                DMA1_Channel5_IRQHandler
                0x080002d0                USB_LP_IRQHandler
                0x080002d0                EXTI4_IRQHandler
                0x080002d0                TIM1_TRG_COM_TIM17_IRQHandler
                0x080002d0                DMA1_Channel3_IRQHandler
                0x080002d0                WWDG_IRQHandler
                0x080002d0                TIM2_IRQHandler
                0x080002d0                EXTI1_IRQHandler
                0x080002d0                COMP4_6_IRQHandler
                0x080002d0                I2C2_ER_IRQHandler
                0x080002d0                DMA1_Channel2_IRQHandler
                0x080002d0                FLASH_IRQHandler
                0x080002d0                BusFault_Handler
                0x080002d0                USART1_IRQHandler
                0x080002d0                SPI3_IRQHandler
                0x080002d0                I2C1_ER_IRQHandler
                0x080002d0                USBWakeUp_IRQHandler
                0x080002d0                EXTI2_TSC_IRQHandler
 *fill*         0x080002d2        0x2 
 .text.ASPEP_start
                0x080002d4       0x28 ./Application/User/aspep.o
                0x080002d4                ASPEP_start
 .text.ASPEP_sendBeacon
                0x080002fc       0x8c ./Application/User/aspep.o
                0x080002fc                ASPEP_sendBeacon
 .text.ASPEP_sendPing
                0x08000388       0x8c ./Application/User/aspep.o
                0x08000388                ASPEP_sendPing
 .text.ASPEP_getBuffer
                0x08000414       0x60 ./Application/User/aspep.o
                0x08000414                ASPEP_getBuffer
 .text.ASPEP_sendPacket
                0x08000474      0x118 ./Application/User/aspep.o
                0x08000474                ASPEP_sendPacket
 .text.ASPEP_RXframeProcess
                0x0800058c      0x2c0 ./Application/User/aspep.o
                0x0800058c                ASPEP_RXframeProcess
 .text.ASPEP_HWDataReceivedIT
                0x0800084c       0x9c ./Application/User/aspep.o
                0x0800084c                ASPEP_HWDataReceivedIT
 .text.debug_printf
                0x080008e8       0x3c ./Application/User/dassert.o
                0x080008e8                debug_printf
 .text.SystemClock_Config
                0x08000924       0x8c ./Application/User/main.o
                0x08000924                SystemClock_Config
 .text.startup.main
                0x080009b0      0x308 ./Application/User/main.o
                0x080009b0                main
 .text.MC_StartMotor1
                0x08000cb8        0xc ./Application/User/mc_api.o
                0x08000cb8                MC_StartMotor1
 .text.MC_StopMotor1
                0x08000cc4        0xc ./Application/User/mc_api.o
                0x08000cc4                MC_StopMotor1
 .text.MC_GetSTMStateMotor1
                0x08000cd0        0xc ./Application/User/mc_api.o
                0x08000cd0                MC_GetSTMStateMotor1
 .text.MC_ProfilerCommand
                0x08000cdc        0x4 ./Application/User/mc_api.o
                0x08000cdc                MC_ProfilerCommand
 .text.MC_APP_BootHook
                0x08000ce0        0x4 ./Application/User/mc_app_hooks.o
                0x08000ce0                MC_APP_BootHook
 .text.MC_APP_PostMediumFrequencyHook_M1
                0x08000ce4        0x4 ./Application/User/mc_app_hooks.o
                0x08000ce4                MC_APP_PostMediumFrequencyHook_M1
 .text.MCI_ExecSpeedRamp
                0x08000ce8       0x14 ./Application/User/mc_interface.o
                0x08000ce8                MCI_ExecSpeedRamp
 .text.MCI_ExecTorqueRamp
                0x08000cfc       0x14 ./Application/User/mc_interface.o
                0x08000cfc                MCI_ExecTorqueRamp
 .text.MCI_SetCurrentReferences
                0x08000d10       0x14 ./Application/User/mc_interface.o
                0x08000d10                MCI_SetCurrentReferences
 .text.MCI_FaultProcessing
                0x08000d24       0x18 ./Application/User/mc_interface.o
                0x08000d24                MCI_FaultProcessing
 .text.MCI_ExecBufferedCommands
                0x08000d3c       0x78 ./Application/User/mc_interface.o
                0x08000d3c                MCI_ExecBufferedCommands
 .text.MCI_GetSTMState
                0x08000db4        0x4 ./Application/User/mc_interface.o
                0x08000db4                MCI_GetSTMState
 .text.MCI_GetOccurredFaults
                0x08000db8        0x4 ./Application/User/mc_interface.o
                0x08000db8                MCI_GetOccurredFaults
 .text.MCI_GetCurrentFaults
                0x08000dbc        0x4 ./Application/User/mc_interface.o
                0x08000dbc                MCI_GetCurrentFaults
 .text.MCI_StartMotor
                0x08000dc0       0x2c ./Application/User/mc_interface.o
                0x08000dc0                MCI_StartMotor
 .text.MCI_StopMotor
                0x08000dec       0x38 ./Application/User/mc_interface.o
                0x08000dec                MCI_StopMotor
 .text.MCI_FaultAcknowledged
                0x08000e24       0x24 ./Application/User/mc_interface.o
                0x08000e24                MCI_FaultAcknowledged
 .text.MCI_GetFaultState
                0x08000e48        0xc ./Application/User/mc_interface.o
                0x08000e48                MCI_GetFaultState
 .text.MCI_GetControlMode
                0x08000e54        0x8 ./Application/User/mc_interface.o
                0x08000e54                MCI_GetControlMode
 .text.MCI_GetImposedMotorDirection
                0x08000e5c       0x44 ./Application/User/mc_interface.o
                0x08000e5c                MCI_GetImposedMotorDirection
 .text.MCI_GetLastRampFinalSpeed
                0x08000ea0        0x8 ./Application/User/mc_interface.o
                0x08000ea0                MCI_GetLastRampFinalSpeed
 .text.MCI_GetLastRampFinalTorque
                0x08000ea8        0x8 ./Application/User/mc_interface.o
                0x08000ea8                MCI_GetLastRampFinalTorque
 .text.MCI_GetLastRampFinalDuration
                0x08000eb0        0x4 ./Application/User/mc_interface.o
                0x08000eb0                MCI_GetLastRampFinalDuration
 .text.MCI_StopRamp
                0x08000eb4        0xc ./Application/User/mc_interface.o
                0x08000eb4                MCI_StopRamp
 .text.MCI_GetAvrgMecSpeedUnit
                0x08000ec0        0x8 ./Application/User/mc_interface.o
                0x08000ec0                MCI_GetAvrgMecSpeedUnit
 .text.MCI_GetMecSpeedRefUnit
                0x08000ec8        0x8 ./Application/User/mc_interface.o
                0x08000ec8                MCI_GetMecSpeedRefUnit
 .text.MCI_GetIab
                0x08000ed0       0x1c ./Application/User/mc_interface.o
                0x08000ed0                MCI_GetIab
 .text.MCI_GetIalphabeta
                0x08000eec       0x1c ./Application/User/mc_interface.o
                0x08000eec                MCI_GetIalphabeta
 .text.MCI_GetIqd
                0x08000f08       0x1c ./Application/User/mc_interface.o
                0x08000f08                MCI_GetIqd
 .text.MCI_GetIqdref
                0x08000f24       0x1c ./Application/User/mc_interface.o
                0x08000f24                MCI_GetIqdref
 .text.MCI_GetVqd
                0x08000f40       0x1c ./Application/User/mc_interface.o
                0x08000f40                MCI_GetVqd
 .text.MCI_GetValphabeta
                0x08000f5c       0x1c ./Application/User/mc_interface.o
                0x08000f5c                MCI_GetValphabeta
 .text.MCI_GetTeref
                0x08000f78        0x8 ./Application/User/mc_interface.o
                0x08000f78                MCI_GetTeref
 .text.MCI_Clear_Iqdref
                0x08000f80       0x14 ./Application/User/mc_interface.o
                0x08000f80                MCI_Clear_Iqdref
 .text.MCM_Clarke
                0x08000f94       0x54 ./Application/User/mc_math.o
                0x08000f94                MCM_Clarke
 .text.MCM_Trig_Functions
                0x08000fe8       0x98 ./Application/User/mc_math.o
                0x08000fe8                MCM_Trig_Functions
 .text.MCM_Park
                0x08001080       0x84 ./Application/User/mc_math.o
                0x08001080                MCM_Park
 .text.MCM_Rev_Park
                0x08001104       0x3c ./Application/User/mc_math.o
                0x08001104                MCM_Rev_Park
 .text.MCM_Sqrt
                0x08001140       0x70 ./Application/User/mc_math.o
                0x08001140                MCM_Sqrt
 .text.MCboot   0x080011b0       0x6c ./Application/User/mc_tasks.o
                0x080011b0                MCboot
 .text.TSK_SetChargeBootCapDelayM1
                0x0800121c        0xc ./Application/User/mc_tasks.o
                0x0800121c                TSK_SetChargeBootCapDelayM1
 .text.TSK_ChargeBootCapDelayHasElapsedM1
                0x08001228       0x14 ./Application/User/mc_tasks.o
                0x08001228                TSK_ChargeBootCapDelayHasElapsedM1
 .text.TSK_SetStopPermanencyTimeM1
                0x0800123c        0xc ./Application/User/mc_tasks.o
                0x0800123c                TSK_SetStopPermanencyTimeM1
 .text.TSK_StopPermanencyTimeHasElapsedM1
                0x08001248       0x14 ./Application/User/mc_tasks.o
                0x08001248                TSK_StopPermanencyTimeHasElapsedM1
 .text.TSK_HighFrequencyTask
                0x0800125c       0x2c ./Application/User/mc_tasks.o
                0x0800125c                TSK_HighFrequencyTask
 .text.TSK_SafetyTask_PWMOFF
                0x08001288       0xa8 ./Application/User/mc_tasks.o
                0x08001288                TSK_SafetyTask_PWMOFF
 .text.TSK_SafetyTask
                0x08001330       0x20 ./Application/User/mc_tasks.o
                0x08001330                TSK_SafetyTask
 .text.MC_RunMotorControlTasks
                0x08001350       0x90 ./Application/User/mc_tasks.o
                0x08001350                MC_RunMotorControlTasks
 .text.TSK_HardwareFaultTask
                0x080013e0       0x1c ./Application/User/mc_tasks.o
                0x080013e0                TSK_HardwareFaultTask
 .text.UI_HandleStartStopButton_cb
                0x080013fc       0x18 ./Application/User/mc_tasks.o
                0x080013fc                UI_HandleStartStopButton_cb
 .text.mc_lock_pins
                0x08001414       0xec ./Application/User/mc_tasks.o
                0x08001414                mc_lock_pins
 .text.FOC_Clear
                0x08001500       0x74 ./Application/User/mc_tasks_foc.o
                0x08001500                FOC_Clear
 .text.FOC_Init
                0x08001574       0xe0 ./Application/User/mc_tasks_foc.o
                0x08001574                FOC_Init
 .text.FOC_InitAdditionalMethods
                0x08001654        0x4 ./Application/User/mc_tasks_foc.o
                0x08001654                FOC_InitAdditionalMethods
 .text.FOC_CalcCurrRef
                0x08001658       0x44 ./Application/User/mc_tasks_foc.o
                0x08001658                FOC_CalcCurrRef
 .text.TSK_MediumFrequencyTaskM1
                0x0800169c      0x30c ./Application/User/mc_tasks_foc.o
                0x0800169c                TSK_MediumFrequencyTaskM1
 .text.FOC_HighFrequencyTask
                0x080019a8      0x160 ./Application/User/mc_tasks_foc.o
                0x080019a8                FOC_HighFrequencyTask
 .text.RI_SetRegCommandParser
                0x08001b08       0xd8 ./Application/User/mcp.o
                0x08001b08                RI_SetRegCommandParser
 .text.RI_GetRegCommandParser
                0x08001be0       0x90 ./Application/User/mcp.o
                0x08001be0                RI_GetRegCommandParser
 .text.MCP_ReceivedPacket
                0x08001c70      0x184 ./Application/User/mcp.o
                0x08001c70                MCP_ReceivedPacket
 .text.MX_MotorControl_Init
                0x08001df4       0x3c ./Application/User/motorcontrol.o
                0x08001df4                MX_MotorControl_Init
 .text.startTimers
                0x08001e30       0x84 ./Application/User/pwm_common.o
                0x08001e30                startTimers
 .text.waitForPolarizationEnd
                0x08001eb4       0x3c ./Application/User/pwm_common.o
                0x08001eb4                waitForPolarizationEnd
 .text.PWMC_SetPhaseVoltage
                0x08001ef0      0x290 ./Application/User/pwm_curr_fdbk.o
                0x08001ef0                PWMC_SetPhaseVoltage
 .text.PWMC_SwitchOffPWM
                0x08002180        0x4 ./Application/User/pwm_curr_fdbk.o
                0x08002180                PWMC_SwitchOffPWM
 .text.PWMC_SwitchOnPWM
                0x08002184        0x4 ./Application/User/pwm_curr_fdbk.o
                0x08002184                PWMC_SwitchOnPWM
 .text.PWMC_CurrentReadingCalibr
                0x08002188       0x34 ./Application/User/pwm_curr_fdbk.o
                0x08002188                PWMC_CurrentReadingCalibr
 .text.PWMC_DP_Handler
                0x080021bc       0x40 ./Application/User/pwm_curr_fdbk.o
                0x080021bc                PWMC_DP_Handler
 .text.PWMC_OVP_Handler
                0x080021fc       0x1c ./Application/User/pwm_curr_fdbk.o
                0x080021fc                PWMC_OVP_Handler
 .text.PWMC_IsFaultOccurred
                0x08002218       0x38 ./Application/User/pwm_curr_fdbk.o
                0x08002218                PWMC_IsFaultOccurred
 .text.RI_SetRegisterGlobal
                0x08002250      0x104 ./Application/User/register_interface.o
                0x08002250                RI_SetRegisterGlobal
 .text.RI_SetRegisterMotor1
                0x08002354      0x5c4 ./Application/User/register_interface.o
                0x08002354                RI_SetRegisterMotor1
 .text.RI_GetRegisterGlobal
                0x08002918      0x134 ./Application/User/register_interface.o
                0x08002918                RI_GetRegisterGlobal
 .text.RI_GetRegisterMotor1
                0x08002a4c      0x7ac ./Application/User/register_interface.o
                0x08002a4c                RI_GetRegisterMotor1
 .text.RI_GetIDSize
                0x080031f8       0x18 ./Application/User/register_interface.o
                0x080031f8                RI_GetIDSize
 .text.RI_GetPtrReg
                0x08003210      0x130 ./Application/User/register_interface.o
                0x08003210                RI_GetPtrReg
 .text.RCM_RegisterRegConv
                0x08003340      0x1f4 ./Application/User/regular_conversion_manager.o
                0x08003340                RCM_RegisterRegConv
 .text.RCM_ExecRegularConv
                0x08003534       0x6c ./Application/User/regular_conversion_manager.o
                0x08003534                RCM_ExecRegularConv
 .text.RCM_ExecUserConv
                0x080035a0       0x58 ./Application/User/regular_conversion_manager.o
                0x080035a0                RCM_ExecUserConv
 .text.USART2_IRQHandler
                0x080035f8        0xc ./Application/User/stm32_mc_common_it.o
                0x080035f8                USART2_IRQHandler
 .text.HardFault_Handler
                0x08003604        0x8 ./Application/User/stm32_mc_common_it.o
                0x08003604                HardFault_Handler
 .text.SysTick_Handler
                0x0800360c       0x44 ./Application/User/stm32_mc_common_it.o
                0x0800360c                SysTick_Handler
 .text.EXTI15_10_IRQHandler
                0x08003650       0x18 ./Application/User/stm32_mc_common_it.o
                0x08003650                EXTI15_10_IRQHandler
 .text.ADC1_IRQHandler
                0x08003668        0xc ./Application/User/stm32f30x_mc_it.o
                0x08003668                ADC1_IRQHandler
 .text.TIM1_UP_TIM16_IRQHandler
                0x08003674       0x18 ./Application/User/stm32f30x_mc_it.o
                0x08003674                TIM1_UP_TIM16_IRQHandler
 .text.TIM1_BRK_TIM15_IRQHandler
                0x0800368c       0x3c ./Application/User/stm32f30x_mc_it.o
                0x0800368c                TIM1_BRK_TIM15_IRQHandler
 .text.HAL_MspInit
                0x080036c8       0x34 ./Application/User/stm32f3xx_hal_msp.o
                0x080036c8                HAL_MspInit
 .text.HAL_ADC_MspInit
                0x080036fc       0x88 ./Application/User/stm32f3xx_hal_msp.o
                0x080036fc                HAL_ADC_MspInit
 *fill*         0x08003784        0x4 
 .text.HAL_TIM_PWM_MspInit
                0x08003788       0x74 ./Application/User/stm32f3xx_hal_msp.o
                0x08003788                HAL_TIM_PWM_MspInit
 *fill*         0x080037fc        0x4 
 .text.HAL_TIM_MspPostInit
                0x08003800       0x74 ./Application/User/stm32f3xx_hal_msp.o
                0x08003800                HAL_TIM_MspPostInit
 .text.HAL_UART_MspInit
                0x08003874       0x78 ./Application/User/stm32f3xx_hal_msp.o
                0x08003874                HAL_UART_MspInit
 .text._sbrk    0x080038ec       0x44 ./Application/User/sysmem.o
                0x080038ec                _sbrk
 .text.UASPEP_INIT
                0x08003930       0x8c ./Application/User/usart_aspep_driver.o
                0x08003930                UASPEP_INIT
 .text.UASPEP_CFG_TRANSMISSION
                0x080039bc       0x3c ./Application/User/usart_aspep_driver.o
                0x080039bc                UASPEP_CFG_TRANSMISSION
 .text.UASPEP_CFG_RECEPTION
                0x080039f8       0x3c ./Application/User/usart_aspep_driver.o
                0x080039f8                UASPEP_CFG_RECEPTION
 .text.UASPEP_IDLE_ENABLE
                0x08003a34       0x18 ./Application/User/usart_aspep_driver.o
                0x08003a34                UASPEP_IDLE_ENABLE
 .text.SystemInit
                0x08003a4c       0x14 ./Drivers/CMSIS/system_stm32f3xx.o
                0x08003a4c                SystemInit
 .text.HAL_InitTick
                0x08003a60       0x48 ./Drivers/STM32F3xx_HAL_Driver/stm32f3xx_hal.o
                0x08003a60                HAL_InitTick
 .text.HAL_Init
                0x08003aa8       0x24 ./Drivers/STM32F3xx_HAL_Driver/stm32f3xx_hal.o
                0x08003aa8                HAL_Init
 .text.HAL_IncTick
                0x08003acc       0x18 ./Drivers/STM32F3xx_HAL_Driver/stm32f3xx_hal.o
                0x08003acc                HAL_IncTick
 .text.HAL_GetTick
                0x08003ae4        0xc ./Drivers/STM32F3xx_HAL_Driver/stm32f3xx_hal.o
                0x08003ae4                HAL_GetTick
 .text.ADC_Disable
                0x08003af0       0x6c ./Drivers/STM32F3xx_HAL_Driver/stm32f3xx_hal_adc_ex.o
 .text.HAL_ADC_Init
                0x08003b5c      0x1e4 ./Drivers/STM32F3xx_HAL_Driver/stm32f3xx_hal_adc_ex.o
                0x08003b5c                HAL_ADC_Init
 .text.HAL_ADC_ConfigChannel
                0x08003d40      0x2f4 ./Drivers/STM32F3xx_HAL_Driver/stm32f3xx_hal_adc_ex.o
                0x08003d40                HAL_ADC_ConfigChannel
 .text.HAL_ADCEx_InjectedConfigChannel
                0x08004034      0x3c0 ./Drivers/STM32F3xx_HAL_Driver/stm32f3xx_hal_adc_ex.o
                0x08004034                HAL_ADCEx_InjectedConfigChannel
 .text.HAL_NVIC_SetPriorityGrouping
                0x080043f4       0x24 ./Drivers/STM32F3xx_HAL_Driver/stm32f3xx_hal_cortex.o
                0x080043f4                HAL_NVIC_SetPriorityGrouping
 .text.HAL_NVIC_SetPriority
                0x08004418       0x78 ./Drivers/STM32F3xx_HAL_Driver/stm32f3xx_hal_cortex.o
                0x08004418                HAL_NVIC_SetPriority
 .text.HAL_NVIC_EnableIRQ
                0x08004490       0x1c ./Drivers/STM32F3xx_HAL_Driver/stm32f3xx_hal_cortex.o
                0x08004490                HAL_NVIC_EnableIRQ
 .text.HAL_NVIC_SystemReset
                0x080044ac       0x24 ./Drivers/STM32F3xx_HAL_Driver/stm32f3xx_hal_cortex.o
                0x080044ac                HAL_NVIC_SystemReset
 .text.HAL_SYSTICK_Config
                0x080044d0       0x34 ./Drivers/STM32F3xx_HAL_Driver/stm32f3xx_hal_cortex.o
                0x080044d0                HAL_SYSTICK_Config
 .text.HAL_SYSTICK_Callback
                0x08004504        0x4 ./Drivers/STM32F3xx_HAL_Driver/stm32f3xx_hal_cortex.o
                0x08004504                HAL_SYSTICK_Callback
 .text.HAL_SYSTICK_IRQHandler
                0x08004508        0x8 ./Drivers/STM32F3xx_HAL_Driver/stm32f3xx_hal_cortex.o
                0x08004508                HAL_SYSTICK_IRQHandler
 .text.HAL_DMA_Abort
                0x08004510       0x48 ./Drivers/STM32F3xx_HAL_Driver/stm32f3xx_hal_dma.o
                0x08004510                HAL_DMA_Abort
 .text.HAL_DMA_Abort_IT
                0x08004558       0x40 ./Drivers/STM32F3xx_HAL_Driver/stm32f3xx_hal_dma.o
                0x08004558                HAL_DMA_Abort_IT
 .text.HAL_GPIO_Init
                0x08004598      0x1d8 ./Drivers/STM32F3xx_HAL_Driver/stm32f3xx_hal_gpio.o
                0x08004598                HAL_GPIO_Init
 .text.HAL_GPIO_WritePin
                0x08004770        0xc ./Drivers/STM32F3xx_HAL_Driver/stm32f3xx_hal_gpio.o
                0x08004770                HAL_GPIO_WritePin
 .text.HAL_RCC_OscConfig
                0x0800477c      0x584 ./Drivers/STM32F3xx_HAL_Driver/stm32f3xx_hal_rcc.o
                0x0800477c                HAL_RCC_OscConfig
 .text.HAL_RCC_ClockConfig
                0x08004d00      0x1a0 ./Drivers/STM32F3xx_HAL_Driver/stm32f3xx_hal_rcc.o
                0x08004d00                HAL_RCC_ClockConfig
 .text.HAL_RCC_EnableCSS
                0x08004ea0       0x1c ./Drivers/STM32F3xx_HAL_Driver/stm32f3xx_hal_rcc.o
                0x08004ea0                HAL_RCC_EnableCSS
 .text.HAL_RCC_GetSysClockFreq
                0x08004ebc       0x50 ./Drivers/STM32F3xx_HAL_Driver/stm32f3xx_hal_rcc.o
                0x08004ebc                HAL_RCC_GetSysClockFreq
 .text.HAL_RCC_GetHCLKFreq
                0x08004f0c        0xc ./Drivers/STM32F3xx_HAL_Driver/stm32f3xx_hal_rcc.o
                0x08004f0c                HAL_RCC_GetHCLKFreq
 .text.HAL_RCC_GetPCLK1Freq
                0x08004f18       0x30 ./Drivers/STM32F3xx_HAL_Driver/stm32f3xx_hal_rcc.o
                0x08004f18                HAL_RCC_GetPCLK1Freq
 .text.HAL_RCC_GetPCLK2Freq
                0x08004f48       0x30 ./Drivers/STM32F3xx_HAL_Driver/stm32f3xx_hal_rcc.o
                0x08004f48                HAL_RCC_GetPCLK2Freq
 .text.HAL_RCCEx_PeriphCLKConfig
                0x08004f78      0x1ec ./Drivers/STM32F3xx_HAL_Driver/stm32f3xx_hal_rcc_ex.o
                0x08004f78                HAL_RCCEx_PeriphCLKConfig
 .text.TIM_OC1_SetConfig
                0x08005164       0x74 ./Drivers/STM32F3xx_HAL_Driver/stm32f3xx_hal_tim.o
 .text.HAL_TIM_PWM_Init
                0x080051d8       0xfc ./Drivers/STM32F3xx_HAL_Driver/stm32f3xx_hal_tim.o
                0x080051d8                HAL_TIM_PWM_Init
 .text.HAL_TIM_PWM_ConfigChannel
                0x080052d4      0x2e8 ./Drivers/STM32F3xx_HAL_Driver/stm32f3xx_hal_tim.o
                0x080052d4                HAL_TIM_PWM_ConfigChannel
 .text.HAL_TIMEx_MasterConfigSynchronization
                0x080055bc       0x6c ./Drivers/STM32F3xx_HAL_Driver/stm32f3xx_hal_tim_ex.o
                0x080055bc                HAL_TIMEx_MasterConfigSynchronization
 .text.HAL_TIMEx_ConfigBreakDeadTime
                0x08005628       0x84 ./Drivers/STM32F3xx_HAL_Driver/stm32f3xx_hal_tim_ex.o
                0x08005628                HAL_TIMEx_ConfigBreakDeadTime
 .text.HAL_UART_Transmit
                0x080056ac       0xe0 ./Drivers/STM32F3xx_HAL_Driver/stm32f3xx_hal_uart.o
                0x080056ac                HAL_UART_Transmit
 .text.HAL_UART_TxCpltCallback
                0x0800578c        0x4 ./Drivers/STM32F3xx_HAL_Driver/stm32f3xx_hal_uart.o
                0x0800578c                HAL_UART_TxCpltCallback
 .text.HAL_UART_ErrorCallback
                0x08005790        0x4 ./Drivers/STM32F3xx_HAL_Driver/stm32f3xx_hal_uart.o
                0x08005790                HAL_UART_ErrorCallback
 .text.UART_DMAAbortOnError
                0x08005794       0x14 ./Drivers/STM32F3xx_HAL_Driver/stm32f3xx_hal_uart.o
 .text.HAL_UARTEx_RxEventCallback
                0x080057a8        0x4 ./Drivers/STM32F3xx_HAL_Driver/stm32f3xx_hal_uart.o
                0x080057a8                HAL_UARTEx_RxEventCallback
 .text.HAL_UART_IRQHandler
                0x080057ac      0x360 ./Drivers/STM32F3xx_HAL_Driver/stm32f3xx_hal_uart.o
                0x080057ac                HAL_UART_IRQHandler
 .text.UART_AdvFeatureConfig
                0x08005b0c       0xb0 ./Drivers/STM32F3xx_HAL_Driver/stm32f3xx_hal_uart.o
                0x08005b0c                UART_AdvFeatureConfig
 .text.UART_CheckIdleState
                0x08005bbc      0x250 ./Drivers/STM32F3xx_HAL_Driver/stm32f3xx_hal_uart.o
                0x08005bbc                UART_CheckIdleState
 .text.HAL_UART_Init
                0x08005e0c      0x1e4 ./Drivers/STM32F3xx_HAL_Driver/stm32f3xx_hal_uart.o
                0x08005e0c                HAL_UART_Init
 .text.HAL_UARTEx_WakeupCallback
                0x08005ff0        0x4 ./Drivers/STM32F3xx_HAL_Driver/stm32f3xx_hal_uart_ex.o
                0x08005ff0                HAL_UARTEx_WakeupCallback
 .text.VBS_GetAvBusVoltage_V
                0x08005ff4        0xc ./Middlewares/MotorControl/bus_voltage_sensor.o
                0x08005ff4                VBS_GetAvBusVoltage_V
 .text.Circle_Limitation
                0x08006000       0x5c ./Middlewares/MotorControl/circle_limitation.o
                0x08006000                Circle_Limitation
 .text.MCPA_dataLog
                0x0800605c      0x180 ./Middlewares/MotorControl/mcpa.o
                0x0800605c                MCPA_dataLog
 .text.MCPA_flushDataLog
                0x080061dc       0x5c ./Middlewares/MotorControl/mcpa.o
                0x080061dc                MCPA_flushDataLog
 .text.MCPA_cfgLog
                0x08006238       0xf4 ./Middlewares/MotorControl/mcpa.o
                0x08006238                MCPA_cfgLog
 .text.NTC_SetFaultState
                0x0800632c       0x2c ./Middlewares/MotorControl/ntc_temperature_sensor.o
                0x0800632c                NTC_SetFaultState
 .text.NTC_Init
                0x08006358       0x24 ./Middlewares/MotorControl/ntc_temperature_sensor.o
                0x08006358                NTC_Init
 .text.NTC_CalcAvTemp
                0x0800637c       0x30 ./Middlewares/MotorControl/ntc_temperature_sensor.o
                0x0800637c                NTC_CalcAvTemp
 .text.NTC_GetAvTemp_C
                0x080063ac       0x24 ./Middlewares/MotorControl/ntc_temperature_sensor.o
                0x080063ac                NTC_GetAvTemp_C
 .text.PID_HandleInit
                0x080063d0       0x10 ./Middlewares/MotorControl/pid_regulator.o
                0x080063d0                PID_HandleInit
 .text.PID_SetKP
                0x080063e0        0x4 ./Middlewares/MotorControl/pid_regulator.o
                0x080063e0                PID_SetKP
 .text.PID_SetKI
                0x080063e4        0x4 ./Middlewares/MotorControl/pid_regulator.o
                0x080063e4                PID_SetKI
 .text.PID_GetKP
                0x080063e8        0x8 ./Middlewares/MotorControl/pid_regulator.o
                0x080063e8                PID_GetKP
 .text.PID_GetKI
                0x080063f0        0x8 ./Middlewares/MotorControl/pid_regulator.o
                0x080063f0                PID_GetKI
 .text.PID_SetIntegralTerm
                0x080063f8        0x4 ./Middlewares/MotorControl/pid_regulator.o
                0x080063f8                PID_SetIntegralTerm
 .text.PID_GetKPDivisorPOW2
                0x080063fc        0x4 ./Middlewares/MotorControl/pid_regulator.o
                0x080063fc                PID_GetKPDivisorPOW2
 .text.PID_SetKPDivisorPOW2
                0x08006400        0xc ./Middlewares/MotorControl/pid_regulator.o
                0x08006400                PID_SetKPDivisorPOW2
 .text.PID_GetKIDivisor
                0x0800640c        0x4 ./Middlewares/MotorControl/pid_regulator.o
                0x0800640c                PID_GetKIDivisor
 .text.PID_GetKIDivisorPOW2
                0x08006410        0x4 ./Middlewares/MotorControl/pid_regulator.o
                0x08006410                PID_GetKIDivisorPOW2
 .text.PID_SetLowerIntegralTermLimit
                0x08006414        0x4 ./Middlewares/MotorControl/pid_regulator.o
                0x08006414                PID_SetLowerIntegralTermLimit
 .text.PID_SetUpperIntegralTermLimit
                0x08006418        0x4 ./Middlewares/MotorControl/pid_regulator.o
                0x08006418                PID_SetUpperIntegralTermLimit
 .text.PID_SetKIDivisorPOW2
                0x0800641c       0x28 ./Middlewares/MotorControl/pid_regulator.o
                0x0800641c                PID_SetKIDivisorPOW2
 .text.PID_SetKD
                0x08006444        0x4 ./Middlewares/MotorControl/pid_regulator.o
                0x08006444                PID_SetKD
 .text.PID_GetKD
                0x08006448        0x8 ./Middlewares/MotorControl/pid_regulator.o
                0x08006448                PID_GetKD
 .text.PID_GetKDDivisorPOW2
                0x08006450        0x4 ./Middlewares/MotorControl/pid_regulator.o
                0x08006450                PID_GetKDDivisorPOW2
 .text.PID_SetKDDivisorPOW2
                0x08006454        0xc ./Middlewares/MotorControl/pid_regulator.o
                0x08006454                PID_SetKDDivisorPOW2
 .text.PI_Controller
                0x08006460       0x80 ./Middlewares/MotorControl/pid_regulator.o
                0x08006460                PI_Controller
 .text.PQD_CalcElMotorPower
                0x080064e0       0x38 ./Middlewares/MotorControl/pqd_motor_power_measurement.o
                0x080064e0                PQD_CalcElMotorPower
 .text.PQD_GetAvrgElMotorPowerW
                0x08006518       0x34 ./Middlewares/MotorControl/pqd_motor_power_measurement.o
                0x08006518                PQD_GetAvrgElMotorPowerW
 .text.R3_1_GetPhaseCurrents
                0x0800654c      0x170 ./Middlewares/MotorControl/r3_1_f30x_pwm_curr_fdbk.o
                0x0800654c                R3_1_GetPhaseCurrents
 .text.R3_1_SetADCSampPointPolarization
                0x080066bc       0x3c ./Middlewares/MotorControl/r3_1_f30x_pwm_curr_fdbk.o
                0x080066bc                R3_1_SetADCSampPointPolarization
 .text.R3_1_HFCurrentsPolarizationAB
                0x080066f8       0x48 ./Middlewares/MotorControl/r3_1_f30x_pwm_curr_fdbk.o
 .text.R3_1_HFCurrentsPolarizationC
                0x08006740       0x40 ./Middlewares/MotorControl/r3_1_f30x_pwm_curr_fdbk.o
 .text.R3_1_SwitchOnPWM
                0x08006780       0x8c ./Middlewares/MotorControl/r3_1_f30x_pwm_curr_fdbk.o
                0x08006780                R3_1_SwitchOnPWM
 .text.R3_1_SwitchOffPWM
                0x0800680c       0x70 ./Middlewares/MotorControl/r3_1_f30x_pwm_curr_fdbk.o
                0x0800680c                R3_1_SwitchOffPWM
 .text.R3_1_RLGetPhaseCurrents
                0x0800687c       0x48 ./Middlewares/MotorControl/r3_1_f30x_pwm_curr_fdbk.o
 .text.R3_1_RLSwitchOnPWM
                0x080068c4       0xa8 ./Middlewares/MotorControl/r3_1_f30x_pwm_curr_fdbk.o
 .text.R3_1_TurnOnLowSides
                0x0800696c       0x54 ./Middlewares/MotorControl/r3_1_f30x_pwm_curr_fdbk.o
                0x0800696c                R3_1_TurnOnLowSides
 .text.R3_1_RLTurnOnLowSides
                0x080069c0       0x50 ./Middlewares/MotorControl/r3_1_f30x_pwm_curr_fdbk.o
 .text.R3_1_Init
                0x08006a10      0x2f0 ./Middlewares/MotorControl/r3_1_f30x_pwm_curr_fdbk.o
                0x08006a10                R3_1_Init
 .text.R3_1_SetOffsetCalib
                0x08006d00       0x1c ./Middlewares/MotorControl/r3_1_f30x_pwm_curr_fdbk.o
                0x08006d00                R3_1_SetOffsetCalib
 .text.R3_1_GetOffsetCalib
                0x08006d1c       0x10 ./Middlewares/MotorControl/r3_1_f30x_pwm_curr_fdbk.o
                0x08006d1c                R3_1_GetOffsetCalib
 .text.R3_1_CurrentReadingPolarization
                0x08006d2c      0x124 ./Middlewares/MotorControl/r3_1_f30x_pwm_curr_fdbk.o
                0x08006d2c                R3_1_CurrentReadingPolarization
 .text.R3_1_SetADCSampPointSectX
                0x08006e50       0x7c ./Middlewares/MotorControl/r3_1_f30x_pwm_curr_fdbk.o
                0x08006e50                R3_1_SetADCSampPointSectX
 .text.R3_1_TIMx_UP_IRQHandler
                0x08006ecc       0x38 ./Middlewares/MotorControl/r3_1_f30x_pwm_curr_fdbk.o
                0x08006ecc                R3_1_TIMx_UP_IRQHandler
 .text.R3_1_RLDetectionModeEnable
                0x08006f04       0xd0 ./Middlewares/MotorControl/r3_1_f30x_pwm_curr_fdbk.o
                0x08006f04                R3_1_RLDetectionModeEnable
 .text.R3_1_RLDetectionModeDisable
                0x08006fd4      0x140 ./Middlewares/MotorControl/r3_1_f30x_pwm_curr_fdbk.o
                0x08006fd4                R3_1_RLDetectionModeDisable
 .text.R3_1_RLDetectionModeSetDuty
                0x08007114       0x48 ./Middlewares/MotorControl/r3_1_f30x_pwm_curr_fdbk.o
                0x08007114                R3_1_RLDetectionModeSetDuty
 .text.R3_1_RLTurnOnLowSidesAndStart
                0x0800715c       0x78 ./Middlewares/MotorControl/r3_1_f30x_pwm_curr_fdbk.o
                0x0800715c                R3_1_RLTurnOnLowSidesAndStart
 .text.RVBS_Clear
                0x080071d4       0x3c ./Middlewares/MotorControl/r_divider_bus_voltage_sensor.o
                0x080071d4                RVBS_Clear
 .text.RVBS_Init
                0x08007210        0x8 ./Middlewares/MotorControl/r_divider_bus_voltage_sensor.o
                0x08007210                RVBS_Init
 .text.RVBS_CheckFaultState
                0x08007218       0x50 ./Middlewares/MotorControl/r_divider_bus_voltage_sensor.o
                0x08007218                RVBS_CheckFaultState
 .text.RVBS_CalcAvVbus
                0x08007268       0x5c ./Middlewares/MotorControl/r_divider_bus_voltage_sensor.o
                0x08007268                RVBS_CalcAvVbus
 .text.REMNG_Init
                0x080072c4       0x10 ./Middlewares/MotorControl/ramp_ext_mngr.o
                0x080072c4                REMNG_Init
 .text.REMNG_Calc
                0x080072d4       0x44 ./Middlewares/MotorControl/ramp_ext_mngr.o
                0x080072d4                REMNG_Calc
 .text.REMNG_RampCompleted
                0x08007318        0xc ./Middlewares/MotorControl/ramp_ext_mngr.o
                0x08007318                REMNG_RampCompleted
 .text.getScalingFactor
                0x08007324       0x38 ./Middlewares/MotorControl/ramp_ext_mngr.o
                0x08007324                getScalingFactor
 .text.REMNG_ExecRamp
                0x0800735c       0x8c ./Middlewares/MotorControl/ramp_ext_mngr.o
                0x0800735c                REMNG_ExecRamp
 .text.RUC_Init
                0x080073e8       0x7c ./Middlewares/MotorControl/revup_ctrl.o
                0x080073e8                RUC_Init
 .text.RUC_Clear
                0x08007464       0x98 ./Middlewares/MotorControl/revup_ctrl.o
                0x08007464                RUC_Clear
 .text.RUC_Exec
                0x080074fc       0x6c ./Middlewares/MotorControl/revup_ctrl.o
                0x080074fc                RUC_Exec
 .text.RUC_FirstAccelerationStageReached
                0x08007568       0x14 ./Middlewares/MotorControl/revup_ctrl.o
                0x08007568                RUC_FirstAccelerationStageReached
 .text.SPD_GetAvrgMecSpeedUnit
                0x0800757c        0x8 ./Middlewares/MotorControl/speed_pos_fdbk.o
                0x0800757c                SPD_GetAvrgMecSpeedUnit
 .text.SPD_IsMecSpeedReliable
                0x08007584       0x6c ./Middlewares/MotorControl/speed_pos_fdbk.o
                0x08007584                SPD_IsMecSpeedReliable
 .text.SPD_GetS16Speed
                0x080075f0       0x14 ./Middlewares/MotorControl/speed_pos_fdbk.o
                0x080075f0                SPD_GetS16Speed
 .text.STC_Init
                0x08007604       0x2c ./Middlewares/MotorControl/speed_torq_ctrl.o
                0x08007604                STC_Init
 .text.STC_SetSpeedSensor
                0x08007630        0x4 ./Middlewares/MotorControl/speed_torq_ctrl.o
                0x08007630                STC_SetSpeedSensor
 .text.STC_Clear
                0x08007634       0x10 ./Middlewares/MotorControl/speed_torq_ctrl.o
                0x08007634                STC_Clear
 .text.STC_GetMecSpeedRefUnit
                0x08007644        0x8 ./Middlewares/MotorControl/speed_torq_ctrl.o
                0x08007644                STC_GetMecSpeedRefUnit
 .text.STC_SetControlMode
                0x0800764c        0x8 ./Middlewares/MotorControl/speed_torq_ctrl.o
                0x0800764c                STC_SetControlMode
 .text.STC_ExecRamp
                0x08007654       0x90 ./Middlewares/MotorControl/speed_torq_ctrl.o
                0x08007654                STC_ExecRamp
 .text.STC_CalcTorqueReference
                0x080076e4       0x6c ./Middlewares/MotorControl/speed_torq_ctrl.o
                0x080076e4                STC_CalcTorqueReference
 .text.STC_GetMecSpeedRefUnitDefault
                0x08007750        0x8 ./Middlewares/MotorControl/speed_torq_ctrl.o
                0x08007750                STC_GetMecSpeedRefUnitDefault
 .text.STC_GetDefaultIqdref
                0x08007758       0x1c ./Middlewares/MotorControl/speed_torq_ctrl.o
                0x08007758                STC_GetDefaultIqdref
 .text.STC_ForceSpeedReferenceToCurrentSpeed
                0x08007774       0x10 ./Middlewares/MotorControl/speed_torq_ctrl.o
                0x08007774                STC_ForceSpeedReferenceToCurrentSpeed
 .text.STO_PLL_CalcElAngle
                0x08007784      0x1e4 ./Middlewares/MotorControl/sto_pll_speed_pos_fdbk.o
                0x08007784                STO_PLL_CalcElAngle
 .text.STO_PLL_CalcAvrgMecSpeedUnit
                0x08007968      0x140 ./Middlewares/MotorControl/sto_pll_speed_pos_fdbk.o
                0x08007968                STO_PLL_CalcAvrgMecSpeedUnit
 .text.STO_PLL_CalcAvrgElSpeedDpp
                0x08007aa8       0x58 ./Middlewares/MotorControl/sto_pll_speed_pos_fdbk.o
                0x08007aa8                STO_PLL_CalcAvrgElSpeedDpp
 .text.STO_PLL_Clear
                0x08007b00       0x4c ./Middlewares/MotorControl/sto_pll_speed_pos_fdbk.o
                0x08007b00                STO_PLL_Clear
 .text.STO_PLL_Init
                0x08007b4c       0x74 ./Middlewares/MotorControl/sto_pll_speed_pos_fdbk.o
                0x08007b4c                STO_PLL_Init
 .text.STO_PLL_IsObserverConverged
                0x08007bc0       0xcc ./Middlewares/MotorControl/sto_pll_speed_pos_fdbk.o
                0x08007bc0                STO_PLL_IsObserverConverged
 .text.STO_PLL_GetEstimatedBemf
                0x08007c8c       0x18 ./Middlewares/MotorControl/sto_pll_speed_pos_fdbk.o
                0x08007c8c                STO_PLL_GetEstimatedBemf
 .text.STO_PLL_GetEstimatedCurrent
                0x08007ca4       0x24 ./Middlewares/MotorControl/sto_pll_speed_pos_fdbk.o
                0x08007ca4                STO_PLL_GetEstimatedCurrent
 .text.STO_PLL_GetObserverGains
                0x08007cc8       0x10 ./Middlewares/MotorControl/sto_pll_speed_pos_fdbk.o
                0x08007cc8                STO_PLL_GetObserverGains
 .text.STO_PLL_SetObserverGains
                0x08007cd8        0x8 ./Middlewares/MotorControl/sto_pll_speed_pos_fdbk.o
                0x08007cd8                STO_PLL_SetObserverGains
 .text.STO_OTF_ResetPLL
                0x08007ce0        0xc ./Middlewares/MotorControl/sto_pll_speed_pos_fdbk.o
                0x08007ce0                STO_OTF_ResetPLL
 .text.STO_PLL_IsVarianceTight
                0x08007cec        0x8 ./Middlewares/MotorControl/sto_pll_speed_pos_fdbk.o
                0x08007cec                STO_PLL_IsVarianceTight
 .text.STO_PLL_ForceConvergency1
                0x08007cf4        0xc ./Middlewares/MotorControl/sto_pll_speed_pos_fdbk.o
                0x08007cf4                STO_PLL_ForceConvergency1
 .text.STO_PLL_ForceConvergency2
                0x08007d00        0xc ./Middlewares/MotorControl/sto_pll_speed_pos_fdbk.o
                0x08007d00                STO_PLL_ForceConvergency2
 .text.STO_SetDirection
                0x08007d0c        0x8 ./Middlewares/MotorControl/sto_pll_speed_pos_fdbk.o
                0x08007d0c                STO_SetDirection
 .text.VSS_Clear
                0x08007d14       0x1c ./Middlewares/MotorControl/virtual_speed_sensor.o
                0x08007d14                VSS_Clear
 .text.VSS_Init
                0x08007d30        0x8 ./Middlewares/MotorControl/virtual_speed_sensor.o
                0x08007d30                VSS_Init
 .text.VSS_CalcElAngle
                0x08007d38       0xa4 ./Middlewares/MotorControl/virtual_speed_sensor.o
                0x08007d38                VSS_CalcElAngle
 .text.VSS_CalcAvrgMecSpeedUnit
                0x08007ddc       0xa4 ./Middlewares/MotorControl/virtual_speed_sensor.o
                0x08007ddc                VSS_CalcAvrgMecSpeedUnit
 .text.VSS_SetMecAcceleration
                0x08007e80       0x78 ./Middlewares/MotorControl/virtual_speed_sensor.o
                0x08007e80                VSS_SetMecAcceleration
 .text.VSS_SetStartTransition
                0x08007ef8       0x1c ./Middlewares/MotorControl/virtual_speed_sensor.o
                0x08007ef8                VSS_SetStartTransition
 .text.VSS_TransitionEnded
                0x08007f14        0x8 ./Middlewares/MotorControl/virtual_speed_sensor.o
                0x08007f14                VSS_TransitionEnded
 .text._vsnprintf_r
                0x08007f1c       0x56 C:/ST/STM32CubeIDE_1.16.1/STM32CubeIDE/plugins/com.st.stm32cube.ide.mcu.externaltools.gnu-tools-for-stm32.12.3.rel1.win32_1.0.200.202406191623/tools/bin/../lib/gcc/arm-none-eabi/12.3.1/../../../../arm-none-eabi/lib/thumb/v7e-m+fp/hard\libc_nano.a(libc_a-vsnprintf.o)
                0x08007f1c                _vsniprintf_r
                0x08007f1c                _vsnprintf_r
 *fill*         0x08007f72        0x2 
 .text.vsnprintf
                0x08007f74       0x1c C:/ST/STM32CubeIDE_1.16.1/STM32CubeIDE/plugins/com.st.stm32cube.ide.mcu.externaltools.gnu-tools-for-stm32.12.3.rel1.win32_1.0.200.202406191623/tools/bin/../lib/gcc/arm-none-eabi/12.3.1/../../../../arm-none-eabi/lib/thumb/v7e-m+fp/hard\libc_nano.a(libc_a-vsnprintf.o)
                0x08007f74                vsniprintf
                0x08007f74                vsnprintf
 .text.memset   0x08007f90       0x10 C:/ST/STM32CubeIDE_1.16.1/STM32CubeIDE/plugins/com.st.stm32cube.ide.mcu.externaltools.gnu-tools-for-stm32.12.3.rel1.win32_1.0.200.202406191623/tools/bin/../lib/gcc/arm-none-eabi/12.3.1/../../../../arm-none-eabi/lib/thumb/v7e-m+fp/hard\libc_nano.a(libc_a-memset.o)
                0x08007f90                memset
 .text.__errno  0x08007fa0        0xc C:/ST/STM32CubeIDE_1.16.1/STM32CubeIDE/plugins/com.st.stm32cube.ide.mcu.externaltools.gnu-tools-for-stm32.12.3.rel1.win32_1.0.200.202406191623/tools/bin/../lib/gcc/arm-none-eabi/12.3.1/../../../../arm-none-eabi/lib/thumb/v7e-m+fp/hard\libc_nano.a(libc_a-errno.o)
                0x08007fa0                __errno
 .text.__libc_init_array
                0x08007fac       0x48 C:/ST/STM32CubeIDE_1.16.1/STM32CubeIDE/plugins/com.st.stm32cube.ide.mcu.externaltools.gnu-tools-for-stm32.12.3.rel1.win32_1.0.200.202406191623/tools/bin/../lib/gcc/arm-none-eabi/12.3.1/../../../../arm-none-eabi/lib/thumb/v7e-m+fp/hard\libc_nano.a(libc_a-init.o)
                0x08007fac                __libc_init_array
 .text.__retarget_lock_acquire_recursive
                0x08007ff4        0x2 C:/ST/STM32CubeIDE_1.16.1/STM32CubeIDE/plugins/com.st.stm32cube.ide.mcu.externaltools.gnu-tools-for-stm32.12.3.rel1.win32_1.0.200.202406191623/tools/bin/../lib/gcc/arm-none-eabi/12.3.1/../../../../arm-none-eabi/lib/thumb/v7e-m+fp/hard\libc_nano.a(libc_a-lock.o)
                0x08007ff4                __retarget_lock_acquire_recursive
 .text.__retarget_lock_release_recursive
                0x08007ff6        0x2 C:/ST/STM32CubeIDE_1.16.1/STM32CubeIDE/plugins/com.st.stm32cube.ide.mcu.externaltools.gnu-tools-for-stm32.12.3.rel1.win32_1.0.200.202406191623/tools/bin/../lib/gcc/arm-none-eabi/12.3.1/../../../../arm-none-eabi/lib/thumb/v7e-m+fp/hard\libc_nano.a(libc_a-lock.o)
                0x08007ff6                __retarget_lock_release_recursive
 .text.memcpy   0x08007ff8       0x1c C:/ST/STM32CubeIDE_1.16.1/STM32CubeIDE/plugins/com.st.stm32cube.ide.mcu.externaltools.gnu-tools-for-stm32.12.3.rel1.win32_1.0.200.202406191623/tools/bin/../lib/gcc/arm-none-eabi/12.3.1/../../../../arm-none-eabi/lib/thumb/v7e-m+fp/hard\libc_nano.a(libc_a-memcpy-stub.o)
                0x08007ff8                memcpy
 .text._free_r  0x08008014       0x94 C:/ST/STM32CubeIDE_1.16.1/STM32CubeIDE/plugins/com.st.stm32cube.ide.mcu.externaltools.gnu-tools-for-stm32.12.3.rel1.win32_1.0.200.202406191623/tools/bin/../lib/gcc/arm-none-eabi/12.3.1/../../../../arm-none-eabi/lib/thumb/v7e-m+fp/hard\libc_nano.a(libc_a-freer.o)
                0x08008014                _free_r
 .text.sbrk_aligned
                0x080080a8       0x44 C:/ST/STM32CubeIDE_1.16.1/STM32CubeIDE/plugins/com.st.stm32cube.ide.mcu.externaltools.gnu-tools-for-stm32.12.3.rel1.win32_1.0.200.202406191623/tools/bin/../lib/gcc/arm-none-eabi/12.3.1/../../../../arm-none-eabi/lib/thumb/v7e-m+fp/hard\libc_nano.a(libc_a-mallocr.o)
 .text._malloc_r
                0x080080ec      0x100 C:/ST/STM32CubeIDE_1.16.1/STM32CubeIDE/plugins/com.st.stm32cube.ide.mcu.externaltools.gnu-tools-for-stm32.12.3.rel1.win32_1.0.200.202406191623/tools/bin/../lib/gcc/arm-none-eabi/12.3.1/../../../../arm-none-eabi/lib/thumb/v7e-m+fp/hard\libc_nano.a(libc_a-mallocr.o)
                0x080080ec                _malloc_r
 .text.__malloc_lock
                0x080081ec        0xc C:/ST/STM32CubeIDE_1.16.1/STM32CubeIDE/plugins/com.st.stm32cube.ide.mcu.externaltools.gnu-tools-for-stm32.12.3.rel1.win32_1.0.200.202406191623/tools/bin/../lib/gcc/arm-none-eabi/12.3.1/../../../../arm-none-eabi/lib/thumb/v7e-m+fp/hard\libc_nano.a(libc_a-mlock.o)
                0x080081ec                __malloc_lock
 .text.__malloc_unlock
                0x080081f8        0xc C:/ST/STM32CubeIDE_1.16.1/STM32CubeIDE/plugins/com.st.stm32cube.ide.mcu.externaltools.gnu-tools-for-stm32.12.3.rel1.win32_1.0.200.202406191623/tools/bin/../lib/gcc/arm-none-eabi/12.3.1/../../../../arm-none-eabi/lib/thumb/v7e-m+fp/hard\libc_nano.a(libc_a-mlock.o)
                0x080081f8                __malloc_unlock
 .text.__ssputs_r
                0x08008204       0xb6 C:/ST/STM32CubeIDE_1.16.1/STM32CubeIDE/plugins/com.st.stm32cube.ide.mcu.externaltools.gnu-tools-for-stm32.12.3.rel1.win32_1.0.200.202406191623/tools/bin/../lib/gcc/arm-none-eabi/12.3.1/../../../../arm-none-eabi/lib/thumb/v7e-m+fp/hard\libc_nano.a(libc_a-nano-svfprintf.o)
                0x08008204                __ssputs_r
 *fill*         0x080082ba        0x2 
 .text._svfprintf_r
                0x080082bc      0x1f8 C:/ST/STM32CubeIDE_1.16.1/STM32CubeIDE/plugins/com.st.stm32cube.ide.mcu.externaltools.gnu-tools-for-stm32.12.3.rel1.win32_1.0.200.202406191623/tools/bin/../lib/gcc/arm-none-eabi/12.3.1/../../../../arm-none-eabi/lib/thumb/v7e-m+fp/hard\libc_nano.a(libc_a-nano-svfprintf.o)
                0x080082bc                _svfiprintf_r
                0x080082bc                _svfprintf_r
 .text._printf_common
                0x080084b4       0xda C:/ST/STM32CubeIDE_1.16.1/STM32CubeIDE/plugins/com.st.stm32cube.ide.mcu.externaltools.gnu-tools-for-stm32.12.3.rel1.win32_1.0.200.202406191623/tools/bin/../lib/gcc/arm-none-eabi/12.3.1/../../../../arm-none-eabi/lib/thumb/v7e-m+fp/hard\libc_nano.a(libc_a-nano-vfprintf_i.o)
                0x080084b4                _printf_common
 *fill*         0x0800858e        0x2 
 .text._printf_i
                0x08008590      0x240 C:/ST/STM32CubeIDE_1.16.1/STM32CubeIDE/plugins/com.st.stm32cube.ide.mcu.externaltools.gnu-tools-for-stm32.12.3.rel1.win32_1.0.200.202406191623/tools/bin/../lib/gcc/arm-none-eabi/12.3.1/../../../../arm-none-eabi/lib/thumb/v7e-m+fp/hard\libc_nano.a(libc_a-nano-vfprintf_i.o)
                0x08008590                _printf_i
 .text.memmove  0x080087d0       0x34 C:/ST/STM32CubeIDE_1.16.1/STM32CubeIDE/plugins/com.st.stm32cube.ide.mcu.externaltools.gnu-tools-for-stm32.12.3.rel1.win32_1.0.200.202406191623/tools/bin/../lib/gcc/arm-none-eabi/12.3.1/../../../../arm-none-eabi/lib/thumb/v7e-m+fp/hard\libc_nano.a(libc_a-memmove.o)
                0x080087d0                memmove
 .text._sbrk_r  0x08008804       0x20 C:/ST/STM32CubeIDE_1.16.1/STM32CubeIDE/plugins/com.st.stm32cube.ide.mcu.externaltools.gnu-tools-for-stm32.12.3.rel1.win32_1.0.200.202406191623/tools/bin/../lib/gcc/arm-none-eabi/12.3.1/../../../../arm-none-eabi/lib/thumb/v7e-m+fp/hard\libc_nano.a(libc_a-sbrkr.o)
                0x08008804                _sbrk_r
 .text._realloc_r
                0x08008824       0x5c C:/ST/STM32CubeIDE_1.16.1/STM32CubeIDE/plugins/com.st.stm32cube.ide.mcu.externaltools.gnu-tools-for-stm32.12.3.rel1.win32_1.0.200.202406191623/tools/bin/../lib/gcc/arm-none-eabi/12.3.1/../../../../arm-none-eabi/lib/thumb/v7e-m+fp/hard\libc_nano.a(libc_a-reallocr.o)
                0x08008824                _realloc_r
 .text._malloc_usable_size_r
                0x08008880       0x10 C:/ST/STM32CubeIDE_1.16.1/STM32CubeIDE/plugins/com.st.stm32cube.ide.mcu.externaltools.gnu-tools-for-stm32.12.3.rel1.win32_1.0.200.202406191623/tools/bin/../lib/gcc/arm-none-eabi/12.3.1/../../../../arm-none-eabi/lib/thumb/v7e-m+fp/hard\libc_nano.a(libc_a-msizer.o)
                0x08008880                _malloc_usable_size_r
 *(.glue_7)
 .glue_7        0x08008890        0x0 linker stubs
 *(.glue_7t)
 .glue_7t       0x08008890        0x0 linker stubs
 *(.eh_frame)
 .eh_frame      0x08008890        0x0 C:/ST/STM32CubeIDE_1.16.1/STM32CubeIDE/plugins/com.st.stm32cube.ide.mcu.externaltools.gnu-tools-for-stm32.12.3.rel1.win32_1.0.200.202406191623/tools/bin/../lib/gcc/arm-none-eabi/12.3.1/thumb/v7e-m+fp/hard/crtbegin.o
 *(.init)
 .init          0x08008890        0x4 C:/ST/STM32CubeIDE_1.16.1/STM32CubeIDE/plugins/com.st.stm32cube.ide.mcu.externaltools.gnu-tools-for-stm32.12.3.rel1.win32_1.0.200.202406191623/tools/bin/../lib/gcc/arm-none-eabi/12.3.1/thumb/v7e-m+fp/hard/crti.o
                0x08008890                _init
 .init          0x08008894        0x8 C:/ST/STM32CubeIDE_1.16.1/STM32CubeIDE/plugins/com.st.stm32cube.ide.mcu.externaltools.gnu-tools-for-stm32.12.3.rel1.win32_1.0.200.202406191623/tools/bin/../lib/gcc/arm-none-eabi/12.3.1/thumb/v7e-m+fp/hard/crtn.o
 *(.fini)
 .fini          0x0800889c        0x4 C:/ST/STM32CubeIDE_1.16.1/STM32CubeIDE/plugins/com.st.stm32cube.ide.mcu.externaltools.gnu-tools-for-stm32.12.3.rel1.win32_1.0.200.202406191623/tools/bin/../lib/gcc/arm-none-eabi/12.3.1/thumb/v7e-m+fp/hard/crti.o
                0x0800889c                _fini
 .fini          0x080088a0        0x8 C:/ST/STM32CubeIDE_1.16.1/STM32CubeIDE/plugins/com.st.stm32cube.ide.mcu.externaltools.gnu-tools-for-stm32.12.3.rel1.win32_1.0.200.202406191623/tools/bin/../lib/gcc/arm-none-eabi/12.3.1/thumb/v7e-m+fp/hard/crtn.o
                0x080088a8                        . = ALIGN (0x4)
                0x080088a8                        _etext = .

.vfp11_veneer   0x080088a8        0x0
 .vfp11_veneer  0x080088a8        0x0 linker stubs

.v4_bx          0x080088a8        0x0
 .v4_bx         0x080088a8        0x0 linker stubs

.iplt           0x080088a8        0x0
 .iplt          0x080088a8        0x0 C:/ST/STM32CubeIDE_1.16.1/STM32CubeIDE/plugins/com.st.stm32cube.ide.mcu.externaltools.gnu-tools-for-stm32.12.3.rel1.win32_1.0.200.202406191623/tools/bin/../lib/gcc/arm-none-eabi/12.3.1/thumb/v7e-m+fp/hard/crtbegin.o

.rodata         0x080088a8      0x4a8
                0x080088a8                        . = ALIGN (0x4)
 *(.rodata)
 *(.rodata*)
 .rodata.CRC4_Lookup4
                0x080088a8       0x10 ./Application/User/aspep.o
 .rodata.CRC4_Lookup8
                0x080088b8      0x100 ./Application/User/aspep.o
 .rodata.main.str1.4
                0x080089b8       0x22 ./Application/User/main.o
 *fill*         0x080089da        0x2 
 .rodata.M1_FOCConfig_reg
                0x080089dc        0xe ./Application/User/mc_configuration_registers.o
 *fill*         0x080089ea        0x2 
 .rodata.M1_MotorConfig_reg
                0x080089ec       0x3c ./Application/User/mc_configuration_registers.o
 .rodata.M1_ApplicationConfig_reg
                0x08008a28       0x10 ./Application/User/mc_configuration_registers.o
 .rodata.globalConfig_reg
                0x08008a38        0xa ./Application/User/mc_configuration_registers.o
                0x08008a38                globalConfig_reg
 *fill*         0x08008a42        0x2 
 .rodata.FIRMWARE_NAME
                0x08008a44       0x14 ./Application/User/mc_configuration_registers.o
                0x08008a44                FIRMWARE_NAME
 .rodata.M1_PWR_BOARD
                0x08008a58       0x11 ./Application/User/mc_configuration_registers.o
 *fill*         0x08008a69        0x3 
 .rodata.CTL_BOARD
                0x08008a6c        0xe ./Application/User/mc_configuration_registers.o
                0x08008a6c                CTL_BOARD
 *fill*         0x08008a7a        0x2 
 .rodata.hSin_Cos_Table
                0x08008a7c      0x200 ./Application/User/mc_math.o
                0x08008a7c                hSin_Cos_Table
 .rodata.R3_1_ParamsM1
                0x08008c7c       0x48 ./Application/User/mc_parameters.o
                0x08008c7c                R3_1_ParamsM1
 .rodata.CSWTCH.49
                0x08008cc4       0x11 ./Application/User/register_interface.o
 *fill*         0x08008cd5        0x3 
 .rodata.CHANNEL_OFFSET_TAB
                0x08008cd8        0x7 ./Application/User/usart_aspep_driver.o
 *fill*         0x08008cdf        0x1 
 .rodata.APBPrescTable
                0x08008ce0        0x8 ./Drivers/CMSIS/system_stm32f3xx.o
                0x08008ce0                APBPrescTable
 .rodata.AHBPrescTable
                0x08008ce8       0x10 ./Drivers/CMSIS/system_stm32f3xx.o
                0x08008ce8                AHBPrescTable
 .rodata.aPredivFactorTable
                0x08008cf8       0x10 ./Drivers/STM32F3xx_HAL_Driver/stm32f3xx_hal_rcc.o
 .rodata.aPLLMULFactorTable
                0x08008d08       0x10 ./Drivers/STM32F3xx_HAL_Driver/stm32f3xx_hal_rcc.o
 .rodata.CSWTCH.53
                0x08008d18        0x3 ./Drivers/STM32F3xx_HAL_Driver/stm32f3xx_hal_uart.o
 .rodata._svfprintf_r.str1.1
                0x08008d1b       0x11 C:/ST/STM32CubeIDE_1.16.1/STM32CubeIDE/plugins/com.st.stm32cube.ide.mcu.externaltools.gnu-tools-for-stm32.12.3.rel1.win32_1.0.200.202406191623/tools/bin/../lib/gcc/arm-none-eabi/12.3.1/../../../../arm-none-eabi/lib/thumb/v7e-m+fp/hard\libc_nano.a(libc_a-nano-svfprintf.o)
 .rodata._printf_i.str1.1
                0x08008d2c       0x22 C:/ST/STM32CubeIDE_1.16.1/STM32CubeIDE/plugins/com.st.stm32cube.ide.mcu.externaltools.gnu-tools-for-stm32.12.3.rel1.win32_1.0.200.202406191623/tools/bin/../lib/gcc/arm-none-eabi/12.3.1/../../../../arm-none-eabi/lib/thumb/v7e-m+fp/hard\libc_nano.a(libc_a-nano-vfprintf_i.o)
                0x08008d50                        . = ALIGN (0x4)
 *fill*         0x08008d4e        0x2 

.ARM.extab      0x08008d50        0x0
                0x08008d50                        . = ALIGN (0x4)
 *(.ARM.extab* .gnu.linkonce.armextab.*)
                0x08008d50                        . = ALIGN (0x4)

.ARM            0x08008d50        0x8
                0x08008d50                        . = ALIGN (0x4)
                0x08008d50                        __exidx_start = .
 *(.ARM.exidx*)
 .ARM.exidx     0x08008d50        0x8 C:/ST/STM32CubeIDE_1.16.1/STM32CubeIDE/plugins/com.st.stm32cube.ide.mcu.externaltools.gnu-tools-for-stm32.12.3.rel1.win32_1.0.200.202406191623/tools/bin/../lib/gcc/arm-none-eabi/12.3.1/../../../../arm-none-eabi/lib/thumb/v7e-m+fp/hard\libc_nano.a(libc_a-strlen.o)
 .ARM.exidx     0x08008d58        0x0 C:/ST/STM32CubeIDE_1.16.1/STM32CubeIDE/plugins/com.st.stm32cube.ide.mcu.externaltools.gnu-tools-for-stm32.12.3.rel1.win32_1.0.200.202406191623/tools/bin/../lib/gcc/arm-none-eabi/12.3.1/../../../../arm-none-eabi/lib/thumb/v7e-m+fp/hard\libc_nano.a(libc_a-memchr.o)
                                  0x8 (size before relaxing)
                0x08008d58                        __exidx_end = .
                0x08008d58                        . = ALIGN (0x4)

.preinit_array  0x08008d58        0x0
                0x08008d58                        . = ALIGN (0x4)
                0x08008d58                        PROVIDE (__preinit_array_start = .)
 *(.preinit_array*)
                0x08008d58                        PROVIDE (__preinit_array_end = .)
                0x08008d58                        . = ALIGN (0x4)

.init_array     0x08008d58        0x4
                0x08008d58                        . = ALIGN (0x4)
                0x08008d58                        PROVIDE (__init_array_start = .)
 *(SORT_BY_NAME(.init_array.*))
 *(.init_array*)
 .init_array    0x08008d58        0x4 C:/ST/STM32CubeIDE_1.16.1/STM32CubeIDE/plugins/com.st.stm32cube.ide.mcu.externaltools.gnu-tools-for-stm32.12.3.rel1.win32_1.0.200.202406191623/tools/bin/../lib/gcc/arm-none-eabi/12.3.1/thumb/v7e-m+fp/hard/crtbegin.o
                0x08008d5c                        PROVIDE (__init_array_end = .)
                0x08008d5c                        . = ALIGN (0x4)

.fini_array     0x08008d5c        0x4
                0x08008d5c                        . = ALIGN (0x4)
                [!provide]                        PROVIDE (__fini_array_start = .)
 *(SORT_BY_NAME(.fini_array.*))
 *(.fini_array*)
 .fini_array    0x08008d5c        0x4 C:/ST/STM32CubeIDE_1.16.1/STM32CubeIDE/plugins/com.st.stm32cube.ide.mcu.externaltools.gnu-tools-for-stm32.12.3.rel1.win32_1.0.200.202406191623/tools/bin/../lib/gcc/arm-none-eabi/12.3.1/thumb/v7e-m+fp/hard/crtbegin.o
                [!provide]                        PROVIDE (__fini_array_end = .)
                0x08008d60                        . = ALIGN (0x4)
                0x08008d60                        _sidata = LOADADDR (.data)

.rel.dyn        0x08008d60        0x0
 .rel.iplt      0x08008d60        0x0 C:/ST/STM32CubeIDE_1.16.1/STM32CubeIDE/plugins/com.st.stm32cube.ide.mcu.externaltools.gnu-tools-for-stm32.12.3.rel1.win32_1.0.200.202406191623/tools/bin/../lib/gcc/arm-none-eabi/12.3.1/thumb/v7e-m+fp/hard/crtbegin.o

.data           0x20000000      0x544 load address 0x08008d60
                0x20000000                        . = ALIGN (0x4)
                0x20000000                        _sdata = .
 *(.data)
 *(.data*)
 .data.Mci      0x20000000       0x28 ./Application/User/mc_config.o
                0x20000000                Mci
 .data.pMPM     0x20000028        0x4 ./Application/User/mc_config.o
                0x20000028                pMPM
 .data.pPIDId   0x2000002c        0x4 ./Application/User/mc_config.o
                0x2000002c                pPIDId
 .data.pPIDIq   0x20000030        0x4 ./Application/User/mc_config.o
                0x20000030                pPIDIq
 .data.pSTC     0x20000034        0x4 ./Application/User/mc_config.o
                0x20000034                pSTC
 .data.CircleLimitationM1
                0x20000038        0x4 ./Application/User/mc_config.o
                0x20000038                CircleLimitationM1
 .data.RampExtMngrHFParamsM1
                0x2000003c       0x18 ./Application/User/mc_config.o
                0x2000003c                RampExtMngrHFParamsM1
 .data.STO_M1   0x20000054       0x14 ./Application/User/mc_config.o
                0x20000054                STO_M1
 .data.STO_PLL_M1
                0x20000068      0x128 ./Application/User/mc_config.o
                0x20000068                STO_PLL_M1
 .data.PWM_Handle_M1
                0x20000190       0xa0 ./Application/User/mc_config.o
                0x20000190                PWM_Handle_M1
 .data.RevUpControlM1
                0x20000230       0x78 ./Application/User/mc_config.o
                0x20000230                RevUpControlM1
 .data.SpeednTorqCtrlM1
                0x200002a8       0x34 ./Application/User/mc_config.o
                0x200002a8                SpeednTorqCtrlM1
 .data.PIDIdHandle_M1
                0x200002dc       0x2c ./Application/User/mc_config.o
                0x200002dc                PIDIdHandle_M1
 .data.PIDIqHandle_M1
                0x20000308       0x2c ./Application/User/mc_config.o
                0x20000308                PIDIqHandle_M1
 .data.PIDSpeedHandle_M1
                0x20000334       0x2c ./Application/User/mc_config.o
                0x20000334                PIDSpeedHandle_M1
 .data.PQD_MotorPowMeasM1
                0x20000360       0x10 ./Application/User/mc_config.o
                0x20000360                PQD_MotorPowMeasM1
 .data.BusVoltageSensor_M1
                0x20000370       0x1c ./Application/User/mc_config_common.o
                0x20000370                BusVoltageSensor_M1
 .data.VbusRegConv_M1
                0x2000038c       0x10 ./Application/User/mc_config_common.o
                0x2000038c                VbusRegConv_M1
 .data.TempSensor_M1
                0x2000039c       0x1c ./Application/User/mc_config_common.o
                0x2000039c                TempSensor_M1
 .data.TempRegConv_M1
                0x200003b8       0x10 ./Application/User/mc_config_common.o
                0x200003b8                TempRegConv_M1
 .data.VirtualSpeedSensorM1
                0x200003c8       0x38 ./Application/User/mc_config_common.o
                0x200003c8                VirtualSpeedSensorM1
 .data.ApplicationConfig_reg
                0x20000400        0x4 ./Application/User/mc_configuration_registers.o
                0x20000400                ApplicationConfig_reg
 .data.MotorConfig_reg
                0x20000404        0x4 ./Application/User/mc_configuration_registers.o
                0x20000404                MotorConfig_reg
 .data.FOCConfig_reg
                0x20000408        0x4 ./Application/User/mc_configuration_registers.o
                0x20000408                FOCConfig_reg
 .data.PWR_BOARD_NAME
                0x2000040c        0x4 ./Application/User/mc_configuration_registers.o
                0x2000040c                PWR_BOARD_NAME
 .data.scaleParams_M1
                0x20000410       0x10 ./Application/User/mc_parameters.o
                0x20000410                scaleParams_M1
 .data.MCPA_UART_A
                0x20000420       0x2c ./Application/User/mcp_config.o
                0x20000420                MCPA_UART_A
 .data.MCP_Over_UartA
                0x2000044c       0x10 ./Application/User/mcp_config.o
                0x2000044c                MCP_Over_UartA
 .data.aspepOverUartA
                0x2000045c       0x74 ./Application/User/mcp_config.o
                0x2000045c                aspepOverUartA
 .data.UASPEP_A
                0x200004d0       0x14 ./Application/User/mcp_config.o
 .data.SystickDividerCounter.0
                0x200004e4        0x1 ./Application/User/stm32_mc_common_it.o
 *fill*         0x200004e5        0x3 
 .data.SystemCoreClock
                0x200004e8        0x4 ./Drivers/CMSIS/system_stm32f3xx.o
                0x200004e8                SystemCoreClock
 .data.uwTickFreq
                0x200004ec        0x1 ./Drivers/STM32F3xx_HAL_Driver/stm32f3xx_hal.o
                0x200004ec                uwTickFreq
 *fill*         0x200004ed        0x3 
 .data.uwTickPrio
                0x200004f0        0x4 ./Drivers/STM32F3xx_HAL_Driver/stm32f3xx_hal.o
                0x200004f0                uwTickPrio
 .data._impure_ptr
                0x200004f4        0x4 C:/ST/STM32CubeIDE_1.16.1/STM32CubeIDE/plugins/com.st.stm32cube.ide.mcu.externaltools.gnu-tools-for-stm32.12.3.rel1.win32_1.0.200.202406191623/tools/bin/../lib/gcc/arm-none-eabi/12.3.1/../../../../arm-none-eabi/lib/thumb/v7e-m+fp/hard\libc_nano.a(libc_a-impure.o)
                0x200004f4                _impure_ptr
 .data._impure_data
                0x200004f8       0x4c C:/ST/STM32CubeIDE_1.16.1/STM32CubeIDE/plugins/com.st.stm32cube.ide.mcu.externaltools.gnu-tools-for-stm32.12.3.rel1.win32_1.0.200.202406191623/tools/bin/../lib/gcc/arm-none-eabi/12.3.1/../../../../arm-none-eabi/lib/thumb/v7e-m+fp/hard\libc_nano.a(libc_a-impure.o)
                0x200004f8                _impure_data
 *(.RamFunc)
 *(.RamFunc*)
                0x20000544                        . = ALIGN (0x4)
                0x20000544                        _edata = .

.igot.plt       0x20000544        0x0 load address 0x080092a4
 .igot.plt      0x20000544        0x0 C:/ST/STM32CubeIDE_1.16.1/STM32CubeIDE/plugins/com.st.stm32cube.ide.mcu.externaltools.gnu-tools-for-stm32.12.3.rel1.win32_1.0.200.202406191623/tools/bin/../lib/gcc/arm-none-eabi/12.3.1/thumb/v7e-m+fp/hard/crtbegin.o
                0x20000544                        . = ALIGN (0x4)

.bss            0x20000544     0x14a4 load address 0x080092a4
                0x20000544                        _sbss = .
                0x20000544                        __bss_start__ = _sbss
 *(.bss)
 .bss           0x20000544       0x1c C:/ST/STM32CubeIDE_1.16.1/STM32CubeIDE/plugins/com.st.stm32cube.ide.mcu.externaltools.gnu-tools-for-stm32.12.3.rel1.win32_1.0.200.202406191623/tools/bin/../lib/gcc/arm-none-eabi/12.3.1/thumb/v7e-m+fp/hard/crtbegin.o
 *(.bss*)
 .bss.huart2    0x20000560       0x88 ./Application/User/main.o
                0x20000560                huart2
 .bss.htim1     0x200005e8       0x4c ./Application/User/main.o
                0x200005e8                htim1
 .bss.hadc1     0x20000634       0x50 ./Application/User/main.o
                0x20000634                hadc1
 .bss.pREMNG    0x20000684        0x4 ./Application/User/mc_config.o
                0x20000684                pREMNG
 .bss.FOCVars   0x20000688       0x26 ./Application/User/mc_config.o
                0x20000688                FOCVars
 *fill*         0x200006ae        0x2 
 .bss.pwmcHandle
                0x200006b0        0x4 ./Application/User/mc_config_common.o
                0x200006b0                pwmcHandle
 .bss.RealBusVoltageSensorFilterBufferM1
                0x200006b4        0xc ./Application/User/mc_config_common.o
 .bss.bMCBootCompleted
                0x200006c0        0x1 ./Application/User/mc_tasks.o
 *fill*         0x200006c1        0x1 
 .bss.hStopPermanencyCounterM1
                0x200006c2        0x2 ./Application/User/mc_tasks.o
 .bss.hBootCapDelayCounterM1
                0x200006c4        0x2 ./Application/User/mc_tasks.o
 .bss.hMFTaskCounterM1
                0x200006c6        0x2 ./Application/User/mc_tasks.o
 .bss.MCP_UserCallBack
                0x200006c8        0x8 ./Application/User/mcp_config.o
                0x200006c8                MCP_UserCallBack
 .bss.dataSizeTableBuffA
                0x200006d0        0xa ./Application/User/mcp_config.o
 *fill*         0x200006da        0x2 
 .bss.dataSizeTableA
                0x200006dc        0xa ./Application/User/mcp_config.o
 *fill*         0x200006e6        0x2 
 .bss.dataPtrTableBuffA
                0x200006e8       0x28 ./Application/User/mcp_config.o
 .bss.dataPtrTableA
                0x20000710       0x28 ./Application/User/mcp_config.o
 .bss.MCPAsyncBuffUARTA_B
                0x20000738      0x806 ./Application/User/mcp_config.o
 *fill*         0x20000f3e        0x2 
 .bss.MCPAsyncBuffUARTA_A
                0x20000f40      0x806 ./Application/User/mcp_config.o
 *fill*         0x20001746        0x2 
 .bss.MCPSyncRXBuff
                0x20001748       0x82 ./Application/User/mcp_config.o
 *fill*         0x200017ca        0x2 
 .bss.MCPSyncTxBuff
                0x200017cc       0x86 ./Application/User/mcp_config.o
 *fill*         0x20001852        0x2 
 .bss.pMCI      0x20001854        0x4 ./Application/User/motorcontrol.o
                0x20001854                pMCI
 .bss.nullData16.0
                0x20001858        0x2 ./Application/User/register_interface.o
 *fill*         0x2000185a        0x2 
 .bss.RCM_UserConvHandle
                0x2000185c        0x4 ./Application/User/regular_conversion_manager.o
 .bss.RCM_UserConvState
                0x20001860        0x1 ./Application/User/regular_conversion_manager.o
 *fill*         0x20001861        0x1 
 .bss.RCM_UserConvValue
                0x20001862        0x2 ./Application/User/regular_conversion_manager.o
 .bss.RCM_CB_array
                0x20001864       0x20 ./Application/User/regular_conversion_manager.o
 .bss.RCM_handle_array
                0x20001884       0x10 ./Application/User/regular_conversion_manager.o
 .bss.__sbrk_heap_end
                0x20001894        0x4 ./Application/User/sysmem.o
 .bss.uwTick    0x20001898        0x4 ./Drivers/STM32F3xx_HAL_Driver/stm32f3xx_hal.o
                0x20001898                uwTick
 .bss.GLOBAL_TIMESTAMP
                0x2000189c        0x4 ./Middlewares/MotorControl/mcpa.o
                0x2000189c                GLOBAL_TIMESTAMP
 .bss.__sf      0x200018a0      0x138 C:/ST/STM32CubeIDE_1.16.1/STM32CubeIDE/plugins/com.st.stm32cube.ide.mcu.externaltools.gnu-tools-for-stm32.12.3.rel1.win32_1.0.200.202406191623/tools/bin/../lib/gcc/arm-none-eabi/12.3.1/../../../../arm-none-eabi/lib/thumb/v7e-m+fp/hard\libc_nano.a(libc_a-findfp.o)
                0x200018a0                __sf
 .bss.errno     0x200019d8        0x4 C:/ST/STM32CubeIDE_1.16.1/STM32CubeIDE/plugins/com.st.stm32cube.ide.mcu.externaltools.gnu-tools-for-stm32.12.3.rel1.win32_1.0.200.202406191623/tools/bin/../lib/gcc/arm-none-eabi/12.3.1/../../../../arm-none-eabi/lib/thumb/v7e-m+fp/hard\libc_nano.a(libc_a-reent.o)
                0x200019d8                errno
 .bss.__lock___malloc_recursive_mutex
                0x200019dc        0x1 C:/ST/STM32CubeIDE_1.16.1/STM32CubeIDE/plugins/com.st.stm32cube.ide.mcu.externaltools.gnu-tools-for-stm32.12.3.rel1.win32_1.0.200.202406191623/tools/bin/../lib/gcc/arm-none-eabi/12.3.1/../../../../arm-none-eabi/lib/thumb/v7e-m+fp/hard\libc_nano.a(libc_a-lock.o)
                0x200019dc                __lock___malloc_recursive_mutex
 *fill*         0x200019dd        0x3 
 .bss.__malloc_sbrk_start
                0x200019e0        0x4 C:/ST/STM32CubeIDE_1.16.1/STM32CubeIDE/plugins/com.st.stm32cube.ide.mcu.externaltools.gnu-tools-for-stm32.12.3.rel1.win32_1.0.200.202406191623/tools/bin/../lib/gcc/arm-none-eabi/12.3.1/../../../../arm-none-eabi/lib/thumb/v7e-m+fp/hard\libc_nano.a(libc_a-mallocr.o)
                0x200019e0                __malloc_sbrk_start
 .bss.__malloc_free_list
                0x200019e4        0x4 C:/ST/STM32CubeIDE_1.16.1/STM32CubeIDE/plugins/com.st.stm32cube.ide.mcu.externaltools.gnu-tools-for-stm32.12.3.rel1.win32_1.0.200.202406191623/tools/bin/../lib/gcc/arm-none-eabi/12.3.1/../../../../arm-none-eabi/lib/thumb/v7e-m+fp/hard\libc_nano.a(libc_a-mallocr.o)
                0x200019e4                __malloc_free_list
 *(COMMON)
                0x200019e8                        . = ALIGN (0x4)
                0x200019e8                        _ebss = .
                0x200019e8                        __bss_end__ = _ebss

._user_heap_stack
                0x200019e8      0x600 load address 0x080092a4
                0x200019e8                        . = ALIGN (0x8)
                [!provide]                        PROVIDE (end = .)
                0x200019e8                        PROVIDE (_end = .)
                0x20001be8                        . = (. + _Min_Heap_Size)
 *fill*         0x200019e8      0x200 
                0x20001fe8                        . = (. + _Min_Stack_Size)
 *fill*         0x20001be8      0x400 
                0x20001fe8                        . = ALIGN (0x8)

/DISCARD/
 libc.a(*)
 libm.a(*)
 libgcc.a(*)

.ARM.attributes
                0x00000000       0x30
 *(.ARM.attributes)
 .ARM.attributes
                0x00000000       0x22 C:/ST/STM32CubeIDE_1.16.1/STM32CubeIDE/plugins/com.st.stm32cube.ide.mcu.externaltools.gnu-tools-for-stm32.12.3.rel1.win32_1.0.200.202406191623/tools/bin/../lib/gcc/arm-none-eabi/12.3.1/thumb/v7e-m+fp/hard/crti.o
 .ARM.attributes
                0x00000022       0x34 C:/ST/STM32CubeIDE_1.16.1/STM32CubeIDE/plugins/com.st.stm32cube.ide.mcu.externaltools.gnu-tools-for-stm32.12.3.rel1.win32_1.0.200.202406191623/tools/bin/../lib/gcc/arm-none-eabi/12.3.1/thumb/v7e-m+fp/hard/crtbegin.o
 .ARM.attributes
                0x00000056       0x21 ./Application/Startup/startup_stm32f302r8tx.o
 .ARM.attributes
                0x00000077       0x30 ./Application/User/aspep.o
 .ARM.attributes
                0x000000a7       0x30 ./Application/User/dassert.o
 .ARM.attributes
                0x000000d7       0x30 ./Application/User/main.o
 .ARM.attributes
                0x00000107       0x30 ./Application/User/mc_api.o
 .ARM.attributes
                0x00000137       0x30 ./Application/User/mc_app_hooks.o
 .ARM.attributes
                0x00000167       0x30 ./Application/User/mc_config.o
 .ARM.attributes
                0x00000197       0x30 ./Application/User/mc_config_common.o
 .ARM.attributes
                0x000001c7       0x30 ./Application/User/mc_configuration_registers.o
 .ARM.attributes
                0x000001f7       0x30 ./Application/User/mc_interface.o
 .ARM.attributes
                0x00000227       0x30 ./Application/User/mc_math.o
 .ARM.attributes
                0x00000257       0x30 ./Application/User/mc_parameters.o
 .ARM.attributes
                0x00000287       0x30 ./Application/User/mc_tasks.o
 .ARM.attributes
                0x000002b7       0x30 ./Application/User/mc_tasks_foc.o
 .ARM.attributes
                0x000002e7       0x30 ./Application/User/mcp.o
 .ARM.attributes
                0x00000317       0x30 ./Application/User/mcp_config.o
 .ARM.attributes
                0x00000347       0x30 ./Application/User/motorcontrol.o
 .ARM.attributes
                0x00000377       0x30 ./Application/User/pwm_common.o
 .ARM.attributes
                0x000003a7       0x30 ./Application/User/pwm_curr_fdbk.o
 .ARM.attributes
                0x000003d7       0x30 ./Application/User/register_interface.o
 .ARM.attributes
                0x00000407       0x30 ./Application/User/regular_conversion_manager.o
 .ARM.attributes
                0x00000437       0x30 ./Application/User/stm32_mc_common_it.o
 .ARM.attributes
                0x00000467       0x30 ./Application/User/stm32f30x_mc_it.o
 .ARM.attributes
                0x00000497       0x30 ./Application/User/stm32f3xx_hal_msp.o
 .ARM.attributes
                0x000004c7       0x30 ./Application/User/sysmem.o
 .ARM.attributes
                0x000004f7       0x30 ./Application/User/usart_aspep_driver.o
 .ARM.attributes
                0x00000527       0x30 ./Drivers/CMSIS/system_stm32f3xx.o
 .ARM.attributes
                0x00000557       0x30 ./Drivers/STM32F3xx_HAL_Driver/stm32f3xx_hal.o
 .ARM.attributes
                0x00000587       0x30 ./Drivers/STM32F3xx_HAL_Driver/stm32f3xx_hal_adc_ex.o
 .ARM.attributes
                0x000005b7       0x30 ./Drivers/STM32F3xx_HAL_Driver/stm32f3xx_hal_cortex.o
 .ARM.attributes
                0x000005e7       0x30 ./Drivers/STM32F3xx_HAL_Driver/stm32f3xx_hal_dma.o
 .ARM.attributes
                0x00000617       0x30 ./Drivers/STM32F3xx_HAL_Driver/stm32f3xx_hal_gpio.o
 .ARM.attributes
                0x00000647       0x30 ./Drivers/STM32F3xx_HAL_Driver/stm32f3xx_hal_rcc.o
 .ARM.attributes
                0x00000677       0x30 ./Drivers/STM32F3xx_HAL_Driver/stm32f3xx_hal_rcc_ex.o
 .ARM.attributes
                0x000006a7       0x30 ./Drivers/STM32F3xx_HAL_Driver/stm32f3xx_hal_tim.o
 .ARM.attributes
                0x000006d7       0x30 ./Drivers/STM32F3xx_HAL_Driver/stm32f3xx_hal_tim_ex.o
 .ARM.attributes
                0x00000707       0x30 ./Drivers/STM32F3xx_HAL_Driver/stm32f3xx_hal_uart.o
 .ARM.attributes
                0x00000737       0x30 ./Drivers/STM32F3xx_HAL_Driver/stm32f3xx_hal_uart_ex.o
 .ARM.attributes
                0x00000767       0x30 ./Middlewares/MotorControl/bus_voltage_sensor.o
 .ARM.attributes
                0x00000797       0x30 ./Middlewares/MotorControl/circle_limitation.o
 .ARM.attributes
                0x000007c7       0x30 ./Middlewares/MotorControl/mcpa.o
 .ARM.attributes
                0x000007f7       0x30 ./Middlewares/MotorControl/ntc_temperature_sensor.o
 .ARM.attributes
                0x00000827       0x30 ./Middlewares/MotorControl/pid_regulator.o
 .ARM.attributes
                0x00000857       0x30 ./Middlewares/MotorControl/pqd_motor_power_measurement.o
 .ARM.attributes
                0x00000887       0x30 ./Middlewares/MotorControl/r3_1_f30x_pwm_curr_fdbk.o
 .ARM.attributes
                0x000008b7       0x30 ./Middlewares/MotorControl/r_divider_bus_voltage_sensor.o
 .ARM.attributes
                0x000008e7       0x30 ./Middlewares/MotorControl/ramp_ext_mngr.o
 .ARM.attributes
                0x00000917       0x30 ./Middlewares/MotorControl/revup_ctrl.o
 .ARM.attributes
                0x00000947       0x30 ./Middlewares/MotorControl/speed_pos_fdbk.o
 .ARM.attributes
                0x00000977       0x30 ./Middlewares/MotorControl/speed_torq_ctrl.o
 .ARM.attributes
                0x000009a7       0x30 ./Middlewares/MotorControl/sto_pll_speed_pos_fdbk.o
 .ARM.attributes
                0x000009d7       0x30 ./Middlewares/MotorControl/virtual_speed_sensor.o
 .ARM.attributes
                0x00000a07       0x34 C:/ST/STM32CubeIDE_1.16.1/STM32CubeIDE/plugins/com.st.stm32cube.ide.mcu.externaltools.gnu-tools-for-stm32.12.3.rel1.win32_1.0.200.202406191623/tools/bin/../lib/gcc/arm-none-eabi/12.3.1/../../../../arm-none-eabi/lib/thumb/v7e-m+fp/hard\libc_nano.a(libc_a-findfp.o)
 .ARM.attributes
                0x00000a3b       0x34 C:/ST/STM32CubeIDE_1.16.1/STM32CubeIDE/plugins/com.st.stm32cube.ide.mcu.externaltools.gnu-tools-for-stm32.12.3.rel1.win32_1.0.200.202406191623/tools/bin/../lib/gcc/arm-none-eabi/12.3.1/../../../../arm-none-eabi/lib/thumb/v7e-m+fp/hard\libc_nano.a(libc_a-vsnprintf.o)
 .ARM.attributes
                0x00000a6f       0x34 C:/ST/STM32CubeIDE_1.16.1/STM32CubeIDE/plugins/com.st.stm32cube.ide.mcu.externaltools.gnu-tools-for-stm32.12.3.rel1.win32_1.0.200.202406191623/tools/bin/../lib/gcc/arm-none-eabi/12.3.1/../../../../arm-none-eabi/lib/thumb/v7e-m+fp/hard\libc_nano.a(libc_a-memset.o)
 .ARM.attributes
                0x00000aa3       0x34 C:/ST/STM32CubeIDE_1.16.1/STM32CubeIDE/plugins/com.st.stm32cube.ide.mcu.externaltools.gnu-tools-for-stm32.12.3.rel1.win32_1.0.200.202406191623/tools/bin/../lib/gcc/arm-none-eabi/12.3.1/../../../../arm-none-eabi/lib/thumb/v7e-m+fp/hard\libc_nano.a(libc_a-reent.o)
 .ARM.attributes
                0x00000ad7       0x34 C:/ST/STM32CubeIDE_1.16.1/STM32CubeIDE/plugins/com.st.stm32cube.ide.mcu.externaltools.gnu-tools-for-stm32.12.3.rel1.win32_1.0.200.202406191623/tools/bin/../lib/gcc/arm-none-eabi/12.3.1/../../../../arm-none-eabi/lib/thumb/v7e-m+fp/hard\libc_nano.a(libc_a-impure.o)
 .ARM.attributes
                0x00000b0b       0x34 C:/ST/STM32CubeIDE_1.16.1/STM32CubeIDE/plugins/com.st.stm32cube.ide.mcu.externaltools.gnu-tools-for-stm32.12.3.rel1.win32_1.0.200.202406191623/tools/bin/../lib/gcc/arm-none-eabi/12.3.1/../../../../arm-none-eabi/lib/thumb/v7e-m+fp/hard\libc_nano.a(libc_a-errno.o)
 .ARM.attributes
                0x00000b3f       0x34 C:/ST/STM32CubeIDE_1.16.1/STM32CubeIDE/plugins/com.st.stm32cube.ide.mcu.externaltools.gnu-tools-for-stm32.12.3.rel1.win32_1.0.200.202406191623/tools/bin/../lib/gcc/arm-none-eabi/12.3.1/../../../../arm-none-eabi/lib/thumb/v7e-m+fp/hard\libc_nano.a(libc_a-init.o)
 .ARM.attributes
                0x00000b73       0x34 C:/ST/STM32CubeIDE_1.16.1/STM32CubeIDE/plugins/com.st.stm32cube.ide.mcu.externaltools.gnu-tools-for-stm32.12.3.rel1.win32_1.0.200.202406191623/tools/bin/../lib/gcc/arm-none-eabi/12.3.1/../../../../arm-none-eabi/lib/thumb/v7e-m+fp/hard\libc_nano.a(libc_a-lock.o)
 .ARM.attributes
                0x00000ba7       0x34 C:/ST/STM32CubeIDE_1.16.1/STM32CubeIDE/plugins/com.st.stm32cube.ide.mcu.externaltools.gnu-tools-for-stm32.12.3.rel1.win32_1.0.200.202406191623/tools/bin/../lib/gcc/arm-none-eabi/12.3.1/../../../../arm-none-eabi/lib/thumb/v7e-m+fp/hard\libc_nano.a(libc_a-memcpy-stub.o)
 .ARM.attributes
                0x00000bdb       0x17 C:/ST/STM32CubeIDE_1.16.1/STM32CubeIDE/plugins/com.st.stm32cube.ide.mcu.externaltools.gnu-tools-for-stm32.12.3.rel1.win32_1.0.200.202406191623/tools/bin/../lib/gcc/arm-none-eabi/12.3.1/../../../../arm-none-eabi/lib/thumb/v7e-m+fp/hard\libc_nano.a(libc_a-strlen.o)
 .ARM.attributes
                0x00000bf2       0x34 C:/ST/STM32CubeIDE_1.16.1/STM32CubeIDE/plugins/com.st.stm32cube.ide.mcu.externaltools.gnu-tools-for-stm32.12.3.rel1.win32_1.0.200.202406191623/tools/bin/../lib/gcc/arm-none-eabi/12.3.1/../../../../arm-none-eabi/lib/thumb/v7e-m+fp/hard\libc_nano.a(libc_a-freer.o)
 .ARM.attributes
                0x00000c26       0x34 C:/ST/STM32CubeIDE_1.16.1/STM32CubeIDE/plugins/com.st.stm32cube.ide.mcu.externaltools.gnu-tools-for-stm32.12.3.rel1.win32_1.0.200.202406191623/tools/bin/../lib/gcc/arm-none-eabi/12.3.1/../../../../arm-none-eabi/lib/thumb/v7e-m+fp/hard\libc_nano.a(libc_a-mallocr.o)
 .ARM.attributes
                0x00000c5a       0x34 C:/ST/STM32CubeIDE_1.16.1/STM32CubeIDE/plugins/com.st.stm32cube.ide.mcu.externaltools.gnu-tools-for-stm32.12.3.rel1.win32_1.0.200.202406191623/tools/bin/../lib/gcc/arm-none-eabi/12.3.1/../../../../arm-none-eabi/lib/thumb/v7e-m+fp/hard\libc_nano.a(libc_a-mlock.o)
 .ARM.attributes
                0x00000c8e       0x34 C:/ST/STM32CubeIDE_1.16.1/STM32CubeIDE/plugins/com.st.stm32cube.ide.mcu.externaltools.gnu-tools-for-stm32.12.3.rel1.win32_1.0.200.202406191623/tools/bin/../lib/gcc/arm-none-eabi/12.3.1/../../../../arm-none-eabi/lib/thumb/v7e-m+fp/hard\libc_nano.a(libc_a-nano-svfprintf.o)
 .ARM.attributes
                0x00000cc2       0x34 C:/ST/STM32CubeIDE_1.16.1/STM32CubeIDE/plugins/com.st.stm32cube.ide.mcu.externaltools.gnu-tools-for-stm32.12.3.rel1.win32_1.0.200.202406191623/tools/bin/../lib/gcc/arm-none-eabi/12.3.1/../../../../arm-none-eabi/lib/thumb/v7e-m+fp/hard\libc_nano.a(libc_a-nano-vfprintf_i.o)
 .ARM.attributes
                0x00000cf6       0x34 C:/ST/STM32CubeIDE_1.16.1/STM32CubeIDE/plugins/com.st.stm32cube.ide.mcu.externaltools.gnu-tools-for-stm32.12.3.rel1.win32_1.0.200.202406191623/tools/bin/../lib/gcc/arm-none-eabi/12.3.1/../../../../arm-none-eabi/lib/thumb/v7e-m+fp/hard\libc_nano.a(libc_a-memmove.o)
 .ARM.attributes
                0x00000d2a       0x34 C:/ST/STM32CubeIDE_1.16.1/STM32CubeIDE/plugins/com.st.stm32cube.ide.mcu.externaltools.gnu-tools-for-stm32.12.3.rel1.win32_1.0.200.202406191623/tools/bin/../lib/gcc/arm-none-eabi/12.3.1/../../../../arm-none-eabi/lib/thumb/v7e-m+fp/hard\libc_nano.a(libc_a-sbrkr.o)
 .ARM.attributes
                0x00000d5e       0x1c C:/ST/STM32CubeIDE_1.16.1/STM32CubeIDE/plugins/com.st.stm32cube.ide.mcu.externaltools.gnu-tools-for-stm32.12.3.rel1.win32_1.0.200.202406191623/tools/bin/../lib/gcc/arm-none-eabi/12.3.1/../../../../arm-none-eabi/lib/thumb/v7e-m+fp/hard\libc_nano.a(libc_a-memchr.o)
 .ARM.attributes